Copyright 1986-2022 Xilinx, Inc. All Rights Reserved. Copyright 2022-2025 Advanced Micro Devices, Inc. All Rights Reserved.
---------------------------------------------------------------------------------------------------------------------------------------------
| Tool Version : Vivado v.2025.1 (lin64) Build 6140274 Wed May 21 22:58:25 MDT 2025
| Date         : Thu Dec 11 16:41:27 2025
| Host         : Garuda running 64-bit Garuda Linux Broadwing
| Command      : report_utilization -file FPGA_CPU_32_bits_cache_utilization_placed.rpt -pb FPGA_CPU_32_bits_cache_utilization_placed.pb
| Design       : FPGA_CPU_32_bits_cache
| Device       : xc7a100tcsg324-1
| Speed File   : -1
| Design State : Fully Placed
---------------------------------------------------------------------------------------------------------------------------------------------

Utilization Design Information

Table of Contents
-----------------
1. Slice Logic
1.1 Summary of Registers by Type
2. Slice Logic Distribution
3. Memory
4. DSP
5. IO and GT Specific
6. Clocking
7. Specific Feature
8. Primitives
9. Black Boxes
10. Instantiated Netlists

1. Slice Logic
--------------

+----------------------------+-------+-------+------------+-----------+-------+
|          Site Type         |  Used | Fixed | Prohibited | Available | Util% |
+----------------------------+-------+-------+------------+-----------+-------+
| Slice LUTs                 | 12271 |     0 |          0 |     63400 | 19.35 |
|   LUT as Logic             | 11197 |     0 |          0 |     63400 | 17.66 |
|   LUT as Memory            |  1074 |     0 |          0 |     19000 |  5.65 |
|     LUT as Distributed RAM |  1058 |     0 |            |           |       |
|     LUT as Shift Register  |    16 |     0 |            |           |       |
| Slice Registers            |  5642 |     0 |          0 |    126800 |  4.45 |
|   Register as Flip Flop    |  5642 |     0 |          0 |    126800 |  4.45 |
|   Register as Latch        |     0 |     0 |          0 |    126800 |  0.00 |
| F7 Muxes                   |   806 |     0 |          0 |     31700 |  2.54 |
| F8 Muxes                   |   325 |     0 |          0 |     15850 |  2.05 |
+----------------------------+-------+-------+------------+-----------+-------+
* Warning! LUT value is adjusted to account for LUT combining.


1.1 Summary of Registers by Type
--------------------------------

+-------+--------------+-------------+--------------+
| Total | Clock Enable | Synchronous | Asynchronous |
+-------+--------------+-------------+--------------+
| 0     |            _ |           - |            - |
| 0     |            _ |           - |          Set |
| 0     |            _ |           - |        Reset |
| 0     |            _ |         Set |            - |
| 0     |            _ |       Reset |            - |
| 0     |          Yes |           - |            - |
| 50    |          Yes |           - |          Set |
| 29    |          Yes |           - |        Reset |
| 79    |          Yes |         Set |            - |
| 5484  |          Yes |       Reset |            - |
+-------+--------------+-------------+--------------+


2. Slice Logic Distribution
---------------------------

+--------------------------------------------+-------+-------+------------+-----------+-------+
|                  Site Type                 |  Used | Fixed | Prohibited | Available | Util% |
+--------------------------------------------+-------+-------+------------+-----------+-------+
| Slice                                      |  3940 |     0 |          0 |     15850 | 24.86 |
|   SLICEL                                   |  2681 |     0 |            |           |       |
|   SLICEM                                   |  1259 |     0 |            |           |       |
| LUT as Logic                               | 11197 |     0 |          0 |     63400 | 17.66 |
|   using O5 output only                     |     4 |       |            |           |       |
|   using O6 output only                     |  9104 |       |            |           |       |
|   using O5 and O6                          |  2089 |       |            |           |       |
| LUT as Memory                              |  1074 |     0 |          0 |     19000 |  5.65 |
|   LUT as Distributed RAM                   |  1058 |     0 |            |           |       |
|     using O5 output only                   |     0 |       |            |           |       |
|     using O6 output only                   |   704 |       |            |           |       |
|     using O5 and O6                        |   354 |       |            |           |       |
|   LUT as Shift Register                    |    16 |     0 |            |           |       |
|     using O5 output only                   |    15 |       |            |           |       |
|     using O6 output only                   |     1 |       |            |           |       |
|     using O5 and O6                        |     0 |       |            |           |       |
| Slice Registers                            |  5642 |     0 |          0 |    126800 |  4.45 |
|   Register driven from within the Slice    |  2841 |       |            |           |       |
|   Register driven from outside the Slice   |  2801 |       |            |           |       |
|     LUT in front of the register is unused |  1475 |       |            |           |       |
|     LUT in front of the register is used   |  1326 |       |            |           |       |
| Unique Control Sets                        |   262 |       |          0 |     15850 |  1.65 |
+--------------------------------------------+-------+-------+------------+-----------+-------+
* * Note: Available Control Sets calculated as Slice * 1, Review the Control Sets Report for more information regarding control sets.


3. Memory
---------

+-------------------+------+-------+------------+-----------+-------+
|     Site Type     | Used | Fixed | Prohibited | Available | Util% |
+-------------------+------+-------+------------+-----------+-------+
| Block RAM Tile    |   31 |     0 |          0 |       135 | 22.96 |
|   RAMB36/FIFO*    |   30 |     0 |          0 |       135 | 22.22 |
|     RAMB36E1 only |   30 |       |            |           |       |
|   RAMB18          |    2 |     0 |          0 |       270 |  0.74 |
|     RAMB18E1 only |    2 |       |            |           |       |
+-------------------+------+-------+------------+-----------+-------+
* Note: Each Block RAM Tile only has one FIFO logic available and therefore can accommodate only one FIFO36E1 or one FIFO18E1. However, if a FIFO18E1 occupies a Block RAM Tile, that tile can still accommodate a RAMB18E1


4. DSP
------

+----------------+------+-------+------------+-----------+-------+
|    Site Type   | Used | Fixed | Prohibited | Available | Util% |
+----------------+------+-------+------------+-----------+-------+
| DSPs           |    7 |     0 |          0 |       240 |  2.92 |
|   DSP48E1 only |    7 |       |            |           |       |
+----------------+------+-------+------------+-----------+-------+


5. IO and GT Specific
---------------------

+-----------------------------+------+-------+------------+-----------+-------+
|          Site Type          | Used | Fixed | Prohibited | Available | Util% |
+-----------------------------+------+-------+------------+-----------+-------+
| Bonded IOB                  |  109 |   109 |          0 |       210 | 51.90 |
|   IOB Master Pads           |   52 |       |            |           |       |
|   IOB Slave Pads            |   52 |       |            |           |       |
| Bonded IPADs                |    0 |     0 |          0 |         2 |  0.00 |
| PHY_CONTROL                 |    1 |     1 |          0 |         6 | 16.67 |
| PHASER_REF                  |    1 |     1 |          0 |         6 | 16.67 |
| OUT_FIFO                    |    4 |     4 |          0 |        24 | 16.67 |
| IN_FIFO                     |    2 |     2 |          0 |        24 |  8.33 |
| IDELAYCTRL                  |    1 |     0 |          0 |         6 | 16.67 |
| IBUFDS                      |    0 |     0 |          0 |       202 |  0.00 |
| PHASER_OUT/PHASER_OUT_PHY   |    4 |     4 |          0 |        24 | 16.67 |
|   PHASER_OUT_PHY only       |    4 |     4 |            |           |       |
| PHASER_IN/PHASER_IN_PHY     |    2 |     2 |          0 |        24 |  8.33 |
|   PHASER_IN_PHY only        |    2 |     2 |            |           |       |
| IDELAYE2/IDELAYE2_FINEDELAY |   16 |    16 |          0 |       300 |  5.33 |
|   IDELAYE2 only             |   16 |    16 |            |           |       |
| ILOGIC                      |   16 |    16 |          0 |       210 |  7.62 |
|   ISERDES                   |   16 |    16 |          0 |       210 |       |
| OLOGIC                      |   45 |    45 |          0 |       210 | 21.43 |
|   OUTFF_ODDR_Register       |    3 |     3 |            |           |       |
|   TFF_ODDR_Register         |    2 |     2 |            |           |       |
|   OSERDES                   |   42 |    42 |          0 |       210 |       |
+-----------------------------+------+-------+------------+-----------+-------+


6. Clocking
-----------

+------------+------+-------+------------+-----------+-------+
|  Site Type | Used | Fixed | Prohibited | Available | Util% |
+------------+------+-------+------------+-----------+-------+
| BUFGCTRL   |    4 |     0 |          0 |        32 | 12.50 |
| BUFIO      |    0 |     0 |          0 |        24 |  0.00 |
| MMCME2_ADV |    2 |     1 |          0 |         6 | 33.33 |
| PLLE2_ADV  |    1 |     1 |          0 |         6 | 16.67 |
| BUFMRCE    |    0 |     0 |          0 |        12 |  0.00 |
| BUFHCE     |    1 |     0 |          0 |        96 |  1.04 |
| BUFR       |    0 |     0 |          0 |        24 |  0.00 |
+------------+------+-------+------------+-----------+-------+


7. Specific Feature
-------------------

+-------------+------+-------+------------+-----------+--------+
|  Site Type  | Used | Fixed | Prohibited | Available |  Util% |
+-------------+------+-------+------------+-----------+--------+
| BSCANE2     |    0 |     0 |          0 |         4 |   0.00 |
| CAPTUREE2   |    0 |     0 |          0 |         1 |   0.00 |
| DNA_PORT    |    0 |     0 |          0 |         1 |   0.00 |
| EFUSE_USR   |    0 |     0 |          0 |         1 |   0.00 |
| FRAME_ECCE2 |    0 |     0 |          0 |         1 |   0.00 |
| ICAPE2      |    0 |     0 |          0 |         2 |   0.00 |
| PCIE_2_1    |    0 |     0 |          0 |         1 |   0.00 |
| STARTUPE2   |    0 |     0 |          0 |         1 |   0.00 |
| XADC        |    1 |     0 |          0 |         1 | 100.00 |
+-------------+------+-------+------------+-----------+--------+


8. Primitives
-------------

+--------------------------+------+---------------------+
|         Ref Name         | Used | Functional Category |
+--------------------------+------+---------------------+
| LUT6                     | 5930 |                 LUT |
| FDRE                     | 5484 |        Flop & Latch |
| LUT5                     | 2138 |                 LUT |
| LUT4                     | 1782 |                 LUT |
| LUT3                     | 1545 |                 LUT |
| LUT2                     | 1297 |                 LUT |
| MUXF7                    |  806 |               MuxFx |
| RAMS64E                  |  704 |  Distributed Memory |
| LUT1                     |  594 |                 LUT |
| RAMD32                   |  532 |  Distributed Memory |
| CARRY4                   |  404 |          CarryLogic |
| MUXF8                    |  325 |               MuxFx |
| RAMS32                   |  176 |  Distributed Memory |
| FDSE                     |   79 |        Flop & Latch |
| OBUF                     |   66 |                  IO |
| FDPE                     |   50 |        Flop & Latch |
| OSERDESE2                |   42 |                  IO |
| RAMB36E1                 |   30 |        Block Memory |
| FDCE                     |   29 |        Flop & Latch |
| IBUF                     |   19 |                  IO |
| OBUFT                    |   18 |                  IO |
| SRL16E                   |   16 |  Distributed Memory |
| ISERDESE2                |   16 |                  IO |
| IDELAYE2                 |   16 |                  IO |
| IBUF_INTERMDISABLE       |   16 |                  IO |
| DSP48E1                  |    7 |    Block Arithmetic |
| ODDR                     |    5 |                  IO |
| PHASER_OUT_PHY           |    4 |                  IO |
| OUT_FIFO                 |    4 |                  IO |
| OBUFTDS                  |    4 |                  IO |
| IBUFDS_INTERMDISABLE_INT |    4 |                  IO |
| BUFG                     |    4 |               Clock |
| INV                      |    3 |                 LUT |
| RAMB18E1                 |    2 |        Block Memory |
| PHASER_IN_PHY            |    2 |                  IO |
| OBUFDS                   |    2 |                  IO |
| MMCME2_ADV               |    2 |               Clock |
| IN_FIFO                  |    2 |                  IO |
| XADC                     |    1 |              Others |
| PLLE2_ADV                |    1 |               Clock |
| PHY_CONTROL              |    1 |                  IO |
| PHASER_REF               |    1 |                  IO |
| IDELAYCTRL               |    1 |                  IO |
| BUFH                     |    1 |               Clock |
+--------------------------+------+---------------------+


9. Black Boxes
--------------

+----------+------+
| Ref Name | Used |
+----------+------+


10. Instantiated Netlists
-------------------------

+---------------+------+
|    Ref Name   | Used |
+---------------+------+
| mig_7series_0 |    1 |
| clk_wiz_0     |    1 |
+---------------+------+


