Copyright 1986-2022 Xilinx, Inc. All Rights Reserved. Copyright 2022-2025 Advanced Micro Devices, Inc. All Rights Reserved.
---------------------------------------------------------------------------------------------------------------------------------------------
| Tool Version : Vivado v.2025.1 (lin64) Build 6140274 Wed May 21 22:58:25 MDT 2025
| Date         : Thu Dec 11 16:17:08 2025
| Host         : Garuda running 64-bit Garuda Linux Broadwing
| Command      : report_drc -file mem_read_write_drc_opted.rpt -pb mem_read_write_drc_opted.pb -rpx mem_read_write_drc_opted.rpx
| Design       : mem_read_write
| Device       : xc7a100tcsg324-1
| Speed File   : -1
| Design State : Synthesized
---------------------------------------------------------------------------------------------------------------------------------------------

Report DRC

Table of Contents
-----------------
1. REPORT SUMMARY
2. REPORT DETAILS

1. REPORT SUMMARY
-----------------
            Netlist: netlist
          Floorplan: design_1
      Design limits: <entire design considered>
           Ruledeck: default
             Max checks: <unlimited>
             Checks found: 34
+-----------+------------------+----------------------------+--------+
| Rule      | Severity         | Description                | Checks |
+-----------+------------------+----------------------------+--------+
| NSTD-1    | Critical Warning | Unspecified I/O Standard   | 1      |
| UCIO-1    | Critical Warning | Unconstrained Logical Port | 1      |
| IOSR-1    | Warning          | IOB set reset sharing      | 31     |
| REQP-1709 | Warning          | Clock output buffering     | 1      |
+-----------+------------------+----------------------------+--------+

2. REPORT DETAILS
-----------------
NSTD-1#1 Critical Warning
Unspecified I/O Standard  
92 out of 139 logical ports use I/O standard (IOSTANDARD) value 'DEFAULT', instead of a user assigned specific value. This may cause I/O contention or incompatibility with the board power or connectivity affecting performance, signal integrity or in extreme cases cause damage to the device or the components to which it is connected. To correct this violation, specify all I/O standards. This design will fail to generate a bitstream unless all logical ports have a user specified I/O standard value defined. To allow bitstream creation with unspecified I/O standard values (not recommended), use this command: set_property SEVERITY {Warning} [get_drc_checks NSTD-1].  NOTE: When using the Vivado Runs infrastructure (e.g. launch_runs Tcl command), add this command to a .tcl file and add that file as a pre-hook for write_bitstream step for the implementation run. Problem ports: i_cache_enable, i_mem_addr[23:0], i_mem_read_DV, i_mem_write_DV,
i_mem_write_data[31:0], o_mem_read_data[31:0], o_mem_ready.
Related violations: <none>

UCIO-1#1 Critical Warning
Unconstrained Logical Port  
92 out of 139 logical ports have no user assigned specific location constraint (LOC). This may cause I/O contention or incompatibility with the board power or connectivity affecting performance, signal integrity or in extreme cases cause damage to the device or the components to which it is connected. To correct this violation, specify all pin locations. This design will fail to generate a bitstream unless all logical ports have a user specified site LOC constraint defined.  To allow bitstream creation with unspecified pin locations (not recommended), use this command: set_property SEVERITY {Warning} [get_drc_checks UCIO-1].  NOTE: When using the Vivado Runs infrastructure (e.g. launch_runs Tcl command), add this command to a .tcl file and add that file as a pre-hook for write_bitstream step for the implementation run.  Problem ports: i_cache_enable, i_mem_addr[23:0], i_mem_read_DV, i_mem_write_DV,
i_mem_write_data[31:0], o_mem_read_data[31:0], o_mem_ready.
Related violations: <none>

IOSR-1#1 Warning
IOB set reset sharing  
IO i_mem_write_data[0] connects to flops which have these o_ddr_mem_write_data[126]_i_1_n_0, o_ddr_mem_write_data[30]_i_1_n_0,
o_ddr_mem_write_data[62]_i_1_n_0, o_ddr_mem_write_data[94]_i_1_n_0 set/reset signals.  For optimal IOB flop packing there should be only one set/reset signal coming into the IOB.
Related violations: <none>

IOSR-1#2 Warning
IOB set reset sharing  
IO i_mem_write_data[10] connects to flops which have these o_ddr_mem_write_data[126]_i_1_n_0, o_ddr_mem_write_data[30]_i_1_n_0,
o_ddr_mem_write_data[62]_i_1_n_0, o_ddr_mem_write_data[94]_i_1_n_0 set/reset signals.  For optimal IOB flop packing there should be only one set/reset signal coming into the IOB.
Related violations: <none>

IOSR-1#3 Warning
IOB set reset sharing  
IO i_mem_write_data[11] connects to flops which have these o_ddr_mem_write_data[126]_i_1_n_0, o_ddr_mem_write_data[30]_i_1_n_0,
o_ddr_mem_write_data[62]_i_1_n_0, o_ddr_mem_write_data[94]_i_1_n_0 set/reset signals.  For optimal IOB flop packing there should be only one set/reset signal coming into the IOB.
Related violations: <none>

IOSR-1#4 Warning
IOB set reset sharing  
IO i_mem_write_data[12] connects to flops which have these o_ddr_mem_write_data[126]_i_1_n_0, o_ddr_mem_write_data[30]_i_1_n_0,
o_ddr_mem_write_data[62]_i_1_n_0, o_ddr_mem_write_data[94]_i_1_n_0 set/reset signals.  For optimal IOB flop packing there should be only one set/reset signal coming into the IOB.
Related violations: <none>

IOSR-1#5 Warning
IOB set reset sharing  
IO i_mem_write_data[13] connects to flops which have these o_ddr_mem_write_data[126]_i_1_n_0, o_ddr_mem_write_data[30]_i_1_n_0,
o_ddr_mem_write_data[62]_i_1_n_0, o_ddr_mem_write_data[94]_i_1_n_0 set/reset signals.  For optimal IOB flop packing there should be only one set/reset signal coming into the IOB.
Related violations: <none>

IOSR-1#6 Warning
IOB set reset sharing  
IO i_mem_write_data[14] connects to flops which have these o_ddr_mem_write_data[126]_i_1_n_0, o_ddr_mem_write_data[30]_i_1_n_0,
o_ddr_mem_write_data[62]_i_1_n_0, o_ddr_mem_write_data[94]_i_1_n_0 set/reset signals.  For optimal IOB flop packing there should be only one set/reset signal coming into the IOB.
Related violations: <none>

IOSR-1#7 Warning
IOB set reset sharing  
IO i_mem_write_data[15] connects to flops which have these o_ddr_mem_write_data[126]_i_1_n_0, o_ddr_mem_write_data[30]_i_1_n_0,
o_ddr_mem_write_data[62]_i_1_n_0, o_ddr_mem_write_data[94]_i_1_n_0 set/reset signals.  For optimal IOB flop packing there should be only one set/reset signal coming into the IOB.
Related violations: <none>

IOSR-1#8 Warning
IOB set reset sharing  
IO i_mem_write_data[16] connects to flops which have these o_ddr_mem_write_data[126]_i_1_n_0, o_ddr_mem_write_data[30]_i_1_n_0,
o_ddr_mem_write_data[62]_i_1_n_0, o_ddr_mem_write_data[94]_i_1_n_0 set/reset signals.  For optimal IOB flop packing there should be only one set/reset signal coming into the IOB.
Related violations: <none>

IOSR-1#9 Warning
IOB set reset sharing  
IO i_mem_write_data[17] connects to flops which have these o_ddr_mem_write_data[126]_i_1_n_0, o_ddr_mem_write_data[30]_i_1_n_0,
o_ddr_mem_write_data[62]_i_1_n_0, o_ddr_mem_write_data[94]_i_1_n_0 set/reset signals.  For optimal IOB flop packing there should be only one set/reset signal coming into the IOB.
Related violations: <none>

IOSR-1#10 Warning
IOB set reset sharing  
IO i_mem_write_data[18] connects to flops which have these o_ddr_mem_write_data[126]_i_1_n_0, o_ddr_mem_write_data[30]_i_1_n_0,
o_ddr_mem_write_data[62]_i_1_n_0, o_ddr_mem_write_data[94]_i_1_n_0 set/reset signals.  For optimal IOB flop packing there should be only one set/reset signal coming into the IOB.
Related violations: <none>

IOSR-1#11 Warning
IOB set reset sharing  
IO i_mem_write_data[19] connects to flops which have these o_ddr_mem_write_data[126]_i_1_n_0, o_ddr_mem_write_data[30]_i_1_n_0,
o_ddr_mem_write_data[62]_i_1_n_0, o_ddr_mem_write_data[94]_i_1_n_0 set/reset signals.  For optimal IOB flop packing there should be only one set/reset signal coming into the IOB.
Related violations: <none>

IOSR-1#12 Warning
IOB set reset sharing  
IO i_mem_write_data[1] connects to flops which have these o_ddr_mem_write_data[126]_i_1_n_0, o_ddr_mem_write_data[30]_i_1_n_0,
o_ddr_mem_write_data[62]_i_1_n_0, o_ddr_mem_write_data[94]_i_1_n_0 set/reset signals.  For optimal IOB flop packing there should be only one set/reset signal coming into the IOB.
Related violations: <none>

IOSR-1#13 Warning
IOB set reset sharing  
IO i_mem_write_data[20] connects to flops which have these o_ddr_mem_write_data[126]_i_1_n_0, o_ddr_mem_write_data[30]_i_1_n_0,
o_ddr_mem_write_data[62]_i_1_n_0, o_ddr_mem_write_data[94]_i_1_n_0 set/reset signals.  For optimal IOB flop packing there should be only one set/reset signal coming into the IOB.
Related violations: <none>

IOSR-1#14 Warning
IOB set reset sharing  
IO i_mem_write_data[21] connects to flops which have these o_ddr_mem_write_data[126]_i_1_n_0, o_ddr_mem_write_data[30]_i_1_n_0,
o_ddr_mem_write_data[62]_i_1_n_0, o_ddr_mem_write_data[94]_i_1_n_0 set/reset signals.  For optimal IOB flop packing there should be only one set/reset signal coming into the IOB.
Related violations: <none>

IOSR-1#15 Warning
IOB set reset sharing  
IO i_mem_write_data[22] connects to flops which have these o_ddr_mem_write_data[126]_i_1_n_0, o_ddr_mem_write_data[30]_i_1_n_0,
o_ddr_mem_write_data[62]_i_1_n_0, o_ddr_mem_write_data[94]_i_1_n_0 set/reset signals.  For optimal IOB flop packing there should be only one set/reset signal coming into the IOB.
Related violations: <none>

IOSR-1#16 Warning
IOB set reset sharing  
IO i_mem_write_data[23] connects to flops which have these o_ddr_mem_write_data[126]_i_1_n_0, o_ddr_mem_write_data[30]_i_1_n_0,
o_ddr_mem_write_data[62]_i_1_n_0, o_ddr_mem_write_data[94]_i_1_n_0 set/reset signals.  For optimal IOB flop packing there should be only one set/reset signal coming into the IOB.
Related violations: <none>

IOSR-1#17 Warning
IOB set reset sharing  
IO i_mem_write_data[24] connects to flops which have these o_ddr_mem_write_data[126]_i_1_n_0, o_ddr_mem_write_data[30]_i_1_n_0,
o_ddr_mem_write_data[62]_i_1_n_0, o_ddr_mem_write_data[94]_i_1_n_0 set/reset signals.  For optimal IOB flop packing there should be only one set/reset signal coming into the IOB.
Related violations: <none>

IOSR-1#18 Warning
IOB set reset sharing  
IO i_mem_write_data[25] connects to flops which have these o_ddr_mem_write_data[126]_i_1_n_0, o_ddr_mem_write_data[30]_i_1_n_0,
o_ddr_mem_write_data[62]_i_1_n_0, o_ddr_mem_write_data[94]_i_1_n_0 set/reset signals.  For optimal IOB flop packing there should be only one set/reset signal coming into the IOB.
Related violations: <none>

IOSR-1#19 Warning
IOB set reset sharing  
IO i_mem_write_data[26] connects to flops which have these o_ddr_mem_write_data[126]_i_1_n_0, o_ddr_mem_write_data[30]_i_1_n_0,
o_ddr_mem_write_data[62]_i_1_n_0, o_ddr_mem_write_data[94]_i_1_n_0 set/reset signals.  For optimal IOB flop packing there should be only one set/reset signal coming into the IOB.
Related violations: <none>

IOSR-1#20 Warning
IOB set reset sharing  
IO i_mem_write_data[27] connects to flops which have these o_ddr_mem_write_data[126]_i_1_n_0, o_ddr_mem_write_data[30]_i_1_n_0,
o_ddr_mem_write_data[62]_i_1_n_0, o_ddr_mem_write_data[94]_i_1_n_0 set/reset signals.  For optimal IOB flop packing there should be only one set/reset signal coming into the IOB.
Related violations: <none>

IOSR-1#21 Warning
IOB set reset sharing  
IO i_mem_write_data[28] connects to flops which have these o_ddr_mem_write_data[126]_i_1_n_0, o_ddr_mem_write_data[30]_i_1_n_0,
o_ddr_mem_write_data[62]_i_1_n_0, o_ddr_mem_write_data[94]_i_1_n_0 set/reset signals.  For optimal IOB flop packing there should be only one set/reset signal coming into the IOB.
Related violations: <none>

IOSR-1#22 Warning
IOB set reset sharing  
IO i_mem_write_data[29] connects to flops which have these o_ddr_mem_write_data[126]_i_1_n_0, o_ddr_mem_write_data[30]_i_1_n_0,
o_ddr_mem_write_data[62]_i_1_n_0, o_ddr_mem_write_data[94]_i_1_n_0 set/reset signals.  For optimal IOB flop packing there should be only one set/reset signal coming into the IOB.
Related violations: <none>

IOSR-1#23 Warning
IOB set reset sharing  
IO i_mem_write_data[2] connects to flops which have these o_ddr_mem_write_data[126]_i_1_n_0, o_ddr_mem_write_data[30]_i_1_n_0,
o_ddr_mem_write_data[62]_i_1_n_0, o_ddr_mem_write_data[94]_i_1_n_0 set/reset signals.  For optimal IOB flop packing there should be only one set/reset signal coming into the IOB.
Related violations: <none>

IOSR-1#24 Warning
IOB set reset sharing  
IO i_mem_write_data[30] connects to flops which have these o_ddr_mem_write_data[126]_i_1_n_0, o_ddr_mem_write_data[30]_i_1_n_0,
o_ddr_mem_write_data[62]_i_1_n_0, o_ddr_mem_write_data[94]_i_1_n_0 set/reset signals.  For optimal IOB flop packing there should be only one set/reset signal coming into the IOB.
Related violations: <none>

IOSR-1#25 Warning
IOB set reset sharing  
IO i_mem_write_data[3] connects to flops which have these o_ddr_mem_write_data[126]_i_1_n_0, o_ddr_mem_write_data[30]_i_1_n_0,
o_ddr_mem_write_data[62]_i_1_n_0, o_ddr_mem_write_data[94]_i_1_n_0 set/reset signals.  For optimal IOB flop packing there should be only one set/reset signal coming into the IOB.
Related violations: <none>

IOSR-1#26 Warning
IOB set reset sharing  
IO i_mem_write_data[4] connects to flops which have these o_ddr_mem_write_data[126]_i_1_n_0, o_ddr_mem_write_data[30]_i_1_n_0,
o_ddr_mem_write_data[62]_i_1_n_0, o_ddr_mem_write_data[94]_i_1_n_0 set/reset signals.  For optimal IOB flop packing there should be only one set/reset signal coming into the IOB.
Related violations: <none>

IOSR-1#27 Warning
IOB set reset sharing  
IO i_mem_write_data[5] connects to flops which have these o_ddr_mem_write_data[126]_i_1_n_0, o_ddr_mem_write_data[30]_i_1_n_0,
o_ddr_mem_write_data[62]_i_1_n_0, o_ddr_mem_write_data[94]_i_1_n_0 set/reset signals.  For optimal IOB flop packing there should be only one set/reset signal coming into the IOB.
Related violations: <none>

IOSR-1#28 Warning
IOB set reset sharing  
IO i_mem_write_data[6] connects to flops which have these o_ddr_mem_write_data[126]_i_1_n_0, o_ddr_mem_write_data[30]_i_1_n_0,
o_ddr_mem_write_data[62]_i_1_n_0, o_ddr_mem_write_data[94]_i_1_n_0 set/reset signals.  For optimal IOB flop packing there should be only one set/reset signal coming into the IOB.
Related violations: <none>

IOSR-1#29 Warning
IOB set reset sharing  
IO i_mem_write_data[7] connects to flops which have these o_ddr_mem_write_data[126]_i_1_n_0, o_ddr_mem_write_data[30]_i_1_n_0,
o_ddr_mem_write_data[62]_i_1_n_0, o_ddr_mem_write_data[94]_i_1_n_0 set/reset signals.  For optimal IOB flop packing there should be only one set/reset signal coming into the IOB.
Related violations: <none>

IOSR-1#30 Warning
IOB set reset sharing  
IO i_mem_write_data[8] connects to flops which have these o_ddr_mem_write_data[126]_i_1_n_0, o_ddr_mem_write_data[30]_i_1_n_0,
o_ddr_mem_write_data[62]_i_1_n_0, o_ddr_mem_write_data[94]_i_1_n_0 set/reset signals.  For optimal IOB flop packing there should be only one set/reset signal coming into the IOB.
Related violations: <none>

IOSR-1#31 Warning
IOB set reset sharing  
IO i_mem_write_data[9] connects to flops which have these o_ddr_mem_write_data[126]_i_1_n_0, o_ddr_mem_write_data[30]_i_1_n_0,
o_ddr_mem_write_data[62]_i_1_n_0, o_ddr_mem_write_data[94]_i_1_n_0 set/reset signals.  For optimal IOB flop packing there should be only one set/reset signal coming into the IOB.
Related violations: <none>

REQP-1709#1 Warning
Clock output buffering  
PLLE2_ADV connectivity violation. The signal ddr2_control/mig_7series_0/u_mig_7series_0_mig/u_ddr2_infrastructure/pll_clk3_out on the ddr2_control/mig_7series_0/u_mig_7series_0_mig/u_ddr2_infrastructure/plle2_i/CLKOUT3 pin of ddr2_control/mig_7series_0/u_mig_7series_0_mig/u_ddr2_infrastructure/plle2_i does not drive the same kind of BUFFER load as the other CLKOUT pins. Routing from the different buffer types will not be phase aligned.
Related violations: <none>


