Copyright 1986-2022 Xilinx, Inc. All Rights Reserved. Copyright 2022-2025 Advanced Micro Devices, Inc. All Rights Reserved.
---------------------------------------------------------------------------------------------------------------------------------------------
| Tool Version : Vivado v.2025.2 (lin64) Build 6299465 Fri Nov 14 12:34:56 MST 2025
| Date         : Tue Mar 31 10:12:21 2026
| Host         : Garuda running 64-bit Garuda Linux Broadwing
| Command      : report_qor_assessment -max_paths 100 -file place_report_qor_assessment_0.rpt -pb place_report_qor_assessment_0.pb
| Design       : FPGA_CPU_32_bits_cache
| Device       : xc7a100tcsg324-1
| Speed File   : -1
| Design State : Fully Placed
---------------------------------------------------------------------------------------------------------------------------------------------

Report QoR Assessment

Table of Contents
-----------------
1. Overall Assessment Summary
2. QoR Assessment Details
3. Methodology Check Details
4. ML Strategy Availability

1. Overall Assessment Summary
-----------------------------

+----------------------+--------------------------------------------------+
| QoR Assessment Score | 5 - Design runs will meet timing                 |
+----------------------+--------------------------------------------------+
| Flow Guidance        | Run report_methodology and fix or waive warnings |
|                      | Continue to route_design                         |
+----------------------+--------------------------------------------------+


2. QoR Assessment Details
-------------------------

+-------------+-----------+--------+------+-----------+-------+--------+
| Name        | Threshold | Actual | Used | Available | Score | Status |
+-------------+-----------+--------+------+-----------+-------+--------+
| Utilization |           |        |      |           |   5.0 |     OK |
| Netlist     |           |        |      |           |       |     OK |
| Clocking    |           |        |      |           |   5.0 |     OK |
| Congestion  |           |        |      |           |   5.0 |     OK |
| Timing      |           |        |      |           |   5.0 |     OK |
| Constraints |           |        |      |           |   5.0 |     OK |
+-------------+-----------+--------+------+-----------+-------+--------+
* Sub-categories with prefix * do not impact score


3. Methodology Check Details
----------------------------

+-----------+----------------------------------+-------------+----------------------+
| ID        | Description                      | Criticality | Number of Violations |
+-----------+----------------------------------+-------------+----------------------+
| TIMING-10 | Missing property on synchronizer | Warning     | 1                    |
+-----------+----------------------------------+-------------+----------------------+


4. ML Strategy Availability
---------------------------

ML Strategy is not supported for 7-series architectures.

