Copyright 1986-2022 Xilinx, Inc. All Rights Reserved. Copyright 2022-2025 Advanced Micro Devices, Inc. All Rights Reserved.
----------------------------------------------------------------------------------------------------------------------------------------------
| Tool Version : Vivado v.2025.2 (lin64) Build 6299465 Fri Nov 14 12:34:56 MST 2025
| Date         : Wed Mar 25 13:49:48 2026
| Host         : Garuda running 64-bit Garuda Linux Broadwing
| Command      : report_design_analysis -congestion -timing -logic_level_distribution -max_paths 100 -file route_report_design_analysis_0.rpt
| Design       : FPGA_CPU_32_bits_cache
| Device       : xc7a100t
| Design State : Routed
----------------------------------------------------------------------------------------------------------------------------------------------

Report Design Analysis

Table of Contents
-----------------
1. Setup Path Characteristics 1-100
2. Logic Level Distribution
3. Placer Final Level Congestion Reporting
4. Initial Estimated Router Congestion Reporting

1. Setup Path Characteristics 1-100
-----------------------------------

+-----------+-------------+------------+-------------+------------+------------+-------+-------------------+---------------------------+-------------------+--------------+--------+---------------------------------------------------------------------------------------------------------------+-------------------+-----------------+-----------+---------------+--------------+------------------+---------------+---------+-------------+-----------+------------+------------+---------------------------+-------------------------+----------------------------+-------------------------------+
|   Paths   | Requirement | Path Delay | Logic Delay |  Net Delay | Clock Skew | Slack | Clock Uncertainty | Clock Pair Classification | Clock Delay Group | Logic Levels | Routes |                                                  Logical Path                                                 | Start Point Clock | End Point Clock | DSP Block | RAM Registers | IO Crossings | Config Crossings | SLR Crossings | PBlocks | High Fanout | ASYNC REG | Dont Touch | Mark Debug | Start Point Pin Primitive | End Point Pin Primitive |       Start Point Pin      |         End Point Pin         |
+-----------+-------------+------------+-------------+------------+------------+-------+-------------------+---------------------------+-------------------+--------------+--------+---------------------------------------------------------------------------------------------------------------+-------------------+-----------------+-----------+---------------+--------------+------------------+---------------+---------+-------------+-----------+------------+------------+---------------------------+-------------------------+----------------------------+-------------------------------+
| Path #1   | 10.000      | 9.242      | 1.669(19%)  | 7.573(81%) | 0.033      | 0.095 | 0.035             | Timed                     | Same Clock        | 8            | 9      | FDRE/C-(86)-LUT2-(3)-LUT6-(2)-LUT5-(5)-LUT2-(3)-LUT3-(2)-LUT5-(2)-LUT3-(4)-LUT3-(68)-FDRE/R                   | sys_clk_pin       | sys_clk_pin     | None      | None-None     | 0            | 0                | 0             | 0       | 86          | 0         | 0          | 0          | FDRE/C                    | FDRE/R                  | r_reg_port_b_reg[21]/C     | r_div_quotient_reg[14]/R      |
| Path #2   | 10.000      | 9.242      | 1.669(19%)  | 7.573(81%) | 0.033      | 0.095 | 0.035             | Timed                     | Same Clock        | 8            | 9      | FDRE/C-(86)-LUT2-(3)-LUT6-(2)-LUT5-(5)-LUT2-(3)-LUT3-(2)-LUT5-(2)-LUT3-(4)-LUT3-(68)-FDRE/R                   | sys_clk_pin       | sys_clk_pin     | None      | None-None     | 0            | 0                | 0             | 0       | 86          | 0         | 0          | 0          | FDRE/C                    | FDRE/R                  | r_reg_port_b_reg[21]/C     | r_div_quotient_reg[23]/R      |
| Path #3   | 10.000      | 9.242      | 1.669(19%)  | 7.573(81%) | 0.033      | 0.095 | 0.035             | Timed                     | Same Clock        | 8            | 9      | FDRE/C-(86)-LUT2-(3)-LUT6-(2)-LUT5-(5)-LUT2-(3)-LUT3-(2)-LUT5-(2)-LUT3-(4)-LUT3-(68)-FDRE/R                   | sys_clk_pin       | sys_clk_pin     | None      | None-None     | 0            | 0                | 0             | 0       | 86          | 0         | 0          | 0          | FDRE/C                    | FDRE/R                  | r_reg_port_b_reg[21]/C     | r_div_quotient_reg[24]/R      |
| Path #4   | 10.000      | 9.242      | 1.669(19%)  | 7.573(81%) | 0.033      | 0.095 | 0.035             | Timed                     | Same Clock        | 8            | 9      | FDRE/C-(86)-LUT2-(3)-LUT6-(2)-LUT5-(5)-LUT2-(3)-LUT3-(2)-LUT5-(2)-LUT3-(4)-LUT3-(68)-FDRE/R                   | sys_clk_pin       | sys_clk_pin     | None      | None-None     | 0            | 0                | 0             | 0       | 86          | 0         | 0          | 0          | FDRE/C                    | FDRE/R                  | r_reg_port_b_reg[21]/C     | r_div_quotient_reg[31]/R      |
| Path #5   | 10.000      | 9.238      | 1.669(19%)  | 7.569(81%) | 0.035      | 0.101 | 0.035             | Timed                     | Same Clock        | 8            | 9      | FDRE/C-(86)-LUT2-(3)-LUT6-(2)-LUT5-(5)-LUT2-(3)-LUT3-(2)-LUT5-(2)-LUT3-(4)-LUT3-(68)-FDRE/R                   | sys_clk_pin       | sys_clk_pin     | None      | None-None     | 0            | 0                | 0             | 0       | 86          | 0         | 0          | 0          | FDRE/C                    | FDRE/R                  | r_reg_port_b_reg[21]/C     | r_div_quotient_reg[13]/R      |
| Path #6   | 10.000      | 9.234      | 1.669(19%)  | 7.565(81%) | 0.032      | 0.103 | 0.035             | Timed                     | Same Clock        | 8            | 9      | FDRE/C-(86)-LUT2-(3)-LUT6-(2)-LUT5-(5)-LUT2-(3)-LUT3-(2)-LUT5-(2)-LUT3-(4)-LUT3-(68)-FDRE/R                   | sys_clk_pin       | sys_clk_pin     | None      | None-None     | 0            | 0                | 0             | 0       | 86          | 0         | 0          | 0          | FDRE/C                    | FDRE/R                  | r_reg_port_b_reg[21]/C     | r_div_quotient_reg[4]/R       |
| Path #7   | 10.000      | 9.234      | 1.669(19%)  | 7.565(81%) | 0.032      | 0.103 | 0.035             | Timed                     | Same Clock        | 8            | 9      | FDRE/C-(86)-LUT2-(3)-LUT6-(2)-LUT5-(5)-LUT2-(3)-LUT3-(2)-LUT5-(2)-LUT3-(4)-LUT3-(68)-FDRE/R                   | sys_clk_pin       | sys_clk_pin     | None      | None-None     | 0            | 0                | 0             | 0       | 86          | 0         | 0          | 0          | FDRE/C                    | FDRE/R                  | r_reg_port_b_reg[21]/C     | r_div_quotient_reg[5]/R       |
| Path #8   | 10.000      | 9.234      | 1.669(19%)  | 7.565(81%) | 0.032      | 0.103 | 0.035             | Timed                     | Same Clock        | 8            | 9      | FDRE/C-(86)-LUT2-(3)-LUT6-(2)-LUT5-(5)-LUT2-(3)-LUT3-(2)-LUT5-(2)-LUT3-(4)-LUT3-(68)-FDRE/R                   | sys_clk_pin       | sys_clk_pin     | None      | None-None     | 0            | 0                | 0             | 0       | 86          | 0         | 0          | 0          | FDRE/C                    | FDRE/R                  | r_reg_port_b_reg[21]/C     | r_div_quotient_reg[6]/R       |
| Path #9   | 10.000      | 9.239      | 1.669(19%)  | 7.570(81%) | 0.040      | 0.106 | 0.035             | Timed                     | Same Clock        | 8            | 9      | FDRE/C-(86)-LUT2-(3)-LUT6-(2)-LUT5-(5)-LUT2-(3)-LUT3-(2)-LUT5-(2)-LUT3-(4)-LUT3-(68)-FDRE/R                   | sys_clk_pin       | sys_clk_pin     | None      | None-None     | 0            | 0                | 0             | 0       | 86          | 0         | 0          | 0          | FDRE/C                    | FDRE/R                  | r_reg_port_b_reg[21]/C     | r_div_quotient_reg[1]/R       |
| Path #10  | 10.000      | 9.239      | 1.669(19%)  | 7.570(81%) | 0.040      | 0.106 | 0.035             | Timed                     | Same Clock        | 8            | 9      | FDRE/C-(86)-LUT2-(3)-LUT6-(2)-LUT5-(5)-LUT2-(3)-LUT3-(2)-LUT5-(2)-LUT3-(4)-LUT3-(68)-FDRE/R                   | sys_clk_pin       | sys_clk_pin     | None      | None-None     | 0            | 0                | 0             | 0       | 86          | 0         | 0          | 0          | FDRE/C                    | FDRE/R                  | r_reg_port_b_reg[21]/C     | r_div_quotient_reg[2]/R       |
| Path #11  | 10.000      | 9.456      | 2.587(28%)  | 6.869(72%) | 0.048      | 0.114 | 0.035             | Timed                     | Same Clock        | 10           | 6      | FDRE/C-(192)-RAMS64E-(1)-MUXF7-MUXF8-LUT6-(1)-MUXF7-MUXF8-LUT5-(1)-CARRY4-LUT5-(4)-LUT5-(15)-RAMB36E1/ENBWREN | sys_clk_pin       | sys_clk_pin     | None      | None-None     | 0            | 0                | 0             | 0       | 192         | 0         | 0          | 0          | FDRE/C                    | RAMB36E1/ENBWREN        | r_mem_addr_reg[2]_rep__0/C | cache_val_data_reg_7/ENBWREN  |
| Path #12  | 10.000      | 9.226      | 1.669(19%)  | 7.557(81%) | 0.042      | 0.120 | 0.035             | Timed                     | Same Clock        | 8            | 9      | FDRE/C-(86)-LUT2-(3)-LUT6-(2)-LUT5-(5)-LUT2-(3)-LUT3-(2)-LUT5-(2)-LUT3-(4)-LUT3-(68)-FDRE/R                   | sys_clk_pin       | sys_clk_pin     | None      | None-None     | 0            | 0                | 0             | 0       | 86          | 0         | 0          | 0          | FDRE/C                    | FDRE/R                  | r_reg_port_b_reg[21]/C     | r_div_quotient_reg[16]/R      |
| Path #13  | 10.000      | 9.051      | 1.669(19%)  | 7.382(81%) | 0.041      | 0.199 | 0.035             | Timed                     | Same Clock        | 8            | 9      | FDRE/C-(86)-LUT2-(3)-LUT6-(2)-LUT5-(5)-LUT2-(3)-LUT3-(2)-LUT5-(2)-LUT3-(4)-LUT3-(68)-FDRE/R                   | sys_clk_pin       | sys_clk_pin     | None      | None-None     | 0            | 0                | 0             | 0       | 86          | 0         | 0          | 0          | FDRE/C                    | FDRE/R                  | r_reg_port_b_reg[21]/C     | r_div_remainder_reg[10]/R     |
| Path #14  | 10.000      | 9.051      | 1.669(19%)  | 7.382(81%) | 0.041      | 0.199 | 0.035             | Timed                     | Same Clock        | 8            | 9      | FDRE/C-(86)-LUT2-(3)-LUT6-(2)-LUT5-(5)-LUT2-(3)-LUT3-(2)-LUT5-(2)-LUT3-(4)-LUT3-(68)-FDRE/R                   | sys_clk_pin       | sys_clk_pin     | None      | None-None     | 0            | 0                | 0             | 0       | 86          | 0         | 0          | 0          | FDRE/C                    | FDRE/R                  | r_reg_port_b_reg[21]/C     | r_div_remainder_reg[11]/R     |
| Path #15  | 10.000      | 9.051      | 1.669(19%)  | 7.382(81%) | 0.041      | 0.199 | 0.035             | Timed                     | Same Clock        | 8            | 9      | FDRE/C-(86)-LUT2-(3)-LUT6-(2)-LUT5-(5)-LUT2-(3)-LUT3-(2)-LUT5-(2)-LUT3-(4)-LUT3-(68)-FDRE/R                   | sys_clk_pin       | sys_clk_pin     | None      | None-None     | 0            | 0                | 0             | 0       | 86          | 0         | 0          | 0          | FDRE/C                    | FDRE/R                  | r_reg_port_b_reg[21]/C     | r_div_remainder_reg[5]/R      |
| Path #16  | 10.000      | 9.051      | 1.669(19%)  | 7.382(81%) | 0.041      | 0.199 | 0.035             | Timed                     | Same Clock        | 8            | 9      | FDRE/C-(86)-LUT2-(3)-LUT6-(2)-LUT5-(5)-LUT2-(3)-LUT3-(2)-LUT5-(2)-LUT3-(4)-LUT3-(68)-FDRE/R                   | sys_clk_pin       | sys_clk_pin     | None      | None-None     | 0            | 0                | 0             | 0       | 86          | 0         | 0          | 0          | FDRE/C                    | FDRE/R                  | r_reg_port_b_reg[21]/C     | r_div_remainder_reg[7]/R      |
| Path #17  | 10.000      | 9.051      | 1.669(19%)  | 7.382(81%) | 0.041      | 0.199 | 0.035             | Timed                     | Same Clock        | 8            | 9      | FDRE/C-(86)-LUT2-(3)-LUT6-(2)-LUT5-(5)-LUT2-(3)-LUT3-(2)-LUT5-(2)-LUT3-(4)-LUT3-(68)-FDRE/R                   | sys_clk_pin       | sys_clk_pin     | None      | None-None     | 0            | 0                | 0             | 0       | 86          | 0         | 0          | 0          | FDRE/C                    | FDRE/R                  | r_reg_port_b_reg[21]/C     | r_div_remainder_reg[8]/R      |
| Path #18  | 10.000      | 9.051      | 1.669(19%)  | 7.382(81%) | 0.041      | 0.199 | 0.035             | Timed                     | Same Clock        | 8            | 9      | FDRE/C-(86)-LUT2-(3)-LUT6-(2)-LUT5-(5)-LUT2-(3)-LUT3-(2)-LUT5-(2)-LUT3-(4)-LUT3-(68)-FDRE/R                   | sys_clk_pin       | sys_clk_pin     | None      | None-None     | 0            | 0                | 0             | 0       | 86          | 0         | 0          | 0          | FDRE/C                    | FDRE/R                  | r_reg_port_b_reg[21]/C     | r_div_remainder_reg[9]/R      |
| Path #19  | 10.000      | 9.143      | 1.669(19%)  | 7.474(81%) | 0.049      | 0.210 | 0.035             | Timed                     | Same Clock        | 8            | 9      | FDRE/C-(86)-LUT2-(3)-LUT6-(2)-LUT5-(5)-LUT2-(3)-LUT3-(2)-LUT5-(2)-LUT3-(4)-LUT3-(68)-FDRE/R                   | sys_clk_pin       | sys_clk_pin     | None      | None-None     | 0            | 0                | 0             | 0       | 86          | 0         | 0          | 0          | FDRE/C                    | FDRE/R                  | r_reg_port_b_reg[21]/C     | r_div_counter_reg[0]/R        |
| Path #20  | 10.000      | 9.143      | 1.669(19%)  | 7.474(81%) | 0.049      | 0.210 | 0.035             | Timed                     | Same Clock        | 8            | 9      | FDRE/C-(86)-LUT2-(3)-LUT6-(2)-LUT5-(5)-LUT2-(3)-LUT3-(2)-LUT5-(2)-LUT3-(4)-LUT3-(68)-FDRE/R                   | sys_clk_pin       | sys_clk_pin     | None      | None-None     | 0            | 0                | 0             | 0       | 86          | 0         | 0          | 0          | FDRE/C                    | FDRE/R                  | r_reg_port_b_reg[21]/C     | r_div_counter_reg[2]/R        |
| Path #21  | 10.000      | 9.143      | 1.669(19%)  | 7.474(81%) | 0.049      | 0.210 | 0.035             | Timed                     | Same Clock        | 8            | 9      | FDRE/C-(86)-LUT2-(3)-LUT6-(2)-LUT5-(5)-LUT2-(3)-LUT3-(2)-LUT5-(2)-LUT3-(4)-LUT3-(68)-FDRE/R                   | sys_clk_pin       | sys_clk_pin     | None      | None-None     | 0            | 0                | 0             | 0       | 86          | 0         | 0          | 0          | FDRE/C                    | FDRE/R                  | r_reg_port_b_reg[21]/C     | r_div_counter_reg[3]/R        |
| Path #22  | 10.000      | 9.143      | 1.669(19%)  | 7.474(81%) | 0.049      | 0.210 | 0.035             | Timed                     | Same Clock        | 8            | 9      | FDRE/C-(86)-LUT2-(3)-LUT6-(2)-LUT5-(5)-LUT2-(3)-LUT3-(2)-LUT5-(2)-LUT3-(4)-LUT3-(68)-FDRE/R                   | sys_clk_pin       | sys_clk_pin     | None      | None-None     | 0            | 0                | 0             | 0       | 86          | 0         | 0          | 0          | FDRE/C                    | FDRE/R                  | r_reg_port_b_reg[21]/C     | r_div_counter_reg[5]/R        |
| Path #23  | 10.000      | 9.122      | 1.669(19%)  | 7.453(81%) | 0.044      | 0.227 | 0.035             | Timed                     | Same Clock        | 8            | 9      | FDRE/C-(86)-LUT2-(3)-LUT6-(2)-LUT5-(5)-LUT2-(3)-LUT3-(2)-LUT5-(2)-LUT3-(4)-LUT3-(68)-FDRE/R                   | sys_clk_pin       | sys_clk_pin     | None      | None-None     | 0            | 0                | 0             | 0       | 86          | 0         | 0          | 0          | FDRE/C                    | FDRE/R                  | r_reg_port_b_reg[21]/C     | r_div_quotient_reg[11]/R      |
| Path #24  | 10.000      | 9.122      | 1.669(19%)  | 7.453(81%) | 0.044      | 0.227 | 0.035             | Timed                     | Same Clock        | 8            | 9      | FDRE/C-(86)-LUT2-(3)-LUT6-(2)-LUT5-(5)-LUT2-(3)-LUT3-(2)-LUT5-(2)-LUT3-(4)-LUT3-(68)-FDRE/R                   | sys_clk_pin       | sys_clk_pin     | None      | None-None     | 0            | 0                | 0             | 0       | 86          | 0         | 0          | 0          | FDRE/C                    | FDRE/R                  | r_reg_port_b_reg[21]/C     | r_div_quotient_reg[12]/R      |
| Path #25  | 10.000      | 9.122      | 1.669(19%)  | 7.453(81%) | 0.044      | 0.227 | 0.035             | Timed                     | Same Clock        | 8            | 9      | FDRE/C-(86)-LUT2-(3)-LUT6-(2)-LUT5-(5)-LUT2-(3)-LUT3-(2)-LUT5-(2)-LUT3-(4)-LUT3-(68)-FDRE/R                   | sys_clk_pin       | sys_clk_pin     | None      | None-None     | 0            | 0                | 0             | 0       | 86          | 0         | 0          | 0          | FDRE/C                    | FDRE/R                  | r_reg_port_b_reg[21]/C     | r_div_quotient_reg[17]/R      |
| Path #26  | 10.000      | 9.122      | 1.669(19%)  | 7.453(81%) | 0.044      | 0.227 | 0.035             | Timed                     | Same Clock        | 8            | 9      | FDRE/C-(86)-LUT2-(3)-LUT6-(2)-LUT5-(5)-LUT2-(3)-LUT3-(2)-LUT5-(2)-LUT3-(4)-LUT3-(68)-FDRE/R                   | sys_clk_pin       | sys_clk_pin     | None      | None-None     | 0            | 0                | 0             | 0       | 86          | 0         | 0          | 0          | FDRE/C                    | FDRE/R                  | r_reg_port_b_reg[21]/C     | r_div_quotient_reg[18]/R      |
| Path #27  | 10.000      | 9.104      | 1.669(19%)  | 7.435(81%) | 0.041      | 0.241 | 0.035             | Timed                     | Same Clock        | 8            | 9      | FDRE/C-(86)-LUT2-(3)-LUT6-(2)-LUT5-(5)-LUT2-(3)-LUT3-(2)-LUT5-(2)-LUT3-(4)-LUT3-(68)-FDRE/R                   | sys_clk_pin       | sys_clk_pin     | None      | None-None     | 0            | 0                | 0             | 0       | 86          | 0         | 0          | 0          | FDRE/C                    | FDRE/R                  | r_reg_port_b_reg[21]/C     | r_div_quotient_reg[9]/R       |
| Path #28  | 10.000      | 9.100      | 1.669(19%)  | 7.431(81%) | 0.039      | 0.243 | 0.035             | Timed                     | Same Clock        | 8            | 9      | FDRE/C-(86)-LUT2-(3)-LUT6-(2)-LUT5-(5)-LUT2-(3)-LUT3-(2)-LUT5-(2)-LUT3-(4)-LUT3-(68)-FDRE/R                   | sys_clk_pin       | sys_clk_pin     | None      | None-None     | 0            | 0                | 0             | 0       | 86          | 0         | 0          | 0          | FDRE/C                    | FDRE/R                  | r_reg_port_b_reg[21]/C     | r_div_quotient_reg[3]/R       |
| Path #29  | 10.000      | 9.100      | 1.669(19%)  | 7.431(81%) | 0.039      | 0.243 | 0.035             | Timed                     | Same Clock        | 8            | 9      | FDRE/C-(86)-LUT2-(3)-LUT6-(2)-LUT5-(5)-LUT2-(3)-LUT3-(2)-LUT5-(2)-LUT3-(4)-LUT3-(68)-FDRE/R                   | sys_clk_pin       | sys_clk_pin     | None      | None-None     | 0            | 0                | 0             | 0       | 86          | 0         | 0          | 0          | FDRE/C                    | FDRE/R                  | r_reg_port_b_reg[21]/C     | r_div_quotient_reg[8]/R       |
| Path #30  | 10.000      | 9.108      | 1.669(19%)  | 7.439(81%) | 0.047      | 0.243 | 0.035             | Timed                     | Same Clock        | 8            | 9      | FDRE/C-(86)-LUT2-(3)-LUT6-(2)-LUT5-(5)-LUT2-(3)-LUT3-(2)-LUT5-(2)-LUT3-(4)-LUT3-(68)-FDRE/R                   | sys_clk_pin       | sys_clk_pin     | None      | None-None     | 0            | 0                | 0             | 0       | 86          | 0         | 0          | 0          | FDRE/C                    | FDRE/R                  | r_reg_port_b_reg[21]/C     | r_div_remainder_reg[21]/R     |
| Path #31  | 10.000      | 9.108      | 1.669(19%)  | 7.439(81%) | 0.047      | 0.243 | 0.035             | Timed                     | Same Clock        | 8            | 9      | FDRE/C-(86)-LUT2-(3)-LUT6-(2)-LUT5-(5)-LUT2-(3)-LUT3-(2)-LUT5-(2)-LUT3-(4)-LUT3-(68)-FDRE/R                   | sys_clk_pin       | sys_clk_pin     | None      | None-None     | 0            | 0                | 0             | 0       | 86          | 0         | 0          | 0          | FDRE/C                    | FDRE/R                  | r_reg_port_b_reg[21]/C     | r_div_remainder_reg[23]/R     |
| Path #32  | 10.000      | 9.108      | 1.669(19%)  | 7.439(81%) | 0.047      | 0.243 | 0.035             | Timed                     | Same Clock        | 8            | 9      | FDRE/C-(86)-LUT2-(3)-LUT6-(2)-LUT5-(5)-LUT2-(3)-LUT3-(2)-LUT5-(2)-LUT3-(4)-LUT3-(68)-FDRE/R                   | sys_clk_pin       | sys_clk_pin     | None      | None-None     | 0            | 0                | 0             | 0       | 86          | 0         | 0          | 0          | FDRE/C                    | FDRE/R                  | r_reg_port_b_reg[21]/C     | r_div_remainder_reg[24]/R     |
| Path #33  | 10.000      | 9.108      | 1.669(19%)  | 7.439(81%) | 0.047      | 0.243 | 0.035             | Timed                     | Same Clock        | 8            | 9      | FDRE/C-(86)-LUT2-(3)-LUT6-(2)-LUT5-(5)-LUT2-(3)-LUT3-(2)-LUT5-(2)-LUT3-(4)-LUT3-(68)-FDRE/R                   | sys_clk_pin       | sys_clk_pin     | None      | None-None     | 0            | 0                | 0             | 0       | 86          | 0         | 0          | 0          | FDRE/C                    | FDRE/R                  | r_reg_port_b_reg[21]/C     | r_div_remainder_reg[26]/R     |
| Path #34  | 10.000      | 9.108      | 1.669(19%)  | 7.439(81%) | 0.047      | 0.243 | 0.035             | Timed                     | Same Clock        | 8            | 9      | FDRE/C-(86)-LUT2-(3)-LUT6-(2)-LUT5-(5)-LUT2-(3)-LUT3-(2)-LUT5-(2)-LUT3-(4)-LUT3-(68)-FDRE/R                   | sys_clk_pin       | sys_clk_pin     | None      | None-None     | 0            | 0                | 0             | 0       | 86          | 0         | 0          | 0          | FDRE/C                    | FDRE/R                  | r_reg_port_b_reg[21]/C     | r_div_remainder_reg[28]/R     |
| Path #35  | 10.000      | 9.108      | 1.669(19%)  | 7.439(81%) | 0.047      | 0.243 | 0.035             | Timed                     | Same Clock        | 8            | 9      | FDRE/C-(86)-LUT2-(3)-LUT6-(2)-LUT5-(5)-LUT2-(3)-LUT3-(2)-LUT5-(2)-LUT3-(4)-LUT3-(68)-FDRE/R                   | sys_clk_pin       | sys_clk_pin     | None      | None-None     | 0            | 0                | 0             | 0       | 86          | 0         | 0          | 0          | FDRE/C                    | FDRE/R                  | r_reg_port_b_reg[21]/C     | r_div_remainder_reg[29]/R     |
| Path #36  | 10.000      | 9.108      | 1.669(19%)  | 7.439(81%) | 0.047      | 0.243 | 0.035             | Timed                     | Same Clock        | 8            | 9      | FDRE/C-(86)-LUT2-(3)-LUT6-(2)-LUT5-(5)-LUT2-(3)-LUT3-(2)-LUT5-(2)-LUT3-(4)-LUT3-(68)-FDRE/R                   | sys_clk_pin       | sys_clk_pin     | None      | None-None     | 0            | 0                | 0             | 0       | 86          | 0         | 0          | 0          | FDRE/C                    | FDRE/R                  | r_reg_port_b_reg[21]/C     | r_div_remainder_reg[30]/R     |
| Path #37  | 10.000      | 9.108      | 1.669(19%)  | 7.439(81%) | 0.047      | 0.243 | 0.035             | Timed                     | Same Clock        | 8            | 9      | FDRE/C-(86)-LUT2-(3)-LUT6-(2)-LUT5-(5)-LUT2-(3)-LUT3-(2)-LUT5-(2)-LUT3-(4)-LUT3-(68)-FDRE/R                   | sys_clk_pin       | sys_clk_pin     | None      | None-None     | 0            | 0                | 0             | 0       | 86          | 0         | 0          | 0          | FDRE/C                    | FDRE/R                  | r_reg_port_b_reg[21]/C     | r_div_remainder_reg[31]/R     |
| Path #38  | 10.000      | 9.103      | 1.669(19%)  | 7.434(81%) | 0.045      | 0.247 | 0.035             | Timed                     | Same Clock        | 8            | 9      | FDRE/C-(86)-LUT2-(3)-LUT6-(2)-LUT5-(5)-LUT2-(3)-LUT3-(2)-LUT5-(2)-LUT3-(4)-LUT3-(68)-FDRE/R                   | sys_clk_pin       | sys_clk_pin     | None      | None-None     | 0            | 0                | 0             | 0       | 86          | 0         | 0          | 0          | FDRE/C                    | FDRE/R                  | r_reg_port_b_reg[21]/C     | r_div_remainder_reg[25]/R     |
| Path #39  | 10.000      | 9.103      | 1.669(19%)  | 7.434(81%) | 0.045      | 0.247 | 0.035             | Timed                     | Same Clock        | 8            | 9      | FDRE/C-(86)-LUT2-(3)-LUT6-(2)-LUT5-(5)-LUT2-(3)-LUT3-(2)-LUT5-(2)-LUT3-(4)-LUT3-(68)-FDRE/R                   | sys_clk_pin       | sys_clk_pin     | None      | None-None     | 0            | 0                | 0             | 0       | 86          | 0         | 0          | 0          | FDRE/C                    | FDRE/R                  | r_reg_port_b_reg[21]/C     | r_div_remainder_reg[27]/R     |
| Path #40  | 10.000      | 9.034      | 2.587(29%)  | 6.447(71%) | -0.236     | 0.252 | 0.035             | Timed                     | Same Clock        | 10           | 6      | FDRE/C-(192)-RAMS64E-(1)-MUXF7-MUXF8-LUT6-(1)-MUXF7-MUXF8-LUT5-(1)-CARRY4-LUT5-(4)-LUT5-(15)-RAMB36E1/ENBWREN | sys_clk_pin       | sys_clk_pin     | None      | None-None     | 0            | 0                | 0             | 0       | 192         | 0         | 0          | 0          | FDRE/C                    | RAMB36E1/ENBWREN        | r_mem_addr_reg[2]_rep__0/C | cache_val_data_reg_12/ENBWREN |
| Path #41  | 10.000      | 9.034      | 2.587(29%)  | 6.447(71%) | -0.235     | 0.253 | 0.035             | Timed                     | Same Clock        | 10           | 6      | FDRE/C-(192)-RAMS64E-(1)-MUXF7-MUXF8-LUT6-(1)-MUXF7-MUXF8-LUT5-(1)-CARRY4-LUT5-(4)-LUT5-(15)-RAMB36E1/ENBWREN | sys_clk_pin       | sys_clk_pin     | None      | None-None     | 0            | 0                | 0             | 0       | 192         | 0         | 0          | 0          | FDRE/C                    | RAMB36E1/ENBWREN        | r_mem_addr_reg[2]_rep__0/C | cache_val_data_reg_1/ENBWREN  |
| Path #42  | 10.000      | 9.117      | 2.587(29%)  | 6.530(71%) | -0.151     | 0.255 | 0.035             | Timed                     | Same Clock        | 10           | 6      | FDRE/C-(192)-RAMS64E-(1)-MUXF7-MUXF8-LUT6-(1)-MUXF7-MUXF8-LUT5-(1)-CARRY4-LUT5-(4)-LUT5-(15)-RAMB36E1/ENBWREN | sys_clk_pin       | sys_clk_pin     | None      | None-None     | 0            | 0                | 0             | 0       | 192         | 0         | 0          | 0          | FDRE/C                    | RAMB36E1/ENBWREN        | r_mem_addr_reg[2]_rep__0/C | cache_val_data_reg_4/ENBWREN  |
| Path #43  | 10.000      | 9.091      | 1.669(19%)  | 7.422(81%) | 0.043      | 0.257 | 0.035             | Timed                     | Same Clock        | 8            | 9      | FDRE/C-(86)-LUT2-(3)-LUT6-(2)-LUT5-(5)-LUT2-(3)-LUT3-(2)-LUT5-(2)-LUT3-(4)-LUT3-(68)-FDRE/R                   | sys_clk_pin       | sys_clk_pin     | None      | None-None     | 0            | 0                | 0             | 0       | 86          | 0         | 0          | 0          | FDRE/C                    | FDRE/R                  | r_reg_port_b_reg[21]/C     | r_div_remainder_reg[17]/R     |
| Path #44  | 10.000      | 9.091      | 1.669(19%)  | 7.422(81%) | 0.043      | 0.257 | 0.035             | Timed                     | Same Clock        | 8            | 9      | FDRE/C-(86)-LUT2-(3)-LUT6-(2)-LUT5-(5)-LUT2-(3)-LUT3-(2)-LUT5-(2)-LUT3-(4)-LUT3-(68)-FDRE/R                   | sys_clk_pin       | sys_clk_pin     | None      | None-None     | 0            | 0                | 0             | 0       | 86          | 0         | 0          | 0          | FDRE/C                    | FDRE/R                  | r_reg_port_b_reg[21]/C     | r_div_remainder_reg[19]/R     |
| Path #45  | 10.000      | 9.082      | 1.669(19%)  | 7.413(81%) | 0.043      | 0.265 | 0.035             | Timed                     | Same Clock        | 8            | 9      | FDRE/C-(86)-LUT2-(3)-LUT6-(2)-LUT5-(5)-LUT2-(3)-LUT3-(2)-LUT5-(2)-LUT3-(4)-LUT3-(68)-FDRE/R                   | sys_clk_pin       | sys_clk_pin     | None      | None-None     | 0            | 0                | 0             | 0       | 86          | 0         | 0          | 0          | FDRE/C                    | FDRE/R                  | r_reg_port_b_reg[21]/C     | r_div_quotient_reg[10]/R      |
| Path #46  | 10.000      | 9.082      | 1.669(19%)  | 7.413(81%) | 0.043      | 0.265 | 0.035             | Timed                     | Same Clock        | 8            | 9      | FDRE/C-(86)-LUT2-(3)-LUT6-(2)-LUT5-(5)-LUT2-(3)-LUT3-(2)-LUT5-(2)-LUT3-(4)-LUT3-(68)-FDRE/R                   | sys_clk_pin       | sys_clk_pin     | None      | None-None     | 0            | 0                | 0             | 0       | 86          | 0         | 0          | 0          | FDRE/C                    | FDRE/R                  | r_reg_port_b_reg[21]/C     | r_div_quotient_reg[19]/R      |
| Path #47  | 10.000      | 9.082      | 1.669(19%)  | 7.413(81%) | 0.043      | 0.265 | 0.035             | Timed                     | Same Clock        | 8            | 9      | FDRE/C-(86)-LUT2-(3)-LUT6-(2)-LUT5-(5)-LUT2-(3)-LUT3-(2)-LUT5-(2)-LUT3-(4)-LUT3-(68)-FDRE/R                   | sys_clk_pin       | sys_clk_pin     | None      | None-None     | 0            | 0                | 0             | 0       | 86          | 0         | 0          | 0          | FDRE/C                    | FDRE/R                  | r_reg_port_b_reg[21]/C     | r_div_quotient_reg[20]/R      |
| Path #48  | 10.000      | 9.082      | 1.669(19%)  | 7.413(81%) | 0.043      | 0.265 | 0.035             | Timed                     | Same Clock        | 8            | 9      | FDRE/C-(86)-LUT2-(3)-LUT6-(2)-LUT5-(5)-LUT2-(3)-LUT3-(2)-LUT5-(2)-LUT3-(4)-LUT3-(68)-FDRE/R                   | sys_clk_pin       | sys_clk_pin     | None      | None-None     | 0            | 0                | 0             | 0       | 86          | 0         | 0          | 0          | FDRE/C                    | FDRE/R                  | r_reg_port_b_reg[21]/C     | r_div_quotient_reg[26]/R      |
| Path #49  | 10.000      | 9.065      | 1.669(19%)  | 7.396(81%) | 0.044      | 0.284 | 0.035             | Timed                     | Same Clock        | 8            | 9      | FDRE/C-(86)-LUT2-(3)-LUT6-(2)-LUT5-(5)-LUT2-(3)-LUT3-(2)-LUT5-(2)-LUT3-(4)-LUT3-(68)-FDRE/R                   | sys_clk_pin       | sys_clk_pin     | None      | None-None     | 0            | 0                | 0             | 0       | 86          | 0         | 0          | 0          | FDRE/C                    | FDRE/R                  | r_reg_port_b_reg[21]/C     | r_div_remainder_reg[20]/R     |
| Path #50  | 10.000      | 9.065      | 1.669(19%)  | 7.396(81%) | 0.044      | 0.284 | 0.035             | Timed                     | Same Clock        | 8            | 9      | FDRE/C-(86)-LUT2-(3)-LUT6-(2)-LUT5-(5)-LUT2-(3)-LUT3-(2)-LUT5-(2)-LUT3-(4)-LUT3-(68)-FDRE/R                   | sys_clk_pin       | sys_clk_pin     | None      | None-None     | 0            | 0                | 0             | 0       | 86          | 0         | 0          | 0          | FDRE/C                    | FDRE/R                  | r_reg_port_b_reg[21]/C     | r_div_remainder_reg[22]/R     |
| Path #51  | 10.000      | 9.064      | 1.669(19%)  | 7.395(81%) | 0.046      | 0.286 | 0.035             | Timed                     | Same Clock        | 8            | 9      | FDRE/C-(86)-LUT2-(3)-LUT6-(2)-LUT5-(5)-LUT2-(3)-LUT3-(2)-LUT5-(2)-LUT3-(4)-LUT3-(68)-FDRE/R                   | sys_clk_pin       | sys_clk_pin     | None      | None-None     | 0            | 0                | 0             | 0       | 86          | 0         | 0          | 0          | FDRE/C                    | FDRE/R                  | r_reg_port_b_reg[21]/C     | r_div_quotient_reg[0]/R       |
| Path #52  | 10.000      | 9.224      | 2.587(29%)  | 6.637(71%) | -0.003     | 0.295 | 0.035             | Timed                     | Same Clock        | 10           | 6      | FDRE/C-(192)-RAMS64E-(1)-MUXF7-MUXF8-LUT6-(1)-MUXF7-MUXF8-LUT5-(1)-CARRY4-LUT5-(4)-LUT5-(15)-RAMB18E1/ENBWREN | sys_clk_pin       | sys_clk_pin     | None      | None-None     | 0            | 0                | 0             | 0       | 192         | 0         | 0          | 0          | FDRE/C                    | RAMB18E1/ENBWREN        | r_mem_addr_reg[2]_rep__0/C | cache_val_data_reg_14/ENBWREN |
| Path #53  | 10.000      | 8.950      | 1.669(19%)  | 7.281(81%) | 0.042      | 0.301 | 0.035             | Timed                     | Same Clock        | 8            | 9      | FDRE/C-(86)-LUT2-(3)-LUT6-(2)-LUT5-(5)-LUT2-(3)-LUT3-(2)-LUT5-(2)-LUT3-(4)-LUT3-(68)-FDRE/R                   | sys_clk_pin       | sys_clk_pin     | None      | None-None     | 0            | 0                | 0             | 0       | 86          | 0         | 0          | 0          | FDRE/C                    | FDRE/R                  | r_reg_port_b_reg[21]/C     | r_div_remainder_reg[12]/R     |
| Path #54  | 10.000      | 8.950      | 1.669(19%)  | 7.281(81%) | 0.042      | 0.301 | 0.035             | Timed                     | Same Clock        | 8            | 9      | FDRE/C-(86)-LUT2-(3)-LUT6-(2)-LUT5-(5)-LUT2-(3)-LUT3-(2)-LUT5-(2)-LUT3-(4)-LUT3-(68)-FDRE/R                   | sys_clk_pin       | sys_clk_pin     | None      | None-None     | 0            | 0                | 0             | 0       | 86          | 0         | 0          | 0          | FDRE/C                    | FDRE/R                  | r_reg_port_b_reg[21]/C     | r_div_remainder_reg[13]/R     |
| Path #55  | 10.000      | 8.950      | 1.669(19%)  | 7.281(81%) | 0.042      | 0.301 | 0.035             | Timed                     | Same Clock        | 8            | 9      | FDRE/C-(86)-LUT2-(3)-LUT6-(2)-LUT5-(5)-LUT2-(3)-LUT3-(2)-LUT5-(2)-LUT3-(4)-LUT3-(68)-FDRE/R                   | sys_clk_pin       | sys_clk_pin     | None      | None-None     | 0            | 0                | 0             | 0       | 86          | 0         | 0          | 0          | FDRE/C                    | FDRE/R                  | r_reg_port_b_reg[21]/C     | r_div_remainder_reg[14]/R     |
| Path #56  | 10.000      | 8.950      | 1.669(19%)  | 7.281(81%) | 0.042      | 0.301 | 0.035             | Timed                     | Same Clock        | 8            | 9      | FDRE/C-(86)-LUT2-(3)-LUT6-(2)-LUT5-(5)-LUT2-(3)-LUT3-(2)-LUT5-(2)-LUT3-(4)-LUT3-(68)-FDRE/R                   | sys_clk_pin       | sys_clk_pin     | None      | None-None     | 0            | 0                | 0             | 0       | 86          | 0         | 0          | 0          | FDRE/C                    | FDRE/R                  | r_reg_port_b_reg[21]/C     | r_div_remainder_reg[15]/R     |
| Path #57  | 10.000      | 8.950      | 1.669(19%)  | 7.281(81%) | 0.042      | 0.301 | 0.035             | Timed                     | Same Clock        | 8            | 9      | FDRE/C-(86)-LUT2-(3)-LUT6-(2)-LUT5-(5)-LUT2-(3)-LUT3-(2)-LUT5-(2)-LUT3-(4)-LUT3-(68)-FDRE/R                   | sys_clk_pin       | sys_clk_pin     | None      | None-None     | 0            | 0                | 0             | 0       | 86          | 0         | 0          | 0          | FDRE/C                    | FDRE/R                  | r_reg_port_b_reg[21]/C     | r_div_remainder_reg[16]/R     |
| Path #58  | 10.000      | 8.950      | 1.669(19%)  | 7.281(81%) | 0.042      | 0.301 | 0.035             | Timed                     | Same Clock        | 8            | 9      | FDRE/C-(86)-LUT2-(3)-LUT6-(2)-LUT5-(5)-LUT2-(3)-LUT3-(2)-LUT5-(2)-LUT3-(4)-LUT3-(68)-FDRE/R                   | sys_clk_pin       | sys_clk_pin     | None      | None-None     | 0            | 0                | 0             | 0       | 86          | 0         | 0          | 0          | FDRE/C                    | FDRE/R                  | r_reg_port_b_reg[21]/C     | r_div_remainder_reg[18]/R     |
| Path #59  | 10.000      | 9.220      | 2.587(29%)  | 6.633(71%) | 0.045      | 0.347 | 0.035             | Timed                     | Same Clock        | 10           | 6      | FDRE/C-(192)-RAMS64E-(1)-MUXF7-MUXF8-LUT6-(1)-MUXF7-MUXF8-LUT5-(1)-CARRY4-LUT5-(4)-LUT5-(15)-RAMB36E1/ENBWREN | sys_clk_pin       | sys_clk_pin     | None      | None-None     | 0            | 0                | 0             | 0       | 192         | 0         | 0          | 0          | FDRE/C                    | RAMB36E1/ENBWREN        | r_mem_addr_reg[2]_rep__0/C | cache_val_data_reg_10/ENBWREN |
| Path #60  | 10.000      | 9.130      | 2.587(29%)  | 6.544(71%) | -0.006     | 0.386 | 0.035             | Timed                     | Same Clock        | 10           | 6      | FDRE/C-(192)-RAMS64E-(1)-MUXF7-MUXF8-LUT6-(1)-MUXF7-MUXF8-LUT5-(1)-CARRY4-LUT5-(4)-LUT5-(15)-RAMB36E1/ENBWREN | sys_clk_pin       | sys_clk_pin     | None      | None-None     | 0            | 0                | 0             | 0       | 192         | 0         | 0          | 0          | FDRE/C                    | RAMB36E1/ENBWREN        | r_mem_addr_reg[2]_rep__0/C | cache_val_data_reg_3/ENBWREN  |
| Path #61  | 10.000      | 8.959      | 1.669(19%)  | 7.290(81%) | 0.044      | 0.389 | 0.035             | Timed                     | Same Clock        | 8            | 9      | FDRE/C-(86)-LUT2-(3)-LUT6-(2)-LUT5-(5)-LUT2-(3)-LUT3-(2)-LUT5-(2)-LUT3-(4)-LUT3-(68)-FDRE/R                   | sys_clk_pin       | sys_clk_pin     | None      | None-None     | 0            | 0                | 0             | 0       | 86          | 0         | 0          | 0          | FDRE/C                    | FDRE/R                  | r_reg_port_b_reg[21]/C     | r_div_quotient_reg[15]/R      |
| Path #62  | 10.000      | 8.959      | 1.669(19%)  | 7.290(81%) | 0.044      | 0.389 | 0.035             | Timed                     | Same Clock        | 8            | 9      | FDRE/C-(86)-LUT2-(3)-LUT6-(2)-LUT5-(5)-LUT2-(3)-LUT3-(2)-LUT5-(2)-LUT3-(4)-LUT3-(68)-FDRE/R                   | sys_clk_pin       | sys_clk_pin     | None      | None-None     | 0            | 0                | 0             | 0       | 86          | 0         | 0          | 0          | FDRE/C                    | FDRE/R                  | r_reg_port_b_reg[21]/C     | r_div_quotient_reg[25]/R      |
| Path #63  | 10.000      | 8.959      | 1.669(19%)  | 7.290(81%) | 0.044      | 0.389 | 0.035             | Timed                     | Same Clock        | 8            | 9      | FDRE/C-(86)-LUT2-(3)-LUT6-(2)-LUT5-(5)-LUT2-(3)-LUT3-(2)-LUT5-(2)-LUT3-(4)-LUT3-(68)-FDRE/R                   | sys_clk_pin       | sys_clk_pin     | None      | None-None     | 0            | 0                | 0             | 0       | 86          | 0         | 0          | 0          | FDRE/C                    | FDRE/R                  | r_reg_port_b_reg[21]/C     | r_div_quotient_reg[27]/R      |
| Path #64  | 10.000      | 8.959      | 1.669(19%)  | 7.290(81%) | 0.044      | 0.389 | 0.035             | Timed                     | Same Clock        | 8            | 9      | FDRE/C-(86)-LUT2-(3)-LUT6-(2)-LUT5-(5)-LUT2-(3)-LUT3-(2)-LUT5-(2)-LUT3-(4)-LUT3-(68)-FDRE/R                   | sys_clk_pin       | sys_clk_pin     | None      | None-None     | 0            | 0                | 0             | 0       | 86          | 0         | 0          | 0          | FDRE/C                    | FDRE/R                  | r_reg_port_b_reg[21]/C     | r_div_quotient_reg[28]/R      |
| Path #65  | 10.000      | 8.948      | 1.669(19%)  | 7.279(81%) | 0.042      | 0.398 | 0.035             | Timed                     | Same Clock        | 8            | 9      | FDRE/C-(86)-LUT2-(3)-LUT6-(2)-LUT5-(5)-LUT2-(3)-LUT3-(2)-LUT5-(2)-LUT3-(4)-LUT3-(68)-FDRE/R                   | sys_clk_pin       | sys_clk_pin     | None      | None-None     | 0            | 0                | 0             | 0       | 86          | 0         | 0          | 0          | FDRE/C                    | FDRE/R                  | r_reg_port_b_reg[21]/C     | r_div_quotient_reg[29]/R      |
| Path #66  | 10.000      | 8.944      | 1.669(19%)  | 7.275(81%) | 0.042      | 0.403 | 0.035             | Timed                     | Same Clock        | 8            | 9      | FDRE/C-(86)-LUT2-(3)-LUT6-(2)-LUT5-(5)-LUT2-(3)-LUT3-(2)-LUT5-(2)-LUT3-(4)-LUT3-(68)-FDRE/R                   | sys_clk_pin       | sys_clk_pin     | None      | None-None     | 0            | 0                | 0             | 0       | 86          | 0         | 0          | 0          | FDRE/C                    | FDRE/R                  | r_reg_port_b_reg[21]/C     | r_div_quotient_reg[21]/R      |
| Path #67  | 10.000      | 8.944      | 1.669(19%)  | 7.275(81%) | 0.042      | 0.403 | 0.035             | Timed                     | Same Clock        | 8            | 9      | FDRE/C-(86)-LUT2-(3)-LUT6-(2)-LUT5-(5)-LUT2-(3)-LUT3-(2)-LUT5-(2)-LUT3-(4)-LUT3-(68)-FDRE/R                   | sys_clk_pin       | sys_clk_pin     | None      | None-None     | 0            | 0                | 0             | 0       | 86          | 0         | 0          | 0          | FDRE/C                    | FDRE/R                  | r_reg_port_b_reg[21]/C     | r_div_quotient_reg[22]/R      |
| Path #68  | 10.000      | 8.944      | 1.669(19%)  | 7.275(81%) | 0.042      | 0.403 | 0.035             | Timed                     | Same Clock        | 8            | 9      | FDRE/C-(86)-LUT2-(3)-LUT6-(2)-LUT5-(5)-LUT2-(3)-LUT3-(2)-LUT5-(2)-LUT3-(4)-LUT3-(68)-FDRE/R                   | sys_clk_pin       | sys_clk_pin     | None      | None-None     | 0            | 0                | 0             | 0       | 86          | 0         | 0          | 0          | FDRE/C                    | FDRE/R                  | r_reg_port_b_reg[21]/C     | r_div_quotient_reg[30]/R      |
| Path #69  | 10.000      | 8.907      | 1.669(19%)  | 7.238(81%) | 0.040      | 0.437 | 0.035             | Timed                     | Same Clock        | 8            | 9      | FDRE/C-(86)-LUT2-(3)-LUT6-(2)-LUT5-(5)-LUT2-(3)-LUT3-(2)-LUT5-(2)-LUT3-(4)-LUT3-(68)-FDRE/R                   | sys_clk_pin       | sys_clk_pin     | None      | None-None     | 0            | 0                | 0             | 0       | 86          | 0         | 0          | 0          | FDRE/C                    | FDRE/R                  | r_reg_port_b_reg[21]/C     | r_div_remainder_reg[0]/R      |
| Path #70  | 10.000      | 8.907      | 1.669(19%)  | 7.238(81%) | 0.040      | 0.437 | 0.035             | Timed                     | Same Clock        | 8            | 9      | FDRE/C-(86)-LUT2-(3)-LUT6-(2)-LUT5-(5)-LUT2-(3)-LUT3-(2)-LUT5-(2)-LUT3-(4)-LUT3-(68)-FDRE/R                   | sys_clk_pin       | sys_clk_pin     | None      | None-None     | 0            | 0                | 0             | 0       | 86          | 0         | 0          | 0          | FDRE/C                    | FDRE/R                  | r_reg_port_b_reg[21]/C     | r_div_remainder_reg[1]/R      |
| Path #71  | 10.000      | 8.907      | 1.669(19%)  | 7.238(81%) | 0.040      | 0.437 | 0.035             | Timed                     | Same Clock        | 8            | 9      | FDRE/C-(86)-LUT2-(3)-LUT6-(2)-LUT5-(5)-LUT2-(3)-LUT3-(2)-LUT5-(2)-LUT3-(4)-LUT3-(68)-FDRE/R                   | sys_clk_pin       | sys_clk_pin     | None      | None-None     | 0            | 0                | 0             | 0       | 86          | 0         | 0          | 0          | FDRE/C                    | FDRE/R                  | r_reg_port_b_reg[21]/C     | r_div_remainder_reg[2]/R      |
| Path #72  | 10.000      | 8.907      | 1.669(19%)  | 7.238(81%) | 0.040      | 0.437 | 0.035             | Timed                     | Same Clock        | 8            | 9      | FDRE/C-(86)-LUT2-(3)-LUT6-(2)-LUT5-(5)-LUT2-(3)-LUT3-(2)-LUT5-(2)-LUT3-(4)-LUT3-(68)-FDRE/R                   | sys_clk_pin       | sys_clk_pin     | None      | None-None     | 0            | 0                | 0             | 0       | 86          | 0         | 0          | 0          | FDRE/C                    | FDRE/R                  | r_reg_port_b_reg[21]/C     | r_div_remainder_reg[3]/R      |
| Path #73  | 10.000      | 9.382      | 1.324(15%)  | 8.058(85%) | 0.051      | 0.464 | 0.035             | Timed                     | Same Clock        | 7            | 8      | FDRE/C-(86)-LUT2-(3)-LUT6-(2)-LUT5-(5)-LUT2-(2)-LUT6-(2)-LUT6-(1)-LUT6-(36)-FDRE/CE                           | sys_clk_pin       | sys_clk_pin     | None      | None-None     | 0            | 0                | 0             | 0       | 86          | 0         | 0          | 0          | FDRE/C                    | FDRE/CE                 | r_reg_port_b_reg[21]/C     | r_writeback_value_reg[26]/CE  |
| Path #74  | 10.000      | 9.028      | 2.587(29%)  | 6.441(71%) | 0.050      | 0.544 | 0.035             | Timed                     | Same Clock        | 10           | 6      | FDRE/C-(192)-RAMS64E-(1)-MUXF7-MUXF8-LUT6-(1)-MUXF7-MUXF8-LUT5-(1)-CARRY4-LUT5-(4)-LUT5-(15)-RAMB36E1/ENBWREN | sys_clk_pin       | sys_clk_pin     | None      | None-None     | 0            | 0                | 0             | 0       | 192         | 0         | 0          | 0          | FDRE/C                    | RAMB36E1/ENBWREN        | r_mem_addr_reg[2]_rep__0/C | cache_val_data_reg_6/ENBWREN  |
| Path #75  | 10.000      | 9.266      | 1.324(15%)  | 7.942(85%) | 0.051      | 0.544 | 0.035             | Timed                     | Same Clock        | 7            | 8      | FDRE/C-(86)-LUT2-(3)-LUT6-(2)-LUT5-(5)-LUT2-(2)-LUT6-(2)-LUT6-(1)-LUT6-(36)-FDRE/CE                           | sys_clk_pin       | sys_clk_pin     | None      | None-None     | 0            | 0                | 0             | 0       | 86          | 0         | 0          | 0          | FDRE/C                    | FDRE/CE                 | r_reg_port_b_reg[21]/C     | r_writeback_value_reg[30]/CE  |
| Path #76  | 10.000      | 8.788      | 1.669(19%)  | 7.119(81%) | 0.041      | 0.557 | 0.035             | Timed                     | Same Clock        | 8            | 9      | FDRE/C-(86)-LUT2-(3)-LUT6-(2)-LUT5-(5)-LUT2-(3)-LUT3-(2)-LUT5-(2)-LUT3-(4)-LUT3-(68)-FDRE/R                   | sys_clk_pin       | sys_clk_pin     | None      | None-None     | 0            | 0                | 0             | 0       | 86          | 0         | 0          | 0          | FDRE/C                    | FDRE/R                  | r_reg_port_b_reg[21]/C     | r_div_quotient_reg[7]/R       |
| Path #77  | 10.000      | 9.236      | 1.324(15%)  | 7.912(85%) | 0.052      | 0.576 | 0.035             | Timed                     | Same Clock        | 7            | 8      | FDRE/C-(86)-LUT2-(3)-LUT6-(2)-LUT5-(5)-LUT2-(2)-LUT6-(2)-LUT6-(1)-LUT6-(36)-FDRE/CE                           | sys_clk_pin       | sys_clk_pin     | None      | None-None     | 0            | 0                | 0             | 0       | 86          | 0         | 0          | 0          | FDRE/C                    | FDRE/CE                 | r_reg_port_b_reg[21]/C     | r_writeback_value_reg[24]/CE  |
| Path #78  | 10.000      | 8.766      | 1.669(20%)  | 7.097(80%) | 0.041      | 0.579 | 0.035             | Timed                     | Same Clock        | 8            | 9      | FDRE/C-(86)-LUT2-(3)-LUT6-(2)-LUT5-(5)-LUT2-(3)-LUT3-(2)-LUT5-(2)-LUT3-(4)-LUT3-(68)-FDRE/R                   | sys_clk_pin       | sys_clk_pin     | None      | None-None     | 0            | 0                | 0             | 0       | 86          | 0         | 0          | 0          | FDRE/C                    | FDRE/R                  | r_reg_port_b_reg[21]/C     | r_div_remainder_reg[4]/R      |
| Path #79  | 10.000      | 8.766      | 1.669(20%)  | 7.097(80%) | 0.041      | 0.579 | 0.035             | Timed                     | Same Clock        | 8            | 9      | FDRE/C-(86)-LUT2-(3)-LUT6-(2)-LUT5-(5)-LUT2-(3)-LUT3-(2)-LUT5-(2)-LUT3-(4)-LUT3-(68)-FDRE/R                   | sys_clk_pin       | sys_clk_pin     | None      | None-None     | 0            | 0                | 0             | 0       | 86          | 0         | 0          | 0          | FDRE/C                    | FDRE/R                  | r_reg_port_b_reg[21]/C     | r_div_remainder_reg[6]/R      |
| Path #80  | 10.000      | 9.231      | 1.324(15%)  | 7.907(85%) | 0.053      | 0.582 | 0.035             | Timed                     | Same Clock        | 7            | 8      | FDRE/C-(86)-LUT2-(3)-LUT6-(2)-LUT5-(5)-LUT2-(2)-LUT6-(2)-LUT6-(1)-LUT6-(36)-FDRE/CE                           | sys_clk_pin       | sys_clk_pin     | None      | None-None     | 0            | 0                | 0             | 0       | 86          | 0         | 0          | 0          | FDRE/C                    | FDRE/CE                 | r_reg_port_b_reg[21]/C     | r_writeback_value_reg[25]/CE  |
| Path #81  | 10.000      | 9.222      | 1.324(15%)  | 7.898(85%) | 0.053      | 0.590 | 0.035             | Timed                     | Same Clock        | 7            | 8      | FDRE/C-(86)-LUT2-(3)-LUT6-(2)-LUT5-(5)-LUT2-(2)-LUT6-(2)-LUT6-(1)-LUT6-(36)-FDRE/CE                           | sys_clk_pin       | sys_clk_pin     | None      | None-None     | 0            | 0                | 0             | 0       | 86          | 0         | 0          | 0          | FDRE/C                    | FDRE/CE                 | r_reg_port_b_reg[21]/C     | r_writeback_value_reg[18]/CE  |
| Path #82  | 10.000      | 9.215      | 1.324(15%)  | 7.891(85%) | 0.056      | 0.600 | 0.035             | Timed                     | Same Clock        | 7            | 8      | FDRE/C-(86)-LUT2-(3)-LUT6-(2)-LUT5-(5)-LUT2-(2)-LUT6-(2)-LUT6-(1)-LUT6-(36)-FDRE/CE                           | sys_clk_pin       | sys_clk_pin     | None      | None-None     | 0            | 0                | 0             | 0       | 86          | 0         | 0          | 0          | FDRE/C                    | FDRE/CE                 | r_reg_port_b_reg[21]/C     | r_writeback_value_reg[10]/CE  |
| Path #83  | 10.000      | 9.205      | 1.644(18%)  | 7.561(82%) | 0.046      | 0.601 | 0.035             | Timed                     | Same Clock        | 8            | 9      | FDRE/C-(86)-LUT2-(3)-LUT6-(2)-LUT5-(5)-LUT2-(3)-LUT3-(2)-LUT5-(2)-LUT3-(4)-LUT5-(102)-FDRE/CE                 | sys_clk_pin       | sys_clk_pin     | None      | None-None     | 0            | 0                | 0             | 0       | 102         | 0         | 0          | 0          | FDRE/C                    | FDRE/CE                 | r_reg_port_b_reg[21]/C     | r_div_dividend_reg[31]/CE     |
| Path #84  | 10.000      | 9.207      | 1.324(15%)  | 7.883(85%) | 0.053      | 0.605 | 0.035             | Timed                     | Same Clock        | 7            | 8      | FDRE/C-(86)-LUT2-(3)-LUT6-(2)-LUT5-(5)-LUT2-(2)-LUT6-(2)-LUT6-(1)-LUT6-(36)-FDRE/CE                           | sys_clk_pin       | sys_clk_pin     | None      | None-None     | 0            | 0                | 0             | 0       | 86          | 0         | 0          | 0          | FDRE/C                    | FDRE/CE                 | r_reg_port_b_reg[21]/C     | r_writeback_value_reg[29]/CE  |
| Path #85  | 10.000      | 8.721      | 1.644(19%)  | 7.077(81%) | -0.107     | 0.613 | 0.035             | Timed                     | Same Clock        | 8            | 9      | FDRE/C-(18)-LUT4-(6)-LUT6-(7)-LUT2-(1)-LUT6-(28)-LUT6-(2)-LUT6-(4)-LUT6-(48)-LUT3-(13)-FDRE/R                 | sys_clk_pin       | sys_clk_pin     | None      | None-None     | 0            | 0                | 0             | 0       | 48          | 0         | 0          | 0          | FDRE/C                    | FDRE/R                  | r_Rx_Byte_reg[1]/C         | r_msg_reg[17]/R               |
| Path #86  | 10.000      | 9.191      | 1.644(18%)  | 7.547(82%) | 0.046      | 0.614 | 0.035             | Timed                     | Same Clock        | 8            | 9      | FDRE/C-(86)-LUT2-(3)-LUT6-(2)-LUT5-(5)-LUT2-(3)-LUT3-(2)-LUT5-(2)-LUT3-(4)-LUT5-(102)-FDRE/CE                 | sys_clk_pin       | sys_clk_pin     | None      | None-None     | 0            | 0                | 0             | 0       | 102         | 0         | 0          | 0          | FDRE/C                    | FDRE/CE                 | r_reg_port_b_reg[21]/C     | r_div_dividend_reg[25]/CE     |
| Path #87  | 10.000      | 9.191      | 1.644(18%)  | 7.547(82%) | 0.046      | 0.614 | 0.035             | Timed                     | Same Clock        | 8            | 9      | FDRE/C-(86)-LUT2-(3)-LUT6-(2)-LUT5-(5)-LUT2-(3)-LUT3-(2)-LUT5-(2)-LUT3-(4)-LUT5-(102)-FDRE/CE                 | sys_clk_pin       | sys_clk_pin     | None      | None-None     | 0            | 0                | 0             | 0       | 102         | 0         | 0          | 0          | FDRE/C                    | FDRE/CE                 | r_reg_port_b_reg[21]/C     | r_div_dividend_reg[26]/CE     |
| Path #88  | 10.000      | 9.196      | 1.324(15%)  | 7.872(85%) | 0.051      | 0.615 | 0.035             | Timed                     | Same Clock        | 7            | 8      | FDRE/C-(86)-LUT2-(3)-LUT6-(2)-LUT5-(5)-LUT2-(2)-LUT6-(2)-LUT6-(1)-LUT6-(36)-FDRE/CE                           | sys_clk_pin       | sys_clk_pin     | None      | None-None     | 0            | 0                | 0             | 0       | 86          | 0         | 0          | 0          | FDRE/C                    | FDRE/CE                 | r_reg_port_b_reg[21]/C     | r_writeback_value_reg[27]/CE  |
| Path #89  | 10.000      | 9.188      | 1.324(15%)  | 7.864(85%) | 0.051      | 0.623 | 0.035             | Timed                     | Same Clock        | 7            | 8      | FDRE/C-(86)-LUT2-(3)-LUT6-(2)-LUT5-(5)-LUT2-(2)-LUT6-(2)-LUT6-(1)-LUT6-(36)-FDRE/CE                           | sys_clk_pin       | sys_clk_pin     | None      | None-None     | 0            | 0                | 0             | 0       | 86          | 0         | 0          | 0          | FDRE/C                    | FDRE/CE                 | r_reg_port_b_reg[21]/C     | r_writeback_value_reg[21]/CE  |
| Path #90  | 10.000      | 9.147      | 1.644(18%)  | 7.503(82%) | 0.046      | 0.659 | 0.035             | Timed                     | Same Clock        | 8            | 9      | FDRE/C-(86)-LUT2-(3)-LUT6-(2)-LUT5-(5)-LUT2-(3)-LUT3-(2)-LUT5-(2)-LUT3-(4)-LUT5-(102)-FDRE/CE                 | sys_clk_pin       | sys_clk_pin     | None      | None-None     | 0            | 0                | 0             | 0       | 102         | 0         | 0          | 0          | FDRE/C                    | FDRE/CE                 | r_reg_port_b_reg[21]/C     | r_div_dividend_reg[22]/CE     |
| Path #91  | 10.000      | 9.187      | 1.324(15%)  | 7.863(85%) | 0.052      | 0.660 | 0.035             | Timed                     | Same Clock        | 7            | 8      | FDRE/C-(86)-LUT2-(3)-LUT6-(2)-LUT5-(5)-LUT2-(2)-LUT6-(2)-LUT6-(1)-LUT6-(36)-FDRE/CE                           | sys_clk_pin       | sys_clk_pin     | None      | None-None     | 0            | 0                | 0             | 0       | 86          | 0         | 0          | 0          | FDRE/C                    | FDRE/CE                 | r_reg_port_b_reg[21]/C     | r_writeback_value_reg[31]/CE  |
| Path #92  | 10.000      | 8.668      | 1.644(19%)  | 7.024(81%) | -0.107     | 0.666 | 0.035             | Timed                     | Same Clock        | 8            | 9      | FDRE/C-(18)-LUT4-(6)-LUT6-(7)-LUT2-(1)-LUT6-(28)-LUT6-(2)-LUT6-(4)-LUT6-(48)-LUT3-(13)-FDRE/R                 | sys_clk_pin       | sys_clk_pin     | None      | None-None     | 0            | 0                | 0             | 0       | 48          | 0         | 0          | 0          | FDRE/C                    | FDRE/R                  | r_Rx_Byte_reg[1]/C         | r_msg_reg[34]/R               |
| Path #93  | 10.000      | 8.849      | 2.587(30%)  | 6.263(70%) | -0.001     | 0.672 | 0.035             | Timed                     | Same Clock        | 10           | 6      | FDRE/C-(192)-RAMS64E-(1)-MUXF7-MUXF8-LUT6-(1)-MUXF7-MUXF8-LUT5-(1)-CARRY4-LUT5-(4)-LUT5-(15)-RAMB36E1/ENBWREN | sys_clk_pin       | sys_clk_pin     | None      | None-None     | 0            | 0                | 0             | 0       | 192         | 0         | 0          | 0          | FDRE/C                    | RAMB36E1/ENBWREN        | r_mem_addr_reg[2]_rep__0/C | cache_val_data_reg_13/ENBWREN |
| Path #94  | 10.000      | 9.169      | 1.324(15%)  | 7.845(85%) | 0.051      | 0.677 | 0.035             | Timed                     | Same Clock        | 7            | 8      | FDRE/C-(86)-LUT2-(3)-LUT6-(2)-LUT5-(5)-LUT2-(2)-LUT6-(2)-LUT6-(1)-LUT6-(36)-FDRE/CE                           | sys_clk_pin       | sys_clk_pin     | None      | None-None     | 0            | 0                | 0             | 0       | 86          | 0         | 0          | 0          | FDRE/C                    | FDRE/CE                 | r_reg_port_b_reg[21]/C     | r_writeback_value_reg[16]/CE  |
| Path #95  | 10.000      | 8.752      | 1.644(19%)  | 7.108(81%) | -0.104     | 0.679 | 0.035             | Timed                     | Same Clock        | 8            | 9      | FDRE/C-(18)-LUT4-(6)-LUT6-(7)-LUT2-(1)-LUT6-(28)-LUT6-(2)-LUT6-(4)-LUT6-(48)-LUT3-(13)-FDRE/R                 | sys_clk_pin       | sys_clk_pin     | None      | None-None     | 0            | 0                | 0             | 0       | 48          | 0         | 0          | 0          | FDRE/C                    | FDRE/R                  | r_Rx_Byte_reg[1]/C         | r_msg_reg[18]/R               |
| Path #96  | 10.000      | 8.752      | 1.644(19%)  | 7.108(81%) | -0.104     | 0.679 | 0.035             | Timed                     | Same Clock        | 8            | 9      | FDRE/C-(18)-LUT4-(6)-LUT6-(7)-LUT2-(1)-LUT6-(28)-LUT6-(2)-LUT6-(4)-LUT6-(48)-LUT3-(13)-FDRE/R                 | sys_clk_pin       | sys_clk_pin     | None      | None-None     | 0            | 0                | 0             | 0       | 48          | 0         | 0          | 0          | FDRE/C                    | FDRE/R                  | r_Rx_Byte_reg[1]/C         | r_msg_reg[25]/R               |
| Path #97  | 10.000      | 9.123      | 1.324(15%)  | 7.799(85%) | 0.054      | 0.690 | 0.035             | Timed                     | Same Clock        | 7            | 8      | FDRE/C-(86)-LUT2-(3)-LUT6-(2)-LUT5-(5)-LUT2-(2)-LUT6-(2)-LUT6-(1)-LUT6-(36)-FDRE/CE                           | sys_clk_pin       | sys_clk_pin     | None      | None-None     | 0            | 0                | 0             | 0       | 86          | 0         | 0          | 0          | FDRE/C                    | FDRE/CE                 | r_reg_port_b_reg[21]/C     | r_writeback_value_reg[19]/CE  |
| Path #98  | 10.000      | 8.878      | 2.587(30%)  | 6.291(70%) | 0.060      | 0.704 | 0.035             | Timed                     | Same Clock        | 10           | 6      | FDRE/C-(192)-RAMS64E-(1)-MUXF7-MUXF8-LUT6-(1)-MUXF7-MUXF8-LUT5-(1)-CARRY4-LUT5-(4)-LUT5-(15)-RAMB36E1/ENBWREN | sys_clk_pin       | sys_clk_pin     | None      | None-None     | 0            | 0                | 0             | 0       | 192         | 0         | 0          | 0          | FDRE/C                    | RAMB36E1/ENBWREN        | r_mem_addr_reg[2]_rep__0/C | cache_val_data_reg_9/ENBWREN  |
| Path #99  | 10.000      | 8.718      | 1.644(19%)  | 7.074(81%) | -0.104     | 0.714 | 0.035             | Timed                     | Same Clock        | 8            | 9      | FDRE/C-(18)-LUT4-(6)-LUT6-(7)-LUT2-(1)-LUT6-(28)-LUT6-(2)-LUT6-(4)-LUT6-(48)-LUT3-(13)-FDRE/R                 | sys_clk_pin       | sys_clk_pin     | None      | None-None     | 0            | 0                | 0             | 0       | 48          | 0         | 0          | 0          | FDRE/C                    | FDRE/R                  | r_Rx_Byte_reg[1]/C         | r_msg_reg[19]/R               |
| Path #100 | 10.000      | 8.787      | 2.587(30%)  | 6.200(70%) | 0.009      | 0.744 | 0.035             | Timed                     | Same Clock        | 10           | 6      | FDRE/C-(192)-RAMS64E-(1)-MUXF7-MUXF8-LUT6-(1)-MUXF7-MUXF8-LUT5-(1)-CARRY4-LUT5-(4)-LUT5-(15)-RAMB36E1/ENBWREN | sys_clk_pin       | sys_clk_pin     | None      | None-None     | 0            | 0                | 0             | 0       | 192         | 0         | 0          | 0          | FDRE/C                    | RAMB36E1/ENBWREN        | r_mem_addr_reg[2]_rep__0/C | cache_val_data_reg_8/ENBWREN  |
+-----------+-------------+------------+-------------+------------+------------+-------+-------------------+---------------------------+-------------------+--------------+--------+---------------------------------------------------------------------------------------------------------------+-------------------+-----------------+-----------+---------------+--------------+------------------+---------------+---------+-------------+-----------+------------+------------+---------------------------+-------------------------+----------------------------+-------------------------------+
* Bounding box calculated as % of dimensions for the target device (244, 400)


2. Logic Level Distribution
---------------------------

+-------------------+-------------+----+-----+---+---+----+----+-----+-----+---+----+----+----+----+
|  End Point Clock  | Requirement |  1 |  2  | 3 | 4 |  5 |  6 |  7  |  8  | 9 | 10 | 11 | 12 | 15 |
+-------------------+-------------+----+-----+---+---+----+----+-----+-----+---+----+----+----+----+
| clk_200_clk_wiz_0 | 5.000ns     | 11 |   0 | 0 | 0 |  0 |  0 |   0 |   0 | 0 |  0 |  0 |  0 |  0 |
| sys_clk_pin       | 10.000ns    | 60 | 301 | 3 | 6 | 97 | 36 | 257 | 207 | 1 | 16 |  3 |  1 |  1 |
+-------------------+-------------+----+-----+---+---+----+----+-----+-----+---+----+----+----+----+
* Columns represent the logic levels per end point clock
** Distribution is for top worst 1000 paths


3. Placer Final Level Congestion Reporting
------------------------------------------

+-----------+------+-------+------------+--------+---------------+----------------+-----+--------+------+------+------+-----+-------+-----+------------+
| Direction | Type | Level | Congestion | Window | Combined LUTs | Avg LUT Inputs | LUT | LUTRAM | Flop | MUXF | RAMB | DSP | CARRY | SRL | Cell Names |
+-----------+------+-------+------------+--------+---------------+----------------+-----+--------+------+------+------+-----+-------+-----+------------+
* No congestion windows are found above level 5


4. Initial Estimated Router Congestion Reporting
------------------------------------------------

+-----------+------+-------+------------------+--------+---------------+----------------+-----+--------+------+------+------+-----+-------+-----+------------+
| Direction | Type | Level | Percentage Tiles | Window | Combined LUTs | Avg LUT Inputs | LUT | LUTRAM | Flop | MUXF | RAMB | DSP | CARRY | SRL | Cell Names |
+-----------+------+-------+------------------+--------+---------------+----------------+-----+--------+------+------+------+-----+-------+-----+------------+
* No initial estimated congestion windows are found above level 5


