Copyright 1986-2022 Xilinx, Inc. All Rights Reserved. Copyright 2022-2025 Advanced Micro Devices, Inc. All Rights Reserved.
----------------------------------------------------------------------------------------------------------------------------------------------
| Tool Version : Vivado v.2025.2 (lin64) Build 6299465 Fri Nov 14 12:34:56 MST 2025
| Date         : Wed Mar 25 16:35:11 2026
| Host         : Garuda running 64-bit Garuda Linux Broadwing
| Command      : report_design_analysis -congestion -timing -logic_level_distribution -max_paths 100 -file route_report_design_analysis_0.rpt
| Design       : FPGA_CPU_32_bits_cache
| Device       : xc7a100t
| Design State : Routed
----------------------------------------------------------------------------------------------------------------------------------------------

Report Design Analysis

Table of Contents
-----------------
1. Setup Path Characteristics 1-100
2. Logic Level Distribution
3. Placer Final Level Congestion Reporting
4. Initial Estimated Router Congestion Reporting

1. Setup Path Characteristics 1-100
-----------------------------------

+-----------+-------------+------------+-------------+------------+------------+-------+-------------------+---------------------------+-------------------+--------------+--------+---------------------------------------------------------------------------------------------------------------------------------+-------------------+-----------------+-----------+---------------+--------------+------------------+---------------+---------+-------------+-----------+------------+------------+---------------------------+-------------------------+------------------------------+-------------------------------+
|   Paths   | Requirement | Path Delay | Logic Delay |  Net Delay | Clock Skew | Slack | Clock Uncertainty | Clock Pair Classification | Clock Delay Group | Logic Levels | Routes |                                                           Logical Path                                                          | Start Point Clock | End Point Clock | DSP Block | RAM Registers | IO Crossings | Config Crossings | SLR Crossings | PBlocks | High Fanout | ASYNC REG | Dont Touch | Mark Debug | Start Point Pin Primitive | End Point Pin Primitive |        Start Point Pin       |         End Point Pin         |
+-----------+-------------+------------+-------------+------------+------------+-------+-------------------+---------------------------+-------------------+--------------+--------+---------------------------------------------------------------------------------------------------------------------------------+-------------------+-----------------+-----------+---------------+--------------+------------------+---------------+---------+-------------+-----------+------------+------------+---------------------------+-------------------------+------------------------------+-------------------------------+
| Path #1   | 10.000      | 9.474      | 2.943(32%)  | 6.531(68%) | 0.158      | 0.205 | 0.035             | Timed                     | Same Clock        | 10           | 7      | FDRE/C-(192)-RAMS64E-(1)-MUXF7-MUXF8-LUT6-(1)-MUXF7-LUT6-(1)-LUT5-(1)-CARRY4-LUT5-(4)-LUT5-(15)-RAMB36E1/ENBWREN                | sys_clk_pin       | sys_clk_pin     | None      | None-None     | 0            | 0                | 0             | 0       | 192         | 0         | 0          | 0          | FDRE/C                    | RAMB36E1/ENBWREN        | r_mem_addr_reg[2]_rep/C      | cache_val_data_reg_4/ENBWREN  |
| Path #2   | 10.000      | 9.418      | 2.943(32%)  | 6.475(68%) | 0.153      | 0.256 | 0.035             | Timed                     | Same Clock        | 10           | 7      | FDRE/C-(192)-RAMS64E-(1)-MUXF7-MUXF8-LUT6-(1)-MUXF7-LUT6-(1)-LUT5-(1)-CARRY4-LUT5-(4)-LUT5-(15)-RAMB18E1/ENBWREN                | sys_clk_pin       | sys_clk_pin     | None      | None-None     | 0            | 0                | 0             | 0       | 192         | 0         | 0          | 0          | FDRE/C                    | RAMB18E1/ENBWREN        | r_mem_addr_reg[2]_rep/C      | cache_val_data_reg_14/ENBWREN |
| Path #3   | 10.000      | 9.703      | 2.630(28%)  | 7.073(72%) | -0.115     | 0.259 | 0.035             | Timed                     | Same Clock        | 12           | 10     | FDRE/C-(113)-LUT4-(1)-CARRY4-CARRY4-CARRY4-CARRY4-LUT3-(14)-LUT5-(1)-LUT6-(1)-LUT6-(1)-LUT6-(1)-LUT6-(1)-MUXF7-FDRE/D           | sys_clk_pin       | sys_clk_pin     | None      | None-None     | 0            | 0                | 0             | 0       | 113         | 0         | 0          | 0          | FDRE/C                    | FDRE/D                  | r_reg_port_b_reg[1]_rep/C    | r_writeback_value_reg[18]/D   |
| Path #4   | 10.000      | 9.322      | 2.943(32%)  | 6.378(68%) | 0.162      | 0.362 | 0.035             | Timed                     | Same Clock        | 10           | 7      | FDRE/C-(192)-RAMS64E-(1)-MUXF7-MUXF8-LUT6-(1)-MUXF7-LUT6-(1)-LUT5-(1)-CARRY4-LUT5-(4)-LUT5-(15)-RAMB36E1/ENBWREN                | sys_clk_pin       | sys_clk_pin     | None      | None-None     | 0            | 0                | 0             | 0       | 192         | 0         | 0          | 0          | FDRE/C                    | RAMB36E1/ENBWREN        | r_mem_addr_reg[2]_rep/C      | cache_val_data_reg_3/ENBWREN  |
| Path #5   | 10.000      | 9.219      | 2.943(32%)  | 6.275(68%) | 0.107      | 0.410 | 0.035             | Timed                     | Same Clock        | 10           | 7      | FDRE/C-(192)-RAMS64E-(1)-MUXF7-MUXF8-LUT6-(1)-MUXF7-LUT6-(1)-LUT5-(1)-CARRY4-LUT5-(4)-LUT5-(15)-RAMB36E1/ENBWREN                | sys_clk_pin       | sys_clk_pin     | None      | None-None     | 0            | 0                | 0             | 0       | 192         | 0         | 0          | 0          | FDRE/C                    | RAMB36E1/ENBWREN        | r_mem_addr_reg[2]_rep/C      | cache_val_data_reg_10/ENBWREN |
| Path #6   | 10.000      | 9.202      | 2.943(32%)  | 6.259(68%) | 0.112      | 0.432 | 0.035             | Timed                     | Same Clock        | 10           | 7      | FDRE/C-(192)-RAMS64E-(1)-MUXF7-MUXF8-LUT6-(1)-MUXF7-LUT6-(1)-LUT5-(1)-CARRY4-LUT5-(4)-LUT5-(15)-RAMB36E1/ENBWREN                | sys_clk_pin       | sys_clk_pin     | None      | None-None     | 0            | 0                | 0             | 0       | 192         | 0         | 0          | 0          | FDRE/C                    | RAMB36E1/ENBWREN        | r_mem_addr_reg[2]_rep/C      | cache_val_data_reg_1/ENBWREN  |
| Path #7   | 10.000      | 9.233      | 2.943(32%)  | 6.289(68%) | 0.163      | 0.452 | 0.035             | Timed                     | Same Clock        | 10           | 7      | FDRE/C-(192)-RAMS64E-(1)-MUXF7-MUXF8-LUT6-(1)-MUXF7-LUT6-(1)-LUT5-(1)-CARRY4-LUT5-(4)-LUT5-(15)-RAMB36E1/ENBWREN                | sys_clk_pin       | sys_clk_pin     | None      | None-None     | 0            | 0                | 0             | 0       | 192         | 0         | 0          | 0          | FDRE/C                    | RAMB36E1/ENBWREN        | r_mem_addr_reg[2]_rep/C      | cache_val_data_reg_11/ENBWREN |
| Path #8   | 10.000      | 9.548      | 2.281(24%)  | 7.267(76%) | -0.017     | 0.463 | 0.035             | Timed                     | Same Clock        | 11           | 9      | FDRE/C-(113)-LUT4-(1)-CARRY4-CARRY4-CARRY4-CARRY4-LUT4-(4)-LUT6-(1)-LUT6-(1)-LUT6-(1)-LUT6-(1)-MUXF7-FDRE/D                     | sys_clk_pin       | sys_clk_pin     | None      | None-None     | 0            | 0                | 0             | 0       | 113         | 0         | 0          | 0          | FDRE/C                    | FDRE/D                  | r_reg_port_b_reg[1]_rep/C    | r_writeback_value_reg[16]/D   |
| Path #9   | 10.000      | 9.151      | 2.943(33%)  | 6.207(67%) | 0.102      | 0.473 | 0.035             | Timed                     | Same Clock        | 10           | 7      | FDRE/C-(192)-RAMS64E-(1)-MUXF7-MUXF8-LUT6-(1)-MUXF7-LUT6-(1)-LUT5-(1)-CARRY4-LUT5-(4)-LUT5-(15)-RAMB36E1/ENBWREN                | sys_clk_pin       | sys_clk_pin     | None      | None-None     | 0            | 0                | 0             | 0       | 192         | 0         | 0          | 0          | FDRE/C                    | RAMB36E1/ENBWREN        | r_mem_addr_reg[2]_rep/C      | cache_val_data_reg_0/ENBWREN  |
| Path #10  | 10.000      | 9.459      | 1.804(20%)  | 7.655(80%) | -0.113     | 0.474 | 0.035             | Timed                     | Same Clock        | 9            | 9      | FDRE/C-(113)-LUT4-(67)-LUT5-(5)-LUT6-(2)-LUT6-(2)-LUT4-(1)-LUT6-(1)-LUT6-(1)-LUT6-(1)-LUT6-(1)-FDRE/D                           | sys_clk_pin       | sys_clk_pin     | None      | None-None     | 0            | 0                | 0             | 0       | 113         | 0         | 0          | 0          | FDRE/C                    | FDRE/D                  | r_reg_port_b_reg[2]_rep__0/C | r_zero_flag_reg/D             |
| Path #11  | 10.000      | 9.147      | 2.943(33%)  | 6.204(67%) | 0.111      | 0.485 | 0.035             | Timed                     | Same Clock        | 10           | 7      | FDRE/C-(192)-RAMS64E-(1)-MUXF7-MUXF8-LUT6-(1)-MUXF7-LUT6-(1)-LUT5-(1)-CARRY4-LUT5-(4)-LUT5-(15)-RAMB36E1/ENBWREN                | sys_clk_pin       | sys_clk_pin     | None      | None-None     | 0            | 0                | 0             | 0       | 192         | 0         | 0          | 0          | FDRE/C                    | RAMB36E1/ENBWREN        | r_mem_addr_reg[2]_rep/C      | cache_val_data_reg_13/ENBWREN |
| Path #12  | 10.000      | 9.029      | 2.943(33%)  | 6.086(67%) | 0.012      | 0.505 | 0.035             | Timed                     | Same Clock        | 10           | 7      | FDRE/C-(192)-RAMS64E-(1)-MUXF7-MUXF8-LUT6-(1)-MUXF7-LUT6-(1)-LUT5-(1)-CARRY4-LUT5-(4)-LUT5-(15)-RAMB36E1/ENBWREN                | sys_clk_pin       | sys_clk_pin     | None      | None-None     | 0            | 0                | 0             | 0       | 192         | 0         | 0          | 0          | FDRE/C                    | RAMB36E1/ENBWREN        | r_mem_addr_reg[2]_rep/C      | cache_val_data_reg_5/ENBWREN  |
| Path #13  | 10.000      | 9.458      | 2.643(28%)  | 6.815(72%) | -0.043     | 0.528 | 0.035             | Timed                     | Same Clock        | 12           | 10     | FDRE/C-(113)-LUT4-(1)-CARRY4-CARRY4-CARRY4-CARRY4-LUT5-(1)-LUT6-(1)-LUT6-(1)-LUT6-(1)-LUT4-(1)-LUT6-(1)-MUXF7-FDRE/D            | sys_clk_pin       | sys_clk_pin     | None      | None-None     | 0            | 0                | 0             | 0       | 113         | 0         | 0          | 0          | FDRE/C                    | FDRE/D                  | r_reg_port_b_reg[1]_rep/C    | r_writeback_value_reg[23]/D   |
| Path #14  | 10.000      | 9.091      | 2.943(33%)  | 6.147(67%) | 0.104      | 0.536 | 0.035             | Timed                     | Same Clock        | 10           | 7      | FDRE/C-(192)-RAMS64E-(1)-MUXF7-MUXF8-LUT6-(1)-MUXF7-LUT6-(1)-LUT5-(1)-CARRY4-LUT5-(4)-LUT5-(15)-RAMB36E1/ENBWREN                | sys_clk_pin       | sys_clk_pin     | None      | None-None     | 0            | 0                | 0             | 0       | 192         | 0         | 0          | 0          | FDRE/C                    | RAMB36E1/ENBWREN        | r_mem_addr_reg[2]_rep/C      | cache_val_data_reg_8/ENBWREN  |
| Path #15  | 10.000      | 9.337      | 2.272(25%)  | 7.065(75%) | -0.110     | 0.549 | 0.035             | Timed                     | Same Clock        | 9            | 9      | FDRE/C-(39)-LUT2-(4)-LUT6-(6)-LUT3-(9)-LUT5-(7)-LUT4-(7)-LUT5-(3)-LUT2-(2)-LUT6-(1)-LUT6-(1)-FDRE/D                             | sys_clk_pin       | sys_clk_pin     | None      | None-None     | 0            | 0                | 0             | 0       | 39          | 0         | 0          | 0          | FDRE/C                    | FDRE/D                  | r_SM_reg[27]/C               | r_carry_flag_reg/D            |
| Path #16  | 10.000      | 9.405      | 2.078(23%)  | 7.327(77%) | -0.035     | 0.638 | 0.035             | Timed                     | Same Clock        | 9            | 7      | FDRE/C-(48)-LUT4-(1)-CARRY4-CARRY4-LUT6-(1)-LUT6-(1)-LUT5-(1)-LUT6-(1)-LUT6-(1)-MUXF7-FDRE/D                                    | sys_clk_pin       | sys_clk_pin     | None      | None-None     | 0            | 0                | 0             | 0       | 48          | 0         | 0          | 0          | FDRE/C                    | FDRE/D                  | r_reg_port_a_reg[19]/C       | r_writeback_value_reg[24]/D   |
| Path #17  | 10.000      | 8.986      | 2.943(33%)  | 6.043(67%) | 0.103      | 0.639 | 0.035             | Timed                     | Same Clock        | 10           | 7      | FDRE/C-(192)-RAMS64E-(1)-MUXF7-MUXF8-LUT6-(1)-MUXF7-LUT6-(1)-LUT5-(1)-CARRY4-LUT5-(4)-LUT5-(15)-RAMB36E1/ENBWREN                | sys_clk_pin       | sys_clk_pin     | None      | None-None     | 0            | 0                | 0             | 0       | 192         | 0         | 0          | 0          | FDRE/C                    | RAMB36E1/ENBWREN        | r_mem_addr_reg[2]_rep/C      | cache_val_data_reg_12/ENBWREN |
| Path #18  | 10.000      | 8.879      | 2.943(34%)  | 5.936(66%) | 0.020      | 0.663 | 0.035             | Timed                     | Same Clock        | 10           | 7      | FDRE/C-(192)-RAMS64E-(1)-MUXF7-MUXF8-LUT6-(1)-MUXF7-LUT6-(1)-LUT5-(1)-CARRY4-LUT5-(4)-LUT5-(15)-RAMB36E1/ENBWREN                | sys_clk_pin       | sys_clk_pin     | None      | None-None     | 0            | 0                | 0             | 0       | 192         | 0         | 0          | 0          | FDRE/C                    | RAMB36E1/ENBWREN        | r_mem_addr_reg[2]_rep/C      | cache_val_data_reg_2/ENBWREN  |
| Path #19  | 10.000      | 8.953      | 2.943(33%)  | 6.010(67%) | 0.112      | 0.681 | 0.035             | Timed                     | Same Clock        | 10           | 7      | FDRE/C-(192)-RAMS64E-(1)-MUXF7-MUXF8-LUT6-(1)-MUXF7-LUT6-(1)-LUT5-(1)-CARRY4-LUT5-(4)-LUT5-(15)-RAMB36E1/ENBWREN                | sys_clk_pin       | sys_clk_pin     | None      | None-None     | 0            | 0                | 0             | 0       | 192         | 0         | 0          | 0          | FDRE/C                    | RAMB36E1/ENBWREN        | r_mem_addr_reg[2]_rep/C      | cache_val_data_reg_6/ENBWREN  |
| Path #20  | 10.000      | 8.833      | 2.943(34%)  | 5.890(66%) | 0.016      | 0.705 | 0.035             | Timed                     | Same Clock        | 10           | 7      | FDRE/C-(192)-RAMS64E-(1)-MUXF7-MUXF8-LUT6-(1)-MUXF7-LUT6-(1)-LUT5-(1)-CARRY4-LUT5-(4)-LUT5-(15)-RAMB36E1/ENBWREN                | sys_clk_pin       | sys_clk_pin     | None      | None-None     | 0            | 0                | 0             | 0       | 192         | 0         | 0          | 0          | FDRE/C                    | RAMB36E1/ENBWREN        | r_mem_addr_reg[2]_rep/C      | cache_val_data_reg_7/ENBWREN  |
| Path #21  | 10.000      | 9.253      | 2.346(26%)  | 6.907(74%) | -0.020     | 0.721 | 0.035             | Timed                     | Same Clock        | 9            | 9      | FDRE/C-(102)-LUT3-(2)-LUT5-(3)-LUT3-(3)-LUT5-(2)-LUT6-(2)-LUT3-(3)-LUT3-(1)-LUT6-(1)-LUT6-(1)-FDRE/D                            | sys_clk_pin       | sys_clk_pin     | None      | None-None     | 0            | 0                | 0             | 0       | 102         | 0         | 0          | 0          | FDRE/C                    | FDRE/D                  | r_reg_port_b_reg[5]/C        | r_writeback_value_reg[5]/D    |
| Path #22  | 10.000      | 9.194      | 1.802(20%)  | 7.392(80%) | -0.107     | 0.744 | 0.035             | Timed                     | Same Clock        | 9            | 9      | FDRE/C-(91)-LUT6-(2)-LUT6-(2)-LUT3-(2)-LUT6-(1)-LUT6-(1)-LUT6-(1)-LUT6-(1)-LUT6-(1)-LUT6-(1)-FDRE/D                             | sys_clk_pin       | sys_clk_pin     | None      | None-None     | 0            | 0                | 0             | 0       | 91          | 0         | 0          | 0          | FDRE/C                    | FDRE/D                  | r_var1_mem_reg[3]_rep__0/C   | r_writeback_value_reg[26]/D   |
| Path #23  | 10.000      | 9.228      | 2.683(30%)  | 6.545(70%) | -0.037     | 0.763 | 0.035             | Timed                     | Same Clock        | 12           | 9      | FDRE/C-(113)-LUT4-(1)-CARRY4-CARRY4-CARRY4-CARRY4-LUT6-(1)-LUT5-(1)-LUT6-(1)-MUXF7-LUT6-(1)-LUT6-(1)-MUXF7-FDRE/D               | sys_clk_pin       | sys_clk_pin     | None      | None-None     | 0            | 0                | 0             | 0       | 113         | 0         | 0          | 0          | FDRE/C                    | FDRE/D                  | r_reg_port_b_reg[1]_rep/C    | r_writeback_value_reg[28]/D   |
| Path #24  | 10.000      | 9.195      | 2.506(28%)  | 6.689(72%) | -0.117     | 0.765 | 0.035             | Timed                     | Same Clock        | 11           | 9      | FDRE/C-(113)-LUT4-(1)-CARRY4-CARRY4-CARRY4-CARRY4-LUT3-(14)-LUT6-(1)-LUT5-(1)-LUT6-(1)-LUT6-(1)-MUXF7-FDRE/D                    | sys_clk_pin       | sys_clk_pin     | None      | None-None     | 0            | 0                | 0             | 0       | 113         | 0         | 0          | 0          | FDRE/C                    | FDRE/D                  | r_reg_port_b_reg[1]_rep/C    | r_writeback_value_reg[25]/D   |
| Path #25  | 10.000      | 9.198      | 2.678(30%)  | 6.520(70%) | -0.035     | 0.795 | 0.035             | Timed                     | Same Clock        | 12           | 9      | FDRE/C-(113)-LUT4-(1)-CARRY4-CARRY4-CARRY4-CARRY4-LUT6-(1)-LUT6-(1)-LUT6-(1)-LUT6-(1)-MUXF7-LUT6-(1)-MUXF7-FDRE/D               | sys_clk_pin       | sys_clk_pin     | None      | None-None     | 0            | 0                | 0             | 0       | 113         | 0         | 0          | 0          | FDRE/C                    | FDRE/D                  | r_reg_port_b_reg[1]_rep/C    | r_writeback_value_reg[12]/D   |
| Path #26  | 10.000      | 9.216      | 2.302(25%)  | 6.914(75%) | -0.029     | 0.799 | 0.035             | Timed                     | Same Clock        | 9            | 8      | FDRE/C-(89)-LUT3-(4)-LUT6-(1)-LUT5-(3)-LUT3-(1)-LUT6-(1)-MUXF7-LUT6-(1)-LUT6-(1)-LUT6-(1)-FDRE/D                                | sys_clk_pin       | sys_clk_pin     | None      | None-None     | 0            | 0                | 0             | 0       | 89          | 0         | 0          | 0          | FDRE/C                    | FDRE/D                  | r_var1_mem_reg[12]/C         | r_writeback_value_reg[31]/D   |
| Path #27  | 10.000      | 9.105      | 1.396(16%)  | 7.709(84%) | -0.148     | 0.825 | 0.035             | Timed                     | Same Clock        | 5            | 4      | FDRE/C-(109)-LUT2-(19)-LUT6-(21)-LUT6-(1)-LUT6-(1)-MUXF7-FDRE/D                                                                 | sys_clk_pin       | sys_clk_pin     | None      | None-None     | 0            | 0                | 0             | 0       | 109         | 0         | 0          | 0          | FDRE/C                    | FDRE/D                  | r_opcode_mem_reg[8]_rep__2/C | r_writeback_value_reg[27]/D   |
| Path #28  | 10.000      | 9.093      | 1.830(21%)  | 7.263(79%) | -0.125     | 0.860 | 0.035             | Timed                     | Same Clock        | 8            | 7      | FDRE/C-(49)-LUT4-(1)-LUT6-(2)-LUT3-(2)-LUT6-(2)-LUT6-(1)-LUT6-(1)-LUT6-(1)-MUXF7-FDRE/D                                         | sys_clk_pin       | sys_clk_pin     | None      | None-None     | 0            | 0                | 0             | 0       | 49          | 0         | 0          | 0          | FDRE/C                    | FDRE/D                  | r_reg_port_a_reg[15]/C       | r_writeback_value_reg[17]/D   |
| Path #29  | 10.000      | 9.062      | 1.906(22%)  | 7.156(78%) | -0.048     | 0.884 | 0.035             | Timed                     | Same Clock        | 8            | 8      | FDRE/C-(50)-LUT4-(1)-LUT6-(2)-LUT3-(2)-LUT6-(2)-LUT6-(1)-LUT6-(1)-LUT6-(1)-LUT6-(1)-FDRE/D                                      | sys_clk_pin       | sys_clk_pin     | None      | None-None     | 0            | 0                | 0             | 0       | 50          | 0         | 0          | 0          | FDRE/C                    | FDRE/D                  | r_reg_port_a_reg[16]/C       | r_writeback_value_reg[14]/D   |
| Path #30  | 10.000      | 8.992      | 2.996(34%)  | 5.996(66%) | -0.117     | 0.886 | 0.035             | Timed                     | Same Clock        | 13           | 13     | FDRE/C-(92)-CARRY4-(1)-CARRY4-CARRY4-CARRY4-CARRY4-CARRY4-LUT5-(1)-LUT6-(1)-LUT6-(1)-LUT6-(1)-LUT6-(1)-LUT6-(1)-LUT6-(1)-FDRE/D | sys_clk_pin       | sys_clk_pin     | None      | None-None     | 0            | 0                | 0             | 0       | 92          | 0         | 0          | 0          | FDRE/C                    | FDRE/D                  | r_reg_port_b_reg[9]/C        | r_writeback_value_reg[30]/D   |
| Path #31  | 10.000      | 9.103      | 2.185(25%)  | 6.918(75%) | -0.021     | 0.905 | 0.035             | Timed                     | Same Clock        | 10           | 8      | FDRE/C-(113)-LUT4-(1)-CARRY4-CARRY4-CARRY4-CARRY4-LUT6-(1)-LUT6-(1)-LUT6-(1)-LUT6-(1)-MUXF7-FDRE/D                              | sys_clk_pin       | sys_clk_pin     | None      | None-None     | 0            | 0                | 0             | 0       | 113         | 0         | 0          | 0          | FDRE/C                    | FDRE/D                  | r_reg_port_b_reg[1]_rep/C    | r_writeback_value_reg[29]/D   |
| Path #32  | 10.000      | 8.812      | 1.324(16%)  | 7.488(84%) | -0.041     | 0.907 | 0.035             | Timed                     | Same Clock        | 7            | 8      | FDRE/C-(91)-LUT3-(2)-LUT6-(1)-LUT6-(8)-LUT4-(2)-LUT6-(1)-LUT4-(4)-LUT4-(102)-FDRE/CE                                            | sys_clk_pin       | sys_clk_pin     | None      | None-None     | 0            | 0                | 0             | 0       | 102         | 0         | 0          | 0          | FDRE/C                    | FDRE/CE                 | r_var1_mem_reg[10]/C         | r_div_dividend_reg[19]/CE     |
| Path #33  | 10.000      | 8.812      | 1.324(16%)  | 7.488(84%) | -0.041     | 0.907 | 0.035             | Timed                     | Same Clock        | 7            | 8      | FDRE/C-(91)-LUT3-(2)-LUT6-(1)-LUT6-(8)-LUT4-(2)-LUT6-(1)-LUT4-(4)-LUT4-(102)-FDRE/CE                                            | sys_clk_pin       | sys_clk_pin     | None      | None-None     | 0            | 0                | 0             | 0       | 102         | 0         | 0          | 0          | FDRE/C                    | FDRE/CE                 | r_var1_mem_reg[10]/C         | r_div_dividend_reg[20]/CE     |
| Path #34  | 10.000      | 9.078      | 1.906(21%)  | 7.172(79%) | -0.051     | 0.913 | 0.035             | Timed                     | Same Clock        | 8            | 8      | FDRE/C-(50)-LUT4-(1)-LUT6-(2)-LUT3-(2)-LUT6-(2)-LUT6-(1)-LUT6-(1)-LUT6-(1)-LUT6-(1)-FDRE/D                                      | sys_clk_pin       | sys_clk_pin     | None      | None-None     | 0            | 0                | 0             | 0       | 50          | 0         | 0          | 0          | FDRE/C                    | FDRE/D                  | r_reg_port_a_reg[16]/C       | r_writeback_value_reg[13]/D   |
| Path #35  | 10.000      | 9.032      | 2.076(23%)  | 6.956(77%) | -0.038     | 0.926 | 0.035             | Timed                     | Same Clock        | 9            | 8      | FDRE/C-(94)-LUT5-(2)-LUT6-(4)-LUT5-(4)-LUT5-(2)-LUT6-(1)-MUXF7-LUT6-(1)-LUT6-(1)-LUT6-(1)-FDRE/D                                | sys_clk_pin       | sys_clk_pin     | None      | None-None     | 0            | 0                | 0             | 0       | 94          | 0         | 0          | 0          | FDRE/C                    | FDRE/D                  | r_reg_port_b_reg[23]/C       | r_writeback_value_reg[9]/D    |
| Path #36  | 10.000      | 8.928      | 1.804(21%)  | 7.124(79%) | -0.120     | 0.945 | 0.035             | Timed                     | Same Clock        | 9            | 9      | FDRE/C-(113)-LUT4-(67)-LUT5-(5)-LUT6-(2)-LUT6-(2)-LUT6-(1)-LUT6-(1)-LUT6-(1)-LUT6-(1)-LUT6-(1)-FDRE/D                           | sys_clk_pin       | sys_clk_pin     | None      | None-None     | 0            | 0                | 0             | 0       | 113         | 0         | 0          | 0          | FDRE/C                    | FDRE/D                  | r_reg_port_b_reg[2]_rep__0/C | r_writeback_value_reg[22]/D   |
| Path #37  | 10.000      | 8.763      | 1.324(16%)  | 7.439(84%) | -0.042     | 0.955 | 0.035             | Timed                     | Same Clock        | 7            | 8      | FDRE/C-(91)-LUT3-(2)-LUT6-(1)-LUT6-(8)-LUT4-(2)-LUT6-(1)-LUT4-(4)-LUT4-(102)-FDRE/CE                                            | sys_clk_pin       | sys_clk_pin     | None      | None-None     | 0            | 0                | 0             | 0       | 102         | 0         | 0          | 0          | FDRE/C                    | FDRE/CE                 | r_var1_mem_reg[10]/C         | r_div_dividend_reg[21]/CE     |
| Path #38  | 10.000      | 8.763      | 1.324(16%)  | 7.439(84%) | -0.042     | 0.955 | 0.035             | Timed                     | Same Clock        | 7            | 8      | FDRE/C-(91)-LUT3-(2)-LUT6-(1)-LUT6-(8)-LUT4-(2)-LUT6-(1)-LUT4-(4)-LUT4-(102)-FDRE/CE                                            | sys_clk_pin       | sys_clk_pin     | None      | None-None     | 0            | 0                | 0             | 0       | 102         | 0         | 0          | 0          | FDRE/C                    | FDRE/CE                 | r_var1_mem_reg[10]/C         | r_div_dividend_reg[22]/CE     |
| Path #39  | 10.000      | 8.581      | 2.943(35%)  | 5.638(65%) | 0.019      | 0.960 | 0.035             | Timed                     | Same Clock        | 10           | 7      | FDRE/C-(192)-RAMS64E-(1)-MUXF7-MUXF8-LUT6-(1)-MUXF7-LUT6-(1)-LUT5-(1)-CARRY4-LUT5-(4)-LUT5-(15)-RAMB36E1/ENBWREN                | sys_clk_pin       | sys_clk_pin     | None      | None-None     | 0            | 0                | 0             | 0       | 192         | 0         | 0          | 0          | FDRE/C                    | RAMB36E1/ENBWREN        | r_mem_addr_reg[2]_rep/C      | cache_val_data_reg_9/ENBWREN  |
| Path #40  | 10.000      | 8.738      | 1.324(16%)  | 7.414(84%) | -0.042     | 0.980 | 0.035             | Timed                     | Same Clock        | 7            | 8      | FDRE/C-(91)-LUT3-(2)-LUT6-(1)-LUT6-(8)-LUT4-(2)-LUT6-(1)-LUT4-(4)-LUT4-(102)-FDRE/CE                                            | sys_clk_pin       | sys_clk_pin     | None      | None-None     | 0            | 0                | 0             | 0       | 102         | 0         | 0          | 0          | FDRE/C                    | FDRE/CE                 | r_var1_mem_reg[10]/C         | r_div_dividend_reg[24]/CE     |
| Path #41  | 10.000      | 8.738      | 1.324(16%)  | 7.414(84%) | -0.042     | 0.980 | 0.035             | Timed                     | Same Clock        | 7            | 8      | FDRE/C-(91)-LUT3-(2)-LUT6-(1)-LUT6-(8)-LUT4-(2)-LUT6-(1)-LUT4-(4)-LUT4-(102)-FDRE/CE                                            | sys_clk_pin       | sys_clk_pin     | None      | None-None     | 0            | 0                | 0             | 0       | 102         | 0         | 0          | 0          | FDRE/C                    | FDRE/CE                 | r_var1_mem_reg[10]/C         | r_div_dividend_reg[25]/CE     |
| Path #42  | 10.000      | 8.738      | 1.324(16%)  | 7.414(84%) | -0.042     | 0.980 | 0.035             | Timed                     | Same Clock        | 7            | 8      | FDRE/C-(91)-LUT3-(2)-LUT6-(1)-LUT6-(8)-LUT4-(2)-LUT6-(1)-LUT4-(4)-LUT4-(102)-FDRE/CE                                            | sys_clk_pin       | sys_clk_pin     | None      | None-None     | 0            | 0                | 0             | 0       | 102         | 0         | 0          | 0          | FDRE/C                    | FDRE/CE                 | r_var1_mem_reg[10]/C         | r_div_dividend_reg[26]/CE     |
| Path #43  | 10.000      | 8.738      | 1.324(16%)  | 7.414(84%) | -0.042     | 0.980 | 0.035             | Timed                     | Same Clock        | 7            | 8      | FDRE/C-(91)-LUT3-(2)-LUT6-(1)-LUT6-(8)-LUT4-(2)-LUT6-(1)-LUT4-(4)-LUT4-(102)-FDRE/CE                                            | sys_clk_pin       | sys_clk_pin     | None      | None-None     | 0            | 0                | 0             | 0       | 102         | 0         | 0          | 0          | FDRE/C                    | FDRE/CE                 | r_var1_mem_reg[10]/C         | r_div_dividend_reg[27]/CE     |
| Path #44  | 10.000      | 8.735      | 1.324(16%)  | 7.411(84%) | -0.042     | 0.982 | 0.035             | Timed                     | Same Clock        | 7            | 8      | FDRE/C-(91)-LUT3-(2)-LUT6-(1)-LUT6-(8)-LUT4-(2)-LUT6-(1)-LUT4-(4)-LUT4-(102)-FDRE/CE                                            | sys_clk_pin       | sys_clk_pin     | None      | None-None     | 0            | 0                | 0             | 0       | 102         | 0         | 0          | 0          | FDRE/C                    | FDRE/CE                 | r_var1_mem_reg[10]/C         | r_div_dividend_reg[23]/CE     |
| Path #45  | 10.000      | 9.042      | 2.436(27%)  | 6.606(73%) | -0.020     | 1.016 | 0.035             | Timed                     | Same Clock        | 9            | 8      | FDRE/C-(102)-LUT3-(2)-LUT5-(3)-LUT3-(3)-LUT5-(2)-LUT6-(3)-LUT2-(1)-LUT6-(1)-LUT6-(1)-MUXF7-FDRE/D                               | sys_clk_pin       | sys_clk_pin     | None      | None-None     | 0            | 0                | 0             | 0       | 102         | 0         | 0          | 0          | FDRE/C                    | FDRE/D                  | r_reg_port_b_reg[5]/C        | r_writeback_value_reg[3]/D    |
| Path #46  | 10.000      | 8.738      | 1.324(16%)  | 7.414(84%) | -0.042     | 1.016 | 0.035             | Timed                     | Same Clock        | 7            | 8      | FDRE/C-(91)-LUT3-(2)-LUT6-(1)-LUT6-(8)-LUT4-(2)-LUT6-(1)-LUT4-(4)-LUT4-(102)-FDRE/CE                                            | sys_clk_pin       | sys_clk_pin     | None      | None-None     | 0            | 0                | 0             | 0       | 102         | 0         | 0          | 0          | FDRE/C                    | FDRE/CE                 | r_var1_mem_reg[10]/C         | r_div_dividend_reg[28]/CE     |
| Path #47  | 10.000      | 8.738      | 1.324(16%)  | 7.414(84%) | -0.042     | 1.016 | 0.035             | Timed                     | Same Clock        | 7            | 8      | FDRE/C-(91)-LUT3-(2)-LUT6-(1)-LUT6-(8)-LUT4-(2)-LUT6-(1)-LUT4-(4)-LUT4-(102)-FDRE/CE                                            | sys_clk_pin       | sys_clk_pin     | None      | None-None     | 0            | 0                | 0             | 0       | 102         | 0         | 0          | 0          | FDRE/C                    | FDRE/CE                 | r_var1_mem_reg[10]/C         | r_div_dividend_reg[29]/CE     |
| Path #48  | 10.000      | 8.738      | 1.324(16%)  | 7.414(84%) | -0.042     | 1.016 | 0.035             | Timed                     | Same Clock        | 7            | 8      | FDRE/C-(91)-LUT3-(2)-LUT6-(1)-LUT6-(8)-LUT4-(2)-LUT6-(1)-LUT4-(4)-LUT4-(102)-FDRE/CE                                            | sys_clk_pin       | sys_clk_pin     | None      | None-None     | 0            | 0                | 0             | 0       | 102         | 0         | 0          | 0          | FDRE/C                    | FDRE/CE                 | r_var1_mem_reg[10]/C         | r_div_dividend_reg[30]/CE     |
| Path #49  | 10.000      | 8.197      | 1.316(17%)  | 6.881(83%) | -0.101     | 1.033 | 0.035             | Timed                     | Same Clock        | 7            | 8      | FDRE/C-(91)-LUT3-(2)-LUT6-(1)-LUT6-(8)-LUT4-(2)-LUT6-(1)-LUT4-(4)-LUT3-(68)-FDRE/R                                              | sys_clk_pin       | sys_clk_pin     | None      | None-None     | 0            | 0                | 0             | 0       | 91          | 0         | 0          | 0          | FDRE/C                    | FDRE/R                  | r_var1_mem_reg[10]/C         | r_div_quotient_reg[29]/R      |
| Path #50  | 10.000      | 8.197      | 1.316(17%)  | 6.881(83%) | -0.101     | 1.033 | 0.035             | Timed                     | Same Clock        | 7            | 8      | FDRE/C-(91)-LUT3-(2)-LUT6-(1)-LUT6-(8)-LUT4-(2)-LUT6-(1)-LUT4-(4)-LUT3-(68)-FDRE/R                                              | sys_clk_pin       | sys_clk_pin     | None      | None-None     | 0            | 0                | 0             | 0       | 91          | 0         | 0          | 0          | FDRE/C                    | FDRE/R                  | r_var1_mem_reg[10]/C         | r_div_quotient_reg[30]/R      |
| Path #51  | 10.000      | 8.197      | 1.316(17%)  | 6.881(83%) | -0.101     | 1.033 | 0.035             | Timed                     | Same Clock        | 7            | 8      | FDRE/C-(91)-LUT3-(2)-LUT6-(1)-LUT6-(8)-LUT4-(2)-LUT6-(1)-LUT4-(4)-LUT3-(68)-FDRE/R                                              | sys_clk_pin       | sys_clk_pin     | None      | None-None     | 0            | 0                | 0             | 0       | 91          | 0         | 0          | 0          | FDRE/C                    | FDRE/R                  | r_var1_mem_reg[10]/C         | r_div_quotient_reg[31]/R      |
| Path #52  | 10.000      | 8.193      | 1.316(17%)  | 6.877(83%) | -0.101     | 1.038 | 0.035             | Timed                     | Same Clock        | 7            | 8      | FDRE/C-(91)-LUT3-(2)-LUT6-(1)-LUT6-(8)-LUT4-(2)-LUT6-(1)-LUT4-(4)-LUT3-(68)-FDRE/R                                              | sys_clk_pin       | sys_clk_pin     | None      | None-None     | 0            | 0                | 0             | 0       | 91          | 0         | 0          | 0          | FDRE/C                    | FDRE/R                  | r_var1_mem_reg[10]/C         | r_div_quotient_reg[24]/R      |
| Path #53  | 10.000      | 8.193      | 1.316(17%)  | 6.877(83%) | -0.101     | 1.038 | 0.035             | Timed                     | Same Clock        | 7            | 8      | FDRE/C-(91)-LUT3-(2)-LUT6-(1)-LUT6-(8)-LUT4-(2)-LUT6-(1)-LUT4-(4)-LUT3-(68)-FDRE/R                                              | sys_clk_pin       | sys_clk_pin     | None      | None-None     | 0            | 0                | 0             | 0       | 91          | 0         | 0          | 0          | FDRE/C                    | FDRE/R                  | r_var1_mem_reg[10]/C         | r_div_quotient_reg[25]/R      |
| Path #54  | 10.000      | 8.189      | 1.316(17%)  | 6.873(83%) | -0.102     | 1.041 | 0.035             | Timed                     | Same Clock        | 7            | 8      | FDRE/C-(91)-LUT3-(2)-LUT6-(1)-LUT6-(8)-LUT4-(2)-LUT6-(1)-LUT4-(4)-LUT3-(68)-FDRE/R                                              | sys_clk_pin       | sys_clk_pin     | None      | None-None     | 0            | 0                | 0             | 0       | 91          | 0         | 0          | 0          | FDRE/C                    | FDRE/R                  | r_var1_mem_reg[10]/C         | r_div_quotient_reg[22]/R      |
| Path #55  | 10.000      | 8.189      | 1.316(17%)  | 6.873(83%) | -0.102     | 1.041 | 0.035             | Timed                     | Same Clock        | 7            | 8      | FDRE/C-(91)-LUT3-(2)-LUT6-(1)-LUT6-(8)-LUT4-(2)-LUT6-(1)-LUT4-(4)-LUT3-(68)-FDRE/R                                              | sys_clk_pin       | sys_clk_pin     | None      | None-None     | 0            | 0                | 0             | 0       | 91          | 0         | 0          | 0          | FDRE/C                    | FDRE/R                  | r_var1_mem_reg[10]/C         | r_div_quotient_reg[23]/R      |
| Path #56  | 10.000      | 8.189      | 1.316(17%)  | 6.873(83%) | -0.102     | 1.041 | 0.035             | Timed                     | Same Clock        | 7            | 8      | FDRE/C-(91)-LUT3-(2)-LUT6-(1)-LUT6-(8)-LUT4-(2)-LUT6-(1)-LUT4-(4)-LUT3-(68)-FDRE/R                                              | sys_clk_pin       | sys_clk_pin     | None      | None-None     | 0            | 0                | 0             | 0       | 91          | 0         | 0          | 0          | FDRE/C                    | FDRE/R                  | r_var1_mem_reg[10]/C         | r_div_quotient_reg[26]/R      |
| Path #57  | 10.000      | 8.366      | 1.636(20%)  | 6.730(80%) | -0.007     | 1.078 | 0.035             | Timed                     | Same Clock        | 7            | 8      | FDRE/C-(30)-LUT3-(6)-LUT6-(1)-LUT4-(2)-LUT5-(2)-LUT6-(5)-LUT2-(5)-LUT2-(40)-DSP48E1/CEB2                                        | sys_clk_pin       | sys_clk_pin     | Seq       | None-None     | 0            | 0                | 0             | 0       | 40          | 0         | 0          | 0          | FDRE/C                    | DSP48E1/CEB2            | r_SM_reg[25]/C               | r_mul_pipe10__0/CEB2          |
| Path #58  | 10.000      | 8.144      | 1.316(17%)  | 6.828(83%) | -0.099     | 1.088 | 0.035             | Timed                     | Same Clock        | 7            | 8      | FDRE/C-(91)-LUT3-(2)-LUT6-(1)-LUT6-(8)-LUT4-(2)-LUT6-(1)-LUT4-(4)-LUT3-(68)-FDRE/R                                              | sys_clk_pin       | sys_clk_pin     | None      | None-None     | 0            | 0                | 0             | 0       | 91          | 0         | 0          | 0          | FDRE/C                    | FDRE/R                  | r_var1_mem_reg[10]/C         | r_div_quotient_reg[14]/R      |
| Path #59  | 10.000      | 8.144      | 1.316(17%)  | 6.828(83%) | -0.099     | 1.088 | 0.035             | Timed                     | Same Clock        | 7            | 8      | FDRE/C-(91)-LUT3-(2)-LUT6-(1)-LUT6-(8)-LUT4-(2)-LUT6-(1)-LUT4-(4)-LUT3-(68)-FDRE/R                                              | sys_clk_pin       | sys_clk_pin     | None      | None-None     | 0            | 0                | 0             | 0       | 91          | 0         | 0          | 0          | FDRE/C                    | FDRE/R                  | r_var1_mem_reg[10]/C         | r_div_remainder_reg[24]/R     |
| Path #60  | 10.000      | 8.144      | 1.316(17%)  | 6.828(83%) | -0.099     | 1.088 | 0.035             | Timed                     | Same Clock        | 7            | 8      | FDRE/C-(91)-LUT3-(2)-LUT6-(1)-LUT6-(8)-LUT4-(2)-LUT6-(1)-LUT4-(4)-LUT3-(68)-FDRE/R                                              | sys_clk_pin       | sys_clk_pin     | None      | None-None     | 0            | 0                | 0             | 0       | 91          | 0         | 0          | 0          | FDRE/C                    | FDRE/R                  | r_var1_mem_reg[10]/C         | r_div_remainder_reg[25]/R     |
| Path #61  | 10.000      | 8.144      | 1.316(17%)  | 6.828(83%) | -0.099     | 1.088 | 0.035             | Timed                     | Same Clock        | 7            | 8      | FDRE/C-(91)-LUT3-(2)-LUT6-(1)-LUT6-(8)-LUT4-(2)-LUT6-(1)-LUT4-(4)-LUT3-(68)-FDRE/R                                              | sys_clk_pin       | sys_clk_pin     | None      | None-None     | 0            | 0                | 0             | 0       | 91          | 0         | 0          | 0          | FDRE/C                    | FDRE/R                  | r_var1_mem_reg[10]/C         | r_div_remainder_reg[26]/R     |
| Path #62  | 10.000      | 8.144      | 1.316(17%)  | 6.828(83%) | -0.099     | 1.088 | 0.035             | Timed                     | Same Clock        | 7            | 8      | FDRE/C-(91)-LUT3-(2)-LUT6-(1)-LUT6-(8)-LUT4-(2)-LUT6-(1)-LUT4-(4)-LUT3-(68)-FDRE/R                                              | sys_clk_pin       | sys_clk_pin     | None      | None-None     | 0            | 0                | 0             | 0       | 91          | 0         | 0          | 0          | FDRE/C                    | FDRE/R                  | r_var1_mem_reg[10]/C         | r_div_remainder_reg[27]/R     |
| Path #63  | 10.000      | 8.365      | 1.636(20%)  | 6.729(80%) | -0.006     | 1.097 | 0.035             | Timed                     | Same Clock        | 7            | 8      | FDRE/C-(30)-LUT3-(6)-LUT6-(1)-LUT4-(2)-LUT5-(2)-LUT6-(5)-LUT2-(5)-LUT2-(40)-DSP48E1/CEA2                                        | sys_clk_pin       | sys_clk_pin     | Seq       | None-None     | 0            | 0                | 0             | 0       | 40          | 0         | 0          | 0          | FDRE/C                    | DSP48E1/CEA2            | r_SM_reg[25]/C               | r_mul_pipe10/CEA2             |
| Path #64  | 10.000      | 8.129      | 1.316(17%)  | 6.813(83%) | -0.098     | 1.104 | 0.035             | Timed                     | Same Clock        | 7            | 8      | FDRE/C-(91)-LUT3-(2)-LUT6-(1)-LUT6-(8)-LUT4-(2)-LUT6-(1)-LUT4-(4)-LUT3-(68)-FDRE/R                                              | sys_clk_pin       | sys_clk_pin     | None      | None-None     | 0            | 0                | 0             | 0       | 91          | 0         | 0          | 0          | FDRE/C                    | FDRE/R                  | r_var1_mem_reg[10]/C         | r_div_remainder_reg[16]/R     |
| Path #65  | 10.000      | 8.129      | 1.316(17%)  | 6.813(83%) | -0.098     | 1.104 | 0.035             | Timed                     | Same Clock        | 7            | 8      | FDRE/C-(91)-LUT3-(2)-LUT6-(1)-LUT6-(8)-LUT4-(2)-LUT6-(1)-LUT4-(4)-LUT3-(68)-FDRE/R                                              | sys_clk_pin       | sys_clk_pin     | None      | None-None     | 0            | 0                | 0             | 0       | 91          | 0         | 0          | 0          | FDRE/C                    | FDRE/R                  | r_var1_mem_reg[10]/C         | r_div_remainder_reg[18]/R     |
| Path #66  | 10.000      | 8.123      | 1.316(17%)  | 6.807(83%) | -0.098     | 1.111 | 0.035             | Timed                     | Same Clock        | 7            | 8      | FDRE/C-(91)-LUT3-(2)-LUT6-(1)-LUT6-(8)-LUT4-(2)-LUT6-(1)-LUT4-(4)-LUT3-(68)-FDRE/R                                              | sys_clk_pin       | sys_clk_pin     | None      | None-None     | 0            | 0                | 0             | 0       | 91          | 0         | 0          | 0          | FDRE/C                    | FDRE/R                  | r_var1_mem_reg[10]/C         | r_div_remainder_reg[12]/R     |
| Path #67  | 10.000      | 8.123      | 1.316(17%)  | 6.807(83%) | -0.098     | 1.111 | 0.035             | Timed                     | Same Clock        | 7            | 8      | FDRE/C-(91)-LUT3-(2)-LUT6-(1)-LUT6-(8)-LUT4-(2)-LUT6-(1)-LUT4-(4)-LUT3-(68)-FDRE/R                                              | sys_clk_pin       | sys_clk_pin     | None      | None-None     | 0            | 0                | 0             | 0       | 91          | 0         | 0          | 0          | FDRE/C                    | FDRE/R                  | r_var1_mem_reg[10]/C         | r_div_remainder_reg[13]/R     |
| Path #68  | 10.000      | 8.123      | 1.316(17%)  | 6.807(83%) | -0.098     | 1.111 | 0.035             | Timed                     | Same Clock        | 7            | 8      | FDRE/C-(91)-LUT3-(2)-LUT6-(1)-LUT6-(8)-LUT4-(2)-LUT6-(1)-LUT4-(4)-LUT3-(68)-FDRE/R                                              | sys_clk_pin       | sys_clk_pin     | None      | None-None     | 0            | 0                | 0             | 0       | 91          | 0         | 0          | 0          | FDRE/C                    | FDRE/R                  | r_var1_mem_reg[10]/C         | r_div_remainder_reg[14]/R     |
| Path #69  | 10.000      | 8.123      | 1.316(17%)  | 6.807(83%) | -0.098     | 1.111 | 0.035             | Timed                     | Same Clock        | 7            | 8      | FDRE/C-(91)-LUT3-(2)-LUT6-(1)-LUT6-(8)-LUT4-(2)-LUT6-(1)-LUT4-(4)-LUT3-(68)-FDRE/R                                              | sys_clk_pin       | sys_clk_pin     | None      | None-None     | 0            | 0                | 0             | 0       | 91          | 0         | 0          | 0          | FDRE/C                    | FDRE/R                  | r_var1_mem_reg[10]/C         | r_div_remainder_reg[15]/R     |
| Path #70  | 10.000      | 8.344      | 1.636(20%)  | 6.708(80%) | -0.007     | 1.116 | 0.035             | Timed                     | Same Clock        | 7            | 8      | FDRE/C-(30)-LUT3-(6)-LUT6-(1)-LUT4-(2)-LUT5-(2)-LUT6-(5)-LUT2-(5)-LUT2-(40)-DSP48E1/CEA2                                        | sys_clk_pin       | sys_clk_pin     | Seq       | None-None     | 0            | 0                | 0             | 0       | 40          | 0         | 0          | 0          | FDRE/C                    | DSP48E1/CEA2            | r_SM_reg[25]/C               | r_mul_pipe10__0/CEA2          |
| Path #71  | 10.000      | 8.913      | 2.217(25%)  | 6.696(75%) | -0.037     | 1.128 | 0.035             | Timed                     | Same Clock        | 9            | 7      | FDRE/C-(102)-LUT3-(2)-LUT5-(2)-LUT3-(2)-LUT2-(2)-LUT6-(1)-LUT6-(1)-MUXF7-LUT6-(1)-MUXF7-FDRE/D                                  | sys_clk_pin       | sys_clk_pin     | None      | None-None     | 0            | 0                | 0             | 0       | 102         | 0         | 0          | 0          | FDRE/C                    | FDRE/D                  | r_reg_port_b_reg[5]/C        | r_writeback_value_reg[1]/D    |
| Path #72  | 10.000      | 8.590      | 1.324(16%)  | 7.266(84%) | -0.039     | 1.131 | 0.035             | Timed                     | Same Clock        | 7            | 8      | FDRE/C-(91)-LUT3-(2)-LUT6-(1)-LUT6-(8)-LUT4-(2)-LUT6-(1)-LUT4-(4)-LUT4-(102)-FDRE/CE                                            | sys_clk_pin       | sys_clk_pin     | None      | None-None     | 0            | 0                | 0             | 0       | 102         | 0         | 0          | 0          | FDRE/C                    | FDRE/CE                 | r_var1_mem_reg[10]/C         | r_div_dividend_reg[16]/CE     |
| Path #73  | 10.000      | 8.590      | 1.324(16%)  | 7.266(84%) | -0.039     | 1.131 | 0.035             | Timed                     | Same Clock        | 7            | 8      | FDRE/C-(91)-LUT3-(2)-LUT6-(1)-LUT6-(8)-LUT4-(2)-LUT6-(1)-LUT4-(4)-LUT4-(102)-FDRE/CE                                            | sys_clk_pin       | sys_clk_pin     | None      | None-None     | 0            | 0                | 0             | 0       | 102         | 0         | 0          | 0          | FDRE/C                    | FDRE/CE                 | r_var1_mem_reg[10]/C         | r_div_dividend_reg[17]/CE     |
| Path #74  | 10.000      | 8.590      | 1.324(16%)  | 7.266(84%) | -0.039     | 1.131 | 0.035             | Timed                     | Same Clock        | 7            | 8      | FDRE/C-(91)-LUT3-(2)-LUT6-(1)-LUT6-(8)-LUT4-(2)-LUT6-(1)-LUT4-(4)-LUT4-(102)-FDRE/CE                                            | sys_clk_pin       | sys_clk_pin     | None      | None-None     | 0            | 0                | 0             | 0       | 102         | 0         | 0          | 0          | FDRE/C                    | FDRE/CE                 | r_var1_mem_reg[10]/C         | r_div_dividend_reg[18]/CE     |
| Path #75  | 10.000      | 8.731      | 2.112(25%)  | 6.619(75%) | -0.112     | 1.151 | 0.035             | Timed                     | Same Clock        | 10           | 9      | FDRE/C-(48)-LUT4-(1)-CARRY4-CARRY4-LUT6-(1)-LUT6-(1)-LUT6-(1)-LUT6-(1)-LUT6-(1)-LUT6-(1)-LUT6-(1)-FDRE/D                        | sys_clk_pin       | sys_clk_pin     | None      | None-None     | 0            | 0                | 0             | 0       | 48          | 0         | 0          | 0          | FDRE/C                    | FDRE/D                  | r_reg_port_a_reg[19]/C       | r_writeback_value_reg[7]/D    |
| Path #76  | 10.000      | 7.980      | 1.316(17%)  | 6.664(83%) | -0.102     | 1.154 | 0.035             | Timed                     | Same Clock        | 7            | 8      | FDRE/C-(91)-LUT3-(2)-LUT6-(1)-LUT6-(8)-LUT4-(2)-LUT6-(1)-LUT4-(4)-LUT3-(68)-FDRE/R                                              | sys_clk_pin       | sys_clk_pin     | None      | None-None     | 0            | 0                | 0             | 0       | 91          | 0         | 0          | 0          | FDRE/C                    | FDRE/R                  | r_var1_mem_reg[10]/C         | r_div_remainder_reg[17]/R     |
| Path #77  | 10.000      | 7.980      | 1.316(17%)  | 6.664(83%) | -0.102     | 1.154 | 0.035             | Timed                     | Same Clock        | 7            | 8      | FDRE/C-(91)-LUT3-(2)-LUT6-(1)-LUT6-(8)-LUT4-(2)-LUT6-(1)-LUT4-(4)-LUT3-(68)-FDRE/R                                              | sys_clk_pin       | sys_clk_pin     | None      | None-None     | 0            | 0                | 0             | 0       | 91          | 0         | 0          | 0          | FDRE/C                    | FDRE/R                  | r_var1_mem_reg[10]/C         | r_div_remainder_reg[19]/R     |
| Path #78  | 10.000      | 7.980      | 1.316(17%)  | 6.664(83%) | -0.102     | 1.154 | 0.035             | Timed                     | Same Clock        | 7            | 8      | FDRE/C-(91)-LUT3-(2)-LUT6-(1)-LUT6-(8)-LUT4-(2)-LUT6-(1)-LUT4-(4)-LUT3-(68)-FDRE/R                                              | sys_clk_pin       | sys_clk_pin     | None      | None-None     | 0            | 0                | 0             | 0       | 91          | 0         | 0          | 0          | FDRE/C                    | FDRE/R                  | r_var1_mem_reg[10]/C         | r_div_remainder_reg[20]/R     |
| Path #79  | 10.000      | 7.980      | 1.316(17%)  | 6.664(83%) | -0.102     | 1.154 | 0.035             | Timed                     | Same Clock        | 7            | 8      | FDRE/C-(91)-LUT3-(2)-LUT6-(1)-LUT6-(8)-LUT4-(2)-LUT6-(1)-LUT4-(4)-LUT3-(68)-FDRE/R                                              | sys_clk_pin       | sys_clk_pin     | None      | None-None     | 0            | 0                | 0             | 0       | 91          | 0         | 0          | 0          | FDRE/C                    | FDRE/R                  | r_var1_mem_reg[10]/C         | r_div_remainder_reg[22]/R     |
| Path #80  | 10.000      | 7.980      | 1.316(17%)  | 6.664(83%) | -0.102     | 1.154 | 0.035             | Timed                     | Same Clock        | 7            | 8      | FDRE/C-(91)-LUT3-(2)-LUT6-(1)-LUT6-(8)-LUT4-(2)-LUT6-(1)-LUT4-(4)-LUT3-(68)-FDRE/R                                              | sys_clk_pin       | sys_clk_pin     | None      | None-None     | 0            | 0                | 0             | 0       | 91          | 0         | 0          | 0          | FDRE/C                    | FDRE/R                  | r_var1_mem_reg[10]/C         | r_div_remainder_reg[28]/R     |
| Path #81  | 10.000      | 7.980      | 1.316(17%)  | 6.664(83%) | -0.102     | 1.154 | 0.035             | Timed                     | Same Clock        | 7            | 8      | FDRE/C-(91)-LUT3-(2)-LUT6-(1)-LUT6-(8)-LUT4-(2)-LUT6-(1)-LUT4-(4)-LUT3-(68)-FDRE/R                                              | sys_clk_pin       | sys_clk_pin     | None      | None-None     | 0            | 0                | 0             | 0       | 91          | 0         | 0          | 0          | FDRE/C                    | FDRE/R                  | r_var1_mem_reg[10]/C         | r_div_remainder_reg[30]/R     |
| Path #82  | 10.000      | 8.838      | 2.428(28%)  | 6.410(72%) | -0.019     | 1.171 | 0.035             | Timed                     | Same Clock        | 10           | 8      | FDRE/C-(87)-LUT4-(1)-LUT5-(2)-LUT5-(5)-LUT6-(1)-MUXF7-LUT6-(1)-LUT6-(1)-LUT6-(1)-LUT6-(1)-MUXF7-FDRE/D                          | sys_clk_pin       | sys_clk_pin     | None      | None-None     | 0            | 0                | 0             | 0       | 87          | 0         | 0          | 0          | FDRE/C                    | FDRE/D                  | r_var1_mem_reg[4]_rep__1/C   | r_writeback_value_reg[19]/D   |
| Path #83  | 10.000      | 8.540      | 1.448(17%)  | 7.092(83%) | -0.042     | 1.178 | 0.035             | Timed                     | Same Clock        | 8            | 9      | FDRE/C-(23)-LUT4-(1)-LUT6-(1)-LUT6-(1)-LUT6-(1)-LUT6-(1)-LUT6-(1)-LUT6-(1)-LUT6-(24)-FDRE/CE                                    | sys_clk_pin       | sys_clk_pin     | None      | None-None     | 0            | 0                | 0             | 0       | 24          | 0         | 0          | 0          | FDRE/C                    | FDRE/CE                 | o_mem_ready_reg/C            | r_PC_reg[11]/CE               |
| Path #84  | 10.000      | 8.540      | 1.448(17%)  | 7.092(83%) | -0.042     | 1.178 | 0.035             | Timed                     | Same Clock        | 8            | 9      | FDRE/C-(23)-LUT4-(1)-LUT6-(1)-LUT6-(1)-LUT6-(1)-LUT6-(1)-LUT6-(1)-LUT6-(1)-LUT6-(24)-FDRE/CE                                    | sys_clk_pin       | sys_clk_pin     | None      | None-None     | 0            | 0                | 0             | 0       | 24          | 0         | 0          | 0          | FDRE/C                    | FDRE/CE                 | o_mem_ready_reg/C            | r_PC_reg[3]/CE                |
| Path #85  | 10.000      | 8.052      | 1.316(17%)  | 6.736(83%) | -0.100     | 1.179 | 0.035             | Timed                     | Same Clock        | 7            | 8      | FDRE/C-(91)-LUT3-(2)-LUT6-(1)-LUT6-(8)-LUT4-(2)-LUT6-(1)-LUT4-(4)-LUT3-(68)-FDRE/R                                              | sys_clk_pin       | sys_clk_pin     | None      | None-None     | 0            | 0                | 0             | 0       | 91          | 0         | 0          | 0          | FDRE/C                    | FDRE/R                  | r_var1_mem_reg[10]/C         | r_div_quotient_reg[16]/R      |
| Path #86  | 10.000      | 8.052      | 1.316(17%)  | 6.736(83%) | -0.100     | 1.179 | 0.035             | Timed                     | Same Clock        | 7            | 8      | FDRE/C-(91)-LUT3-(2)-LUT6-(1)-LUT6-(8)-LUT4-(2)-LUT6-(1)-LUT4-(4)-LUT3-(68)-FDRE/R                                              | sys_clk_pin       | sys_clk_pin     | None      | None-None     | 0            | 0                | 0             | 0       | 91          | 0         | 0          | 0          | FDRE/C                    | FDRE/R                  | r_var1_mem_reg[10]/C         | r_div_quotient_reg[19]/R      |
| Path #87  | 10.000      | 8.052      | 1.316(17%)  | 6.736(83%) | -0.100     | 1.179 | 0.035             | Timed                     | Same Clock        | 7            | 8      | FDRE/C-(91)-LUT3-(2)-LUT6-(1)-LUT6-(8)-LUT4-(2)-LUT6-(1)-LUT4-(4)-LUT3-(68)-FDRE/R                                              | sys_clk_pin       | sys_clk_pin     | None      | None-None     | 0            | 0                | 0             | 0       | 91          | 0         | 0          | 0          | FDRE/C                    | FDRE/R                  | r_var1_mem_reg[10]/C         | r_div_quotient_reg[27]/R      |
| Path #88  | 10.000      | 8.052      | 1.316(17%)  | 6.736(83%) | -0.100     | 1.179 | 0.035             | Timed                     | Same Clock        | 7            | 8      | FDRE/C-(91)-LUT3-(2)-LUT6-(1)-LUT6-(8)-LUT4-(2)-LUT6-(1)-LUT4-(4)-LUT3-(68)-FDRE/R                                              | sys_clk_pin       | sys_clk_pin     | None      | None-None     | 0            | 0                | 0             | 0       | 91          | 0         | 0          | 0          | FDRE/C                    | FDRE/R                  | r_var1_mem_reg[10]/C         | r_div_quotient_reg[28]/R      |
| Path #89  | 10.000      | 8.875      | 2.469(28%)  | 6.406(72%) | -0.020     | 1.182 | 0.035             | Timed                     | Same Clock        | 9            | 8      | FDRE/C-(102)-LUT3-(2)-LUT5-(3)-LUT3-(3)-LUT5-(2)-LUT6-(2)-LUT3-(3)-LUT6-(1)-LUT6-(1)-MUXF7-FDRE/D                               | sys_clk_pin       | sys_clk_pin     | None      | None-None     | 0            | 0                | 0             | 0       | 102         | 0         | 0          | 0          | FDRE/C                    | FDRE/D                  | r_reg_port_b_reg[5]/C        | r_writeback_value_reg[4]/D    |
| Path #90  | 10.000      | 8.774      | 2.288(27%)  | 6.486(73%) | -0.120     | 1.183 | 0.035             | Timed                     | Same Clock        | 11           | 9      | FDRE/C-(113)-LUT4-(1)-CARRY4-CARRY4-CARRY4-CARRY4-LUT5-(1)-LUT6-(1)-LUT6-(1)-LUT6-(1)-LUT6-(1)-MUXF7-FDRE/D                     | sys_clk_pin       | sys_clk_pin     | None      | None-None     | 0            | 0                | 0             | 0       | 113         | 0         | 0          | 0          | FDRE/C                    | FDRE/D                  | r_reg_port_b_reg[1]_rep/C    | r_writeback_value_reg[21]/D   |
| Path #91  | 10.000      | 8.048      | 1.316(17%)  | 6.732(83%) | -0.100     | 1.183 | 0.035             | Timed                     | Same Clock        | 7            | 8      | FDRE/C-(91)-LUT3-(2)-LUT6-(1)-LUT6-(8)-LUT4-(2)-LUT6-(1)-LUT4-(4)-LUT3-(68)-FDRE/R                                              | sys_clk_pin       | sys_clk_pin     | None      | None-None     | 0            | 0                | 0             | 0       | 91          | 0         | 0          | 0          | FDRE/C                    | FDRE/R                  | r_var1_mem_reg[10]/C         | r_div_quotient_reg[20]/R      |
| Path #92  | 10.000      | 8.048      | 1.316(17%)  | 6.732(83%) | -0.100     | 1.183 | 0.035             | Timed                     | Same Clock        | 7            | 8      | FDRE/C-(91)-LUT3-(2)-LUT6-(1)-LUT6-(8)-LUT4-(2)-LUT6-(1)-LUT4-(4)-LUT3-(68)-FDRE/R                                              | sys_clk_pin       | sys_clk_pin     | None      | None-None     | 0            | 0                | 0             | 0       | 91          | 0         | 0          | 0          | FDRE/C                    | FDRE/R                  | r_var1_mem_reg[10]/C         | r_div_quotient_reg[21]/R      |
| Path #93  | 10.000      | 8.048      | 1.316(17%)  | 6.732(83%) | -0.100     | 1.183 | 0.035             | Timed                     | Same Clock        | 7            | 8      | FDRE/C-(91)-LUT3-(2)-LUT6-(1)-LUT6-(8)-LUT4-(2)-LUT6-(1)-LUT4-(4)-LUT3-(68)-FDRE/R                                              | sys_clk_pin       | sys_clk_pin     | None      | None-None     | 0            | 0                | 0             | 0       | 91          | 0         | 0          | 0          | FDRE/C                    | FDRE/R                  | r_var1_mem_reg[10]/C         | r_div_remainder_reg[29]/R     |
| Path #94  | 10.000      | 8.048      | 1.316(17%)  | 6.732(83%) | -0.100     | 1.183 | 0.035             | Timed                     | Same Clock        | 7            | 8      | FDRE/C-(91)-LUT3-(2)-LUT6-(1)-LUT6-(8)-LUT4-(2)-LUT6-(1)-LUT4-(4)-LUT3-(68)-FDRE/R                                              | sys_clk_pin       | sys_clk_pin     | None      | None-None     | 0            | 0                | 0             | 0       | 91          | 0         | 0          | 0          | FDRE/C                    | FDRE/R                  | r_var1_mem_reg[10]/C         | r_div_remainder_reg[31]/R     |
| Path #95  | 10.000      | 8.763      | 1.877(22%)  | 6.886(78%) | -0.030     | 1.201 | 0.035             | Timed                     | Same Clock        | 7            | 6      | FDRE/C-(58)-LUT5-(2)-LUT3-(2)-LUT6-(2)-LUT6-(1)-MUXF7-LUT6-(1)-LUT6-(1)-FDRE/D                                                  | sys_clk_pin       | sys_clk_pin     | None      | None-None     | 0            | 0                | 0             | 0       | 58          | 0         | 0          | 0          | FDRE/C                    | FDRE/D                  | r_reg_port_a_reg[7]/C        | r_writeback_value_reg[10]/D   |
| Path #96  | 10.000      | 8.511      | 1.324(16%)  | 7.187(84%) | -0.043     | 1.206 | 0.035             | Timed                     | Same Clock        | 7            | 8      | FDRE/C-(91)-LUT3-(2)-LUT6-(1)-LUT6-(8)-LUT4-(2)-LUT6-(1)-LUT4-(4)-LUT4-(102)-FDRE/CE                                            | sys_clk_pin       | sys_clk_pin     | None      | None-None     | 0            | 0                | 0             | 0       | 102         | 0         | 0          | 0          | FDRE/C                    | FDRE/CE                 | r_var1_mem_reg[10]/C         | r_div_dividend_reg[7]/CE      |
| Path #97  | 10.000      | 8.511      | 1.324(16%)  | 7.187(84%) | -0.043     | 1.206 | 0.035             | Timed                     | Same Clock        | 7            | 8      | FDRE/C-(91)-LUT3-(2)-LUT6-(1)-LUT6-(8)-LUT4-(2)-LUT6-(1)-LUT4-(4)-LUT4-(102)-FDRE/CE                                            | sys_clk_pin       | sys_clk_pin     | None      | None-None     | 0            | 0                | 0             | 0       | 102         | 0         | 0          | 0          | FDRE/C                    | FDRE/CE                 | r_var1_mem_reg[10]/C         | r_div_dividend_reg[8]/CE      |
| Path #98  | 10.000      | 8.511      | 1.324(16%)  | 7.187(84%) | -0.043     | 1.206 | 0.035             | Timed                     | Same Clock        | 7            | 8      | FDRE/C-(91)-LUT3-(2)-LUT6-(1)-LUT6-(8)-LUT4-(2)-LUT6-(1)-LUT4-(4)-LUT4-(102)-FDRE/CE                                            | sys_clk_pin       | sys_clk_pin     | None      | None-None     | 0            | 0                | 0             | 0       | 102         | 0         | 0          | 0          | FDRE/C                    | FDRE/CE                 | r_var1_mem_reg[10]/C         | r_div_dividend_reg[9]/CE      |
| Path #99  | 10.000      | 8.008      | 1.316(17%)  | 6.692(83%) | -0.099     | 1.224 | 0.035             | Timed                     | Same Clock        | 7            | 8      | FDRE/C-(91)-LUT3-(2)-LUT6-(1)-LUT6-(8)-LUT4-(2)-LUT6-(1)-LUT4-(4)-LUT3-(68)-FDRE/R                                              | sys_clk_pin       | sys_clk_pin     | None      | None-None     | 0            | 0                | 0             | 0       | 91          | 0         | 0          | 0          | FDRE/C                    | FDRE/R                  | r_var1_mem_reg[10]/C         | r_div_quotient_reg[10]/R      |
| Path #100 | 10.000      | 8.008      | 1.316(17%)  | 6.692(83%) | -0.099     | 1.224 | 0.035             | Timed                     | Same Clock        | 7            | 8      | FDRE/C-(91)-LUT3-(2)-LUT6-(1)-LUT6-(8)-LUT4-(2)-LUT6-(1)-LUT4-(4)-LUT3-(68)-FDRE/R                                              | sys_clk_pin       | sys_clk_pin     | None      | None-None     | 0            | 0                | 0             | 0       | 91          | 0         | 0          | 0          | FDRE/C                    | FDRE/R                  | r_var1_mem_reg[10]/C         | r_div_quotient_reg[11]/R      |
+-----------+-------------+------------+-------------+------------+------------+-------+-------------------+---------------------------+-------------------+--------------+--------+---------------------------------------------------------------------------------------------------------------------------------+-------------------+-----------------+-----------+---------------+--------------+------------------+---------------+---------+-------------+-----------+------------+------------+---------------------------+-------------------------+------------------------------+-------------------------------+
* Bounding box calculated as % of dimensions for the target device (244, 400)


2. Logic Level Distribution
---------------------------

+-------------------+-------------+---+-----+---+----+----+----+-----+----+----+----+----+----+----+
|  End Point Clock  | Requirement | 1 |  2  | 3 |  4 |  5 |  6 |  7  |  8 |  9 | 10 | 11 | 12 | 13 |
+-------------------+-------------+---+-----+---+----+----+----+-----+----+----+----+----+----+----+
| clk_200_clk_wiz_0 | 5.000ns     | 5 |   1 | 0 |  0 |  0 |  0 |   0 |  0 |  0 |  0 |  0 |  0 |  0 |
| sys_clk_pin       | 10.000ns    | 5 | 379 | 3 | 34 | 97 | 59 | 340 | 31 | 13 | 23 |  4 |  4 |  2 |
+-------------------+-------------+---+-----+---+----+----+----+-----+----+----+----+----+----+----+
* Columns represent the logic levels per end point clock
** Distribution is for top worst 1000 paths


3. Placer Final Level Congestion Reporting
------------------------------------------

+-----------+------+-------+------------+--------+---------------+----------------+-----+--------+------+------+------+-----+-------+-----+------------+
| Direction | Type | Level | Congestion | Window | Combined LUTs | Avg LUT Inputs | LUT | LUTRAM | Flop | MUXF | RAMB | DSP | CARRY | SRL | Cell Names |
+-----------+------+-------+------------+--------+---------------+----------------+-----+--------+------+------+------+-----+-------+-----+------------+
* No congestion windows are found above level 5


4. Initial Estimated Router Congestion Reporting
------------------------------------------------

+-----------+------+-------+------------------+--------+---------------+----------------+-----+--------+------+------+------+-----+-------+-----+------------+
| Direction | Type | Level | Percentage Tiles | Window | Combined LUTs | Avg LUT Inputs | LUT | LUTRAM | Flop | MUXF | RAMB | DSP | CARRY | SRL | Cell Names |
+-----------+------+-------+------------------+--------+---------------+----------------+-----+--------+------+------+------+-----+-------+-----+------------+
* No initial estimated congestion windows are found above level 5


