Copyright 1986-2022 Xilinx, Inc. All Rights Reserved. Copyright 2022-2025 Advanced Micro Devices, Inc. All Rights Reserved.
----------------------------------------------------------------------------------------------------------------------------------------------
| Tool Version : Vivado v.2025.2 (lin64) Build 6299465 Fri Nov 14 12:34:56 MST 2025
| Date         : Thu Mar 26 09:01:52 2026
| Host         : Garuda running 64-bit Garuda Linux Broadwing
| Command      : report_design_analysis -congestion -timing -logic_level_distribution -max_paths 100 -file route_report_design_analysis_0.rpt
| Design       : FPGA_CPU_32_bits_cache
| Device       : xc7a100t
| Design State : Routed
----------------------------------------------------------------------------------------------------------------------------------------------

Report Design Analysis

Table of Contents
-----------------
1. Setup Path Characteristics 1-100
2. Logic Level Distribution
3. Placer Final Level Congestion Reporting
4. Initial Estimated Router Congestion Reporting

1. Setup Path Characteristics 1-100
-----------------------------------

+-----------+-------------+------------+-------------+------------+------------+-------+-------------------+---------------------------+-------------------+--------------+--------+---------------------------------------------------------------------------------------------------------------------------------------+-------------------+-----------------+-----------+----------------+--------------+------------------+---------------+---------+-------------+-----------+------------+------------+---------------------------+-------------------------+----------------------------+-------------------------------+
|   Paths   | Requirement | Path Delay | Logic Delay |  Net Delay | Clock Skew | Slack | Clock Uncertainty | Clock Pair Classification | Clock Delay Group | Logic Levels | Routes |                                                              Logical Path                                                             | Start Point Clock | End Point Clock | DSP Block |  RAM Registers | IO Crossings | Config Crossings | SLR Crossings | PBlocks | High Fanout | ASYNC REG | Dont Touch | Mark Debug | Start Point Pin Primitive | End Point Pin Primitive |       Start Point Pin      |         End Point Pin         |
+-----------+-------------+------------+-------------+------------+------------+-------+-------------------+---------------------------+-------------------+--------------+--------+---------------------------------------------------------------------------------------------------------------------------------------+-------------------+-----------------+-----------+----------------+--------------+------------------+---------------+---------+-------------+-----------+------------+------------+---------------------------+-------------------------+----------------------------+-------------------------------+
| Path #1   | 10.000      | 9.549      | 2.663(28%)  | 6.886(72%) | 0.154      | 0.126 | 0.035             | Timed                     | Same Clock        | 10           | 6      | FDRE/C-(192)-RAMS64E-(1)-MUXF7-MUXF8-LUT6-(1)-MUXF7-MUXF8-LUT5-(1)-CARRY4-LUT5-(4)-LUT5-(15)-RAMB18E1/ENBWREN                         | sys_clk_pin       | sys_clk_pin     | None      | None-None      | 0            | 0                | 0             | 0       | 192         | 0         | 0          | 0          | FDRE/C                    | RAMB18E1/ENBWREN        | r_mem_addr_reg[2]_rep/C    | cache_val_data_reg_14/ENBWREN |
| Path #2   | 10.000      | 9.359      | 2.663(29%)  | 6.696(71%) | 0.159      | 0.321 | 0.035             | Timed                     | Same Clock        | 10           | 6      | FDRE/C-(192)-RAMS64E-(1)-MUXF7-MUXF8-LUT6-(1)-MUXF7-MUXF8-LUT5-(1)-CARRY4-LUT5-(4)-LUT5-(15)-RAMB36E1/ENBWREN                         | sys_clk_pin       | sys_clk_pin     | None      | None-None      | 0            | 0                | 0             | 0       | 192         | 0         | 0          | 0          | FDRE/C                    | RAMB36E1/ENBWREN        | r_mem_addr_reg[2]_rep/C    | cache_val_data_reg_2/ENBWREN  |
| Path #3   | 10.000      | 9.266      | 2.663(29%)  | 6.603(71%) | 0.108      | 0.364 | 0.035             | Timed                     | Same Clock        | 10           | 6      | FDRE/C-(192)-RAMS64E-(1)-MUXF7-MUXF8-LUT6-(1)-MUXF7-MUXF8-LUT5-(1)-CARRY4-LUT5-(4)-LUT5-(15)-RAMB36E1/ENBWREN                         | sys_clk_pin       | sys_clk_pin     | None      | None-None      | 0            | 0                | 0             | 0       | 192         | 0         | 0          | 0          | FDRE/C                    | RAMB36E1/ENBWREN        | r_mem_addr_reg[2]_rep/C    | cache_val_data_reg_13/ENBWREN |
| Path #4   | 10.000      | 9.250      | 2.663(29%)  | 6.587(71%) | 0.112      | 0.384 | 0.035             | Timed                     | Same Clock        | 10           | 6      | FDRE/C-(192)-RAMS64E-(1)-MUXF7-MUXF8-LUT6-(1)-MUXF7-MUXF8-LUT5-(1)-CARRY4-LUT5-(4)-LUT5-(15)-RAMB36E1/ENBWREN                         | sys_clk_pin       | sys_clk_pin     | None      | None-None      | 0            | 0                | 0             | 0       | 192         | 0         | 0          | 0          | FDRE/C                    | RAMB36E1/ENBWREN        | r_mem_addr_reg[2]_rep/C    | cache_val_data_reg_4/ENBWREN  |
| Path #5   | 10.000      | 9.189      | 2.663(29%)  | 6.526(71%) | 0.163      | 0.496 | 0.035             | Timed                     | Same Clock        | 10           | 6      | FDRE/C-(192)-RAMS64E-(1)-MUXF7-MUXF8-LUT6-(1)-MUXF7-MUXF8-LUT5-(1)-CARRY4-LUT5-(4)-LUT5-(15)-RAMB36E1/ENBWREN                         | sys_clk_pin       | sys_clk_pin     | None      | None-None      | 0            | 0                | 0             | 0       | 192         | 0         | 0          | 0          | FDRE/C                    | RAMB36E1/ENBWREN        | r_mem_addr_reg[2]_rep/C    | cache_val_data_reg_0/ENBWREN  |
| Path #6   | 10.000      | 9.137      | 2.663(30%)  | 6.474(70%) | 0.113      | 0.498 | 0.035             | Timed                     | Same Clock        | 10           | 6      | FDRE/C-(192)-RAMS64E-(1)-MUXF7-MUXF8-LUT6-(1)-MUXF7-MUXF8-LUT5-(1)-CARRY4-LUT5-(4)-LUT5-(15)-RAMB36E1/ENBWREN                         | sys_clk_pin       | sys_clk_pin     | None      | None-None      | 0            | 0                | 0             | 0       | 192         | 0         | 0          | 0          | FDRE/C                    | RAMB36E1/ENBWREN        | r_mem_addr_reg[2]_rep/C    | cache_val_data_reg_6/ENBWREN  |
| Path #7   | 10.000      | 9.120      | 2.663(30%)  | 6.457(70%) | 0.112      | 0.514 | 0.035             | Timed                     | Same Clock        | 10           | 6      | FDRE/C-(192)-RAMS64E-(1)-MUXF7-MUXF8-LUT6-(1)-MUXF7-MUXF8-LUT5-(1)-CARRY4-LUT5-(4)-LUT5-(15)-RAMB36E1/ENBWREN                         | sys_clk_pin       | sys_clk_pin     | None      | None-None      | 0            | 0                | 0             | 0       | 192         | 0         | 0          | 0          | FDRE/C                    | RAMB36E1/ENBWREN        | r_mem_addr_reg[2]_rep/C    | cache_val_data_reg_7/ENBWREN  |
| Path #8   | 10.000      | 8.989      | 2.663(30%)  | 6.326(70%) | 0.113      | 0.646 | 0.035             | Timed                     | Same Clock        | 10           | 6      | FDRE/C-(192)-RAMS64E-(1)-MUXF7-MUXF8-LUT6-(1)-MUXF7-MUXF8-LUT5-(1)-CARRY4-LUT5-(4)-LUT5-(15)-RAMB36E1/ENBWREN                         | sys_clk_pin       | sys_clk_pin     | None      | None-None      | 0            | 0                | 0             | 0       | 192         | 0         | 0          | 0          | FDRE/C                    | RAMB36E1/ENBWREN        | r_mem_addr_reg[2]_rep/C    | cache_val_data_reg_5/ENBWREN  |
| Path #9   | 10.000      | 8.945      | 2.663(30%)  | 6.282(70%) | 0.101      | 0.678 | 0.035             | Timed                     | Same Clock        | 10           | 6      | FDRE/C-(192)-RAMS64E-(1)-MUXF7-MUXF8-LUT6-(1)-MUXF7-MUXF8-LUT5-(1)-CARRY4-LUT5-(4)-LUT5-(15)-RAMB36E1/ENBWREN                         | sys_clk_pin       | sys_clk_pin     | None      | None-None      | 0            | 0                | 0             | 0       | 192         | 0         | 0          | 0          | FDRE/C                    | RAMB36E1/ENBWREN        | r_mem_addr_reg[2]_rep/C    | cache_val_data_reg_1/ENBWREN  |
| Path #10  | 10.000      | 8.945      | 2.663(30%)  | 6.282(70%) | 0.105      | 0.682 | 0.035             | Timed                     | Same Clock        | 10           | 6      | FDRE/C-(192)-RAMS64E-(1)-MUXF7-MUXF8-LUT6-(1)-MUXF7-MUXF8-LUT5-(1)-CARRY4-LUT5-(4)-LUT5-(15)-RAMB36E1/ENBWREN                         | sys_clk_pin       | sys_clk_pin     | None      | None-None      | 0            | 0                | 0             | 0       | 192         | 0         | 0          | 0          | FDRE/C                    | RAMB36E1/ENBWREN        | r_mem_addr_reg[2]_rep/C    | cache_val_data_reg_11/ENBWREN |
| Path #11  | 10.000      | 8.992      | 2.663(30%)  | 6.329(70%) | 0.164      | 0.694 | 0.035             | Timed                     | Same Clock        | 10           | 6      | FDRE/C-(192)-RAMS64E-(1)-MUXF7-MUXF8-LUT6-(1)-MUXF7-MUXF8-LUT5-(1)-CARRY4-LUT5-(4)-LUT5-(15)-RAMB36E1/ENBWREN                         | sys_clk_pin       | sys_clk_pin     | None      | None-None      | 0            | 0                | 0             | 0       | 192         | 0         | 0          | 0          | FDRE/C                    | RAMB36E1/ENBWREN        | r_mem_addr_reg[2]_rep/C    | cache_val_data_reg_9/ENBWREN  |
| Path #12  | 10.000      | 8.819      | 2.663(31%)  | 6.156(69%) | 0.017      | 0.721 | 0.035             | Timed                     | Same Clock        | 10           | 6      | FDRE/C-(192)-RAMS64E-(1)-MUXF7-MUXF8-LUT6-(1)-MUXF7-MUXF8-LUT5-(1)-CARRY4-LUT5-(4)-LUT5-(15)-RAMB36E1/ENBWREN                         | sys_clk_pin       | sys_clk_pin     | None      | None-None      | 0            | 0                | 0             | 0       | 192         | 0         | 0          | 0          | FDRE/C                    | RAMB36E1/ENBWREN        | r_mem_addr_reg[2]_rep/C    | cache_val_data_reg_12/ENBWREN |
| Path #13  | 10.000      | 9.063      | 2.853(32%)  | 6.210(68%) | 0.054      | 0.786 | 0.035             | Timed                     | Same Clock        | 14           | 14     | FDRE/C-(4)-LUT2-(1)-CARRY4-CARRY4-CARRY4-CARRY4-CARRY4-CARRY4-LUT6-(1)-LUT6-(1)-LUT6-(1)-LUT6-(1)-LUT6-(1)-LUT6-(1)-LUT6-(24)-FDRE/CE | sys_clk_pin       | sys_clk_pin     | None      | None-None      | 0            | 0                | 0             | 0       | 24          | 0         | 0          | 0          | FDRE/C                    | FDRE/CE                 | r_timeout_counter_reg[0]/C | r_PC_reg[1]/CE                |
| Path #14  | 10.000      | 8.997      | 2.853(32%)  | 6.144(68%) | 0.052      | 0.815 | 0.035             | Timed                     | Same Clock        | 14           | 14     | FDRE/C-(4)-LUT2-(1)-CARRY4-CARRY4-CARRY4-CARRY4-CARRY4-CARRY4-LUT6-(1)-LUT6-(1)-LUT6-(1)-LUT6-(1)-LUT6-(1)-LUT6-(1)-LUT6-(24)-FDRE/CE | sys_clk_pin       | sys_clk_pin     | None      | None-None      | 0            | 0                | 0             | 0       | 24          | 0         | 0          | 0          | FDRE/C                    | FDRE/CE                 | r_timeout_counter_reg[0]/C | r_PC_reg[3]/CE                |
| Path #15  | 10.000      | 9.030      | 2.853(32%)  | 6.177(68%) | 0.052      | 0.817 | 0.035             | Timed                     | Same Clock        | 14           | 14     | FDRE/C-(4)-LUT2-(1)-CARRY4-CARRY4-CARRY4-CARRY4-CARRY4-CARRY4-LUT6-(1)-LUT6-(1)-LUT6-(1)-LUT6-(1)-LUT6-(1)-LUT6-(1)-LUT6-(24)-FDRE/CE | sys_clk_pin       | sys_clk_pin     | None      | None-None      | 0            | 0                | 0             | 0       | 24          | 0         | 0          | 0          | FDRE/C                    | FDRE/CE                 | r_timeout_counter_reg[0]/C | r_PC_reg[18]/CE               |
| Path #16  | 10.000      | 8.994      | 2.853(32%)  | 6.141(68%) | 0.052      | 0.818 | 0.035             | Timed                     | Same Clock        | 14           | 14     | FDRE/C-(4)-LUT2-(1)-CARRY4-CARRY4-CARRY4-CARRY4-CARRY4-CARRY4-LUT6-(1)-LUT6-(1)-LUT6-(1)-LUT6-(1)-LUT6-(1)-LUT6-(1)-LUT6-(24)-FDRE/CE | sys_clk_pin       | sys_clk_pin     | None      | None-None      | 0            | 0                | 0             | 0       | 24          | 0         | 0          | 0          | FDRE/C                    | FDRE/CE                 | r_timeout_counter_reg[0]/C | r_PC_reg[4]/CE                |
| Path #17  | 10.000      | 9.178      | 1.634(18%)  | 7.544(82%) | -0.035     | 0.833 | 0.035             | Timed                     | Same Clock        | 9            | 9      | FDRE/C-(88)-LUT5-(70)-LUT5-(3)-LUT6-(2)-LUT6-(2)-LUT4-(1)-LUT5-(1)-LUT6-(1)-LUT6-(1)-LUT6-(1)-FDRE/D                                  | sys_clk_pin       | sys_clk_pin     | None      | None-None      | 0            | 0                | 0             | 0       | 88          | 0         | 0          | 0          | FDRE/C                    | FDRE/D                  | r_reg_port_b_reg[0]_rep/C  | r_zero_flag_reg/D             |
| Path #18  | 10.000      | 8.977      | 2.853(32%)  | 6.124(68%) | 0.054      | 0.837 | 0.035             | Timed                     | Same Clock        | 14           | 14     | FDRE/C-(4)-LUT2-(1)-CARRY4-CARRY4-CARRY4-CARRY4-CARRY4-CARRY4-LUT6-(1)-LUT6-(1)-LUT6-(1)-LUT6-(1)-LUT6-(1)-LUT6-(1)-LUT6-(24)-FDRE/CE | sys_clk_pin       | sys_clk_pin     | None      | None-None      | 0            | 0                | 0             | 0       | 24          | 0         | 0          | 0          | FDRE/C                    | FDRE/CE                 | r_timeout_counter_reg[0]/C | r_PC_reg[14]/CE               |
| Path #19  | 10.000      | 8.975      | 2.853(32%)  | 6.122(68%) | 0.055      | 0.839 | 0.035             | Timed                     | Same Clock        | 14           | 14     | FDRE/C-(4)-LUT2-(1)-CARRY4-CARRY4-CARRY4-CARRY4-CARRY4-CARRY4-LUT6-(1)-LUT6-(1)-LUT6-(1)-LUT6-(1)-LUT6-(1)-LUT6-(1)-LUT6-(24)-FDRE/CE | sys_clk_pin       | sys_clk_pin     | None      | None-None      | 0            | 0                | 0             | 0       | 24          | 0         | 0          | 0          | FDRE/C                    | FDRE/CE                 | r_timeout_counter_reg[0]/C | r_PC_reg[21]/CE               |
| Path #20  | 10.000      | 8.696      | 2.663(31%)  | 6.033(69%) | 0.021      | 0.847 | 0.035             | Timed                     | Same Clock        | 10           | 6      | FDRE/C-(192)-RAMS64E-(1)-MUXF7-MUXF8-LUT6-(1)-MUXF7-MUXF8-LUT5-(1)-CARRY4-LUT5-(4)-LUT5-(15)-RAMB36E1/ENBWREN                         | sys_clk_pin       | sys_clk_pin     | None      | None-None      | 0            | 0                | 0             | 0       | 192         | 0         | 0          | 0          | FDRE/C                    | RAMB36E1/ENBWREN        | r_mem_addr_reg[2]_rep/C    | cache_val_data_reg_3/ENBWREN  |
| Path #21  | 10.000      | 8.679      | 2.663(31%)  | 6.016(69%) | 0.020      | 0.863 | 0.035             | Timed                     | Same Clock        | 10           | 6      | FDRE/C-(192)-RAMS64E-(1)-MUXF7-MUXF8-LUT6-(1)-MUXF7-MUXF8-LUT5-(1)-CARRY4-LUT5-(4)-LUT5-(15)-RAMB36E1/ENBWREN                         | sys_clk_pin       | sys_clk_pin     | None      | None-None      | 0            | 0                | 0             | 0       | 192         | 0         | 0          | 0          | FDRE/C                    | RAMB36E1/ENBWREN        | r_mem_addr_reg[2]_rep/C    | cache_val_data_reg_10/ENBWREN |
| Path #22  | 10.000      | 8.748      | 2.663(31%)  | 6.085(69%) | 0.104      | 0.878 | 0.035             | Timed                     | Same Clock        | 10           | 6      | FDRE/C-(192)-RAMS64E-(1)-MUXF7-MUXF8-LUT6-(1)-MUXF7-MUXF8-LUT5-(1)-CARRY4-LUT5-(4)-LUT5-(15)-RAMB36E1/ENBWREN                         | sys_clk_pin       | sys_clk_pin     | None      | None-None      | 0            | 0                | 0             | 0       | 192         | 0         | 0          | 0          | FDRE/C                    | RAMB36E1/ENBWREN        | r_mem_addr_reg[2]_rep/C    | cache_val_data_reg_8/ENBWREN  |
| Path #23  | 10.000      | 8.948      | 2.853(32%)  | 6.095(68%) | 0.053      | 0.900 | 0.035             | Timed                     | Same Clock        | 14           | 14     | FDRE/C-(4)-LUT2-(1)-CARRY4-CARRY4-CARRY4-CARRY4-CARRY4-CARRY4-LUT6-(1)-LUT6-(1)-LUT6-(1)-LUT6-(1)-LUT6-(1)-LUT6-(1)-LUT6-(24)-FDRE/CE | sys_clk_pin       | sys_clk_pin     | None      | None-None      | 0            | 0                | 0             | 0       | 24          | 0         | 0          | 0          | FDRE/C                    | FDRE/CE                 | r_timeout_counter_reg[0]/C | r_PC_reg[2]/CE                |
| Path #24  | 10.000      | 8.927      | 2.853(32%)  | 6.074(68%) | 0.055      | 0.923 | 0.035             | Timed                     | Same Clock        | 14           | 14     | FDRE/C-(4)-LUT2-(1)-CARRY4-CARRY4-CARRY4-CARRY4-CARRY4-CARRY4-LUT6-(1)-LUT6-(1)-LUT6-(1)-LUT6-(1)-LUT6-(1)-LUT6-(1)-LUT6-(24)-FDRE/CE | sys_clk_pin       | sys_clk_pin     | None      | None-None      | 0            | 0                | 0             | 0       | 24          | 0         | 0          | 0          | FDRE/C                    | FDRE/CE                 | r_timeout_counter_reg[0]/C | r_PC_reg[12]/CE               |
| Path #25  | 10.000      | 8.923      | 2.853(32%)  | 6.070(68%) | 0.052      | 0.925 | 0.035             | Timed                     | Same Clock        | 14           | 14     | FDRE/C-(4)-LUT2-(1)-CARRY4-CARRY4-CARRY4-CARRY4-CARRY4-CARRY4-LUT6-(1)-LUT6-(1)-LUT6-(1)-LUT6-(1)-LUT6-(1)-LUT6-(1)-LUT6-(24)-FDRE/CE | sys_clk_pin       | sys_clk_pin     | None      | None-None      | 0            | 0                | 0             | 0       | 24          | 0         | 0          | 0          | FDRE/C                    | FDRE/CE                 | r_timeout_counter_reg[0]/C | r_PC_reg[5]/CE                |
| Path #26  | 10.000      | 8.810      | 2.853(33%)  | 5.957(67%) | -0.022     | 0.928 | 0.035             | Timed                     | Same Clock        | 14           | 14     | FDRE/C-(4)-LUT2-(1)-CARRY4-CARRY4-CARRY4-CARRY4-CARRY4-CARRY4-LUT6-(1)-LUT6-(1)-LUT6-(1)-LUT6-(1)-LUT6-(1)-LUT6-(1)-LUT6-(24)-FDRE/CE | sys_clk_pin       | sys_clk_pin     | None      | None-None      | 0            | 0                | 0             | 0       | 24          | 0         | 0          | 0          | FDRE/C                    | FDRE/CE                 | r_timeout_counter_reg[0]/C | r_PC_reg[8]/CE                |
| Path #27  | 10.000      | 8.869      | 2.853(33%)  | 6.016(67%) | 0.054      | 0.944 | 0.035             | Timed                     | Same Clock        | 14           | 14     | FDRE/C-(4)-LUT2-(1)-CARRY4-CARRY4-CARRY4-CARRY4-CARRY4-CARRY4-LUT6-(1)-LUT6-(1)-LUT6-(1)-LUT6-(1)-LUT6-(1)-LUT6-(1)-LUT6-(24)-FDRE/CE | sys_clk_pin       | sys_clk_pin     | None      | None-None      | 0            | 0                | 0             | 0       | 24          | 0         | 0          | 0          | FDRE/C                    | FDRE/CE                 | r_timeout_counter_reg[0]/C | r_PC_reg[19]/CE               |
| Path #28  | 10.000      | 9.056      | 1.727(20%)  | 7.329(80%) | -0.024     | 0.948 | 0.035             | Timed                     | Same Clock        | 9            | 8      | FDRE/C-(88)-LUT5-(70)-LUT6-(1)-LUT6-(2)-LUT5-(2)-LUT6-(1)-LUT5-(1)-LUT6-(1)-LUT6-(1)-MUXF7-FDRE/D                                     | sys_clk_pin       | sys_clk_pin     | None      | None-None      | 0            | 0                | 0             | 0       | 88          | 0         | 0          | 0          | FDRE/C                    | FDRE/D                  | r_reg_port_b_reg[0]_rep/C  | r_writeback_value_reg[23]/D   |
| Path #29  | 10.000      | 8.765      | 2.853(33%)  | 5.912(67%) | -0.038     | 0.957 | 0.035             | Timed                     | Same Clock        | 14           | 14     | FDRE/C-(4)-LUT2-(1)-CARRY4-CARRY4-CARRY4-CARRY4-CARRY4-CARRY4-LUT6-(1)-LUT6-(1)-LUT6-(1)-LUT6-(1)-LUT6-(1)-LUT6-(1)-LUT6-(24)-FDRE/CE | sys_clk_pin       | sys_clk_pin     | None      | None-None      | 0            | 0                | 0             | 0       | 24          | 0         | 0          | 0          | FDRE/C                    | FDRE/CE                 | r_timeout_counter_reg[0]/C | r_PC_reg[11]/CE               |
| Path #30  | 10.000      | 8.805      | 2.853(33%)  | 5.952(67%) | -0.022     | 0.969 | 0.035             | Timed                     | Same Clock        | 14           | 14     | FDRE/C-(4)-LUT2-(1)-CARRY4-CARRY4-CARRY4-CARRY4-CARRY4-CARRY4-LUT6-(1)-LUT6-(1)-LUT6-(1)-LUT6-(1)-LUT6-(1)-LUT6-(1)-LUT6-(24)-FDRE/CE | sys_clk_pin       | sys_clk_pin     | None      | None-None      | 0            | 0                | 0             | 0       | 24          | 0         | 0          | 0          | FDRE/C                    | FDRE/CE                 | r_timeout_counter_reg[0]/C | r_PC_reg[0]/CE                |
| Path #31  | 10.000      | 8.832      | 2.853(33%)  | 5.979(67%) | 0.056      | 0.983 | 0.035             | Timed                     | Same Clock        | 14           | 14     | FDRE/C-(4)-LUT2-(1)-CARRY4-CARRY4-CARRY4-CARRY4-CARRY4-CARRY4-LUT6-(1)-LUT6-(1)-LUT6-(1)-LUT6-(1)-LUT6-(1)-LUT6-(1)-LUT6-(24)-FDRE/CE | sys_clk_pin       | sys_clk_pin     | None      | None-None      | 0            | 0                | 0             | 0       | 24          | 0         | 0          | 0          | FDRE/C                    | FDRE/CE                 | r_timeout_counter_reg[0]/C | r_PC_reg[16]/CE               |
| Path #32  | 10.000      | 8.824      | 2.853(33%)  | 5.971(67%) | 0.056      | 0.991 | 0.035             | Timed                     | Same Clock        | 14           | 14     | FDRE/C-(4)-LUT2-(1)-CARRY4-CARRY4-CARRY4-CARRY4-CARRY4-CARRY4-LUT6-(1)-LUT6-(1)-LUT6-(1)-LUT6-(1)-LUT6-(1)-LUT6-(1)-LUT6-(24)-FDRE/CE | sys_clk_pin       | sys_clk_pin     | None      | None-None      | 0            | 0                | 0             | 0       | 24          | 0         | 0          | 0          | FDRE/C                    | FDRE/CE                 | r_timeout_counter_reg[0]/C | r_PC_reg[20]/CE               |
| Path #33  | 10.000      | 8.823      | 2.853(33%)  | 5.970(67%) | 0.054      | 1.026 | 0.035             | Timed                     | Same Clock        | 14           | 14     | FDRE/C-(4)-LUT2-(1)-CARRY4-CARRY4-CARRY4-CARRY4-CARRY4-CARRY4-LUT6-(1)-LUT6-(1)-LUT6-(1)-LUT6-(1)-LUT6-(1)-LUT6-(1)-LUT6-(24)-FDRE/CE | sys_clk_pin       | sys_clk_pin     | None      | None-None      | 0            | 0                | 0             | 0       | 24          | 0         | 0          | 0          | FDRE/C                    | FDRE/CE                 | r_timeout_counter_reg[0]/C | r_PC_reg[15]/CE               |
| Path #34  | 10.000      | 8.823      | 2.853(33%)  | 5.970(67%) | 0.054      | 1.026 | 0.035             | Timed                     | Same Clock        | 14           | 14     | FDRE/C-(4)-LUT2-(1)-CARRY4-CARRY4-CARRY4-CARRY4-CARRY4-CARRY4-LUT6-(1)-LUT6-(1)-LUT6-(1)-LUT6-(1)-LUT6-(1)-LUT6-(1)-LUT6-(24)-FDRE/CE | sys_clk_pin       | sys_clk_pin     | None      | None-None      | 0            | 0                | 0             | 0       | 24          | 0         | 0          | 0          | FDRE/C                    | FDRE/CE                 | r_timeout_counter_reg[0]/C | r_PC_reg[23]/CE               |
| Path #35  | 10.000      | 8.954      | 2.568(29%)  | 6.386(71%) | -0.040     | 1.035 | 0.035             | Timed                     | Same Clock        | 10           | 8      | FDRE/C-(93)-LUT6-(1)-LUT5-(2)-LUT6-(2)-LUT5-(2)-LUT6-(4)-LUT3-(1)-LUT6-(1)-MUXF7-LUT6-(1)-MUXF7-FDRE/D                                | sys_clk_pin       | sys_clk_pin     | None      | None-None      | 0            | 0                | 0             | 0       | 93          | 0         | 0          | 0          | FDRE/C                    | FDRE/D                  | r_reg_port_b_reg[20]/C     | r_writeback_value_reg[3]/D    |
| Path #36  | 10.000      | 8.805      | 2.853(33%)  | 5.952(67%) | 0.053      | 1.043 | 0.035             | Timed                     | Same Clock        | 14           | 14     | FDRE/C-(4)-LUT2-(1)-CARRY4-CARRY4-CARRY4-CARRY4-CARRY4-CARRY4-LUT6-(1)-LUT6-(1)-LUT6-(1)-LUT6-(1)-LUT6-(1)-LUT6-(1)-LUT6-(24)-FDRE/CE | sys_clk_pin       | sys_clk_pin     | None      | None-None      | 0            | 0                | 0             | 0       | 24          | 0         | 0          | 0          | FDRE/C                    | FDRE/CE                 | r_timeout_counter_reg[0]/C | r_PC_reg[7]/CE                |
| Path #37  | 10.000      | 8.677      | 2.853(33%)  | 5.824(67%) | -0.038     | 1.044 | 0.035             | Timed                     | Same Clock        | 14           | 14     | FDRE/C-(4)-LUT2-(1)-CARRY4-CARRY4-CARRY4-CARRY4-CARRY4-CARRY4-LUT6-(1)-LUT6-(1)-LUT6-(1)-LUT6-(1)-LUT6-(1)-LUT6-(1)-LUT6-(24)-FDRE/CE | sys_clk_pin       | sys_clk_pin     | None      | None-None      | 0            | 0                | 0             | 0       | 24          | 0         | 0          | 0          | FDRE/C                    | FDRE/CE                 | r_timeout_counter_reg[0]/C | r_PC_reg[13]/CE               |
| Path #38  | 10.000      | 8.649      | 2.853(33%)  | 5.796(67%) | -0.022     | 1.088 | 0.035             | Timed                     | Same Clock        | 14           | 14     | FDRE/C-(4)-LUT2-(1)-CARRY4-CARRY4-CARRY4-CARRY4-CARRY4-CARRY4-LUT6-(1)-LUT6-(1)-LUT6-(1)-LUT6-(1)-LUT6-(1)-LUT6-(1)-LUT6-(24)-FDRE/CE | sys_clk_pin       | sys_clk_pin     | None      | None-None      | 0            | 0                | 0             | 0       | 24          | 0         | 0          | 0          | FDRE/C                    | FDRE/CE                 | r_timeout_counter_reg[0]/C | r_PC_reg[6]/CE                |
| Path #39  | 10.000      | 8.605      | 2.853(34%)  | 5.752(66%) | -0.038     | 1.117 | 0.035             | Timed                     | Same Clock        | 14           | 14     | FDRE/C-(4)-LUT2-(1)-CARRY4-CARRY4-CARRY4-CARRY4-CARRY4-CARRY4-LUT6-(1)-LUT6-(1)-LUT6-(1)-LUT6-(1)-LUT6-(1)-LUT6-(1)-LUT6-(24)-FDRE/CE | sys_clk_pin       | sys_clk_pin     | None      | None-None      | 0            | 0                | 0             | 0       | 24          | 0         | 0          | 0          | FDRE/C                    | FDRE/CE                 | r_timeout_counter_reg[0]/C | r_PC_reg[10]/CE               |
| Path #40  | 10.000      | 8.605      | 2.853(34%)  | 5.752(66%) | -0.038     | 1.117 | 0.035             | Timed                     | Same Clock        | 14           | 14     | FDRE/C-(4)-LUT2-(1)-CARRY4-CARRY4-CARRY4-CARRY4-CARRY4-CARRY4-LUT6-(1)-LUT6-(1)-LUT6-(1)-LUT6-(1)-LUT6-(1)-LUT6-(1)-LUT6-(24)-FDRE/CE | sys_clk_pin       | sys_clk_pin     | None      | None-None      | 0            | 0                | 0             | 0       | 24          | 0         | 0          | 0          | FDRE/C                    | FDRE/CE                 | r_timeout_counter_reg[0]/C | r_PC_reg[17]/CE               |
| Path #41  | 10.000      | 8.684      | 2.853(33%)  | 5.831(67%) | 0.056      | 1.131 | 0.035             | Timed                     | Same Clock        | 14           | 14     | FDRE/C-(4)-LUT2-(1)-CARRY4-CARRY4-CARRY4-CARRY4-CARRY4-CARRY4-LUT6-(1)-LUT6-(1)-LUT6-(1)-LUT6-(1)-LUT6-(1)-LUT6-(1)-LUT6-(24)-FDRE/CE | sys_clk_pin       | sys_clk_pin     | None      | None-None      | 0            | 0                | 0             | 0       | 24          | 0         | 0          | 0          | FDRE/C                    | FDRE/CE                 | r_timeout_counter_reg[0]/C | r_PC_reg[9]/CE                |
| Path #42  | 10.000      | 8.680      | 2.853(33%)  | 5.827(67%) | 0.055      | 1.171 | 0.035             | Timed                     | Same Clock        | 14           | 14     | FDRE/C-(4)-LUT2-(1)-CARRY4-CARRY4-CARRY4-CARRY4-CARRY4-CARRY4-LUT6-(1)-LUT6-(1)-LUT6-(1)-LUT6-(1)-LUT6-(1)-LUT6-(1)-LUT6-(24)-FDRE/CE | sys_clk_pin       | sys_clk_pin     | None      | None-None      | 0            | 0                | 0             | 0       | 24          | 0         | 0          | 0          | FDRE/C                    | FDRE/CE                 | r_timeout_counter_reg[0]/C | r_PC_reg[22]/CE               |
| Path #43  | 10.000      | 8.742      | 2.733(32%)  | 6.009(68%) | -0.031     | 1.221 | 0.035             | Timed                     | Same Clock        | 10           | 8      | FDRE/C-(93)-LUT6-(1)-LUT5-(2)-LUT6-(2)-LUT5-(2)-LUT6-(4)-LUT6-(1)-MUXF7-LUT6-(1)-MUXF7-LUT6-(1)-FDRE/D                                | sys_clk_pin       | sys_clk_pin     | None      | None-None      | 0            | 0                | 0             | 0       | 93          | 0         | 0          | 0          | FDRE/C                    | FDRE/D                  | r_reg_port_b_reg[20]/C     | r_writeback_value_reg[2]/D    |
| Path #44  | 10.000      | 8.749      | 2.540(30%)  | 6.209(70%) | -0.028     | 1.252 | 0.035             | Timed                     | Same Clock        | 10           | 8      | FDRE/C-(93)-LUT6-(1)-LUT5-(2)-LUT6-(2)-LUT5-(2)-LUT6-(4)-LUT6-(1)-LUT6-(1)-MUXF7-LUT6-(1)-MUXF7-FDRE/D                                | sys_clk_pin       | sys_clk_pin     | None      | None-None      | 0            | 0                | 0             | 0       | 93          | 0         | 0          | 0          | FDRE/C                    | FDRE/D                  | r_reg_port_b_reg[20]/C     | r_writeback_value_reg[4]/D    |
| Path #45  | 10.000      | 8.704      | 2.292(27%)  | 6.412(73%) | -0.032     | 1.260 | 0.035             | Timed                     | Same Clock        | 9            | 9      | FDRE/C-(93)-LUT6-(1)-LUT5-(2)-LUT6-(2)-LUT5-(2)-LUT6-(3)-LUT4-(1)-LUT6-(1)-LUT6-(1)-LUT6-(1)-FDRE/D                                   | sys_clk_pin       | sys_clk_pin     | None      | None-None      | 0            | 0                | 0             | 0       | 93          | 0         | 0          | 0          | FDRE/C                    | FDRE/D                  | r_reg_port_b_reg[20]/C     | r_writeback_value_reg[5]/D    |
| Path #46  | 10.000      | 8.652      | 1.802(21%)  | 6.850(79%) | -0.040     | 1.302 | 0.035             | Timed                     | Same Clock        | 9            | 9      | FDRE/C-(78)-LUT2-(5)-LUT6-(1)-LUT3-(3)-LUT5-(2)-LUT5-(1)-LUT6-(1)-LUT6-(1)-LUT6-(1)-LUT6-(1)-FDRE/D                                   | sys_clk_pin       | sys_clk_pin     | None      | None-None      | 0            | 0                | 0             | 0       | 78          | 0         | 0          | 0          | FDRE/C                    | FDRE/D                  | r_var1_mem_reg[9]/C        | r_writeback_value_reg[31]/D   |
| Path #47  | 10.000      | 8.659      | 3.039(36%)  | 5.620(64%) | -0.101     | 1.317 | 0.035             | Timed                     | Same Clock        | 14           | 12     | FDRE/C-(53)-LUT2-(1)-CARRY4-CARRY4-CARRY4-CARRY4-CARRY4-CARRY4-LUT6-(1)-LUT6-(1)-LUT6-(1)-LUT6-(1)-LUT6-(1)-LUT6-(1)-MUXF7-FDRE/D     | sys_clk_pin       | sys_clk_pin     | None      | None-None      | 0            | 0                | 0             | 0       | 53          | 0         | 0          | 0          | FDRE/C                    | FDRE/D                  | r_reg_port_a_reg[4]/C      | r_writeback_value_reg[25]/D   |
| Path #48  | 10.000      | 8.334      | 1.324(16%)  | 7.010(84%) | -0.143     | 1.319 | 0.035             | Timed                     | Same Clock        | 7            | 8      | FDRE/C-(91)-LUT4-(1)-LUT5-(1)-LUT6-(1)-LUT6-(8)-LUT6-(3)-LUT6-(3)-LUT5-(102)-FDRE/CE                                                  | sys_clk_pin       | sys_clk_pin     | None      | None-None      | 0            | 0                | 0             | 0       | 102         | 0         | 0          | 0          | FDRE/C                    | FDRE/CE                 | r_reg_port_b_reg[27]/C     | r_div_quotient_reg[17]/CE     |
| Path #49  | 10.000      | 8.334      | 1.324(16%)  | 7.010(84%) | -0.143     | 1.319 | 0.035             | Timed                     | Same Clock        | 7            | 8      | FDRE/C-(91)-LUT4-(1)-LUT5-(1)-LUT6-(1)-LUT6-(8)-LUT6-(3)-LUT6-(3)-LUT5-(102)-FDRE/CE                                                  | sys_clk_pin       | sys_clk_pin     | None      | None-None      | 0            | 0                | 0             | 0       | 102         | 0         | 0          | 0          | FDRE/C                    | FDRE/CE                 | r_reg_port_b_reg[27]/C     | r_div_quotient_reg[20]/CE     |
| Path #50  | 10.000      | 8.334      | 1.324(16%)  | 7.010(84%) | -0.143     | 1.319 | 0.035             | Timed                     | Same Clock        | 7            | 8      | FDRE/C-(91)-LUT4-(1)-LUT5-(1)-LUT6-(1)-LUT6-(8)-LUT6-(3)-LUT6-(3)-LUT5-(102)-FDRE/CE                                                  | sys_clk_pin       | sys_clk_pin     | None      | None-None      | 0            | 0                | 0             | 0       | 102         | 0         | 0          | 0          | FDRE/C                    | FDRE/CE                 | r_reg_port_b_reg[27]/C     | r_div_quotient_reg[26]/CE     |
| Path #51  | 10.000      | 8.334      | 1.324(16%)  | 7.010(84%) | -0.143     | 1.319 | 0.035             | Timed                     | Same Clock        | 7            | 8      | FDRE/C-(91)-LUT4-(1)-LUT5-(1)-LUT6-(1)-LUT6-(8)-LUT6-(3)-LUT6-(3)-LUT5-(102)-FDRE/CE                                                  | sys_clk_pin       | sys_clk_pin     | None      | None-None      | 0            | 0                | 0             | 0       | 102         | 0         | 0          | 0          | FDRE/C                    | FDRE/CE                 | r_reg_port_b_reg[27]/C     | r_div_quotient_reg[27]/CE     |
| Path #52  | 5.000       | 3.632      | 0.456(13%)  | 3.176(87%) | 0.000      | 1.368 | 0.000             | Safely Timed              | Different Group   | 0            | 1      | FDPE/C-(56)-PHY_CONTROL/RESET                                                                                                         | clk_pll_i         |                 | None      | None-None      | 0            | 0                | 0             | 0       | 56          | 0         | 0          | 0          | FDPE/C                    | PHY_CONTROL/RESET       | rstdiv0_sync_r1_reg_rep/C  | phy_control_i/RESET           |
| Path #53  | 10.000      | 8.608      | 2.256(27%)  | 6.352(73%) | -0.041     | 1.380 | 0.035             | Timed                     | Same Clock        | 10           | 8      | FDRE/C-(125)-LUT5-(82)-LUT4-(1)-LUT6-(2)-LUT4-(2)-LUT6-(1)-LUT5-(1)-MUXF7-LUT6-(1)-LUT6-(1)-MUXF7-FDRE/D                              | sys_clk_pin       | sys_clk_pin     | None      | None-None      | 0            | 0                | 0             | 0       | 125         | 0         | 0          | 0          | FDRE/C                    | FDRE/D                  | r_var1_mem_reg[4]_rep/C    | r_writeback_value_reg[15]/D   |
| Path #54  | 10.000      | 8.285      | 1.324(16%)  | 6.961(84%) | -0.124     | 1.387 | 0.035             | Timed                     | Same Clock        | 7            | 8      | FDRE/C-(91)-LUT4-(1)-LUT5-(1)-LUT6-(1)-LUT6-(8)-LUT6-(3)-LUT6-(3)-LUT5-(102)-FDRE/CE                                                  | sys_clk_pin       | sys_clk_pin     | None      | None-None      | 0            | 0                | 0             | 0       | 102         | 0         | 0          | 0          | FDRE/C                    | FDRE/CE                 | r_reg_port_b_reg[27]/C     | r_div_dividend_reg[27]/CE     |
| Path #55  | 10.000      | 8.285      | 1.324(16%)  | 6.961(84%) | -0.124     | 1.387 | 0.035             | Timed                     | Same Clock        | 7            | 8      | FDRE/C-(91)-LUT4-(1)-LUT5-(1)-LUT6-(1)-LUT6-(8)-LUT6-(3)-LUT6-(3)-LUT5-(102)-FDRE/CE                                                  | sys_clk_pin       | sys_clk_pin     | None      | None-None      | 0            | 0                | 0             | 0       | 102         | 0         | 0          | 0          | FDRE/C                    | FDRE/CE                 | r_reg_port_b_reg[27]/C     | r_div_dividend_reg[28]/CE     |
| Path #56  | 10.000      | 8.202      | 1.324(17%)  | 6.878(83%) | -0.124     | 1.434 | 0.035             | Timed                     | Same Clock        | 7            | 8      | FDRE/C-(91)-LUT4-(1)-LUT5-(1)-LUT6-(1)-LUT6-(8)-LUT6-(3)-LUT6-(3)-LUT5-(102)-FDRE/CE                                                  | sys_clk_pin       | sys_clk_pin     | None      | None-None      | 0            | 0                | 0             | 0       | 102         | 0         | 0          | 0          | FDRE/C                    | FDRE/CE                 | r_reg_port_b_reg[27]/C     | r_div_dividend_reg[24]/CE     |
| Path #57  | 10.000      | 8.215      | 1.324(17%)  | 6.891(83%) | -0.143     | 1.438 | 0.035             | Timed                     | Same Clock        | 7            | 8      | FDRE/C-(91)-LUT4-(1)-LUT5-(1)-LUT6-(1)-LUT6-(8)-LUT6-(3)-LUT6-(3)-LUT5-(102)-FDRE/CE                                                  | sys_clk_pin       | sys_clk_pin     | None      | None-None      | 0            | 0                | 0             | 0       | 102         | 0         | 0          | 0          | FDRE/C                    | FDRE/CE                 | r_reg_port_b_reg[27]/C     | r_div_quotient_reg[21]/CE     |
| Path #58  | 10.000      | 8.215      | 1.324(17%)  | 6.891(83%) | -0.143     | 1.438 | 0.035             | Timed                     | Same Clock        | 7            | 8      | FDRE/C-(91)-LUT4-(1)-LUT5-(1)-LUT6-(1)-LUT6-(8)-LUT6-(3)-LUT6-(3)-LUT5-(102)-FDRE/CE                                                  | sys_clk_pin       | sys_clk_pin     | None      | None-None      | 0            | 0                | 0             | 0       | 102         | 0         | 0          | 0          | FDRE/C                    | FDRE/CE                 | r_reg_port_b_reg[27]/C     | r_div_quotient_reg[22]/CE     |
| Path #59  | 10.000      | 8.215      | 1.324(17%)  | 6.891(83%) | -0.143     | 1.438 | 0.035             | Timed                     | Same Clock        | 7            | 8      | FDRE/C-(91)-LUT4-(1)-LUT5-(1)-LUT6-(1)-LUT6-(8)-LUT6-(3)-LUT6-(3)-LUT5-(102)-FDRE/CE                                                  | sys_clk_pin       | sys_clk_pin     | None      | None-None      | 0            | 0                | 0             | 0       | 102         | 0         | 0          | 0          | FDRE/C                    | FDRE/CE                 | r_reg_port_b_reg[27]/C     | r_div_quotient_reg[28]/CE     |
| Path #60  | 10.000      | 8.263      | 1.324(17%)  | 6.939(83%) | -0.048     | 1.448 | 0.035             | Timed                     | Same Clock        | 7            | 8      | FDRE/C-(91)-LUT4-(1)-LUT5-(1)-LUT6-(1)-LUT6-(8)-LUT6-(3)-LUT6-(3)-LUT5-(102)-FDRE/CE                                                  | sys_clk_pin       | sys_clk_pin     | None      | None-None      | 0            | 0                | 0             | 0       | 102         | 0         | 0          | 0          | FDRE/C                    | FDRE/CE                 | r_reg_port_b_reg[27]/C     | r_div_remainder_reg[28]/CE    |
| Path #61  | 10.000      | 8.263      | 1.324(17%)  | 6.939(83%) | -0.048     | 1.448 | 0.035             | Timed                     | Same Clock        | 7            | 8      | FDRE/C-(91)-LUT4-(1)-LUT5-(1)-LUT6-(1)-LUT6-(8)-LUT6-(3)-LUT6-(3)-LUT5-(102)-FDRE/CE                                                  | sys_clk_pin       | sys_clk_pin     | None      | None-None      | 0            | 0                | 0             | 0       | 102         | 0         | 0          | 0          | FDRE/C                    | FDRE/CE                 | r_reg_port_b_reg[27]/C     | r_div_remainder_reg[30]/CE    |
| Path #62  | 10.000      | 8.242      | 3.291(40%)  | 4.951(60%) | -0.334     | 1.453 | 0.035             | Timed                     | Same Clock        | 6            | 5      | RAMB36E1/CLKBWRCLK-(2)-LUT6-(1)-LUT5-(1)-LUT6-(1)-LUT6-(1)-LUT6-(1)-MUXF7-FDRE/D                                                      | sys_clk_pin       | sys_clk_pin     | None      | DO_REG(0)-None | 0            | 0                | 0             | 0       | 2           | 0         | 0          | 0          | RAMB36E1/CLKBWRCLK        | FDRE/D                  | RAM_reg_10/CLKBWRCLK       | r_writeback_value_reg[21]/D   |
| Path #63  | 10.000      | 8.219      | 1.324(17%)  | 6.895(83%) | -0.124     | 1.453 | 0.035             | Timed                     | Same Clock        | 7            | 8      | FDRE/C-(91)-LUT4-(1)-LUT5-(1)-LUT6-(1)-LUT6-(8)-LUT6-(3)-LUT6-(3)-LUT5-(102)-FDRE/CE                                                  | sys_clk_pin       | sys_clk_pin     | None      | None-None      | 0            | 0                | 0             | 0       | 102         | 0         | 0          | 0          | FDRE/C                    | FDRE/CE                 | r_reg_port_b_reg[27]/C     | r_div_dividend_reg[29]/CE     |
| Path #64  | 10.000      | 8.532      | 2.280(27%)  | 6.252(73%) | -0.042     | 1.455 | 0.035             | Timed                     | Same Clock        | 10           | 8      | FDRE/C-(125)-LUT5-(82)-LUT4-(1)-LUT6-(2)-LUT4-(2)-LUT6-(1)-LUT6-(1)-MUXF7-LUT6-(1)-LUT6-(1)-MUXF7-FDRE/D                              | sys_clk_pin       | sys_clk_pin     | None      | None-None      | 0            | 0                | 0             | 0       | 125         | 0         | 0          | 0          | FDRE/C                    | FDRE/D                  | r_var1_mem_reg[4]_rep/C    | r_writeback_value_reg[16]/D   |
| Path #65  | 10.000      | 8.003      | 2.021(26%)  | 5.982(74%) | -0.001     | 1.464 | 0.035             | Timed                     | Same Clock        | 6            | 7      | FDRE/C-(10)-LUT4-(1)-LUT6-(12)-LUT4-(10)-LUT2-(22)-LUT2-(4)-LUT2-(40)-DSP48E1/CEA2                                                    | sys_clk_pin       | sys_clk_pin     | Seq       | None-None      | 0            | 0                | 0             | 0       | 40          | 0         | 0          | 0          | FDRE/C                    | DSP48E1/CEA2            | r_Rx_DV_reg/C              | r_mul_pipe10/CEA2             |
| Path #66  | 10.000      | 8.249      | 1.448(18%)  | 6.801(82%) | -0.046     | 1.464 | 0.035             | Timed                     | Same Clock        | 8            | 9      | FDRE/C-(91)-LUT4-(1)-LUT5-(1)-LUT6-(1)-LUT6-(8)-LUT2-(4)-LUT6-(1)-LUT6-(1)-LUT6-(36)-FDRE/CE                                          | sys_clk_pin       | sys_clk_pin     | None      | None-None      | 0            | 0                | 0             | 0       | 91          | 0         | 0          | 0          | FDRE/C                    | FDRE/CE                 | r_reg_port_b_reg[27]/C     | r_writeback_value_reg[10]/CE  |
| Path #67  | 10.000      | 8.231      | 3.167(39%)  | 5.064(61%) | -0.316     | 1.481 | 0.035             | Timed                     | Same Clock        | 5            | 4      | RAMB36E1/CLKBWRCLK-(2)-LUT6-(1)-LUT5-(1)-LUT6-(1)-LUT6-(1)-MUXF7-FDRE/D                                                               | sys_clk_pin       | sys_clk_pin     | None      | DO_REG(0)-None | 0            | 0                | 0             | 0       | 2           | 0         | 0          | 0          | RAMB36E1/CLKBWRCLK        | FDRE/D                  | RAM_reg_9/CLKBWRCLK        | r_writeback_value_reg[18]/D   |
| Path #68  | 10.000      | 8.135      | 1.324(17%)  | 6.811(83%) | -0.141     | 1.484 | 0.035             | Timed                     | Same Clock        | 7            | 8      | FDRE/C-(91)-LUT4-(1)-LUT5-(1)-LUT6-(1)-LUT6-(8)-LUT6-(3)-LUT6-(3)-LUT5-(102)-FDRE/CE                                                  | sys_clk_pin       | sys_clk_pin     | None      | None-None      | 0            | 0                | 0             | 0       | 102         | 0         | 0          | 0          | FDRE/C                    | FDRE/CE                 | r_reg_port_b_reg[27]/C     | r_div_quotient_reg[15]/CE     |
| Path #69  | 10.000      | 8.135      | 1.324(17%)  | 6.811(83%) | -0.141     | 1.484 | 0.035             | Timed                     | Same Clock        | 7            | 8      | FDRE/C-(91)-LUT4-(1)-LUT5-(1)-LUT6-(1)-LUT6-(8)-LUT6-(3)-LUT6-(3)-LUT5-(102)-FDRE/CE                                                  | sys_clk_pin       | sys_clk_pin     | None      | None-None      | 0            | 0                | 0             | 0       | 102         | 0         | 0          | 0          | FDRE/C                    | FDRE/CE                 | r_reg_port_b_reg[27]/C     | r_div_quotient_reg[16]/CE     |
| Path #70  | 10.000      | 7.954      | 2.021(26%)  | 5.933(74%) | -0.002     | 1.494 | 0.035             | Timed                     | Same Clock        | 6            | 7      | FDRE/C-(10)-LUT4-(1)-LUT6-(12)-LUT4-(10)-LUT2-(22)-LUT2-(4)-LUT2-(40)-DSP48E1/CEB2                                                    | sys_clk_pin       | sys_clk_pin     | Seq       | None-None      | 0            | 0                | 0             | 0       | 40          | 0         | 0          | 0          | FDRE/C                    | DSP48E1/CEB2            | r_Rx_DV_reg/C              | r_mul_pipe10__0/CEB2          |
| Path #71  | 10.000      | 8.116      | 1.324(17%)  | 6.792(83%) | -0.143     | 1.501 | 0.035             | Timed                     | Same Clock        | 7            | 8      | FDRE/C-(91)-LUT4-(1)-LUT5-(1)-LUT6-(1)-LUT6-(8)-LUT6-(3)-LUT6-(3)-LUT5-(102)-FDRE/CE                                                  | sys_clk_pin       | sys_clk_pin     | None      | None-None      | 0            | 0                | 0             | 0       | 102         | 0         | 0          | 0          | FDRE/C                    | FDRE/CE                 | r_reg_port_b_reg[27]/C     | r_div_quotient_reg[29]/CE     |
| Path #72  | 10.000      | 8.116      | 1.324(17%)  | 6.792(83%) | -0.143     | 1.501 | 0.035             | Timed                     | Same Clock        | 7            | 8      | FDRE/C-(91)-LUT4-(1)-LUT5-(1)-LUT6-(1)-LUT6-(8)-LUT6-(3)-LUT6-(3)-LUT5-(102)-FDRE/CE                                                  | sys_clk_pin       | sys_clk_pin     | None      | None-None      | 0            | 0                | 0             | 0       | 102         | 0         | 0          | 0          | FDRE/C                    | FDRE/CE                 | r_reg_port_b_reg[27]/C     | r_div_quotient_reg[30]/CE     |
| Path #73  | 10.000      | 7.954      | 2.021(26%)  | 5.933(74%) | -0.002     | 1.511 | 0.035             | Timed                     | Same Clock        | 6            | 7      | FDRE/C-(10)-LUT4-(1)-LUT6-(12)-LUT4-(10)-LUT2-(22)-LUT2-(4)-LUT2-(40)-DSP48E1/CEA2                                                    | sys_clk_pin       | sys_clk_pin     | Seq       | None-None      | 0            | 0                | 0             | 0       | 40          | 0         | 0          | 0          | FDRE/C                    | DSP48E1/CEA2            | r_Rx_DV_reg/C              | r_mul_pipe10__0/CEA2          |
| Path #74  | 10.000      | 8.154      | 1.324(17%)  | 6.830(83%) | -0.125     | 1.517 | 0.035             | Timed                     | Same Clock        | 7            | 8      | FDRE/C-(91)-LUT4-(1)-LUT5-(1)-LUT6-(1)-LUT6-(8)-LUT6-(3)-LUT6-(3)-LUT5-(102)-FDRE/CE                                                  | sys_clk_pin       | sys_clk_pin     | None      | None-None      | 0            | 0                | 0             | 0       | 102         | 0         | 0          | 0          | FDRE/C                    | FDRE/CE                 | r_reg_port_b_reg[27]/C     | r_div_dividend_reg[20]/CE     |
| Path #75  | 10.000      | 7.775      | 1.324(18%)  | 6.451(82%) | -0.143     | 1.523 | 0.035             | Timed                     | Same Clock        | 7            | 8      | FDRE/C-(91)-LUT4-(1)-LUT5-(1)-LUT6-(1)-LUT6-(8)-LUT6-(3)-LUT6-(3)-LUT3-(68)-FDRE/R                                                    | sys_clk_pin       | sys_clk_pin     | None      | None-None      | 0            | 0                | 0             | 0       | 91          | 0         | 0          | 0          | FDRE/C                    | FDRE/R                  | r_reg_port_b_reg[27]/C     | r_div_quotient_reg[17]/R      |
| Path #76  | 10.000      | 7.775      | 1.324(18%)  | 6.451(82%) | -0.143     | 1.523 | 0.035             | Timed                     | Same Clock        | 7            | 8      | FDRE/C-(91)-LUT4-(1)-LUT5-(1)-LUT6-(1)-LUT6-(8)-LUT6-(3)-LUT6-(3)-LUT3-(68)-FDRE/R                                                    | sys_clk_pin       | sys_clk_pin     | None      | None-None      | 0            | 0                | 0             | 0       | 91          | 0         | 0          | 0          | FDRE/C                    | FDRE/R                  | r_reg_port_b_reg[27]/C     | r_div_quotient_reg[20]/R      |
| Path #77  | 10.000      | 7.775      | 1.324(18%)  | 6.451(82%) | -0.143     | 1.523 | 0.035             | Timed                     | Same Clock        | 7            | 8      | FDRE/C-(91)-LUT4-(1)-LUT5-(1)-LUT6-(1)-LUT6-(8)-LUT6-(3)-LUT6-(3)-LUT3-(68)-FDRE/R                                                    | sys_clk_pin       | sys_clk_pin     | None      | None-None      | 0            | 0                | 0             | 0       | 91          | 0         | 0          | 0          | FDRE/C                    | FDRE/R                  | r_reg_port_b_reg[27]/C     | r_div_quotient_reg[26]/R      |
| Path #78  | 10.000      | 7.775      | 1.324(18%)  | 6.451(82%) | -0.143     | 1.523 | 0.035             | Timed                     | Same Clock        | 7            | 8      | FDRE/C-(91)-LUT4-(1)-LUT5-(1)-LUT6-(1)-LUT6-(8)-LUT6-(3)-LUT6-(3)-LUT3-(68)-FDRE/R                                                    | sys_clk_pin       | sys_clk_pin     | None      | None-None      | 0            | 0                | 0             | 0       | 91          | 0         | 0          | 0          | FDRE/C                    | FDRE/R                  | r_reg_port_b_reg[27]/C     | r_div_quotient_reg[27]/R      |
| Path #79  | 10.000      | 8.392      | 2.291(28%)  | 6.101(72%) | -0.103     | 1.533 | 0.035             | Timed                     | Same Clock        | 11           | 9      | FDRE/C-(57)-LUT4-(1)-CARRY4-CARRY4-CARRY4-CARRY4-LUT6-(1)-LUT6-(1)-LUT6-(1)-LUT6-(1)-LUT6-(1)-MUXF7-FDRE/D                            | sys_clk_pin       | sys_clk_pin     | None      | None-None      | 0            | 0                | 0             | 0       | 57          | 0         | 0          | 0          | FDRE/C                    | FDRE/D                  | r_reg_port_a_reg[0]/C      | r_writeback_value_reg[9]/D    |
| Path #80  | 10.000      | 8.080      | 1.324(17%)  | 6.756(83%) | -0.143     | 1.537 | 0.035             | Timed                     | Same Clock        | 7            | 8      | FDRE/C-(91)-LUT4-(1)-LUT5-(1)-LUT6-(1)-LUT6-(8)-LUT6-(3)-LUT6-(3)-LUT5-(102)-FDRE/CE                                                  | sys_clk_pin       | sys_clk_pin     | None      | None-None      | 0            | 0                | 0             | 0       | 102         | 0         | 0          | 0          | FDRE/C                    | FDRE/CE                 | r_reg_port_b_reg[27]/C     | r_div_quotient_reg[18]/CE     |
| Path #81  | 10.000      | 8.080      | 1.324(17%)  | 6.756(83%) | -0.143     | 1.537 | 0.035             | Timed                     | Same Clock        | 7            | 8      | FDRE/C-(91)-LUT4-(1)-LUT5-(1)-LUT6-(1)-LUT6-(8)-LUT6-(3)-LUT6-(3)-LUT5-(102)-FDRE/CE                                                  | sys_clk_pin       | sys_clk_pin     | None      | None-None      | 0            | 0                | 0             | 0       | 102         | 0         | 0          | 0          | FDRE/C                    | FDRE/CE                 | r_reg_port_b_reg[27]/C     | r_div_quotient_reg[19]/CE     |
| Path #82  | 10.000      | 8.080      | 1.324(17%)  | 6.756(83%) | -0.143     | 1.537 | 0.035             | Timed                     | Same Clock        | 7            | 8      | FDRE/C-(91)-LUT4-(1)-LUT5-(1)-LUT6-(1)-LUT6-(8)-LUT6-(3)-LUT6-(3)-LUT5-(102)-FDRE/CE                                                  | sys_clk_pin       | sys_clk_pin     | None      | None-None      | 0            | 0                | 0             | 0       | 102         | 0         | 0          | 0          | FDRE/C                    | FDRE/CE                 | r_reg_port_b_reg[27]/C     | r_div_quotient_reg[31]/CE     |
| Path #83  | 10.000      | 8.088      | 1.200(15%)  | 6.888(85%) | -0.129     | 1.542 | 0.035             | Timed                     | Same Clock        | 6            | 7      | FDRE/C-(91)-LUT4-(1)-LUT5-(1)-LUT6-(1)-LUT6-(8)-LUT6-(3)-LUT6-(38)-FDRE/CE                                                            | sys_clk_pin       | sys_clk_pin     | None      | None-None      | 0            | 0                | 0             | 0       | 91          | 0         | 0          | 0          | FDRE/C                    | FDRE/CE                 | r_reg_port_b_reg[27]/C     | r_div_divisor_reg[30]/CE      |
| Path #84  | 10.000      | 8.082      | 1.200(15%)  | 6.882(85%) | -0.129     | 1.549 | 0.035             | Timed                     | Same Clock        | 6            | 7      | FDRE/C-(91)-LUT4-(1)-LUT5-(1)-LUT6-(1)-LUT6-(8)-LUT6-(3)-LUT6-(38)-FDRE/CE                                                            | sys_clk_pin       | sys_clk_pin     | None      | None-None      | 0            | 0                | 0             | 0       | 91          | 0         | 0          | 0          | FDRE/C                    | FDRE/CE                 | r_reg_port_b_reg[27]/C     | r_div_divisor_reg[16]/CE      |
| Path #85  | 10.000      | 8.082      | 1.200(15%)  | 6.882(85%) | -0.129     | 1.549 | 0.035             | Timed                     | Same Clock        | 6            | 7      | FDRE/C-(91)-LUT4-(1)-LUT5-(1)-LUT6-(1)-LUT6-(8)-LUT6-(3)-LUT6-(38)-FDRE/CE                                                            | sys_clk_pin       | sys_clk_pin     | None      | None-None      | 0            | 0                | 0             | 0       | 91          | 0         | 0          | 0          | FDRE/C                    | FDRE/CE                 | r_reg_port_b_reg[27]/C     | r_div_divisor_reg[23]/CE      |
| Path #86  | 10.000      | 8.082      | 1.200(15%)  | 6.882(85%) | -0.129     | 1.549 | 0.035             | Timed                     | Same Clock        | 6            | 7      | FDRE/C-(91)-LUT4-(1)-LUT5-(1)-LUT6-(1)-LUT6-(8)-LUT6-(3)-LUT6-(38)-FDRE/CE                                                            | sys_clk_pin       | sys_clk_pin     | None      | None-None      | 0            | 0                | 0             | 0       | 91          | 0         | 0          | 0          | FDRE/C                    | FDRE/CE                 | r_reg_port_b_reg[27]/C     | r_div_divisor_reg[24]/CE      |
| Path #87  | 10.000      | 8.455      | 2.223(27%)  | 6.232(73%) | -0.023     | 1.550 | 0.035             | Timed                     | Same Clock        | 9            | 7      | FDRE/C-(96)-LUT5-(4)-LUT6-(2)-LUT3-(3)-LUT6-(1)-LUT6-(1)-MUXF7-LUT5-(1)-LUT6-(1)-MUXF7-FDRE/D                                         | sys_clk_pin       | sys_clk_pin     | None      | None-None      | 0            | 0                | 0             | 0       | 96          | 0         | 0          | 0          | FDRE/C                    | FDRE/D                  | r_reg_port_b_reg[15]/C     | r_writeback_value_reg[24]/D   |
| Path #88  | 10.000      | 8.191      | 1.324(17%)  | 6.867(83%) | -0.047     | 1.558 | 0.035             | Timed                     | Same Clock        | 7            | 8      | FDRE/C-(91)-LUT4-(1)-LUT5-(1)-LUT6-(1)-LUT6-(8)-LUT6-(3)-LUT6-(3)-LUT5-(102)-FDRE/CE                                                  | sys_clk_pin       | sys_clk_pin     | None      | None-None      | 0            | 0                | 0             | 0       | 102         | 0         | 0          | 0          | FDRE/C                    | FDRE/CE                 | r_reg_port_b_reg[27]/C     | r_div_quotient_reg[4]/CE      |
| Path #89  | 10.000      | 8.191      | 1.324(17%)  | 6.867(83%) | -0.047     | 1.558 | 0.035             | Timed                     | Same Clock        | 7            | 8      | FDRE/C-(91)-LUT4-(1)-LUT5-(1)-LUT6-(1)-LUT6-(8)-LUT6-(3)-LUT6-(3)-LUT5-(102)-FDRE/CE                                                  | sys_clk_pin       | sys_clk_pin     | None      | None-None      | 0            | 0                | 0             | 0       | 102         | 0         | 0          | 0          | FDRE/C                    | FDRE/CE                 | r_reg_port_b_reg[27]/C     | r_div_quotient_reg[5]/CE      |
| Path #90  | 10.000      | 8.191      | 1.324(17%)  | 6.867(83%) | -0.047     | 1.558 | 0.035             | Timed                     | Same Clock        | 7            | 8      | FDRE/C-(91)-LUT4-(1)-LUT5-(1)-LUT6-(1)-LUT6-(8)-LUT6-(3)-LUT6-(3)-LUT5-(102)-FDRE/CE                                                  | sys_clk_pin       | sys_clk_pin     | None      | None-None      | 0            | 0                | 0             | 0       | 102         | 0         | 0          | 0          | FDRE/C                    | FDRE/CE                 | r_reg_port_b_reg[27]/C     | r_div_quotient_reg[6]/CE      |
| Path #91  | 10.000      | 8.191      | 1.324(17%)  | 6.867(83%) | -0.047     | 1.558 | 0.035             | Timed                     | Same Clock        | 7            | 8      | FDRE/C-(91)-LUT4-(1)-LUT5-(1)-LUT6-(1)-LUT6-(8)-LUT6-(3)-LUT6-(3)-LUT5-(102)-FDRE/CE                                                  | sys_clk_pin       | sys_clk_pin     | None      | None-None      | 0            | 0                | 0             | 0       | 102         | 0         | 0          | 0          | FDRE/C                    | FDRE/CE                 | r_reg_port_b_reg[27]/C     | r_div_quotient_reg[7]/CE      |
| Path #92  | 10.000      | 7.824      | 1.324(17%)  | 6.500(83%) | -0.047     | 1.570 | 0.035             | Timed                     | Same Clock        | 7            | 8      | FDRE/C-(91)-LUT4-(1)-LUT5-(1)-LUT6-(1)-LUT6-(8)-LUT6-(3)-LUT6-(3)-LUT3-(68)-FDRE/R                                                    | sys_clk_pin       | sys_clk_pin     | None      | None-None      | 0            | 0                | 0             | 0       | 91          | 0         | 0          | 0          | FDRE/C                    | FDRE/R                  | r_reg_port_b_reg[27]/C     | r_div_quotient_reg[11]/R      |
| Path #93  | 10.000      | 7.824      | 1.324(17%)  | 6.500(83%) | -0.047     | 1.570 | 0.035             | Timed                     | Same Clock        | 7            | 8      | FDRE/C-(91)-LUT4-(1)-LUT5-(1)-LUT6-(1)-LUT6-(8)-LUT6-(3)-LUT6-(3)-LUT3-(68)-FDRE/R                                                    | sys_clk_pin       | sys_clk_pin     | None      | None-None      | 0            | 0                | 0             | 0       | 91          | 0         | 0          | 0          | FDRE/C                    | FDRE/R                  | r_reg_port_b_reg[27]/C     | r_div_quotient_reg[12]/R      |
| Path #94  | 10.000      | 7.824      | 1.324(17%)  | 6.500(83%) | -0.047     | 1.570 | 0.035             | Timed                     | Same Clock        | 7            | 8      | FDRE/C-(91)-LUT4-(1)-LUT5-(1)-LUT6-(1)-LUT6-(8)-LUT6-(3)-LUT6-(3)-LUT3-(68)-FDRE/R                                                    | sys_clk_pin       | sys_clk_pin     | None      | None-None      | 0            | 0                | 0             | 0       | 91          | 0         | 0          | 0          | FDRE/C                    | FDRE/R                  | r_reg_port_b_reg[27]/C     | r_div_quotient_reg[13]/R      |
| Path #95  | 10.000      | 7.824      | 1.324(17%)  | 6.500(83%) | -0.047     | 1.570 | 0.035             | Timed                     | Same Clock        | 7            | 8      | FDRE/C-(91)-LUT4-(1)-LUT5-(1)-LUT6-(1)-LUT6-(8)-LUT6-(3)-LUT6-(3)-LUT3-(68)-FDRE/R                                                    | sys_clk_pin       | sys_clk_pin     | None      | None-None      | 0            | 0                | 0             | 0       | 91          | 0         | 0          | 0          | FDRE/C                    | FDRE/R                  | r_reg_port_b_reg[27]/C     | r_div_quotient_reg[14]/R      |
| Path #96  | 10.000      | 8.100      | 1.324(17%)  | 6.776(83%) | -0.125     | 1.570 | 0.035             | Timed                     | Same Clock        | 7            | 8      | FDRE/C-(91)-LUT4-(1)-LUT5-(1)-LUT6-(1)-LUT6-(8)-LUT6-(3)-LUT6-(3)-LUT5-(102)-FDRE/CE                                                  | sys_clk_pin       | sys_clk_pin     | None      | None-None      | 0            | 0                | 0             | 0       | 102         | 0         | 0          | 0          | FDRE/C                    | FDRE/CE                 | r_reg_port_b_reg[27]/C     | r_div_dividend_reg[13]/CE     |
| Path #97  | 10.000      | 8.060      | 1.324(17%)  | 6.736(83%) | -0.124     | 1.576 | 0.035             | Timed                     | Same Clock        | 7            | 8      | FDRE/C-(91)-LUT4-(1)-LUT5-(1)-LUT6-(1)-LUT6-(8)-LUT6-(3)-LUT6-(3)-LUT5-(102)-FDRE/CE                                                  | sys_clk_pin       | sys_clk_pin     | None      | None-None      | 0            | 0                | 0             | 0       | 102         | 0         | 0          | 0          | FDRE/C                    | FDRE/CE                 | r_reg_port_b_reg[27]/C     | r_div_dividend_reg[23]/CE     |
| Path #98  | 10.000      | 8.382      | 1.800(22%)  | 6.582(78%) | -0.039     | 1.576 | 0.035             | Timed                     | Same Clock        | 9            | 9      | FDRE/C-(125)-LUT5-(82)-LUT5-(2)-LUT6-(2)-LUT4-(2)-LUT6-(1)-LUT6-(1)-LUT6-(1)-LUT6-(1)-LUT6-(1)-FDRE/D                                 | sys_clk_pin       | sys_clk_pin     | None      | None-None      | 0            | 0                | 0             | 0       | 125         | 0         | 0          | 0          | FDRE/C                    | FDRE/D                  | r_var1_mem_reg[4]_rep/C    | r_writeback_value_reg[19]/D   |
| Path #99  | 10.000      | 8.087      | 2.021(25%)  | 6.066(75%) | -0.094     | 1.578 | 0.035             | Timed                     | Same Clock        | 6            | 7      | FDRE/C-(10)-LUT4-(1)-LUT6-(12)-LUT4-(10)-LUT2-(22)-LUT2-(4)-LUT2-(40)-FDRE/CE                                                         | sys_clk_pin       | sys_clk_pin     | None      | None-None      | 0            | 0                | 0             | 0       | 40          | 0         | 0          | 0          | FDRE/C                    | FDRE/CE                 | r_Rx_DV_reg/C              | r_mul_operand_a_reg[20]/CE    |
| Path #100 | 10.000      | 8.087      | 2.021(25%)  | 6.066(75%) | -0.094     | 1.578 | 0.035             | Timed                     | Same Clock        | 6            | 7      | FDRE/C-(10)-LUT4-(1)-LUT6-(12)-LUT4-(10)-LUT2-(22)-LUT2-(4)-LUT2-(40)-FDRE/CE                                                         | sys_clk_pin       | sys_clk_pin     | None      | None-None      | 0            | 0                | 0             | 0       | 40          | 0         | 0          | 0          | FDRE/C                    | FDRE/CE                 | r_Rx_DV_reg/C              | r_mul_operand_a_reg[22]/CE    |
+-----------+-------------+------------+-------------+------------+------------+-------+-------------------+---------------------------+-------------------+--------------+--------+---------------------------------------------------------------------------------------------------------------------------------------+-------------------+-----------------+-----------+----------------+--------------+------------------+---------------+---------+-------------+-----------+------------+------------+---------------------------+-------------------------+----------------------------+-------------------------------+
* Bounding box calculated as % of dimensions for the target device (244, 400)


2. Logic Level Distribution
---------------------------

+-------------------+-------------+---+----+-----+---+----+----+----+-----+----+----+----+----+----+----+
|  End Point Clock  | Requirement | 0 |  1 |  2  | 3 |  4 |  5 |  6 |  7  |  8 |  9 | 10 | 11 | 13 | 14 |
+-------------------+-------------+---+----+-----+---+----+----+----+-----+----+----+----+----+----+----+
| (none)            | 5.000ns     | 1 |  0 |   0 | 0 |  0 |  0 |  0 |   0 |  0 |  0 |  0 |  0 |  0 |  0 |
| clk_200_clk_wiz_0 | 5.000ns     | 0 | 15 |   3 | 0 |  0 |  0 |  0 |   0 |  0 |  0 |  0 |  0 |  0 |  0 |
| mem_refclk        | 2.812ns     | 1 |  0 |   0 | 0 |  0 |  0 |  0 |   0 |  0 |  0 |  0 |  0 |  0 |  0 |
| sys_clk_pin       | 10.000ns    | 0 | 31 | 408 | 2 | 22 | 77 | 70 | 232 | 67 | 14 | 30 |  1 |  1 | 25 |
+-------------------+-------------+---+----+-----+---+----+----+----+-----+----+----+----+----+----+----+
* Columns represent the logic levels per end point clock
** Distribution is for top worst 1000 paths


3. Placer Final Level Congestion Reporting
------------------------------------------

+-----------+------+-------+------------+--------+---------------+----------------+-----+--------+------+------+------+-----+-------+-----+------------+
| Direction | Type | Level | Congestion | Window | Combined LUTs | Avg LUT Inputs | LUT | LUTRAM | Flop | MUXF | RAMB | DSP | CARRY | SRL | Cell Names |
+-----------+------+-------+------------+--------+---------------+----------------+-----+--------+------+------+------+-----+-------+-----+------------+
* No congestion windows are found above level 5


4. Initial Estimated Router Congestion Reporting
------------------------------------------------

+-----------+------+-------+------------------+--------+---------------+----------------+-----+--------+------+------+------+-----+-------+-----+------------+
| Direction | Type | Level | Percentage Tiles | Window | Combined LUTs | Avg LUT Inputs | LUT | LUTRAM | Flop | MUXF | RAMB | DSP | CARRY | SRL | Cell Names |
+-----------+------+-------+------------------+--------+---------------+----------------+-----+--------+------+------+------+-----+-------+-----+------------+
* No initial estimated congestion windows are found above level 5


