
*** Running vivado
    with args -log FPGA_CPU_32_bits_cache.vdi -applog -m64 -product Vivado -messageDb vivado.pb -mode batch -source FPGA_CPU_32_bits_cache.tcl -notrace


****** Vivado v2025.2 (64-bit)
  **** SW Build 6299465 on Fri Nov 14 12:34:56 MST 2025
  **** IP Build 6300035 on Fri Nov 14 10:48:45 MST 2025
  **** SharedData Build 6298862 on Thu Nov 13 04:50:51 MST 2025
  **** Start of session at: Mon Mar 30 11:38:47 2026
    ** Copyright 1986-2022 Xilinx, Inc. All Rights Reserved.
    ** Copyright 2022-2025 Advanced Micro Devices, Inc. All Rights Reserved.

source FPGA_CPU_32_bits_cache.tcl -notrace
Command: link_design -top FPGA_CPU_32_bits_cache -part xc7a100tcsg324-1
Design is defaulting to srcset: sources_1
Design is defaulting to constrset: constrs_1
INFO: [Device 21-403] Loading part xc7a100tcsg324-1
INFO: [Project 1-5699] Read binary netlist with skipMacroContent - 1
INFO: [Project 1-454] Reading design checkpoint '/home/graham/Documents/src/fpga/FPGA_CPU_32_DDR_cache/FPGA_CPU_32_DDR_cache.runs/impl_1/.Xil/Vivado-5394-Garuda/clk_wiz_0_1/clk_wiz_0.dcp' for cell 'mem_read_write/clk_wiz_0'
INFO: [Project 1-454] Reading design checkpoint '/home/graham/Documents/src/fpga/FPGA_CPU_32_DDR_cache/FPGA_CPU_32_DDR_cache.srcs/sources_1/ip/mig_7series_0/mig_7series_0.dcp' for cell 'mem_read_write/ddr2_control/mig_7series_0'
Netlist sorting complete. Time (s): cpu = 00:00:00.11 ; elapsed = 00:00:00.11 . Memory (MB): peak = 1768.102 ; gain = 0.000 ; free physical = 8669 ; free virtual = 28013
INFO: [Netlist 29-17] Analyzing 1022 Unisim elements for replacement
INFO: [Netlist 29-28] Unisim Transformation completed in 0 CPU seconds
INFO: [Project 1-479] Netlist was created with Vivado 2025.1
INFO: [Project 1-570] Preparing netlist for logic optimization
Parsing XDC File [/home/graham/Documents/src/fpga/FPGA_CPU_32_DDR_cache/FPGA_CPU_32_DDR_cache.srcs/sources_1/ip/mig_7series_0/mig_7series_0/user_design/constraints/mig_7series_0.xdc] for cell 'mem_read_write/ddr2_control/mig_7series_0'
Finished Parsing XDC File [/home/graham/Documents/src/fpga/FPGA_CPU_32_DDR_cache/FPGA_CPU_32_DDR_cache.srcs/sources_1/ip/mig_7series_0/mig_7series_0/user_design/constraints/mig_7series_0.xdc] for cell 'mem_read_write/ddr2_control/mig_7series_0'
Parsing XDC File [/home/graham/Documents/src/fpga/FPGA_CPU_32_DDR_cache/FPGA_CPU_32_DDR_cache.srcs/sources_1/ip/clk_wiz_0_1/clk_wiz_0_board.xdc] for cell 'mem_read_write/clk_wiz_0/inst'
Finished Parsing XDC File [/home/graham/Documents/src/fpga/FPGA_CPU_32_DDR_cache/FPGA_CPU_32_DDR_cache.srcs/sources_1/ip/clk_wiz_0_1/clk_wiz_0_board.xdc] for cell 'mem_read_write/clk_wiz_0/inst'
Parsing XDC File [/home/graham/Documents/src/fpga/FPGA_CPU_32_DDR_cache/FPGA_CPU_32_DDR_cache.srcs/sources_1/ip/clk_wiz_0_1/clk_wiz_0.xdc] for cell 'mem_read_write/clk_wiz_0/inst'
Finished Parsing XDC File [/home/graham/Documents/src/fpga/FPGA_CPU_32_DDR_cache/FPGA_CPU_32_DDR_cache.srcs/sources_1/ip/clk_wiz_0_1/clk_wiz_0.xdc] for cell 'mem_read_write/clk_wiz_0/inst'
Parsing XDC File [/home/graham/Documents/src/fpga/FPGA_CPU_32_DDR_cache/FPGA_CPU_32_DDR_cache.srcs/constrs_1/imports/new/nexys_ddr.xdc]
Finished Parsing XDC File [/home/graham/Documents/src/fpga/FPGA_CPU_32_DDR_cache/FPGA_CPU_32_DDR_cache.srcs/constrs_1/imports/new/nexys_ddr.xdc]
Parsing XDC File [/home/graham/Documents/src/fpga/FPGA_CPU_32_DDR_cache/FPGA_CPU_32_DDR_cache.srcs/sources_1/ip/clk_wiz_0_1/clk_wiz_0_late.xdc] for cell 'mem_read_write/clk_wiz_0/inst'
Finished Parsing XDC File [/home/graham/Documents/src/fpga/FPGA_CPU_32_DDR_cache/FPGA_CPU_32_DDR_cache.srcs/sources_1/ip/clk_wiz_0_1/clk_wiz_0_late.xdc] for cell 'mem_read_write/clk_wiz_0/inst'
INFO: [Opt 31-138] Pushed 0 inverter(s) to 0 load pin(s).
Netlist sorting complete. Time (s): cpu = 00:00:00 ; elapsed = 00:00:00 . Memory (MB): peak = 2011.270 ; gain = 0.000 ; free physical = 8517 ; free virtual = 27863
INFO: [Project 1-111] Unisim Transformation Summary:
  A total of 301 instances were transformed.
  IOBUFDS_INTERMDISABLE => IOBUFDS_INTERMDISABLE (IBUFDS_INTERMDISABLE_INT(x2), INV, OBUFTDS(x2)): 2 instances
  IOBUF_INTERMDISABLE => IOBUF_INTERMDISABLE (IBUF_INTERMDISABLE, OBUFT): 16 instances
  OBUFDS => OBUFDS_DUAL_BUF (INV, OBUFDS(x2)): 1 instance 
  RAM256X1S => RAM256X1S (MUXF7(x2), MUXF8, RAMS64E(x4)): 192 instances
  RAM32M => RAM32M (RAMD32(x6), RAMS32(x2)): 88 instances
  RAM32X1D => RAM32X1D (RAMD32(x2)): 2 instances

10 Infos, 0 Warnings, 0 Critical Warnings and 0 Errors encountered.
link_design completed successfully
link_design: Time (s): cpu = 00:00:07 ; elapsed = 00:00:07 . Memory (MB): peak = 2011.305 ; gain = 402.227 ; free physical = 8517 ; free virtual = 27862
Command: opt_design -directive RuntimeOptimized
INFO: [Vivado_Tcl 4-136] Directive used for opt_design is: RuntimeOptimized
Attempting to get a license for feature 'Implementation' and/or device 'xc7a100t'
INFO: [Common 17-349] Got license for feature 'Implementation' and/or device 'xc7a100t'
Running DRC as a precondition to command opt_design

Starting DRC Task
INFO: [DRC 23-27] Running DRC with 8 threads
INFO: [Project 1-461] DRC finished with 0 Errors
INFO: [Project 1-462] Please refer to the DRC report (report_drc) for more information.

Time (s): cpu = 00:00:02 ; elapsed = 00:00:00.81 . Memory (MB): peak = 2065.801 ; gain = 54.496 ; free physical = 8464 ; free virtual = 27809

Starting Logic Optimization Task

Phase 1 Initialization

Phase 1.1 Core Generation And Design Setup
Phase 1.1 Core Generation And Design Setup | Checksum: 291177e09

Time (s): cpu = 00:00:00.01 ; elapsed = 00:00:00.02 . Memory (MB): peak = 2395.613 ; gain = 0.000 ; free physical = 8140 ; free virtual = 27485

Phase 1.2 Setup Constraints And Sort Netlist
Phase 1.2 Setup Constraints And Sort Netlist | Checksum: 291177e09

Time (s): cpu = 00:00:00.03 ; elapsed = 00:00:00.03 . Memory (MB): peak = 2395.613 ; gain = 0.000 ; free physical = 8140 ; free virtual = 27485
Phase 1 Initialization | Checksum: 291177e09

Time (s): cpu = 00:00:00.03 ; elapsed = 00:00:00.04 . Memory (MB): peak = 2395.613 ; gain = 0.000 ; free physical = 8140 ; free virtual = 27485

Phase 2 Timer Update And Timing Data Collection

Phase 2.1 Detect if minReqCache needed
Phase 2.1 Detect if minReqCache needed | Checksum: 291177e09

Time (s): cpu = 00:00:00.04 ; elapsed = 00:00:00.05 . Memory (MB): peak = 2398.582 ; gain = 2.969 ; free physical = 8136 ; free virtual = 27481

Phase 2.2 Timer Update
INFO: [Timing 38-35] Done setting XDC timing constraints.
INFO: [Timing 38-2] Deriving generated clocks
Phase 2.2 Timer Update | Checksum: 291177e09

Time (s): cpu = 00:00:08 ; elapsed = 00:00:07 . Memory (MB): peak = 2828.410 ; gain = 432.797 ; free physical = 7703 ; free virtual = 27064

Phase 2.3 Timing Data Collection
Phase 2.3 Timing Data Collection | Checksum: 291177e09

Time (s): cpu = 00:00:08 ; elapsed = 00:00:07 . Memory (MB): peak = 2828.410 ; gain = 432.797 ; free physical = 7703 ; free virtual = 27064
Phase 2 Timer Update And Timing Data Collection | Checksum: 291177e09

Time (s): cpu = 00:00:08 ; elapsed = 00:00:07 . Memory (MB): peak = 2828.410 ; gain = 432.797 ; free physical = 7703 ; free virtual = 27064

Phase 3 Retarget
INFO: [Opt 31-1851] Number of loadless carry chains removed were: 0
INFO: [Opt 31-1834] Total Chains To Be Transformed Were: 0 AND Number of Transformed insts Created are: 0
INFO: [Opt 31-1566] Pulled 7 inverters resulting in an inversion of 77 pins
INFO: [Opt 31-138] Pushed 8 inverter(s) to 8 load pin(s).
INFO: [Opt 31-49] Retargeted 0 cell(s).
Phase 3 Retarget | Checksum: 246c18c12

Time (s): cpu = 00:00:08 ; elapsed = 00:00:07 . Memory (MB): peak = 2828.410 ; gain = 432.797 ; free physical = 7703 ; free virtual = 27064
Retarget | Checksum: 246c18c12
INFO: [Opt 31-389] Phase Retarget created 41 cells and removed 127 cells
INFO: [Opt 31-1021] In phase Retarget, 19 netlist objects are constrained preventing optimization. Please run opt_design with -debug_log to get more detail. 

Phase 4 Constant propagation
INFO: [Opt 31-138] Pushed 0 inverter(s) to 0 load pin(s).
Phase 4 Constant propagation | Checksum: 26d010931

Time (s): cpu = 00:00:08 ; elapsed = 00:00:07 . Memory (MB): peak = 2828.410 ; gain = 432.797 ; free physical = 7703 ; free virtual = 27064
Constant propagation | Checksum: 26d010931
INFO: [Opt 31-389] Phase Constant propagation created 15 cells and removed 45 cells

Phase 5 Sweep
INFO: [Constraints 18-11670] Building netlist checker database with flags, 0x8
Done building netlist checker database: Time (s): cpu = 00:00:00 ; elapsed = 00:00:00 . Memory (MB): peak = 2828.410 ; gain = 0.000 ; free physical = 7703 ; free virtual = 27064
INFO: [Constraints 18-11670] Building netlist checker database with flags, 0x8
Done building netlist checker database: Time (s): cpu = 00:00:00 ; elapsed = 00:00:00 . Memory (MB): peak = 2828.410 ; gain = 0.000 ; free physical = 7703 ; free virtual = 27064
Phase 5 Sweep | Checksum: 27cf1e185

Time (s): cpu = 00:00:08 ; elapsed = 00:00:08 . Memory (MB): peak = 2828.410 ; gain = 432.797 ; free physical = 7703 ; free virtual = 27064
Sweep | Checksum: 27cf1e185
INFO: [Opt 31-389] Phase Sweep created 0 cells and removed 174 cells

Phase 6 BUFG optimization
Phase 6 BUFG optimization | Checksum: 27cf1e185

Time (s): cpu = 00:00:08 ; elapsed = 00:00:08 . Memory (MB): peak = 2860.426 ; gain = 464.812 ; free physical = 7703 ; free virtual = 27063
BUFG optimization | Checksum: 27cf1e185
INFO: [Opt 31-662] Phase BUFG optimization created 0 cells of which 0 are BUFGs and removed 0 cells.

Phase 7 Shift Register Optimization
INFO: [Opt 31-1064] SRL Remap converted 0 SRLs to 0 registers and converted 0 registers of register chains to 0 SRLs
Phase 7 Shift Register Optimization | Checksum: 27cf1e185

Time (s): cpu = 00:00:09 ; elapsed = 00:00:08 . Memory (MB): peak = 2860.426 ; gain = 464.812 ; free physical = 7703 ; free virtual = 27063
Shift Register Optimization | Checksum: 27cf1e185
INFO: [Opt 31-389] Phase Shift Register Optimization created 0 cells and removed 0 cells

Phase 8 Post Processing Netlist
Phase 8 Post Processing Netlist | Checksum: 27cf1e185

Time (s): cpu = 00:00:09 ; elapsed = 00:00:08 . Memory (MB): peak = 2860.426 ; gain = 464.812 ; free physical = 7703 ; free virtual = 27063
Post Processing Netlist | Checksum: 27cf1e185
INFO: [Opt 31-389] Phase Post Processing Netlist created 0 cells and removed 0 cells
INFO: [Opt 31-1021] In phase Post Processing Netlist, 1 netlist objects are constrained preventing optimization. Please run opt_design with -debug_log to get more detail. 

Phase 9 Finalization

Phase 9.1 Finalizing Design Cores and Updating Shapes
Phase 9.1 Finalizing Design Cores and Updating Shapes | Checksum: 281ada117

Time (s): cpu = 00:00:09 ; elapsed = 00:00:08 . Memory (MB): peak = 2860.426 ; gain = 464.812 ; free physical = 7703 ; free virtual = 27063

Phase 9.2 Verifying Netlist Connectivity

Starting Connectivity Check Task

Time (s): cpu = 00:00:00.03 ; elapsed = 00:00:00.03 . Memory (MB): peak = 2860.426 ; gain = 0.000 ; free physical = 7703 ; free virtual = 27063
Phase 9.2 Verifying Netlist Connectivity | Checksum: 281ada117

Time (s): cpu = 00:00:09 ; elapsed = 00:00:08 . Memory (MB): peak = 2860.426 ; gain = 464.812 ; free physical = 7703 ; free virtual = 27063
Phase 9 Finalization | Checksum: 281ada117

Time (s): cpu = 00:00:09 ; elapsed = 00:00:08 . Memory (MB): peak = 2860.426 ; gain = 464.812 ; free physical = 7703 ; free virtual = 27063
Opt_design Change Summary
=========================


-------------------------------------------------------------------------------------------------------------------------
|  Phase                        |  #Cells created  |  #Cells Removed  |  #Constrained objects preventing optimizations  |
-------------------------------------------------------------------------------------------------------------------------
|  Retarget                     |              41  |             127  |                                             19  |
|  Constant propagation         |              15  |              45  |                                              0  |
|  Sweep                        |               0  |             174  |                                              0  |
|  BUFG optimization            |               0  |               0  |                                              0  |
|  Shift Register Optimization  |               0  |               0  |                                              0  |
|  Post Processing Netlist      |               0  |               0  |                                              1  |
-------------------------------------------------------------------------------------------------------------------------


Ending Logic Optimization Task | Checksum: 281ada117

Time (s): cpu = 00:00:09 ; elapsed = 00:00:08 . Memory (MB): peak = 2860.426 ; gain = 464.812 ; free physical = 7703 ; free virtual = 27063
Netlist sorting complete. Time (s): cpu = 00:00:00.01 ; elapsed = 00:00:00 . Memory (MB): peak = 2860.426 ; gain = 0.000 ; free physical = 7703 ; free virtual = 27063
INFO: [Common 17-83] Releasing license: Implementation
35 Infos, 0 Warnings, 0 Critical Warnings and 0 Errors encountered.
opt_design completed successfully
opt_design: Time (s): cpu = 00:00:14 ; elapsed = 00:00:13 . Memory (MB): peak = 2860.426 ; gain = 849.121 ; free physical = 7703 ; free virtual = 27063
INFO: [Vivado 12-24828] Executing command : report_drc -file opt_report_drc_0.rpt -pb opt_report_drc_0.pb -rpx opt_report_drc_0.rpx
Command: report_drc -file opt_report_drc_0.rpt -pb opt_report_drc_0.pb -rpx opt_report_drc_0.rpx
INFO: [IP_Flow 19-1839] IP Catalog is up to date.
INFO: [DRC 23-27] Running DRC with 8 threads
INFO: [Vivado_Tcl 2-168] The results of DRC are in file /home/graham/Documents/src/fpga/FPGA_CPU_32_DDR_cache/FPGA_CPU_32_DDR_cache.runs/impl_1/opt_report_drc_0.rpt.
report_drc completed successfully
INFO: [Vivado 12-24828] Executing command : report_methodology -file opt_report_methodology_0.rpt -pb opt_report_methodology_0.pb -rpx opt_report_methodology_0.rpx
Command: report_methodology -file opt_report_methodology_0.rpt -pb opt_report_methodology_0.pb -rpx opt_report_methodology_0.rpx
INFO: [Timing 38-35] Done setting XDC timing constraints.
INFO: [Timing 38-35] Done setting XDC timing constraints.
INFO: [DRC 23-133] Running Methodology with 8 threads
INFO: [Vivado_Tcl 2-1520] The results of Report Methodology are in file /home/graham/Documents/src/fpga/FPGA_CPU_32_DDR_cache/FPGA_CPU_32_DDR_cache.runs/impl_1/opt_report_methodology_0.rpt.
report_methodology completed successfully
INFO: [Vivado 12-24828] Executing command : report_timing_summary -max_paths 10 -report_unconstrained -file opt_report_timing_summary_0.rpt -pb opt_report_timing_summary_0.pb -rpx opt_report_timing_summary_0.rpx
INFO: [Timing 38-35] Done setting XDC timing constraints.
INFO: [Timing 38-91] UpdateTimingParams: Speed grade: -1, Delay Type: min_max.
INFO: [Timing 38-191] Multithreading enabled for timing update using a maximum of 8 CPUs
INFO: [Vivado 12-24838] Running report commands "report_qor_assessment, report_utilization" in parallel.
Running report generation with 2 threads.
INFO: [Vivado 12-24828] Executing command : report_utilization -file opt_report_utilization_0.rpt -pb opt_report_utilization_0.pb
Congestion Prediction Time (s): cpu = 00:00:00.73 ; elapsed = 00:00:00.5 . Memory (MB): peak = 2996.492 ; gain = 0.000 ; free physical = 7692 ; free virtual = 27061
INFO: [Implflow 47-1309] PredResultString: 0:53.67:46.33
INFO: [Vivado 12-24828] Executing command : report_qor_assessment -max_paths 100 -file opt_report_qor_assessment_0.rpt -pb opt_report_qor_assessment_0.pb
Command: report_qor_assessment -max_paths 100 -file opt_report_qor_assessment_0.rpt -pb opt_report_qor_assessment_0.pb
report_qor_assessment completed successfully
report_qor_assessment: Time (s): cpu = 00:00:14 ; elapsed = 00:00:05 . Memory (MB): peak = 2996.492 ; gain = 136.066 ; free physical = 7684 ; free virtual = 27054
generate_parallel_reports: Time (s): cpu = 00:00:30 ; elapsed = 00:00:12 . Memory (MB): peak = 2996.492 ; gain = 136.066 ; free physical = 7684 ; free virtual = 27054
Wrote PlaceDB: Time (s): cpu = 00:00:00 ; elapsed = 00:00:00 . Memory (MB): peak = 2996.492 ; gain = 0.000 ; free physical = 7684 ; free virtual = 27054
INFO: [Timing 38-480] Writing timing data to binary archive.
Wrote PulsedLatchDB: Time (s): cpu = 00:00:00 ; elapsed = 00:00:00 . Memory (MB): peak = 2996.492 ; gain = 0.000 ; free physical = 7684 ; free virtual = 27054
Writing XDEF routing.
Writing XDEF routing logical nets.
Write ShapeDB Complete: Time (s): cpu = 00:00:00.12 ; elapsed = 00:00:00.03 . Memory (MB): peak = 2996.492 ; gain = 0.000 ; free physical = 7683 ; free virtual = 27054
Writing XDEF routing special nets.
Wrote RouteStorage: Time (s): cpu = 00:00:00.14 ; elapsed = 00:00:00.04 . Memory (MB): peak = 2996.492 ; gain = 0.000 ; free physical = 7683 ; free virtual = 27055
Wrote PlaceStorage: Time (s): cpu = 00:00:00.04 ; elapsed = 00:00:00.01 . Memory (MB): peak = 2996.492 ; gain = 0.000 ; free physical = 7683 ; free virtual = 27055
Wrote Netlist Cache: Time (s): cpu = 00:00:00 ; elapsed = 00:00:00 . Memory (MB): peak = 2996.492 ; gain = 0.000 ; free physical = 7683 ; free virtual = 27055
Wrote Device Cache: Time (s): cpu = 00:00:00.02 ; elapsed = 00:00:00.01 . Memory (MB): peak = 2996.492 ; gain = 0.000 ; free physical = 7682 ; free virtual = 27055
Write Physdb Complete: Time (s): cpu = 00:00:00.21 ; elapsed = 00:00:00.06 . Memory (MB): peak = 2996.492 ; gain = 0.000 ; free physical = 7682 ; free virtual = 27055
INFO: [Common 17-1381] The checkpoint '/home/graham/Documents/src/fpga/FPGA_CPU_32_DDR_cache/FPGA_CPU_32_DDR_cache.runs/impl_1/FPGA_CPU_32_bits_cache_opt.dcp' has been generated.
Command: read_checkpoint -auto_incremental -directive RuntimeOptimized -incremental /home/graham/Documents/src/fpga/FPGA_CPU_32_DDR_cache/FPGA_CPU_32_DDR_cache.srcs/utils_1/imports/impl_1/FPGA_CPU_32_bits_cache_routed.dcp
INFO: [Vivado 12-9151] Incremental flow is being run with directive 'RuntimeOptimized'. This will override place_design, post-place phys_opt_design and route_design directives.

Starting Incremental read checkpoint Task

Phase 1 Process Reference Checkpoint Netlist
INFO: [Netlist 29-17] Analyzing 1035 Unisim elements for replacement
INFO: [Netlist 29-28] Unisim Transformation completed in 0 CPU seconds

Time (s): cpu = 00:00:00.98 ; elapsed = 00:00:01 . Memory (MB): peak = 2996.492 ; gain = 0.000 ; free physical = 7672 ; free virtual = 27049
WARNING: [Vivado 12-12053] Cell Matching (81.91 %) is less than the threshold (94.00 %) needed to run Incremental flow.
INFO: [Vivado 12-23581] Flow is switching to default flow due to incremental criteria not met.
If you would like to continue the incremental flow re-run read_checkpoint -incremental command with -force_incr switch.
If you would like to alter this behaviour and have the flow terminate instead, please set the following parameter config_implementation {autoIncr.Impl.RejectBehavior Terminate}

Time (s): cpu = 00:00:02 ; elapsed = 00:00:02 . Memory (MB): peak = 2996.492 ; gain = 0.000 ; free physical = 7672 ; free virtual = 27049
INFO: [Vivado_Tcl 4-1062] Incremental flow is disabled. No incremental reuse Info to report.
Command: place_design -directive RuntimeOptimized
Attempting to get a license for feature 'Implementation' and/or device 'xc7a100t'
INFO: [Common 17-349] Got license for feature 'Implementation' and/or device 'xc7a100t'
INFO: [Common 17-83] Releasing license: Implementation
INFO: [DRC 23-27] Running DRC with 8 threads
INFO: [Vivado_Tcl 4-198] DRC finished with 0 Errors
INFO: [Vivado_Tcl 4-199] Please refer to the DRC report (report_drc) for more information.
INFO: [Vivado_Tcl 4-2302] The placer was invoked with the 'RuntimeOptimized' directive.
Running DRC as a precondition to command place_design
INFO: [DRC 23-27] Running DRC with 8 threads
INFO: [Vivado_Tcl 4-198] DRC finished with 0 Errors
INFO: [Vivado_Tcl 4-199] Please refer to the DRC report (report_drc) for more information.
INFO: [Place 30-611] Multithreading enabled for place_design using a maximum of 8 CPUs

Starting Placer Task

Phase 1 Placer Initialization

Phase 1.1 Placer Initialization Netlist Sorting
Netlist sorting complete. Time (s): cpu = 00:00:00 ; elapsed = 00:00:00 . Memory (MB): peak = 2996.492 ; gain = 0.000 ; free physical = 7672 ; free virtual = 27050
Phase 1.1 Placer Initialization Netlist Sorting | Checksum: 1ba5f5051

Time (s): cpu = 00:00:00.01 ; elapsed = 00:00:00.02 . Memory (MB): peak = 2996.492 ; gain = 0.000 ; free physical = 7672 ; free virtual = 27050
Netlist sorting complete. Time (s): cpu = 00:00:00.01 ; elapsed = 00:00:00 . Memory (MB): peak = 2996.492 ; gain = 0.000 ; free physical = 7672 ; free virtual = 27050

Phase 1.2 IO Placement/ Clock Placement/ Build Placer Device
Phase 1.2 IO Placement/ Clock Placement/ Build Placer Device | Checksum: 1968e6ab8

Time (s): cpu = 00:00:01 ; elapsed = 00:00:00.96 . Memory (MB): peak = 2996.492 ; gain = 0.000 ; free physical = 7674 ; free virtual = 27052

Phase 1.3 Build Placer Netlist Model
Phase 1.3 Build Placer Netlist Model | Checksum: 20a300297

Time (s): cpu = 00:00:08 ; elapsed = 00:00:04 . Memory (MB): peak = 2996.492 ; gain = 0.000 ; free physical = 7674 ; free virtual = 27052

Phase 1.4 Constrain Clocks/Macros
Phase 1.4 Constrain Clocks/Macros | Checksum: 20a300297

Time (s): cpu = 00:00:08 ; elapsed = 00:00:04 . Memory (MB): peak = 2996.492 ; gain = 0.000 ; free physical = 7674 ; free virtual = 27052
Phase 1 Placer Initialization | Checksum: 20a300297

Time (s): cpu = 00:00:08 ; elapsed = 00:00:05 . Memory (MB): peak = 2996.492 ; gain = 0.000 ; free physical = 7674 ; free virtual = 27052

Phase 2 Global Placement

Phase 2.1 Floorplanning
Phase 2.1 Floorplanning | Checksum: 29681e335

Time (s): cpu = 00:00:11 ; elapsed = 00:00:06 . Memory (MB): peak = 2996.492 ; gain = 0.000 ; free physical = 7670 ; free virtual = 27047

Phase 2.2 Update Timing before SLR Path Opt
Phase 2.2 Update Timing before SLR Path Opt | Checksum: 1efe12325

Time (s): cpu = 00:00:14 ; elapsed = 00:00:07 . Memory (MB): peak = 2996.492 ; gain = 0.000 ; free physical = 7670 ; free virtual = 27048

Phase 2.3 Post-Processing in Floorplanning
Phase 2.3 Post-Processing in Floorplanning | Checksum: 1efe12325

Time (s): cpu = 00:00:14 ; elapsed = 00:00:07 . Memory (MB): peak = 2996.492 ; gain = 0.000 ; free physical = 7670 ; free virtual = 27048

Phase 2.4 Global Place Phase1
Phase 2.4 Global Place Phase1 | Checksum: 21ef0f7d6

Time (s): cpu = 00:00:34 ; elapsed = 00:00:20 . Memory (MB): peak = 2996.492 ; gain = 0.000 ; free physical = 7658 ; free virtual = 27036

Phase 2.5 Global Place Phase2
Phase 2.5 Global Place Phase2 | Checksum: 268352500

Time (s): cpu = 00:00:35 ; elapsed = 00:00:21 . Memory (MB): peak = 2996.492 ; gain = 0.000 ; free physical = 7659 ; free virtual = 27037
Phase 2 Global Placement | Checksum: 268352500

Time (s): cpu = 00:00:35 ; elapsed = 00:00:21 . Memory (MB): peak = 2996.492 ; gain = 0.000 ; free physical = 7659 ; free virtual = 27037

Phase 3 Detail Placement

Phase 3.1 Commit Multi Column Macros
Phase 3.1 Commit Multi Column Macros | Checksum: 23b02a8f4

Time (s): cpu = 00:00:39 ; elapsed = 00:00:22 . Memory (MB): peak = 2996.492 ; gain = 0.000 ; free physical = 7660 ; free virtual = 27038

Phase 3.2 Commit Most Macros & LUTRAMs
Phase 3.2 Commit Most Macros & LUTRAMs | Checksum: 2646ec401

Time (s): cpu = 00:00:46 ; elapsed = 00:00:25 . Memory (MB): peak = 2996.492 ; gain = 0.000 ; free physical = 7660 ; free virtual = 27038

Phase 3.3 Area Swap Optimization
Phase 3.3 Area Swap Optimization | Checksum: 27b907f2a

Time (s): cpu = 00:00:46 ; elapsed = 00:00:25 . Memory (MB): peak = 2996.492 ; gain = 0.000 ; free physical = 7660 ; free virtual = 27038

Phase 3.4 Pipeline Register Optimization
Phase 3.4 Pipeline Register Optimization | Checksum: 1d9f345f7

Time (s): cpu = 00:00:46 ; elapsed = 00:00:25 . Memory (MB): peak = 2996.492 ; gain = 0.000 ; free physical = 7660 ; free virtual = 27038

Phase 3.5 Small Shape Detail Placement
Phase 3.5 Small Shape Detail Placement | Checksum: 20024b969

Time (s): cpu = 00:00:53 ; elapsed = 00:00:32 . Memory (MB): peak = 2996.492 ; gain = 0.000 ; free physical = 7660 ; free virtual = 27038

Phase 3.6 Re-assign LUT pins
Phase 3.6 Re-assign LUT pins | Checksum: 1996a08ef

Time (s): cpu = 00:00:54 ; elapsed = 00:00:34 . Memory (MB): peak = 2996.492 ; gain = 0.000 ; free physical = 7661 ; free virtual = 27039

Phase 3.7 Pipeline Register Optimization
Phase 3.7 Pipeline Register Optimization | Checksum: 1996a08ef

Time (s): cpu = 00:00:54 ; elapsed = 00:00:34 . Memory (MB): peak = 2996.492 ; gain = 0.000 ; free physical = 7661 ; free virtual = 27039
Phase 3 Detail Placement | Checksum: 1996a08ef

Time (s): cpu = 00:00:54 ; elapsed = 00:00:34 . Memory (MB): peak = 2996.492 ; gain = 0.000 ; free physical = 7661 ; free virtual = 27039

Phase 4 Post Placement Optimization and Clean-Up

Phase 4.1 Post Commit Optimization
INFO: [Timing 38-35] Done setting XDC timing constraints.

Phase 4.1.1 Post Placement Optimization
Post Placement Optimization Initialization | Checksum: 10c794b6f

Phase 4.1.1.1 BUFG Insertion

Starting Physical Synthesis Task

Phase 1 Physical Synthesis Initialization
INFO: [Physopt 32-721] Multithreading enabled for phys_opt_design using a maximum of 8 CPUs
INFO: [Physopt 32-619] Estimated Timing Summary | WNS=0.339 | TNS=0.000 |
Phase 1 Physical Synthesis Initialization | Checksum: 1166ff513

Time (s): cpu = 00:00:00.66 ; elapsed = 00:00:00.3 . Memory (MB): peak = 2996.492 ; gain = 0.000 ; free physical = 7660 ; free virtual = 27038
INFO: [Place 46-56] BUFG insertion identified 0 candidate nets. Inserted BUFG: 0, Replicated BUFG Driver: 0, Skipped due to Placement/Routing Conflicts: 0, Skipped due to Timing Degradation: 0, Skipped due to netlist editing failed: 0.
Ending Physical Synthesis Task | Checksum: 1a2e95190

Time (s): cpu = 00:00:00.74 ; elapsed = 00:00:00.35 . Memory (MB): peak = 2996.492 ; gain = 0.000 ; free physical = 7660 ; free virtual = 27038
Phase 4.1.1.1 BUFG Insertion | Checksum: 10c794b6f

Time (s): cpu = 00:01:02 ; elapsed = 00:00:37 . Memory (MB): peak = 2996.492 ; gain = 0.000 ; free physical = 7660 ; free virtual = 27038

Phase 4.1.1.2 Post Placement Timing Optimization
INFO: [Place 30-746] Post Placement Timing Summary WNS=0.524. For the most accurate timing information please run report_timing.
Phase 4.1.1.2 Post Placement Timing Optimization | Checksum: 1f2e60a6a

Time (s): cpu = 00:01:03 ; elapsed = 00:00:38 . Memory (MB): peak = 2996.492 ; gain = 0.000 ; free physical = 7659 ; free virtual = 27037

Time (s): cpu = 00:01:03 ; elapsed = 00:00:38 . Memory (MB): peak = 2996.492 ; gain = 0.000 ; free physical = 7659 ; free virtual = 27037
Phase 4.1 Post Commit Optimization | Checksum: 1f2e60a6a

Time (s): cpu = 00:01:03 ; elapsed = 00:00:38 . Memory (MB): peak = 2996.492 ; gain = 0.000 ; free physical = 7659 ; free virtual = 27037

Phase 4.2 Post Placement Cleanup
Phase 4.2 Post Placement Cleanup | Checksum: 1f2e60a6a

Time (s): cpu = 00:01:03 ; elapsed = 00:00:38 . Memory (MB): peak = 2996.492 ; gain = 0.000 ; free physical = 7659 ; free virtual = 27037

Phase 4.3 Placer Reporting

Phase 4.3.1 Print Estimated Congestion
INFO: [Place 30-612] Post-Placement Estimated Congestion 
 ____________________________________________________
|           | Global Congestion | Short Congestion  |
| Direction | Region Size       | Region Size       |
|___________|___________________|___________________|
|      North|                1x1|                4x4|
|___________|___________________|___________________|
|      South|                1x1|                1x1|
|___________|___________________|___________________|
|       East|                1x1|                1x1|
|___________|___________________|___________________|
|       West|                1x1|                1x1|
|___________|___________________|___________________|

Phase 4.3.1 Print Estimated Congestion | Checksum: 1f2e60a6a

Time (s): cpu = 00:01:03 ; elapsed = 00:00:38 . Memory (MB): peak = 2996.492 ; gain = 0.000 ; free physical = 7659 ; free virtual = 27037
Phase 4.3 Placer Reporting | Checksum: 1f2e60a6a

Time (s): cpu = 00:01:03 ; elapsed = 00:00:38 . Memory (MB): peak = 2996.492 ; gain = 0.000 ; free physical = 7659 ; free virtual = 27037

Phase 4.4 Final Placement Cleanup
Netlist sorting complete. Time (s): cpu = 00:00:00 ; elapsed = 00:00:00.01 . Memory (MB): peak = 2996.492 ; gain = 0.000 ; free physical = 7659 ; free virtual = 27037

Time (s): cpu = 00:01:03 ; elapsed = 00:00:38 . Memory (MB): peak = 2996.492 ; gain = 0.000 ; free physical = 7659 ; free virtual = 27037
Phase 4 Post Placement Optimization and Clean-Up | Checksum: 25e6e2b64

Time (s): cpu = 00:01:03 ; elapsed = 00:00:38 . Memory (MB): peak = 2996.492 ; gain = 0.000 ; free physical = 7659 ; free virtual = 27037
Ending Placer Task | Checksum: 2104e5df6

Time (s): cpu = 00:01:04 ; elapsed = 00:00:38 . Memory (MB): peak = 2996.492 ; gain = 0.000 ; free physical = 7659 ; free virtual = 27037
75 Infos, 1 Warnings, 0 Critical Warnings and 0 Errors encountered.
place_design completed successfully
place_design: Time (s): cpu = 00:01:06 ; elapsed = 00:00:39 . Memory (MB): peak = 2996.492 ; gain = 0.000 ; free physical = 7659 ; free virtual = 27037
INFO: [Vivado 12-24828] Executing command : report_timing_summary -max_paths 10 -report_unconstrained -file place_report_timing_summary_0.rpt -pb place_report_timing_summary_0.pb -rpx place_report_timing_summary_0.rpx
INFO: [Timing 38-91] UpdateTimingParams: Speed grade: -1, Delay Type: min_max.
INFO: [Timing 38-191] Multithreading enabled for timing update using a maximum of 8 CPUs
INFO: [Vivado 12-24838] Running report commands "report_incremental_reuse, report_io, report_qor_assessment" in parallel.
Running report generation with 3 threads.
INFO: [Vivado 12-24828] Executing command : report_incremental_reuse -file place_report_incremental_reuse_0.rpt
INFO: [Vivado_Tcl 4-1062] Incremental flow is disabled. No incremental reuse Info to report.
INFO: [Vivado 12-24828] Executing command : report_io -file place_report_io_0.rpt
report_io: Time (s): cpu = 00:00:01 ; elapsed = 00:00:00.35 . Memory (MB): peak = 2996.492 ; gain = 0.000 ; free physical = 7653 ; free virtual = 27039
INFO: [Vivado 12-24828] Executing command : report_qor_assessment -max_paths 100 -file place_report_qor_assessment_0.rpt -pb place_report_qor_assessment_0.pb
Command: report_qor_assessment -max_paths 100 -file place_report_qor_assessment_0.rpt -pb place_report_qor_assessment_0.pb
report_qor_assessment completed successfully
report_qor_assessment: Time (s): cpu = 00:00:15 ; elapsed = 00:00:06 . Memory (MB): peak = 2996.492 ; gain = 0.000 ; free physical = 7656 ; free virtual = 27042
generate_parallel_reports: Time (s): cpu = 00:00:25 ; elapsed = 00:00:09 . Memory (MB): peak = 2996.492 ; gain = 0.000 ; free physical = 7656 ; free virtual = 27042
INFO: [Timing 38-480] Writing timing data to binary archive.
Wrote PlaceDB: Time (s): cpu = 00:00:00 ; elapsed = 00:00:00 . Memory (MB): peak = 2996.492 ; gain = 0.000 ; free physical = 7655 ; free virtual = 27042
Wrote PulsedLatchDB: Time (s): cpu = 00:00:00 ; elapsed = 00:00:00 . Memory (MB): peak = 2996.492 ; gain = 0.000 ; free physical = 7655 ; free virtual = 27042
Writing XDEF routing.
Writing XDEF routing logical nets.
Write ShapeDB Complete: Time (s): cpu = 00:00:00.51 ; elapsed = 00:00:00.18 . Memory (MB): peak = 2996.492 ; gain = 0.000 ; free physical = 7654 ; free virtual = 27042
Writing XDEF routing special nets.
Wrote RouteStorage: Time (s): cpu = 00:00:00.39 ; elapsed = 00:00:00.13 . Memory (MB): peak = 2996.492 ; gain = 0.000 ; free physical = 7652 ; free virtual = 27041
Wrote PlaceStorage: Time (s): cpu = 00:00:03 ; elapsed = 00:00:01 . Memory (MB): peak = 2996.492 ; gain = 0.000 ; free physical = 7634 ; free virtual = 27037
Wrote Netlist Cache: Time (s): cpu = 00:00:00.02 ; elapsed = 00:00:00.02 . Memory (MB): peak = 2996.492 ; gain = 0.000 ; free physical = 7634 ; free virtual = 27039
Wrote Device Cache: Time (s): cpu = 00:00:00.01 ; elapsed = 00:00:00.01 . Memory (MB): peak = 2996.492 ; gain = 0.000 ; free physical = 7634 ; free virtual = 27039
Write Physdb Complete: Time (s): cpu = 00:00:04 ; elapsed = 00:00:02 . Memory (MB): peak = 2996.492 ; gain = 0.000 ; free physical = 7634 ; free virtual = 27039
INFO: [Common 17-1381] The checkpoint '/home/graham/Documents/src/fpga/FPGA_CPU_32_DDR_cache/FPGA_CPU_32_DDR_cache.runs/impl_1/FPGA_CPU_32_bits_cache_placed.dcp' has been generated.
Command: route_design -directive RuntimeOptimized
Attempting to get a license for feature 'Implementation' and/or device 'xc7a100t'
INFO: [Common 17-349] Got license for feature 'Implementation' and/or device 'xc7a100t'


Starting Routing Task
INFO: [Route 35-270] Using Router directive 'RuntimeOptimized'.
INFO: [Route 35-254] Multithreading enabled for route_design using a maximum of 4 CPUs

Phase 1 Build RT Design
Checksum: PlaceDB: dea30d29 ConstDB: 0 ShapeSum: 7fd8f137 RouteDB: b1d25f96
Post Restoration Checksum: NetGraph: 3b7e0634 | NumContArr: a5ff4df0 | Constraints: c2a8fa9d | Timing: c2a8fa9d
Phase 1 Build RT Design | Checksum: 266cf495e

Time (s): cpu = 00:00:47 ; elapsed = 00:00:36 . Memory (MB): peak = 2996.492 ; gain = 0.000 ; free physical = 7572 ; free virtual = 26964

Phase 2 Router Initialization

Phase 2.1 Fix Topology Constraints
Phase 2.1 Fix Topology Constraints | Checksum: 266cf495e

Time (s): cpu = 00:00:47 ; elapsed = 00:00:36 . Memory (MB): peak = 2996.492 ; gain = 0.000 ; free physical = 7572 ; free virtual = 26964

Phase 2.2 Pre Route Cleanup
Phase 2.2 Pre Route Cleanup | Checksum: 266cf495e

Time (s): cpu = 00:00:47 ; elapsed = 00:00:37 . Memory (MB): peak = 2996.492 ; gain = 0.000 ; free physical = 7572 ; free virtual = 26964
 Number of Nodes with overlaps = 0

Phase 2.3 Update Timing
Phase 2.3 Update Timing | Checksum: 2221bf9ef

Time (s): cpu = 00:00:59 ; elapsed = 00:00:41 . Memory (MB): peak = 2997.070 ; gain = 0.578 ; free physical = 7541 ; free virtual = 26932
INFO: [Route 35-416] Intermediate Timing Summary | WNS=0.641  | TNS=0.000  | WHS=-1.375 | THS=-688.012|


Phase 2.4 Soft Constraint Pins - Fast Budgeting
Phase 2.4 Soft Constraint Pins - Fast Budgeting | Checksum: 21240232f

Time (s): cpu = 00:01:02 ; elapsed = 00:00:43 . Memory (MB): peak = 3013.070 ; gain = 16.578 ; free physical = 7532 ; free virtual = 26924

Router Utilization Summary
  Global Vertical Routing Utilization    = 0 %
  Global Horizontal Routing Utilization  = 0 %
  Routable Net Status*
  *Does not include unroutable nets such as driverless and loadless.
  Run report_route_status for detailed report.
  Number of Failed Nets               = 14795
    (Failed Nets is the sum of unrouted and partially routed nets)
  Number of Unrouted Nets             = 14795
  Number of Partially Routed Nets     = 0
  Number of Node Overlaps             = 0

Phase 2 Router Initialization | Checksum: 1e898e823

Time (s): cpu = 00:01:03 ; elapsed = 00:00:43 . Memory (MB): peak = 3013.070 ; gain = 16.578 ; free physical = 7532 ; free virtual = 26924

Phase 3 Global Routing
Phase 3 Global Routing | Checksum: 1e898e823

Time (s): cpu = 00:01:03 ; elapsed = 00:00:43 . Memory (MB): peak = 3013.070 ; gain = 16.578 ; free physical = 7532 ; free virtual = 26924

Phase 4 Initial Routing

Phase 4.1 Initial Net Routing Pass
Phase 4.1 Initial Net Routing Pass | Checksum: 1fb46604a

Time (s): cpu = 00:01:14 ; elapsed = 00:00:47 . Memory (MB): peak = 3013.070 ; gain = 16.578 ; free physical = 7520 ; free virtual = 26912
Phase 4 Initial Routing | Checksum: 1fb46604a

Time (s): cpu = 00:01:14 ; elapsed = 00:00:47 . Memory (MB): peak = 3013.070 ; gain = 16.578 ; free physical = 7520 ; free virtual = 26912

Phase 5 Rip-up And Reroute

Phase 5.1 Global Iteration 0
 Number of Nodes with overlaps = 2704
 Number of Nodes with overlaps = 442
 Number of Nodes with overlaps = 111
 Number of Nodes with overlaps = 27
 Number of Nodes with overlaps = 2
 Number of Nodes with overlaps = 1
 Number of Nodes with overlaps = 1
 Number of Nodes with overlaps = 0
INFO: [Route 35-416] Intermediate Timing Summary | WNS=0.116  | TNS=0.000  | WHS=N/A    | THS=N/A    |

Phase 5.1 Global Iteration 0 | Checksum: 1a60ac2cd

Time (s): cpu = 00:02:08 ; elapsed = 00:01:26 . Memory (MB): peak = 3301.070 ; gain = 304.578 ; free physical = 7232 ; free virtual = 26624

Phase 5.2 Global Iteration 1
 Number of Nodes with overlaps = 1
 Number of Nodes with overlaps = 0
INFO: [Route 35-416] Intermediate Timing Summary | WNS=0.116  | TNS=0.000  | WHS=N/A    | THS=N/A    |

Phase 5.2 Global Iteration 1 | Checksum: 22d33f782

Time (s): cpu = 00:02:10 ; elapsed = 00:01:27 . Memory (MB): peak = 3301.070 ; gain = 304.578 ; free physical = 7232 ; free virtual = 26624
Phase 5 Rip-up And Reroute | Checksum: 22d33f782

Time (s): cpu = 00:02:10 ; elapsed = 00:01:27 . Memory (MB): peak = 3301.070 ; gain = 304.578 ; free physical = 7232 ; free virtual = 26624

Phase 6 Delay and Skew Optimization

Phase 6.1 Delay CleanUp
Phase 6.1 Delay CleanUp | Checksum: 22d33f782

Time (s): cpu = 00:02:10 ; elapsed = 00:01:27 . Memory (MB): peak = 3301.070 ; gain = 304.578 ; free physical = 7232 ; free virtual = 26624

Phase 6.2 Clock Skew Optimization
Phase 6.2 Clock Skew Optimization | Checksum: 22d33f782

Time (s): cpu = 00:02:10 ; elapsed = 00:01:27 . Memory (MB): peak = 3301.070 ; gain = 304.578 ; free physical = 7232 ; free virtual = 26624
Phase 6 Delay and Skew Optimization | Checksum: 22d33f782

Time (s): cpu = 00:02:10 ; elapsed = 00:01:27 . Memory (MB): peak = 3301.070 ; gain = 304.578 ; free physical = 7232 ; free virtual = 26624

Phase 7 Post Hold Fix

Phase 7.1 Hold Fix Iter
INFO: [Route 35-416] Intermediate Timing Summary | WNS=0.123  | TNS=0.000  | WHS=0.035  | THS=0.000  |

Phase 7.1 Hold Fix Iter | Checksum: 22c4eb737

Time (s): cpu = 00:02:12 ; elapsed = 00:01:28 . Memory (MB): peak = 3301.070 ; gain = 304.578 ; free physical = 7232 ; free virtual = 26624
Phase 7 Post Hold Fix | Checksum: 22c4eb737

Time (s): cpu = 00:02:12 ; elapsed = 00:01:28 . Memory (MB): peak = 3301.070 ; gain = 304.578 ; free physical = 7232 ; free virtual = 26624

Phase 8 Route finalize

Router Utilization Summary
  Global Vertical Routing Utilization    = 4.25556 %
  Global Horizontal Routing Utilization  = 5.10536 %
  Routable Net Status*
  *Does not include unroutable nets such as driverless and loadless.
  Run report_route_status for detailed report.
  Number of Failed Nets               = 0
    (Failed Nets is the sum of unrouted and partially routed nets)
  Number of Unrouted Nets             = 0
  Number of Partially Routed Nets     = 0
  Number of Node Overlaps             = 0

Phase 8 Route finalize | Checksum: 22c4eb737

Time (s): cpu = 00:02:12 ; elapsed = 00:01:28 . Memory (MB): peak = 3301.070 ; gain = 304.578 ; free physical = 7232 ; free virtual = 26624

Phase 9 Verifying routed nets

 Verification completed successfully
Phase 9 Verifying routed nets | Checksum: 22c4eb737

Time (s): cpu = 00:02:12 ; elapsed = 00:01:28 . Memory (MB): peak = 3301.070 ; gain = 304.578 ; free physical = 7232 ; free virtual = 26624

Phase 10 Depositing Routes
Phase 10 Depositing Routes | Checksum: 221135c96

Time (s): cpu = 00:02:15 ; elapsed = 00:01:30 . Memory (MB): peak = 3301.070 ; gain = 304.578 ; free physical = 7232 ; free virtual = 26623

Phase 11 Post Process Routing
Phase 11 Post Process Routing | Checksum: 221135c96

Time (s): cpu = 00:02:16 ; elapsed = 00:01:30 . Memory (MB): peak = 3301.070 ; gain = 304.578 ; free physical = 7231 ; free virtual = 26623

Phase 12 Post Router Timing
INFO: [Route 35-57] Estimated Timing Summary | WNS=0.123  | TNS=0.000  | WHS=0.035  | THS=0.000  |

INFO: [Route 35-327] The final timing numbers are based on the router estimated timing analysis. For a complete and accurate timing signoff, please run report_timing_summary.
Phase 12 Post Router Timing | Checksum: 221135c96

Time (s): cpu = 00:02:16 ; elapsed = 00:01:30 . Memory (MB): peak = 3301.070 ; gain = 304.578 ; free physical = 7231 ; free virtual = 26623
Total Elapsed time in route_design: 90.12 secs

Phase 13 Post-Route Event Processing
Phase 13 Post-Route Event Processing | Checksum: 1fc667a62

Time (s): cpu = 00:02:16 ; elapsed = 00:01:30 . Memory (MB): peak = 3301.070 ; gain = 304.578 ; free physical = 7231 ; free virtual = 26623
INFO: [Route 35-16] Router Completed Successfully
Ending Routing Task | Checksum: 1fc667a62

Time (s): cpu = 00:02:16 ; elapsed = 00:01:30 . Memory (MB): peak = 3301.070 ; gain = 304.578 ; free physical = 7231 ; free virtual = 26623

Routing Is Done.
INFO: [Common 17-83] Releasing license: Implementation
96 Infos, 1 Warnings, 0 Critical Warnings and 0 Errors encountered.
route_design completed successfully
route_design: Time (s): cpu = 00:02:16 ; elapsed = 00:01:30 . Memory (MB): peak = 3301.070 ; gain = 304.578 ; free physical = 7231 ; free virtual = 26623
INFO: [Vivado 12-24828] Executing command : report_drc -file route_report_drc_0.rpt -pb route_report_drc_0.pb -rpx route_report_drc_0.rpx
Command: report_drc -file route_report_drc_0.rpt -pb route_report_drc_0.pb -rpx route_report_drc_0.rpx
INFO: [IP_Flow 19-1839] IP Catalog is up to date.
INFO: [DRC 23-27] Running DRC with 8 threads
INFO: [Vivado_Tcl 2-168] The results of DRC are in file /home/graham/Documents/src/fpga/FPGA_CPU_32_DDR_cache/FPGA_CPU_32_DDR_cache.runs/impl_1/route_report_drc_0.rpt.
report_drc completed successfully
INFO: [Vivado 12-24828] Executing command : report_timing_summary -max_paths 10 -report_unconstrained -warn_on_violation -file route_report_timing_summary_0.rpt -pb route_report_timing_summary_0.pb -rpx route_report_timing_summary_0.rpx
INFO: [Timing 38-91] UpdateTimingParams: Speed grade: -1, Delay Type: min_max.
INFO: [Timing 38-191] Multithreading enabled for timing update using a maximum of 8 CPUs
report_timing_summary: Time (s): cpu = 00:00:14 ; elapsed = 00:00:06 . Memory (MB): peak = 3301.070 ; gain = 0.000 ; free physical = 7222 ; free virtual = 26622
INFO: [Vivado 12-24838] Running report commands "report_bus_skew, report_incremental_reuse, report_route_status, report_utilization" in parallel.
Running report generation with 4 threads.
INFO: [Vivado 12-24828] Executing command : report_incremental_reuse -file route_report_incremental_reuse_0.rpt
INFO: [Vivado_Tcl 4-1062] Incremental flow is disabled. No incremental reuse Info to report.
INFO: [Vivado 12-24828] Executing command : report_bus_skew -warn_on_violation -file route_report_bus_skew_0.rpt -pb route_report_bus_skew_0.pb -rpx route_report_bus_skew_0.rpx
INFO: [Timing 38-91] UpdateTimingParams: Speed grade: -1, Delay Type: min_max.
INFO: [Timing 38-191] Multithreading enabled for timing update using a maximum of 8 CPUs
INFO: [Vivado 12-24828] Executing command : report_route_status -file route_report_route_status_0.rpt -pb route_report_route_status_0.pb
INFO: [Vivado 12-24828] Executing command : report_utilization -file route_report_utilization_0.rpt -pb route_report_utilization_0.pb
INFO: [Vivado 12-24828] Executing command : report_clock_utilization -file route_report_clock_utilization_0.rpt
INFO: [Vivado 12-24828] Executing command : report_power -file route_report_power_0.rpt -pb route_report_power_summary_0.pb -rpx route_report_power_0.rpx
Command: report_power -file route_report_power_0.rpt -pb route_report_power_summary_0.pb -rpx route_report_power_0.rpx
Running Vector-less Activity Propagation...

Finished Running Vector-less Activity Propagation
113 Infos, 1 Warnings, 0 Critical Warnings and 0 Errors encountered.
report_power completed successfully
report_power: Time (s): cpu = 00:00:10 ; elapsed = 00:00:06 . Memory (MB): peak = 3357.180 ; gain = 56.109 ; free physical = 7205 ; free virtual = 26613
INFO: [Vivado 12-24828] Executing command : report_design_analysis -congestion -timing -logic_level_distribution -max_paths 100 -file route_report_design_analysis_0.rpt
INFO: [Vivado 12-24828] Executing command : report_qor_suggestions -max_paths 100 -file route_report_qor_suggestions_0.rpt -pb route_report_qor_suggestions_0.pb
Command: report_qor_suggestions -max_paths 100 -file route_report_qor_suggestions_0.rpt -pb route_report_qor_suggestions_0.pb
INFO: [Implflow 47-1276] The design is not compatible for suggesting strategy, as it was not run using vivado implementation default or vivado implementation explore strategy.
report_qor_suggestions completed successfully
generate_parallel_reports: Time (s): cpu = 00:00:46 ; elapsed = 00:00:22 . Memory (MB): peak = 3357.180 ; gain = 56.109 ; free physical = 7207 ; free virtual = 26615
INFO: [Timing 38-480] Writing timing data to binary archive.
Wrote PlaceDB: Time (s): cpu = 00:00:00 ; elapsed = 00:00:00 . Memory (MB): peak = 3357.180 ; gain = 0.000 ; free physical = 7206 ; free virtual = 26615
Wrote PulsedLatchDB: Time (s): cpu = 00:00:00 ; elapsed = 00:00:00 . Memory (MB): peak = 3357.180 ; gain = 0.000 ; free physical = 7206 ; free virtual = 26615
Writing XDEF routing.
Writing XDEF routing logical nets.
Write ShapeDB Complete: Time (s): cpu = 00:00:00.21 ; elapsed = 00:00:00.06 . Memory (MB): peak = 3357.180 ; gain = 0.000 ; free physical = 7206 ; free virtual = 26617
Writing XDEF routing special nets.
Wrote RouteStorage: Time (s): cpu = 00:00:01 ; elapsed = 00:00:00.38 . Memory (MB): peak = 3357.180 ; gain = 0.000 ; free physical = 7204 ; free virtual = 26622
Wrote PlaceStorage: Time (s): cpu = 00:00:01 ; elapsed = 00:00:00.8 . Memory (MB): peak = 3357.180 ; gain = 0.000 ; free physical = 7202 ; free virtual = 26630
Wrote Netlist Cache: Time (s): cpu = 00:00:00.02 ; elapsed = 00:00:00.02 . Memory (MB): peak = 3357.180 ; gain = 0.000 ; free physical = 7200 ; free virtual = 26630
Wrote Device Cache: Time (s): cpu = 00:00:00 ; elapsed = 00:00:00.01 . Memory (MB): peak = 3357.180 ; gain = 0.000 ; free physical = 7200 ; free virtual = 26631
Write Physdb Complete: Time (s): cpu = 00:00:03 ; elapsed = 00:00:01 . Memory (MB): peak = 3357.180 ; gain = 0.000 ; free physical = 7200 ; free virtual = 26631
INFO: [Common 17-1381] The checkpoint '/home/graham/Documents/src/fpga/FPGA_CPU_32_DDR_cache/FPGA_CPU_32_DDR_cache.runs/impl_1/FPGA_CPU_32_bits_cache_routed.dcp' has been generated.
Command: write_bitstream -force FPGA_CPU_32_bits_cache.bit -bin_file
Attempting to get a license for feature 'Implementation' and/or device 'xc7a100t'
INFO: [Common 17-349] Got license for feature 'Implementation' and/or device 'xc7a100t'
Running DRC as a precondition to command write_bitstream
INFO: [IP_Flow 19-1839] IP Catalog is up to date.
INFO: [DRC 23-27] Running DRC with 8 threads
INFO: [Vivado 12-3199] DRC finished with 0 Errors
INFO: [Vivado 12-3200] Please refer to the DRC report (report_drc) for more information.
Integrating Hard IP ELF/MEM with the PDI.
INFO: [Designutils 20-2272] Running write_bitstream with 8 threads.
Loading data files...
Loading site data...
Loading route data...
Processing options...
Creating bitmap...
Creating bitstream...
Bitstream compression saved 17597056 bits.
Writing bitstream ./FPGA_CPU_32_bits_cache.bit...
Writing bitstream ./FPGA_CPU_32_bits_cache.bin...
INFO: [Vivado 12-1842] Bitgen Completed Successfully.
INFO: [Common 17-83] Releasing license: Implementation
126 Infos, 1 Warnings, 0 Critical Warnings and 0 Errors encountered.
write_bitstream completed successfully
write_bitstream: Time (s): cpu = 00:00:33 ; elapsed = 00:00:25 . Memory (MB): peak = 3441.852 ; gain = 84.672 ; free physical = 7096 ; free virtual = 26520
INFO: [Common 17-206] Exiting Vivado at Mon Mar 30 11:42:40 2026...
