
*** Running vivado
    with args -log FPGA_CPU_32_bits_cache.vds -m64 -product Vivado -mode batch -messageDb vivado.pb -notrace -source FPGA_CPU_32_bits_cache.tcl


****** Vivado v2025.1 (64-bit)
  **** SW Build 6140274 on Wed May 21 22:58:25 MDT 2025
  **** IP Build 6138677 on Thu May 22 03:10:11 MDT 2025
  **** SharedData Build 6139179 on Tue May 20 17:58:58 MDT 2025
  **** Start of session at: Mon Jul 28 11:45:12 2025
    ** Copyright 1986-2022 Xilinx, Inc. All Rights Reserved.
    ** Copyright 2022-2025 Advanced Micro Devices, Inc. All Rights Reserved.

source FPGA_CPU_32_bits_cache.tcl -notrace
Command: read_checkpoint -auto_incremental -incremental /home/graham/Documents/src/fpga/FPGA_CPU_32_DDR_cache/FPGA_CPU_32_DDR_cache.srcs/utils_1/imports/synth_1/FPGA_CPU_32_bits_cache.dcp
INFO: [Vivado 12-5825] Read reference checkpoint from /home/graham/Documents/src/fpga/FPGA_CPU_32_DDR_cache/FPGA_CPU_32_DDR_cache.srcs/utils_1/imports/synth_1/FPGA_CPU_32_bits_cache.dcp for incremental synthesis
INFO: [Vivado 12-7989] Please ensure there are no constraint changes
Command: synth_design -top FPGA_CPU_32_bits_cache -part xc7a100tcsg324-1
Starting synth_design
Attempting to get a license for feature 'Synthesis' and/or device 'xc7a100t'
INFO: [Common 17-349] Got license for feature 'Synthesis' and/or device 'xc7a100t'
WARNING: [Vivado_Tcl 4-1809] The reference checkpoint is from an old version of Vivado; A full resynthesis flow will be run
INFO: [Device 21-403] Loading part xc7a100tcsg324-1
INFO: [Synth 8-7079] Multithreading enabled for synth_design using a maximum of 7 processes.
INFO: [Synth 8-7078] Launching helper process for spawning children vivado processes
INFO: [Synth 8-7075] Helper process launched with PID 9343
---------------------------------------------------------------------------------
Starting RTL Elaboration : Time (s): cpu = 00:00:06 ; elapsed = 00:00:07 . Memory (MB): peak = 2124.020 ; gain = 442.625 ; free physical = 461 ; free virtual = 2647
---------------------------------------------------------------------------------
INFO: [Synth 8-6157] synthesizing module 'FPGA_CPU_32_bits_cache' [/home/graham/Documents/src/fpga/FPGA_CPU_32_DDR_cache/FPGA_CPU_32_DDR_cache.srcs/sources_1/new/FPGA_CPU_32_bits_cache.v:24]
INFO: [Synth 8-6157] synthesizing module 'mem_read_write' [/home/graham/Documents/src/fpga/FPGA_CPU_32_DDR_cache/FPGA_CPU_32_DDR_cache.srcs/sources_1/new/mem_read_write.v:23]
INFO: [Synth 8-6157] synthesizing module 'clk_wiz_0' [/home/graham/Documents/src/fpga/FPGA_CPU_32_DDR_cache/FPGA_CPU_32_DDR_cache.runs/synth_1/.Xil/Vivado-9284-Garuda/realtime/clk_wiz_0_stub.v:6]
INFO: [Synth 8-6155] done synthesizing module 'clk_wiz_0' (0#1) [/home/graham/Documents/src/fpga/FPGA_CPU_32_DDR_cache/FPGA_CPU_32_DDR_cache.runs/synth_1/.Xil/Vivado-9284-Garuda/realtime/clk_wiz_0_stub.v:6]
INFO: [Synth 8-6157] synthesizing module 'ddr2_control' [/home/graham/Documents/src/fpga/FPGA_CPU_32_DDR_cache/FPGA_CPU_32_DDR_cache.srcs/sources_1/new/ddr2_control.v:23]
INFO: [Synth 8-6157] synthesizing module 'mig_7series_0' [/home/graham/Documents/src/fpga/FPGA_CPU_32_DDR_cache/FPGA_CPU_32_DDR_cache.runs/synth_1/.Xil/Vivado-9284-Garuda/realtime/mig_7series_0_stub.v:6]
INFO: [Synth 8-6155] done synthesizing module 'mig_7series_0' (0#1) [/home/graham/Documents/src/fpga/FPGA_CPU_32_DDR_cache/FPGA_CPU_32_DDR_cache.runs/synth_1/.Xil/Vivado-9284-Garuda/realtime/mig_7series_0_stub.v:6]
INFO: [Synth 8-6155] done synthesizing module 'ddr2_control' (0#1) [/home/graham/Documents/src/fpga/FPGA_CPU_32_DDR_cache/FPGA_CPU_32_DDR_cache.srcs/sources_1/new/ddr2_control.v:23]
INFO: [Synth 8-6155] done synthesizing module 'mem_read_write' (0#1) [/home/graham/Documents/src/fpga/FPGA_CPU_32_DDR_cache/FPGA_CPU_32_DDR_cache.srcs/sources_1/new/mem_read_write.v:23]
INFO: [Synth 8-6157] synthesizing module 'uart_send_msg' [/home/graham/Documents/src/fpga/FPGA_CPU_32_DDR_cache/FPGA_CPU_32_DDR_cache.srcs/sources_1/new/uart_send_msg.v:2]
INFO: [Synth 8-6157] synthesizing module 'uart_tx' [/home/graham/Documents/src/fpga/FPGA_CPU_32_DDR_cache/FPGA_CPU_32_DDR_cache.srcs/sources_1/new/uart_tx.v:4]
INFO: [Synth 8-6155] done synthesizing module 'uart_tx' (0#1) [/home/graham/Documents/src/fpga/FPGA_CPU_32_DDR_cache/FPGA_CPU_32_DDR_cache.srcs/sources_1/new/uart_tx.v:4]
INFO: [Synth 8-6155] done synthesizing module 'uart_send_msg' (0#1) [/home/graham/Documents/src/fpga/FPGA_CPU_32_DDR_cache/FPGA_CPU_32_DDR_cache.srcs/sources_1/new/uart_send_msg.v:2]
INFO: [Synth 8-6157] synthesizing module 'uart_rx' [/home/graham/Documents/src/fpga/FPGA_CPU_32_DDR_cache/FPGA_CPU_32_DDR_cache.srcs/sources_1/new/uart_rx.v:14]
INFO: [Synth 8-6155] done synthesizing module 'uart_rx' (0#1) [/home/graham/Documents/src/fpga/FPGA_CPU_32_DDR_cache/FPGA_CPU_32_DDR_cache.srcs/sources_1/new/uart_rx.v:14]
INFO: [Synth 8-6157] synthesizing module 'Seven_seg_LED_Display_Controller' [/home/graham/Documents/src/fpga/FPGA_CPU_32_DDR_cache/FPGA_CPU_32_DDR_cache.srcs/sources_1/new/Seven_seg_LED_Display_Controller.v:2]
INFO: [Synth 8-226] default block is never used [/home/graham/Documents/src/fpga/FPGA_CPU_32_DDR_cache/FPGA_CPU_32_DDR_cache.srcs/sources_1/new/Seven_seg_LED_Display_Controller.v:22]
INFO: [Synth 8-6155] done synthesizing module 'Seven_seg_LED_Display_Controller' (0#1) [/home/graham/Documents/src/fpga/FPGA_CPU_32_DDR_cache/FPGA_CPU_32_DDR_cache.srcs/sources_1/new/Seven_seg_LED_Display_Controller.v:2]
INFO: [Synth 8-6157] synthesizing module 'SPI_Master_With_Single_CS' [/home/graham/Documents/src/fpga/FPGA_CPU_32_DDR_cache/FPGA_CPU_32_DDR_cache.srcs/sources_1/new/SPI_Master_With_Single_CS.v:35]
INFO: [Synth 8-6157] synthesizing module 'SPI_Master' [/home/graham/Documents/src/fpga/FPGA_CPU_32_DDR_cache/FPGA_CPU_32_DDR_cache.srcs/sources_1/new/SPI_Master.v:33]
	Parameter SPI_MODE bound to: 0 - type: integer 
	Parameter CLKS_PER_HALF_BIT bound to: 2 - type: integer 
INFO: [Synth 8-6155] done synthesizing module 'SPI_Master' (0#1) [/home/graham/Documents/src/fpga/FPGA_CPU_32_DDR_cache/FPGA_CPU_32_DDR_cache.srcs/sources_1/new/SPI_Master.v:33]
INFO: [Synth 8-6155] done synthesizing module 'SPI_Master_With_Single_CS' (0#1) [/home/graham/Documents/src/fpga/FPGA_CPU_32_DDR_cache/FPGA_CPU_32_DDR_cache.srcs/sources_1/new/SPI_Master_With_Single_CS.v:35]
INFO: [Synth 8-6157] synthesizing module 'stack' [/home/graham/Documents/src/fpga/FPGA_CPU_32_DDR_cache/FPGA_CPU_32_DDR_cache.srcs/sources_1/new/stack.v:4]
INFO: [Synth 8-6155] done synthesizing module 'stack' (0#1) [/home/graham/Documents/src/fpga/FPGA_CPU_32_DDR_cache/FPGA_CPU_32_DDR_cache.srcs/sources_1/new/stack.v:4]
INFO: [Synth 8-6157] synthesizing module 'RGB_LED' [/home/graham/Documents/src/fpga/FPGA_CPU_32_DDR_cache/FPGA_CPU_32_DDR_cache.srcs/sources_1/new/RGB_LED.v:2]
INFO: [Synth 8-6155] done synthesizing module 'RGB_LED' (0#1) [/home/graham/Documents/src/fpga/FPGA_CPU_32_DDR_cache/FPGA_CPU_32_DDR_cache.srcs/sources_1/new/RGB_LED.v:2]
INFO: [Synth 8-226] default block is never used [/home/graham/Documents/src/fpga/FPGA_CPU_32_DDR_cache/FPGA_CPU_32_DDR_cache.srcs/sources_1/new/FPGA_CPU_32_bits_cache.v:508]
INFO: [Synth 8-226] default block is never used [/home/graham/Documents/src/fpga/FPGA_CPU_32_DDR_cache/FPGA_CPU_32_DDR_cache.srcs/sources_1/new/functions.vh:29]
INFO: [Synth 8-6155] done synthesizing module 'FPGA_CPU_32_bits_cache' (0#1) [/home/graham/Documents/src/fpga/FPGA_CPU_32_DDR_cache/FPGA_CPU_32_DDR_cache.srcs/sources_1/new/FPGA_CPU_32_bits_cache.v:24]
---------------------------------------------------------------------------------
Finished RTL Elaboration : Time (s): cpu = 00:00:11 ; elapsed = 00:00:13 . Memory (MB): peak = 2340.770 ; gain = 659.375 ; free physical = 221 ; free virtual = 2416
---------------------------------------------------------------------------------
---------------------------------------------------------------------------------
Start Handling Custom Attributes
---------------------------------------------------------------------------------
---------------------------------------------------------------------------------
Finished Handling Custom Attributes : Time (s): cpu = 00:00:11 ; elapsed = 00:00:13 . Memory (MB): peak = 2340.770 ; gain = 659.375 ; free physical = 221 ; free virtual = 2416
---------------------------------------------------------------------------------
---------------------------------------------------------------------------------
Finished RTL Optimization Phase 1 : Time (s): cpu = 00:00:11 ; elapsed = 00:00:13 . Memory (MB): peak = 2340.770 ; gain = 659.375 ; free physical = 221 ; free virtual = 2416
---------------------------------------------------------------------------------
Netlist sorting complete. Time (s): cpu = 00:00:00.93 ; elapsed = 00:00:00.97 . Memory (MB): peak = 2340.770 ; gain = 0.000 ; free physical = 241 ; free virtual = 2435
INFO: [Project 1-570] Preparing netlist for logic optimization

Processing XDC Constraints
Initializing timing engine
Parsing XDC File [/home/graham/Documents/src/fpga/FPGA_CPU_32_DDR_cache/FPGA_CPU_32_DDR_cache.srcs/sources_1/ip/mig_7series_0/mig_7series_0/mig_7series_0_in_context.xdc] for cell 'mem_read_write/ddr2_control/mig_7series_0'
Finished Parsing XDC File [/home/graham/Documents/src/fpga/FPGA_CPU_32_DDR_cache/FPGA_CPU_32_DDR_cache.srcs/sources_1/ip/mig_7series_0/mig_7series_0/mig_7series_0_in_context.xdc] for cell 'mem_read_write/ddr2_control/mig_7series_0'
Parsing XDC File [/home/graham/Documents/src/fpga/FPGA_CPU_32_DDR_cache/FPGA_CPU_32_DDR_cache.runs/synth_1/.Xil/Vivado-9284-Garuda/clk_wiz_0_1/clk_wiz_0/clk_wiz_0_in_context.xdc] for cell 'mem_read_write/clk_wiz_0'
Finished Parsing XDC File [/home/graham/Documents/src/fpga/FPGA_CPU_32_DDR_cache/FPGA_CPU_32_DDR_cache.runs/synth_1/.Xil/Vivado-9284-Garuda/clk_wiz_0_1/clk_wiz_0/clk_wiz_0_in_context.xdc] for cell 'mem_read_write/clk_wiz_0'
Parsing XDC File [/home/graham/Documents/src/fpga/FPGA_CPU_32_DDR_cache/FPGA_CPU_32_DDR_cache.srcs/constrs_1/imports/new/nexys_ddr.xdc]
Finished Parsing XDC File [/home/graham/Documents/src/fpga/FPGA_CPU_32_DDR_cache/FPGA_CPU_32_DDR_cache.srcs/constrs_1/imports/new/nexys_ddr.xdc]
INFO: [Project 1-236] Implementation specific constraints were found while reading constraint file [/home/graham/Documents/src/fpga/FPGA_CPU_32_DDR_cache/FPGA_CPU_32_DDR_cache.srcs/constrs_1/imports/new/nexys_ddr.xdc]. These constraints will be ignored for synthesis but will be used in implementation. Impacted constraints are listed in the file [.Xil/FPGA_CPU_32_bits_cache_propImpl.xdc].
Resolution: To avoid this warning, move constraints listed in [.Xil/FPGA_CPU_32_bits_cache_propImpl.xdc] to another XDC file and exclude this new file from synthesis with the used_in_synthesis property (File Properties dialog in GUI) and re-run elaboration/synthesis.
Completed Processing XDC Constraints

Netlist sorting complete. Time (s): cpu = 00:00:00 ; elapsed = 00:00:00 . Memory (MB): peak = 2626.055 ; gain = 0.000 ; free physical = 238 ; free virtual = 2288
INFO: [Project 1-111] Unisim Transformation Summary:
No Unisim elements were transformed.

Constraint Validation Runtime : Time (s): cpu = 00:00:00.04 ; elapsed = 00:00:00.06 . Memory (MB): peak = 2626.090 ; gain = 0.000 ; free physical = 240 ; free virtual = 2290
---------------------------------------------------------------------------------
Finished Constraint Validation : Time (s): cpu = 00:00:27 ; elapsed = 00:00:29 . Memory (MB): peak = 2626.090 ; gain = 944.695 ; free physical = 216 ; free virtual = 2272
---------------------------------------------------------------------------------
---------------------------------------------------------------------------------
Start Loading Part and Timing Information
---------------------------------------------------------------------------------
Loading part: xc7a100tcsg324-1
---------------------------------------------------------------------------------
Finished Loading Part and Timing Information : Time (s): cpu = 00:00:27 ; elapsed = 00:00:29 . Memory (MB): peak = 2634.059 ; gain = 952.664 ; free physical = 216 ; free virtual = 2272
---------------------------------------------------------------------------------
---------------------------------------------------------------------------------
Start Applying 'set_property' XDC Constraints
---------------------------------------------------------------------------------
---------------------------------------------------------------------------------
Finished applying 'set_property' XDC Constraints : Time (s): cpu = 00:00:27 ; elapsed = 00:00:29 . Memory (MB): peak = 2634.059 ; gain = 952.664 ; free physical = 216 ; free virtual = 2272
---------------------------------------------------------------------------------
INFO: [Synth 8-802] inferred FSM for state register 'state_reg' in module 'ddr2_control'
INFO: [Synth 8-802] inferred FSM for state register 'r_SM_Main_reg' in module 'uart_tx'
INFO: [Synth 8-802] inferred FSM for state register 'r_SM_Main_reg' in module 'uart_send_msg'
INFO: [Synth 8-802] inferred FSM for state register 'r_SM_CS_reg' in module 'SPI_Master_With_Single_CS'
---------------------------------------------------------------------------------------------------
                   State |                     New Encoding |                Previous Encoding 
---------------------------------------------------------------------------------------------------
                    IDLE |                              000 |                             0000
                    WAIT |                              001 |                             0001
                   WRITE |                              010 |                             0010
              WRITE_DONE |                              011 |                             0011
                    READ |                              100 |                             0100
               READ_DONE |                              101 |                             0101
---------------------------------------------------------------------------------------------------
INFO: [Synth 8-3354] encoded FSM with state register 'state_reg' using encoding 'sequential' in module 'ddr2_control'
---------------------------------------------------------------------------------------------------
                   State |                     New Encoding |                Previous Encoding 
---------------------------------------------------------------------------------------------------
                  s_IDLE |                              000 |                              000
          s_TX_START_BIT |                              001 |                              001
          s_TX_DATA_BITS |                              010 |                              010
           s_TX_STOP_BIT |                              011 |                              011
               s_CLEANUP |                              100 |                              100
---------------------------------------------------------------------------------------------------
INFO: [Synth 8-3354] encoded FSM with state register 'r_SM_Main_reg' using encoding 'sequential' in module 'uart_tx'
---------------------------------------------------------------------------------------------------
                   State |                     New Encoding |                Previous Encoding 
---------------------------------------------------------------------------------------------------
                  s_IDLE |                              001 |                              000
                s_TX_MSG |                              010 |                              001
               s_CLEANUP |                              100 |                              100
---------------------------------------------------------------------------------------------------
INFO: [Synth 8-3354] encoded FSM with state register 'r_SM_Main_reg' using encoding 'one-hot' in module 'uart_send_msg'
WARNING: [Synth 8-12595] Onehot encoded FSM with state register 'r_SM_Main_reg' is not having reset. This may cause incorrect behavior. User should consider using FSM_SAFE_STATE attribute on the register
---------------------------------------------------------------------------------------------------
                   State |                     New Encoding |                Previous Encoding 
---------------------------------------------------------------------------------------------------
                    IDLE |                              001 |                               00
                TRANSFER |                              010 |                               01
             CS_INACTIVE |                              100 |                               10
---------------------------------------------------------------------------------------------------
INFO: [Synth 8-3354] encoded FSM with state register 'r_SM_CS_reg' using encoding 'one-hot' in module 'SPI_Master_With_Single_CS'
---------------------------------------------------------------------------------
Finished RTL Optimization Phase 2 : Time (s): cpu = 00:00:35 ; elapsed = 00:00:37 . Memory (MB): peak = 2634.059 ; gain = 952.664 ; free physical = 233 ; free virtual = 2293
---------------------------------------------------------------------------------
---------------------------------------------------------------------------------
Start RTL Component Statistics 
---------------------------------------------------------------------------------
Detailed RTL Component Info : 
+---Adders : 
	   2 Input   45 Bit       Adders := 1     
	   2 Input   33 Bit       Adders := 3     
	   3 Input   33 Bit       Adders := 2     
	   2 Input   32 Bit       Adders := 2     
	   2 Input   24 Bit       Adders := 3     
	   2 Input   21 Bit       Adders := 1     
	   3 Input   16 Bit       Adders := 1     
	   2 Input   16 Bit       Adders := 1     
	   2 Input   14 Bit       Adders := 2     
	   2 Input   10 Bit       Adders := 1     
	   2 Input    8 Bit       Adders := 1     
	   2 Input    7 Bit       Adders := 1     
	   2 Input    5 Bit       Adders := 1     
	   2 Input    4 Bit       Adders := 2     
	   2 Input    3 Bit       Adders := 5     
	   2 Input    2 Bit       Adders := 2     
+---XORs : 
	   2 Input     32 Bit         XORs := 2     
+---Registers : 
	             2048 Bit    Registers := 1     
	              128 Bit    Registers := 4     
	               45 Bit    Registers := 2     
	               32 Bit    Registers := 25    
	               27 Bit    Registers := 1     
	               24 Bit    Registers := 6     
	               16 Bit    Registers := 7     
	               12 Bit    Registers := 2     
	               10 Bit    Registers := 2     
	                8 Bit    Registers := 268   
	                7 Bit    Registers := 1     
	                5 Bit    Registers := 1     
	                4 Bit    Registers := 5     
	                3 Bit    Registers := 9     
	                2 Bit    Registers := 2     
	                1 Bit    Registers := 48    
+---RAMs : 
	             512K Bit	(4096 X 128 bit)          RAMs := 1     
	             256K Bit	(8193 X 32 bit)          RAMs := 1     
	              52K Bit	(4096 X 13 bit)          RAMs := 1     
+---ROMs : 
	                    ROMs := 1     
+---Muxes : 
	  80 Input 2048 Bit        Muxes := 1     
	  19 Input 2048 Bit        Muxes := 1     
	   2 Input 2048 Bit        Muxes := 2     
	   2 Input  168 Bit        Muxes := 1     
	   4 Input  128 Bit        Muxes := 1     
	   2 Input  112 Bit        Muxes := 1     
	   2 Input  104 Bit        Muxes := 1     
	   2 Input   64 Bit        Muxes := 2     
	   2 Input   32 Bit        Muxes := 51    
	   4 Input   32 Bit        Muxes := 34    
	  80 Input   32 Bit        Muxes := 18    
	   3 Input   32 Bit        Muxes := 1     
	  80 Input   24 Bit        Muxes := 1     
	   2 Input   24 Bit        Muxes := 8     
	   2 Input   22 Bit        Muxes := 1     
	   2 Input   19 Bit        Muxes := 1     
	   2 Input   17 Bit        Muxes := 1     
	   2 Input   16 Bit        Muxes := 21    
	  80 Input   16 Bit        Muxes := 1     
	  19 Input   16 Bit        Muxes := 1     
	   6 Input   16 Bit        Muxes := 1     
	   4 Input   16 Bit        Muxes := 1     
	   2 Input   14 Bit        Muxes := 1     
	   2 Input   13 Bit        Muxes := 1     
	   7 Input   13 Bit        Muxes := 1     
	  80 Input   12 Bit        Muxes := 1     
	  80 Input   10 Bit        Muxes := 1     
	   2 Input   10 Bit        Muxes := 2     
	   2 Input    9 Bit        Muxes := 4     
	   3 Input    9 Bit        Muxes := 1     
	   2 Input    8 Bit        Muxes := 6     
	   8 Input    8 Bit        Muxes := 1     
	   6 Input    8 Bit        Muxes := 1     
	   3 Input    8 Bit        Muxes := 2     
	   2 Input    7 Bit        Muxes := 2     
	   2 Input    5 Bit        Muxes := 2     
	   2 Input    4 Bit        Muxes := 1     
	   3 Input    4 Bit        Muxes := 1     
	   2 Input    3 Bit        Muxes := 14    
	   6 Input    3 Bit        Muxes := 2     
	   5 Input    3 Bit        Muxes := 1     
	  16 Input    2 Bit        Muxes := 1     
	   3 Input    2 Bit        Muxes := 3     
	   2 Input    2 Bit        Muxes := 1     
	   2 Input    1 Bit        Muxes := 172   
	   3 Input    1 Bit        Muxes := 14    
	   6 Input    1 Bit        Muxes := 12    
	   5 Input    1 Bit        Muxes := 10    
---------------------------------------------------------------------------------
Finished RTL Component Statistics 
---------------------------------------------------------------------------------
---------------------------------------------------------------------------------
Start Part Resource Summary
---------------------------------------------------------------------------------
Part Resources:
DSPs: 240 (col length:80)
BRAMs: 270 (col length: RAMB18 80 RAMB36 40)
---------------------------------------------------------------------------------
Finished Part Resource Summary
---------------------------------------------------------------------------------
---------------------------------------------------------------------------------
Start Cross Boundary and Area Optimization
---------------------------------------------------------------------------------
INFO: [Synth 8-5544] ROM "o_Anode_Activate" won't be mapped to Block RAM because address size (3) smaller than threshold (5)
INFO: [Synth 8-5544] ROM "p_0_out" won't be mapped to Block RAM because address size (2) smaller than threshold (5)
INFO: [Synth 8-5546] ROM "r_reg_2" won't be mapped to RAM because it is too sparse
INFO: [Synth 8-5587] ROM size for "return_hex_from_ascii" is below threshold of ROM address width. It will be mapped to LUTs
INFO: [Synth 8-5546] ROM "r_error_display_type" won't be mapped to RAM because it is too sparse
INFO: [Synth 8-5546] ROM "o_led" won't be mapped to RAM because it is too sparse
INFO: [Synth 8-5546] ROM "r_reg_2" won't be mapped to RAM because it is too sparse
INFO: [Synth 8-5587] ROM size for "return_hex_from_ascii" is below threshold of ROM address width. It will be mapped to LUTs
INFO: [Synth 8-5546] ROM "r_error_display_type" won't be mapped to RAM because it is too sparse
INFO: [Synth 8-5546] ROM "o_led" won't be mapped to RAM because it is too sparse
INFO: [Synth 8-5544] ROM "return_ascii_from_hex" won't be mapped to Block RAM because address size (4) smaller than threshold (5)
INFO: [Synth 8-5544] ROM "return_ascii_from_hex" won't be mapped to Block RAM because address size (4) smaller than threshold (5)
INFO: [Synth 8-5544] ROM "return_ascii_from_hex" won't be mapped to Block RAM because address size (4) smaller than threshold (5)
INFO: [Synth 8-5544] ROM "return_ascii_from_hex" won't be mapped to Block RAM because address size (4) smaller than threshold (5)
INFO: [Synth 8-5544] ROM "return_ascii_from_hex" won't be mapped to Block RAM because address size (4) smaller than threshold (5)
INFO: [Synth 8-5544] ROM "return_ascii_from_hex" won't be mapped to Block RAM because address size (4) smaller than threshold (5)
INFO: [Synth 8-5544] ROM "return_ascii_from_hex" won't be mapped to Block RAM because address size (4) smaller than threshold (5)
INFO: [Synth 8-5544] ROM "return_ascii_from_hex" won't be mapped to Block RAM because address size (4) smaller than threshold (5)
INFO: [Synth 8-5544] ROM "return_ascii_from_hex" won't be mapped to Block RAM because address size (4) smaller than threshold (5)
INFO: [Synth 8-5544] ROM "return_ascii_from_hex" won't be mapped to Block RAM because address size (4) smaller than threshold (5)
INFO: [Synth 8-5544] ROM "return_ascii_from_hex" won't be mapped to Block RAM because address size (4) smaller than threshold (5)
INFO: [Synth 8-5544] ROM "return_ascii_from_hex" won't be mapped to Block RAM because address size (4) smaller than threshold (5)
INFO: [Synth 8-5544] ROM "return_ascii_from_hex" won't be mapped to Block RAM because address size (4) smaller than threshold (5)
INFO: [Synth 8-5544] ROM "return_ascii_from_hex" won't be mapped to Block RAM because address size (4) smaller than threshold (5)
INFO: [Synth 8-5544] ROM "return_ascii_from_hex" won't be mapped to Block RAM because address size (4) smaller than threshold (5)
INFO: [Synth 8-5544] ROM "return_ascii_from_hex" won't be mapped to Block RAM because address size (4) smaller than threshold (5)
INFO: [Synth 8-7067] Removed DRAM instance mem_read_write/i_1/i_0/cache_val_addr_reg_0_255_11_11 from module extram__6 due to constant propagation
INFO: [Synth 8-7067] Removed DRAM instance mem_read_write/i_1/i_0/cache_val_addr_reg_256_511_11_11 from module extram__6 due to constant propagation
INFO: [Synth 8-7067] Removed DRAM instance mem_read_write/i_1/i_0/cache_val_addr_reg_512_767_11_11 from module extram__6 due to constant propagation
INFO: [Synth 8-7067] Removed DRAM instance mem_read_write/i_1/i_0/cache_val_addr_reg_768_1023_11_11 from module extram__6 due to constant propagation
INFO: [Synth 8-7067] Removed DRAM instance mem_read_write/i_1/i_0/cache_val_addr_reg_1024_1279_11_11 from module extram__6 due to constant propagation
INFO: [Synth 8-7067] Removed DRAM instance mem_read_write/i_1/i_0/cache_val_addr_reg_1280_1535_11_11 from module extram__6 due to constant propagation
INFO: [Synth 8-7067] Removed DRAM instance mem_read_write/i_1/i_0/cache_val_addr_reg_1536_1791_11_11 from module extram__6 due to constant propagation
INFO: [Synth 8-7067] Removed DRAM instance mem_read_write/i_1/i_0/cache_val_addr_reg_1792_2047_11_11 from module extram__6 due to constant propagation
INFO: [Synth 8-7067] Removed DRAM instance mem_read_write/i_1/i_0/cache_val_addr_reg_2048_2303_11_11 from module extram__6 due to constant propagation
INFO: [Synth 8-7067] Removed DRAM instance mem_read_write/i_1/i_0/cache_val_addr_reg_2304_2559_11_11 from module extram__6 due to constant propagation
INFO: [Synth 8-7067] Removed DRAM instance mem_read_write/i_1/i_0/cache_val_addr_reg_2560_2815_11_11 from module extram__6 due to constant propagation
INFO: [Synth 8-7067] Removed DRAM instance mem_read_write/i_1/i_0/cache_val_addr_reg_2816_3071_11_11 from module extram__6 due to constant propagation
INFO: [Synth 8-7067] Removed DRAM instance mem_read_write/i_1/i_0/cache_val_addr_reg_3072_3327_11_11 from module extram__6 due to constant propagation
INFO: [Synth 8-7067] Removed DRAM instance mem_read_write/i_1/i_0/cache_val_addr_reg_3328_3583_11_11 from module extram__6 due to constant propagation
INFO: [Synth 8-7067] Removed DRAM instance mem_read_write/i_1/i_0/cache_val_addr_reg_3584_3839_11_11 from module extram__6 due to constant propagation
INFO: [Synth 8-7067] Removed DRAM instance mem_read_write/i_1/i_0/cache_val_addr_reg_3840_4095_11_11 from module extram__6 due to constant propagation
INFO: [Synth 8-7067] Removed DRAM instance mem_read_write/i_1/i_0/cache_val_addr_reg_0_255_10_10 from module extram__6 due to constant propagation
INFO: [Synth 8-7067] Removed DRAM instance mem_read_write/i_1/i_0/cache_val_addr_reg_256_511_10_10 from module extram__6 due to constant propagation
INFO: [Synth 8-7067] Removed DRAM instance mem_read_write/i_1/i_0/cache_val_addr_reg_512_767_10_10 from module extram__6 due to constant propagation
INFO: [Synth 8-7067] Removed DRAM instance mem_read_write/i_1/i_0/cache_val_addr_reg_768_1023_10_10 from module extram__6 due to constant propagation
INFO: [Synth 8-7067] Removed DRAM instance mem_read_write/i_1/i_0/cache_val_addr_reg_1024_1279_10_10 from module extram__6 due to constant propagation
INFO: [Synth 8-7067] Removed DRAM instance mem_read_write/i_1/i_0/cache_val_addr_reg_1280_1535_10_10 from module extram__6 due to constant propagation
INFO: [Synth 8-7067] Removed DRAM instance mem_read_write/i_1/i_0/cache_val_addr_reg_1536_1791_10_10 from module extram__6 due to constant propagation
INFO: [Synth 8-7067] Removed DRAM instance mem_read_write/i_1/i_0/cache_val_addr_reg_1792_2047_10_10 from module extram__6 due to constant propagation
INFO: [Synth 8-7067] Removed DRAM instance mem_read_write/i_1/i_0/cache_val_addr_reg_2048_2303_10_10 from module extram__6 due to constant propagation
INFO: [Synth 8-7067] Removed DRAM instance mem_read_write/i_1/i_0/cache_val_addr_reg_2304_2559_10_10 from module extram__6 due to constant propagation
INFO: [Synth 8-7067] Removed DRAM instance mem_read_write/i_1/i_0/cache_val_addr_reg_2560_2815_10_10 from module extram__6 due to constant propagation
INFO: [Synth 8-7067] Removed DRAM instance mem_read_write/i_1/i_0/cache_val_addr_reg_2816_3071_10_10 from module extram__6 due to constant propagation
INFO: [Synth 8-7067] Removed DRAM instance mem_read_write/i_1/i_0/cache_val_addr_reg_3072_3327_10_10 from module extram__6 due to constant propagation
INFO: [Synth 8-7067] Removed DRAM instance mem_read_write/i_1/i_0/cache_val_addr_reg_3328_3583_10_10 from module extram__6 due to constant propagation
INFO: [Synth 8-7067] Removed DRAM instance mem_read_write/i_1/i_0/cache_val_addr_reg_3584_3839_10_10 from module extram__6 due to constant propagation
INFO: [Synth 8-7067] Removed DRAM instance mem_read_write/i_1/i_0/cache_val_addr_reg_3840_4095_10_10 from module extram__6 due to constant propagation
INFO: [Synth 8-3886] merging instance 'r_error_code_reg[7]' (FDE) to 'r_error_code_reg[6]'
INFO: [Synth 8-3886] merging instance 'r_error_code_reg[6]' (FDE) to 'r_error_code_reg[5]'
INFO: [Synth 8-3886] merging instance 'r_error_code_reg[5]' (FDE) to 'r_error_code_reg[4]'
INFO: [Synth 8-3886] merging instance 'r_error_code_reg[4]' (FDE) to 'r_error_code_reg[3]'
INFO: [Synth 8-3333] propagating constant 0 across sequential element (\r_error_code_reg[3] )
INFO: [Synth 8-3886] merging instance 'mem_read_write/r_app_wdf_mask_reg[0]' (FDE) to 'mem_read_write/r_app_wdf_mask_reg[1]'
INFO: [Synth 8-3886] merging instance 'mem_read_write/ddr2_control/app_wdf_mask_reg[0]' (FDE) to 'mem_read_write/ddr2_control/app_wdf_mask_reg[1]'
INFO: [Synth 8-3886] merging instance 'mem_read_write/r_app_wdf_mask_reg[1]' (FDE) to 'mem_read_write/r_app_wdf_mask_reg[2]'
INFO: [Synth 8-3886] merging instance 'mem_read_write/ddr2_control/app_wdf_mask_reg[1]' (FDE) to 'mem_read_write/ddr2_control/app_wdf_mask_reg[2]'
INFO: [Synth 8-3886] merging instance 'mem_read_write/r_app_wdf_mask_reg[2]' (FDE) to 'mem_read_write/r_app_wdf_mask_reg[3]'
INFO: [Synth 8-3886] merging instance 'mem_read_write/ddr2_control/app_wdf_mask_reg[2]' (FDE) to 'mem_read_write/ddr2_control/app_wdf_mask_reg[3]'
INFO: [Synth 8-3886] merging instance 'mem_read_write/r_app_wdf_mask_reg[4]' (FDE) to 'mem_read_write/r_app_wdf_mask_reg[5]'
INFO: [Synth 8-3886] merging instance 'mem_read_write/ddr2_control/app_wdf_mask_reg[4]' (FDE) to 'mem_read_write/ddr2_control/app_wdf_mask_reg[5]'
INFO: [Synth 8-3886] merging instance 'mem_read_write/r_app_wdf_mask_reg[5]' (FDE) to 'mem_read_write/r_app_wdf_mask_reg[6]'
INFO: [Synth 8-3886] merging instance 'mem_read_write/ddr2_control/app_wdf_mask_reg[5]' (FDE) to 'mem_read_write/ddr2_control/app_wdf_mask_reg[6]'
INFO: [Synth 8-3886] merging instance 'mem_read_write/r_app_wdf_mask_reg[6]' (FDE) to 'mem_read_write/r_app_wdf_mask_reg[7]'
INFO: [Synth 8-3886] merging instance 'mem_read_write/ddr2_control/app_wdf_mask_reg[6]' (FDE) to 'mem_read_write/ddr2_control/app_wdf_mask_reg[7]'
INFO: [Synth 8-3886] merging instance 'mem_read_write/r_app_wdf_mask_reg[8]' (FDE) to 'mem_read_write/r_app_wdf_mask_reg[9]'
INFO: [Synth 8-3886] merging instance 'mem_read_write/ddr2_control/app_wdf_mask_reg[8]' (FDE) to 'mem_read_write/ddr2_control/app_wdf_mask_reg[9]'
INFO: [Synth 8-3886] merging instance 'mem_read_write/r_app_wdf_mask_reg[9]' (FDE) to 'mem_read_write/r_app_wdf_mask_reg[10]'
INFO: [Synth 8-3886] merging instance 'mem_read_write/ddr2_control/app_wdf_mask_reg[9]' (FDE) to 'mem_read_write/ddr2_control/app_wdf_mask_reg[10]'
INFO: [Synth 8-3886] merging instance 'mem_read_write/r_app_wdf_mask_reg[10]' (FDE) to 'mem_read_write/r_app_wdf_mask_reg[11]'
INFO: [Synth 8-3886] merging instance 'mem_read_write/ddr2_control/app_wdf_mask_reg[10]' (FDE) to 'mem_read_write/ddr2_control/app_wdf_mask_reg[11]'
INFO: [Synth 8-3886] merging instance 'mem_read_write/r_app_wdf_mask_reg[12]' (FDE) to 'mem_read_write/r_app_wdf_mask_reg[13]'
INFO: [Synth 8-3886] merging instance 'mem_read_write/ddr2_control/app_wdf_mask_reg[12]' (FDE) to 'mem_read_write/ddr2_control/app_wdf_mask_reg[13]'
INFO: [Synth 8-3886] merging instance 'mem_read_write/r_app_wdf_mask_reg[13]' (FDE) to 'mem_read_write/r_app_wdf_mask_reg[14]'
INFO: [Synth 8-3886] merging instance 'mem_read_write/ddr2_control/app_wdf_mask_reg[13]' (FDE) to 'mem_read_write/ddr2_control/app_wdf_mask_reg[14]'
INFO: [Synth 8-3886] merging instance 'mem_read_write/r_app_wdf_mask_reg[14]' (FDE) to 'mem_read_write/r_app_wdf_mask_reg[15]'
INFO: [Synth 8-3886] merging instance 'mem_read_write/ddr2_control/app_wdf_mask_reg[14]' (FDE) to 'mem_read_write/ddr2_control/app_wdf_mask_reg[15]'
INFO: [Synth 8-3886] merging instance 'r_seven_seg_value1_reg[12]' (FDE) to 'r_seven_seg_value1_reg[31]'
INFO: [Synth 8-3886] merging instance 'r_seven_seg_value1_reg[28]' (FDE) to 'r_seven_seg_value1_reg[31]'
INFO: [Synth 8-3886] merging instance 'r_seven_seg_value2_reg[4]' (FDE) to 'r_seven_seg_value2_reg[31]'
INFO: [Synth 8-3886] merging instance 'r_seven_seg_value2_reg[12]' (FDE) to 'r_seven_seg_value2_reg[31]'
INFO: [Synth 8-3886] merging instance 'r_seven_seg_value2_reg[20]' (FDE) to 'r_seven_seg_value2_reg[31]'
INFO: [Synth 8-3886] merging instance 'r_seven_seg_value2_reg[28]' (FDE) to 'r_seven_seg_value2_reg[31]'
INFO: [Synth 8-3886] merging instance 'r_seven_seg_value2_reg[13]' (FDE) to 'r_seven_seg_value2_reg[21]'
INFO: [Synth 8-3886] merging instance 'r_seven_seg_value2_reg[21]' (FDE) to 'r_seven_seg_value2_reg[29]'
INFO: [Synth 8-3886] merging instance 'r_seven_seg_value1_reg[14]' (FDE) to 'r_seven_seg_value1_reg[31]'
INFO: [Synth 8-3886] merging instance 'r_seven_seg_value1_reg[22]' (FDE) to 'r_seven_seg_value1_reg[31]'
INFO: [Synth 8-3886] merging instance 'r_seven_seg_value1_reg[30]' (FDE) to 'r_seven_seg_value1_reg[31]'
INFO: [Synth 8-3886] merging instance 'r_seven_seg_value2_reg[6]' (FDE) to 'r_seven_seg_value2_reg[31]'
INFO: [Synth 8-3886] merging instance 'r_seven_seg_value2_reg[14]' (FDE) to 'r_seven_seg_value2_reg[31]'
INFO: [Synth 8-3886] merging instance 'r_seven_seg_value2_reg[22]' (FDE) to 'r_seven_seg_value2_reg[31]'
INFO: [Synth 8-3886] merging instance 'r_seven_seg_value2_reg[30]' (FDE) to 'r_seven_seg_value2_reg[31]'
INFO: [Synth 8-3886] merging instance 'r_seven_seg_value1_reg[15]' (FDE) to 'r_seven_seg_value1_reg[31]'
INFO: [Synth 8-3886] merging instance 'r_seven_seg_value1_reg[23]' (FDE) to 'r_seven_seg_value1_reg[31]'
INFO: [Synth 8-3333] propagating constant 0 across sequential element (\r_seven_seg_value1_reg[31] )
INFO: [Synth 8-3886] merging instance 'r_seven_seg_value2_reg[7]' (FDE) to 'r_seven_seg_value2_reg[31]'
INFO: [Synth 8-3886] merging instance 'r_seven_seg_value2_reg[15]' (FDE) to 'r_seven_seg_value2_reg[31]'
INFO: [Synth 8-3886] merging instance 'r_seven_seg_value2_reg[23]' (FDE) to 'r_seven_seg_value2_reg[31]'
INFO: [Synth 8-3333] propagating constant 0 across sequential element (\r_seven_seg_value2_reg[31] )
INFO: [Synth 8-3886] merging instance 'o_ram_write_value_reg[31]' (FDE) to 'r_calc_checksum_reg[-1111111096]'
INFO: [Synth 8-3886] merging instance 'o_ram_write_value_reg[30]' (FDE) to 'r_calc_checksum_reg[-1111111097]'
INFO: [Synth 8-3886] merging instance 'o_ram_write_value_reg[28]' (FDE) to 'r_calc_checksum_reg[-1111111099]'
INFO: [Synth 8-3886] merging instance 'o_ram_write_value_reg[29]' (FDE) to 'r_calc_checksum_reg[-1111111098]'
INFO: [Synth 8-3886] merging instance 'o_ram_write_value_reg[27]' (FDE) to 'r_calc_checksum_reg[-1111111100]'
INFO: [Synth 8-3886] merging instance 'o_ram_write_value_reg[25]' (FDE) to 'r_calc_checksum_reg[-1111111102]'
INFO: [Synth 8-3886] merging instance 'o_ram_write_value_reg[26]' (FDE) to 'r_calc_checksum_reg[-1111111101]'
INFO: [Synth 8-3886] merging instance 'o_ram_write_value_reg[24]' (FDE) to 'r_calc_checksum_reg[-1111111103]'
INFO: [Synth 8-3886] merging instance 'o_ram_write_value_reg[22]' (FDE) to 'r_calc_checksum_reg[-1111111105]'
INFO: [Synth 8-3886] merging instance 'o_ram_write_value_reg[23]' (FDE) to 'r_calc_checksum_reg[-1111111104]'
INFO: [Synth 8-3886] merging instance 'o_ram_write_value_reg[21]' (FDE) to 'r_calc_checksum_reg[-1111111106]'
INFO: [Synth 8-3886] merging instance 'o_ram_write_value_reg[19]' (FDE) to 'r_calc_checksum_reg[-1111111108]'
INFO: [Synth 8-3886] merging instance 'o_ram_write_value_reg[20]' (FDE) to 'r_calc_checksum_reg[-1111111107]'
INFO: [Synth 8-3886] merging instance 'o_ram_write_value_reg[18]' (FDE) to 'r_calc_checksum_reg[-1111111109]'
INFO: [Synth 8-3886] merging instance 'o_ram_write_value_reg[16]' (FDE) to 'r_calc_checksum_reg[-1111111111]'
INFO: [Synth 8-3886] merging instance 'o_ram_write_value_reg[17]' (FDE) to 'r_calc_checksum_reg[-1111111110]'
INFO: [Synth 8-3886] merging instance 'mem_read_write/ddr2_control/app_addr_reg[0]' (FDE) to 'mem_read_write/ddr2_control/app_addr_reg[1]'
INFO: [Synth 8-3886] merging instance 'mem_read_write/ddr2_control/app_addr_reg[1]' (FDE) to 'mem_read_write/ddr2_control/app_addr_reg[2]'
INFO: [Synth 8-3886] merging instance 'mem_read_write/ddr2_control/app_addr_reg[2]' (FDE) to 'mem_read_write/ddr2_control/app_addr_reg[25]'
INFO: [Synth 8-3886] merging instance 'mem_read_write/ddr2_control/app_addr_reg[25]' (FDE) to 'mem_read_write/ddr2_control/app_addr_reg[26]'
INFO: [Synth 8-3333] propagating constant 0 across sequential element (mem_read_write/\ddr2_control/app_addr_reg[26] )
INFO: [Synth 8-3886] merging instance 'o_TX_LCD_Count_reg[1]' (FDE) to 'o_TX_LCD_Count_reg[3]'
INFO: [Synth 8-3886] merging instance 'o_TX_LCD_Count_reg[2]' (FDE) to 'o_TX_LCD_Count_reg[3]'
INFO: [Synth 8-3333] propagating constant 0 across sequential element (\o_TX_LCD_Count_reg[3] )
INFO: [Synth 8-3333] propagating constant 1 across sequential element (\o_TX_LCD_Count_reg[0] )
INFO: [Synth 8-3886] merging instance 'mem_read_write/state_reg[9]' (FDE) to 'mem_read_write/state_reg[7]'
INFO: [Synth 8-3886] merging instance 'mem_read_write/state_reg[7]' (FDE) to 'mem_read_write/state_reg[5]'
INFO: [Synth 8-3886] merging instance 'mem_read_write/state_reg[5]' (FDE) to 'mem_read_write/state_reg[4]'
INFO: [Synth 8-3333] propagating constant 0 across sequential element (mem_read_write/\state_reg[4] )
INFO: [Synth 8-3886] merging instance 'r_timeout_max_reg[0]' (FDE) to 'r_timeout_max_reg[12]'
INFO: [Synth 8-3886] merging instance 'r_timeout_max_reg[1]' (FDE) to 'r_timeout_max_reg[12]'
INFO: [Synth 8-3886] merging instance 'r_timeout_max_reg[2]' (FDE) to 'r_timeout_max_reg[12]'
INFO: [Synth 8-3886] merging instance 'r_timeout_max_reg[3]' (FDE) to 'r_timeout_max_reg[12]'
INFO: [Synth 8-3886] merging instance 'r_timeout_max_reg[4]' (FDE) to 'r_timeout_max_reg[12]'
INFO: [Synth 8-3886] merging instance 'r_timeout_max_reg[5]' (FDE) to 'r_timeout_max_reg[12]'
INFO: [Synth 8-3886] merging instance 'r_timeout_max_reg[6]' (FDE) to 'r_timeout_max_reg[12]'
INFO: [Synth 8-3886] merging instance 'r_timeout_max_reg[7]' (FDE) to 'r_timeout_max_reg[12]'
INFO: [Synth 8-3886] merging instance 'r_timeout_max_reg[9]' (FDE) to 'r_timeout_max_reg[12]'
INFO: [Synth 8-3886] merging instance 'r_timeout_max_reg[10]' (FDE) to 'r_timeout_max_reg[12]'
INFO: [Synth 8-3886] merging instance 'r_timeout_max_reg[11]' (FDE) to 'r_timeout_max_reg[12]'
INFO: [Synth 8-3333] propagating constant 0 across sequential element (\r_timeout_max_reg[12] )
INFO: [Synth 8-3886] merging instance 'r_SM_reg[4]' (FDRE) to 'r_SM_reg[5]'
INFO: [Synth 8-3886] merging instance 'r_SM_reg[5]' (FDRE) to 'r_SM_reg[14]'
INFO: [Synth 8-3886] merging instance 'r_SM_reg[14]' (FDRE) to 'r_SM_reg[17]'
INFO: [Synth 8-3886] merging instance 'r_SM_reg[17]' (FDRE) to 'r_SM_reg[31]'
INFO: [Synth 8-3886] merging instance 'r_SM_reg[31]' (FDRE) to 'r_SM_reg[30]'
INFO: [Synth 8-3886] merging instance 'r_SM_reg[30]' (FDRE) to 'r_SM_reg[29]'
INFO: [Synth 8-3886] merging instance 'r_SM_reg[29]' (FDRE) to 'r_SM_reg[28]'
INFO: [Synth 8-3886] merging instance 'r_SM_reg[28]' (FDRE) to 'r_SM_reg[27]'
INFO: [Synth 8-3886] merging instance 'r_SM_reg[27]' (FDRE) to 'r_SM_reg[26]'
INFO: [Synth 8-3886] merging instance 'r_SM_reg[26]' (FDRE) to 'r_SM_reg[25]'
INFO: [Synth 8-3886] merging instance 'r_SM_reg[25]' (FDRE) to 'r_SM_reg[24]'
INFO: [Synth 8-3886] merging instance 'r_SM_reg[24]' (FDRE) to 'r_SM_reg[23]'
INFO: [Synth 8-3886] merging instance 'r_SM_reg[23]' (FDRE) to 'r_SM_reg[22]'
INFO: [Synth 8-3333] propagating constant 0 across sequential element (\r_SM_reg[22] )
INFO: [Synth 8-7067] Removed DRAM instance mem_read_write/i_1/i_0/cache_val_addr_reg_0_255_11_11 from module extram__6 due to constant propagation
INFO: [Synth 8-3886] merging instance 'r_seven_seg_value1_reg[31]' (FDE) to 'r_seven_seg_value1_reg[4]'
INFO: [Synth 8-3886] merging instance 'r_seven_seg_value1_reg[4]' (FDE) to 'r_seven_seg_value1_reg[7]'
INFO: [Synth 8-3886] merging instance 'r_seven_seg_value1_reg[6]' (FDE) to 'r_seven_seg_value1_reg[7]'
INFO: [Common 17-14] Message 'Synth 8-3886' appears 100 times and further instances of the messages will be disabled. Use the Tcl command set_msg_config to change the current settings.
INFO: [Common 17-14] Message 'Synth 8-3886' appears 100 times and further instances of the messages will be disabled. Use the Tcl command set_msg_config to change the current settings.
INFO: [Synth 8-3333] propagating constant 0 across sequential element (\r_seven_seg_value1_reg[7] )
INFO: [Synth 8-5546] ROM "r_cache_reset" won't be mapped to RAM because it is too sparse
INFO: [Synth 8-5546] ROM "r_cache_reset" won't be mapped to RAM because it is too sparse
INFO: [Synth 8-5544] ROM "return_ascii_from_hex" won't be mapped to Block RAM because address size (4) smaller than threshold (5)
INFO: [Synth 8-5544] ROM "return_ascii_from_hex" won't be mapped to Block RAM because address size (4) smaller than threshold (5)
INFO: [Synth 8-5544] ROM "return_ascii_from_hex" won't be mapped to Block RAM because address size (4) smaller than threshold (5)
INFO: [Synth 8-5544] ROM "return_ascii_from_hex" won't be mapped to Block RAM because address size (4) smaller than threshold (5)
INFO: [Synth 8-5544] ROM "return_ascii_from_hex" won't be mapped to Block RAM because address size (4) smaller than threshold (5)
INFO: [Synth 8-5544] ROM "return_ascii_from_hex" won't be mapped to Block RAM because address size (4) smaller than threshold (5)
INFO: [Synth 8-3333] propagating constant 0 across sequential element (\r_msg_reg[63] )
INFO: [Synth 8-3333] propagating constant 0 across sequential element (\r_msg_reg[47] )
INFO: [Synth 8-3333] propagating constant 0 across sequential element (\r_msg_reg[31] )
INFO: [Synth 8-3333] propagating constant 0 across sequential element (\r_msg_reg[15] )
INFO: [Synth 8-3333] propagating constant 0 across sequential element (\r_msg_reg[100] )
INFO: [Synth 8-3333] propagating constant 0 across sequential element (\r_msg_reg[122] )
INFO: [Synth 8-3333] propagating constant 0 across sequential element (\r_msg_reg[105] )
INFO: [Synth 8-3333] propagating constant 0 across sequential element (\r_msg_reg[152] )
INFO: [Common 17-14] Message 'Synth 8-3886' appears 100 times and further instances of the messages will be disabled. Use the Tcl command set_msg_config to change the current settings.
INFO: [Synth 8-3333] propagating constant 0 across sequential element (uart_send_msg1/\r_msg_reg[21][0] )
INFO: [Synth 8-3333] propagating constant 0 across sequential element (\r_timer_interrupt_counter_reg[31] )
INFO: [Synth 8-3333] propagating constant 0 across sequential element (uart_send_msg1/\r_msg_reg[19][0] )
---------------------------------------------------------------------------------
Finished Cross Boundary and Area Optimization : Time (s): cpu = 00:00:51 ; elapsed = 00:06:48 . Memory (MB): peak = 2661.992 ; gain = 980.598 ; free physical = 140 ; free virtual = 2412
---------------------------------------------------------------------------------
---------------------------------------------------------------------------------
Start ROM, RAM, DSP, Shift Register and Retiming Reporting
---------------------------------------------------------------------------------

Block RAM: Preliminary Mapping Report (see note below)
+---------------+--------------------+------------------------+---+---+------------------------+---+---+------------------+--------+--------+
|Module Name    | RTL Object         | PORT A (Depth x Width) | W | R | PORT B (Depth x Width) | W | R | Ports driving FF | RAMB18 | RAMB36 | 
+---------------+--------------------+------------------------+---+---+------------------------+---+---+------------------+--------+--------+
|main_stack     | RAM_reg            | 8 K x 32(READ_FIRST)   | W |   | 8 K x 32(WRITE_FIRST)  |   | R | Port A and B     | 0      | 16     | 
|mem_read_write | cache_val_data_reg | 4 K x 128(READ_FIRST)  | W |   | 4 K x 128(WRITE_FIRST) |   | R | Port A and B     | 1      | 14     | 
+---------------+--------------------+------------------------+---+---+------------------------+---+---+------------------+--------+--------+

Note: The table above is a preliminary report that shows the Block RAMs at the current stage of the synthesis flow. Some Block RAMs may be reimplemented as non Block RAM primitives later in the synthesis flow. Multiple instantiated Block RAMs are reported only once. 

Distributed RAM: Preliminary Mapping Report (see note below)
+---------------+--------------------+-----------+----------------------+------------------+
|Module Name    | RTL Object         | Inference | Size (Depth x Width) | Primitives       | 
+---------------+--------------------+-----------+----------------------+------------------+
|mem_read_write | cache_val_addr_reg | Implied   | 4 K x 13             | RAM256X1S x 208  | 
+---------------+--------------------+-----------+----------------------+------------------+

Note: The table above is a preliminary report that shows the Distributed RAMs at the current stage of the synthesis flow. Some Distributed RAMs may be reimplemented as non Distributed RAM primitives later in the synthesis flow. Multiple instantiated RAMs are reported only once.
---------------------------------------------------------------------------------
Finished ROM, RAM, DSP, Shift Register and Retiming Reporting
---------------------------------------------------------------------------------
---------------------------------------------------------------------------------
Start Applying XDC Timing Constraints
---------------------------------------------------------------------------------
---------------------------------------------------------------------------------
Finished Applying XDC Timing Constraints : Time (s): cpu = 00:01:28 ; elapsed = 00:07:11 . Memory (MB): peak = 2661.992 ; gain = 980.598 ; free physical = 132 ; free virtual = 1987
---------------------------------------------------------------------------------
---------------------------------------------------------------------------------
Start Timing Optimization
---------------------------------------------------------------------------------
info: optimization accepted worst group hill climbing move (3707.0/oG.CP 502.0ps)
---------------------------------------------------------------------------------
Finished Timing Optimization : Time (s): cpu = 00:02:13 ; elapsed = 00:07:58 . Memory (MB): peak = 2724.000 ; gain = 1042.605 ; free physical = 147 ; free virtual = 1790
---------------------------------------------------------------------------------
---------------------------------------------------------------------------------
Start ROM, RAM, DSP, Shift Register and Retiming Reporting
---------------------------------------------------------------------------------

Block RAM: Final Mapping Report
+---------------+--------------------+------------------------+---+---+------------------------+---+---+------------------+--------+--------+
|Module Name    | RTL Object         | PORT A (Depth x Width) | W | R | PORT B (Depth x Width) | W | R | Ports driving FF | RAMB18 | RAMB36 | 
+---------------+--------------------+------------------------+---+---+------------------------+---+---+------------------+--------+--------+
|main_stack     | RAM_reg            | 8 K x 32(READ_FIRST)   | W |   | 8 K x 32(WRITE_FIRST)  |   | R | Port A and B     | 0      | 16     | 
|mem_read_write | cache_val_data_reg | 4 K x 128(READ_FIRST)  | W |   | 4 K x 128(WRITE_FIRST) |   | R | Port A and B     | 1      | 14     | 
+---------------+--------------------+------------------------+---+---+------------------------+---+---+------------------+--------+--------+


Distributed RAM: Final Mapping Report
+---------------+--------------------+-----------+----------------------+------------------+
|Module Name    | RTL Object         | Inference | Size (Depth x Width) | Primitives       | 
+---------------+--------------------+-----------+----------------------+------------------+
|mem_read_write | cache_val_addr_reg | Implied   | 4 K x 13             | RAM256X1S x 208  | 
+---------------+--------------------+-----------+----------------------+------------------+

---------------------------------------------------------------------------------
Finished ROM, RAM, DSP, Shift Register and Retiming Reporting
---------------------------------------------------------------------------------
---------------------------------------------------------------------------------
Start Technology Mapping
---------------------------------------------------------------------------------
INFO: [Synth 8-7052] The timing for the instance i_0/main_stack/RAM_reg_0 (implemented as a Block RAM) might be sub-optimal as no optional output register could be merged into the ram block. Providing additional output register may help in improving timing.
INFO: [Synth 8-7052] The timing for the instance i_0/main_stack/RAM_reg_1 (implemented as a Block RAM) might be sub-optimal as no optional output register could be merged into the ram block. Providing additional output register may help in improving timing.
INFO: [Synth 8-7052] The timing for the instance i_0/main_stack/RAM_reg_2 (implemented as a Block RAM) might be sub-optimal as no optional output register could be merged into the ram block. Providing additional output register may help in improving timing.
INFO: [Synth 8-7052] The timing for the instance i_0/main_stack/RAM_reg_3 (implemented as a Block RAM) might be sub-optimal as no optional output register could be merged into the ram block. Providing additional output register may help in improving timing.
INFO: [Synth 8-7052] The timing for the instance i_0/main_stack/RAM_reg_4 (implemented as a Block RAM) might be sub-optimal as no optional output register could be merged into the ram block. Providing additional output register may help in improving timing.
INFO: [Synth 8-7052] The timing for the instance i_0/main_stack/RAM_reg_5 (implemented as a Block RAM) might be sub-optimal as no optional output register could be merged into the ram block. Providing additional output register may help in improving timing.
INFO: [Synth 8-7052] The timing for the instance i_0/main_stack/RAM_reg_6 (implemented as a Block RAM) might be sub-optimal as no optional output register could be merged into the ram block. Providing additional output register may help in improving timing.
INFO: [Synth 8-7052] The timing for the instance i_0/main_stack/RAM_reg_7 (implemented as a Block RAM) might be sub-optimal as no optional output register could be merged into the ram block. Providing additional output register may help in improving timing.
INFO: [Synth 8-7052] The timing for the instance i_0/main_stack/RAM_reg_8 (implemented as a Block RAM) might be sub-optimal as no optional output register could be merged into the ram block. Providing additional output register may help in improving timing.
INFO: [Synth 8-7052] The timing for the instance i_0/main_stack/RAM_reg_9 (implemented as a Block RAM) might be sub-optimal as no optional output register could be merged into the ram block. Providing additional output register may help in improving timing.
INFO: [Synth 8-7052] The timing for the instance i_0/main_stack/RAM_reg_10 (implemented as a Block RAM) might be sub-optimal as no optional output register could be merged into the ram block. Providing additional output register may help in improving timing.
INFO: [Synth 8-7052] The timing for the instance i_0/main_stack/RAM_reg_11 (implemented as a Block RAM) might be sub-optimal as no optional output register could be merged into the ram block. Providing additional output register may help in improving timing.
INFO: [Synth 8-7052] The timing for the instance i_0/main_stack/RAM_reg_12 (implemented as a Block RAM) might be sub-optimal as no optional output register could be merged into the ram block. Providing additional output register may help in improving timing.
INFO: [Synth 8-7052] The timing for the instance i_0/main_stack/RAM_reg_13 (implemented as a Block RAM) might be sub-optimal as no optional output register could be merged into the ram block. Providing additional output register may help in improving timing.
INFO: [Synth 8-7052] The timing for the instance i_0/main_stack/RAM_reg_14 (implemented as a Block RAM) might be sub-optimal as no optional output register could be merged into the ram block. Providing additional output register may help in improving timing.
INFO: [Synth 8-7052] The timing for the instance i_0/main_stack/RAM_reg_15 (implemented as a Block RAM) might be sub-optimal as no optional output register could be merged into the ram block. Providing additional output register may help in improving timing.
INFO: [Synth 8-7052] The timing for the instance i_0/mem_read_write/cache_val_data_reg_0 (implemented as a Block RAM) might be sub-optimal as no optional output register could be merged into the ram block. Providing additional output register may help in improving timing.
INFO: [Synth 8-7052] The timing for the instance i_0/mem_read_write/cache_val_data_reg_1 (implemented as a Block RAM) might be sub-optimal as no optional output register could be merged into the ram block. Providing additional output register may help in improving timing.
INFO: [Synth 8-7052] The timing for the instance i_0/mem_read_write/cache_val_data_reg_2 (implemented as a Block RAM) might be sub-optimal as no optional output register could be merged into the ram block. Providing additional output register may help in improving timing.
INFO: [Synth 8-7052] The timing for the instance i_0/mem_read_write/cache_val_data_reg_3 (implemented as a Block RAM) might be sub-optimal as no optional output register could be merged into the ram block. Providing additional output register may help in improving timing.
INFO: [Synth 8-7052] The timing for the instance i_0/mem_read_write/cache_val_data_reg_4 (implemented as a Block RAM) might be sub-optimal as no optional output register could be merged into the ram block. Providing additional output register may help in improving timing.
INFO: [Synth 8-7052] The timing for the instance i_0/mem_read_write/cache_val_data_reg_5 (implemented as a Block RAM) might be sub-optimal as no optional output register could be merged into the ram block. Providing additional output register may help in improving timing.
INFO: [Synth 8-7052] The timing for the instance i_0/mem_read_write/cache_val_data_reg_6 (implemented as a Block RAM) might be sub-optimal as no optional output register could be merged into the ram block. Providing additional output register may help in improving timing.
INFO: [Synth 8-7052] The timing for the instance i_0/mem_read_write/cache_val_data_reg_7 (implemented as a Block RAM) might be sub-optimal as no optional output register could be merged into the ram block. Providing additional output register may help in improving timing.
INFO: [Synth 8-7052] The timing for the instance i_0/mem_read_write/cache_val_data_reg_8 (implemented as a Block RAM) might be sub-optimal as no optional output register could be merged into the ram block. Providing additional output register may help in improving timing.
INFO: [Synth 8-7052] The timing for the instance i_0/mem_read_write/cache_val_data_reg_9 (implemented as a Block RAM) might be sub-optimal as no optional output register could be merged into the ram block. Providing additional output register may help in improving timing.
INFO: [Synth 8-7052] The timing for the instance i_0/mem_read_write/cache_val_data_reg_10 (implemented as a Block RAM) might be sub-optimal as no optional output register could be merged into the ram block. Providing additional output register may help in improving timing.
INFO: [Synth 8-7052] The timing for the instance i_0/mem_read_write/cache_val_data_reg_11 (implemented as a Block RAM) might be sub-optimal as no optional output register could be merged into the ram block. Providing additional output register may help in improving timing.
INFO: [Synth 8-7052] The timing for the instance i_0/mem_read_write/cache_val_data_reg_12 (implemented as a Block RAM) might be sub-optimal as no optional output register could be merged into the ram block. Providing additional output register may help in improving timing.
INFO: [Synth 8-7052] The timing for the instance i_0/mem_read_write/cache_val_data_reg_13 (implemented as a Block RAM) might be sub-optimal as no optional output register could be merged into the ram block. Providing additional output register may help in improving timing.
INFO: [Synth 8-7052] The timing for the instance i_0/mem_read_write/cache_val_data_reg_14 (implemented as a Block RAM) might be sub-optimal as no optional output register could be merged into the ram block. Providing additional output register may help in improving timing.
---------------------------------------------------------------------------------
Finished Technology Mapping : Time (s): cpu = 00:02:14 ; elapsed = 00:08:10 . Memory (MB): peak = 2735.926 ; gain = 1054.531 ; free physical = 158 ; free virtual = 1378
---------------------------------------------------------------------------------
---------------------------------------------------------------------------------
Start IO Insertion
---------------------------------------------------------------------------------
---------------------------------------------------------------------------------
Start Flattening Before IO Insertion
---------------------------------------------------------------------------------
---------------------------------------------------------------------------------
Finished Flattening Before IO Insertion
---------------------------------------------------------------------------------
---------------------------------------------------------------------------------
Start Final Netlist Cleanup
---------------------------------------------------------------------------------
INFO: [Synth 8-7052] The timing for the instance main_stack/RAM_reg_0 (implemented as a Block RAM) might be sub-optimal as no optional output register could be merged into the ram block. Providing additional output register may help in improving timing.
INFO: [Synth 8-7052] The timing for the instance main_stack/RAM_reg_1 (implemented as a Block RAM) might be sub-optimal as no optional output register could be merged into the ram block. Providing additional output register may help in improving timing.
INFO: [Synth 8-7052] The timing for the instance main_stack/RAM_reg_2 (implemented as a Block RAM) might be sub-optimal as no optional output register could be merged into the ram block. Providing additional output register may help in improving timing.
INFO: [Synth 8-7052] The timing for the instance main_stack/RAM_reg_3 (implemented as a Block RAM) might be sub-optimal as no optional output register could be merged into the ram block. Providing additional output register may help in improving timing.
INFO: [Synth 8-7052] The timing for the instance main_stack/RAM_reg_4 (implemented as a Block RAM) might be sub-optimal as no optional output register could be merged into the ram block. Providing additional output register may help in improving timing.
INFO: [Synth 8-7052] The timing for the instance main_stack/RAM_reg_5 (implemented as a Block RAM) might be sub-optimal as no optional output register could be merged into the ram block. Providing additional output register may help in improving timing.
INFO: [Synth 8-7052] The timing for the instance main_stack/RAM_reg_6 (implemented as a Block RAM) might be sub-optimal as no optional output register could be merged into the ram block. Providing additional output register may help in improving timing.
INFO: [Synth 8-7052] The timing for the instance main_stack/RAM_reg_7 (implemented as a Block RAM) might be sub-optimal as no optional output register could be merged into the ram block. Providing additional output register may help in improving timing.
INFO: [Synth 8-7052] The timing for the instance main_stack/RAM_reg_8 (implemented as a Block RAM) might be sub-optimal as no optional output register could be merged into the ram block. Providing additional output register may help in improving timing.
INFO: [Synth 8-7052] The timing for the instance main_stack/RAM_reg_9 (implemented as a Block RAM) might be sub-optimal as no optional output register could be merged into the ram block. Providing additional output register may help in improving timing.
INFO: [Synth 8-7052] The timing for the instance main_stack/RAM_reg_10 (implemented as a Block RAM) might be sub-optimal as no optional output register could be merged into the ram block. Providing additional output register may help in improving timing.
INFO: [Synth 8-7052] The timing for the instance main_stack/RAM_reg_11 (implemented as a Block RAM) might be sub-optimal as no optional output register could be merged into the ram block. Providing additional output register may help in improving timing.
INFO: [Synth 8-7052] The timing for the instance main_stack/RAM_reg_12 (implemented as a Block RAM) might be sub-optimal as no optional output register could be merged into the ram block. Providing additional output register may help in improving timing.
INFO: [Synth 8-7052] The timing for the instance main_stack/RAM_reg_13 (implemented as a Block RAM) might be sub-optimal as no optional output register could be merged into the ram block. Providing additional output register may help in improving timing.
INFO: [Synth 8-7052] The timing for the instance main_stack/RAM_reg_14 (implemented as a Block RAM) might be sub-optimal as no optional output register could be merged into the ram block. Providing additional output register may help in improving timing.
INFO: [Synth 8-7052] The timing for the instance main_stack/RAM_reg_15 (implemented as a Block RAM) might be sub-optimal as no optional output register could be merged into the ram block. Providing additional output register may help in improving timing.
INFO: [Synth 8-7052] The timing for the instance mem_read_write/cache_val_data_reg_0 (implemented as a Block RAM) might be sub-optimal as no optional output register could be merged into the ram block. Providing additional output register may help in improving timing.
INFO: [Synth 8-7052] The timing for the instance mem_read_write/cache_val_data_reg_1 (implemented as a Block RAM) might be sub-optimal as no optional output register could be merged into the ram block. Providing additional output register may help in improving timing.
INFO: [Synth 8-7052] The timing for the instance mem_read_write/cache_val_data_reg_2 (implemented as a Block RAM) might be sub-optimal as no optional output register could be merged into the ram block. Providing additional output register may help in improving timing.
INFO: [Synth 8-7052] The timing for the instance mem_read_write/cache_val_data_reg_3 (implemented as a Block RAM) might be sub-optimal as no optional output register could be merged into the ram block. Providing additional output register may help in improving timing.
INFO: [Synth 8-7052] The timing for the instance mem_read_write/cache_val_data_reg_4 (implemented as a Block RAM) might be sub-optimal as no optional output register could be merged into the ram block. Providing additional output register may help in improving timing.
INFO: [Synth 8-7052] The timing for the instance mem_read_write/cache_val_data_reg_5 (implemented as a Block RAM) might be sub-optimal as no optional output register could be merged into the ram block. Providing additional output register may help in improving timing.
INFO: [Synth 8-7052] The timing for the instance mem_read_write/cache_val_data_reg_6 (implemented as a Block RAM) might be sub-optimal as no optional output register could be merged into the ram block. Providing additional output register may help in improving timing.
INFO: [Synth 8-7052] The timing for the instance mem_read_write/cache_val_data_reg_7 (implemented as a Block RAM) might be sub-optimal as no optional output register could be merged into the ram block. Providing additional output register may help in improving timing.
INFO: [Synth 8-7052] The timing for the instance mem_read_write/cache_val_data_reg_8 (implemented as a Block RAM) might be sub-optimal as no optional output register could be merged into the ram block. Providing additional output register may help in improving timing.
INFO: [Synth 8-7052] The timing for the instance mem_read_write/cache_val_data_reg_9 (implemented as a Block RAM) might be sub-optimal as no optional output register could be merged into the ram block. Providing additional output register may help in improving timing.
INFO: [Synth 8-7052] The timing for the instance mem_read_write/cache_val_data_reg_10 (implemented as a Block RAM) might be sub-optimal as no optional output register could be merged into the ram block. Providing additional output register may help in improving timing.
INFO: [Synth 8-7052] The timing for the instance mem_read_write/cache_val_data_reg_11 (implemented as a Block RAM) might be sub-optimal as no optional output register could be merged into the ram block. Providing additional output register may help in improving timing.
INFO: [Synth 8-7052] The timing for the instance mem_read_write/cache_val_data_reg_12 (implemented as a Block RAM) might be sub-optimal as no optional output register could be merged into the ram block. Providing additional output register may help in improving timing.
INFO: [Synth 8-7052] The timing for the instance mem_read_write/cache_val_data_reg_13 (implemented as a Block RAM) might be sub-optimal as no optional output register could be merged into the ram block. Providing additional output register may help in improving timing.
INFO: [Synth 8-7052] The timing for the instance mem_read_write/cache_val_data_reg_14 (implemented as a Block RAM) might be sub-optimal as no optional output register could be merged into the ram block. Providing additional output register may help in improving timing.
---------------------------------------------------------------------------------
Finished Final Netlist Cleanup
---------------------------------------------------------------------------------
---------------------------------------------------------------------------------
Finished IO Insertion : Time (s): cpu = 00:02:20 ; elapsed = 00:08:17 . Memory (MB): peak = 2735.926 ; gain = 1054.531 ; free physical = 163 ; free virtual = 1443
---------------------------------------------------------------------------------
---------------------------------------------------------------------------------
Start Renaming Generated Instances
---------------------------------------------------------------------------------
---------------------------------------------------------------------------------
Finished Renaming Generated Instances : Time (s): cpu = 00:02:20 ; elapsed = 00:08:17 . Memory (MB): peak = 2735.926 ; gain = 1054.531 ; free physical = 163 ; free virtual = 1445
---------------------------------------------------------------------------------
---------------------------------------------------------------------------------
Start Rebuilding User Hierarchy
---------------------------------------------------------------------------------
---------------------------------------------------------------------------------
Finished Rebuilding User Hierarchy : Time (s): cpu = 00:02:20 ; elapsed = 00:08:18 . Memory (MB): peak = 2735.926 ; gain = 1054.531 ; free physical = 162 ; free virtual = 1445
---------------------------------------------------------------------------------
---------------------------------------------------------------------------------
Start Renaming Generated Ports
---------------------------------------------------------------------------------
---------------------------------------------------------------------------------
Finished Renaming Generated Ports : Time (s): cpu = 00:02:20 ; elapsed = 00:08:18 . Memory (MB): peak = 2735.926 ; gain = 1054.531 ; free physical = 162 ; free virtual = 1445
---------------------------------------------------------------------------------
---------------------------------------------------------------------------------
Start Handling Custom Attributes
---------------------------------------------------------------------------------
---------------------------------------------------------------------------------
Finished Handling Custom Attributes : Time (s): cpu = 00:02:21 ; elapsed = 00:08:18 . Memory (MB): peak = 2735.926 ; gain = 1054.531 ; free physical = 152 ; free virtual = 1446
---------------------------------------------------------------------------------
---------------------------------------------------------------------------------
Start Renaming Generated Nets
---------------------------------------------------------------------------------
---------------------------------------------------------------------------------
Finished Renaming Generated Nets : Time (s): cpu = 00:02:21 ; elapsed = 00:08:18 . Memory (MB): peak = 2735.926 ; gain = 1054.531 ; free physical = 152 ; free virtual = 1446
---------------------------------------------------------------------------------
---------------------------------------------------------------------------------
Start Writing Synthesis Report
---------------------------------------------------------------------------------

Report BlackBoxes: 
+------+--------------+----------+
|      |BlackBox name |Instances |
+------+--------------+----------+
|1     |clk_wiz_0     |         1|
|2     |mig_7series_0 |         1|
+------+--------------+----------+

Report Cell Usage: 
+------+------------+------+
|      |Cell        |Count |
+------+------------+------+
|1     |clk_wiz     |     1|
|2     |mig_7series |     1|
|3     |BUFG        |     1|
|4     |CARRY4      |   153|
|5     |LUT1        |   232|
|6     |LUT2        |   347|
|7     |LUT3        |   258|
|8     |LUT4        |   359|
|9     |LUT5        |   401|
|10    |LUT6        |  2130|
|11    |MUXF7       |    62|
|12    |MUXF8       |    11|
|13    |RAM256X1S   |   176|
|14    |RAMB18E1    |     2|
|16    |RAMB36E1    |    30|
|18    |FDCE        |    28|
|19    |FDPE        |     6|
|20    |FDRE        |  2001|
|21    |FDSE        |    20|
|22    |IBUF        |    19|
|23    |OBUF        |    44|
+------+------------+------+
---------------------------------------------------------------------------------
Finished Writing Synthesis Report : Time (s): cpu = 00:02:21 ; elapsed = 00:08:18 . Memory (MB): peak = 2735.926 ; gain = 1054.531 ; free physical = 145 ; free virtual = 1442
---------------------------------------------------------------------------------
Synthesis finished with 0 errors, 0 critical warnings and 3 warnings.
Synthesis Optimization Runtime : Time (s): cpu = 00:02:12 ; elapsed = 00:08:14 . Memory (MB): peak = 2735.926 ; gain = 769.211 ; free physical = 3017 ; free virtual = 6885
Synthesis Optimization Complete : Time (s): cpu = 00:02:21 ; elapsed = 00:08:22 . Memory (MB): peak = 2735.926 ; gain = 1054.531 ; free physical = 3001 ; free virtual = 6877
INFO: [Project 1-571] Translating synthesized netlist
Netlist sorting complete. Time (s): cpu = 00:00:00.05 ; elapsed = 00:00:00.05 . Memory (MB): peak = 2735.926 ; gain = 0.000 ; free physical = 2989 ; free virtual = 6881
INFO: [Netlist 29-17] Analyzing 434 Unisim elements for replacement
INFO: [Netlist 29-28] Unisim Transformation completed in 0 CPU seconds
INFO: [Project 1-570] Preparing netlist for logic optimization
INFO: [Opt 31-138] Pushed 0 inverter(s) to 0 load pin(s).
Netlist sorting complete. Time (s): cpu = 00:00:00.01 ; elapsed = 00:00:00 . Memory (MB): peak = 2780.027 ; gain = 0.000 ; free physical = 2942 ; free virtual = 6883
INFO: [Project 1-111] Unisim Transformation Summary:
  A total of 176 instances were transformed.
  RAM256X1S => RAM256X1S (MUXF7(x2), MUXF8, RAMS64E(x4)): 176 instances

Synth Design complete | Checksum: 590c2fa9
INFO: [Common 17-83] Releasing license: Synthesis
307 Infos, 2 Warnings, 0 Critical Warnings and 0 Errors encountered.
synth_design completed successfully
synth_design: Time (s): cpu = 00:02:28 ; elapsed = 00:08:32 . Memory (MB): peak = 2780.062 ; gain = 1267.988 ; free physical = 2860 ; free virtual = 6885
INFO: [Common 17-2834] synth_design peak Physical Memory [PSS] (MB): overall = 3590.150; main = 1885.015; forked = 3348.363
INFO: [Common 17-2834] synth_design peak Virtual Memory [VSS] (MB): overall = 12947.746; main = 2780.031; forked = 10289.668
Write ShapeDB Complete: Time (s): cpu = 00:00:00.03 ; elapsed = 00:00:00.01 . Memory (MB): peak = 2804.039 ; gain = 0.000 ; free physical = 2855 ; free virtual = 6886
INFO: [Common 17-1381] The checkpoint '/home/graham/Documents/src/fpga/FPGA_CPU_32_DDR_cache/FPGA_CPU_32_DDR_cache.runs/synth_1/FPGA_CPU_32_bits_cache.dcp' has been generated.
INFO: [Vivado 12-24828] Executing command : report_utilization -file FPGA_CPU_32_bits_cache_utilization_synth.rpt -pb FPGA_CPU_32_bits_cache_utilization_synth.pb
INFO: [Common 17-206] Exiting Vivado at Mon Jul 28 11:53:59 2025...
