#-----------------------------------------------------------
# Vivado v2025.1 (64-bit)
# SW Build 6140274 on Wed May 21 22:58:25 MDT 2025
# IP Build 6138677 on Thu May 22 03:10:11 MDT 2025
# SharedData Build 6139179 on Tue May 20 17:58:58 MDT 2025
# Start of session at: Thu Dec 11 10:49:04 2025
# Process ID         : 28964
# Current directory  : /home/graham/Documents/src/fpga/FPGA_CPU_32_DDR_cache/FPGA_CPU_32_DDR_cache.runs/clk_wiz_0_synth_1
# Command line       : vivado -log clk_wiz_0.vds -product Vivado -mode batch -messageDb vivado.pb -notrace -source clk_wiz_0.tcl
# Log file           : /home/graham/Documents/src/fpga/FPGA_CPU_32_DDR_cache/FPGA_CPU_32_DDR_cache.runs/clk_wiz_0_synth_1/clk_wiz_0.vds
# Journal file       : /home/graham/Documents/src/fpga/FPGA_CPU_32_DDR_cache/FPGA_CPU_32_DDR_cache.runs/clk_wiz_0_synth_1/vivado.jou
# Running On         : Garuda
# Platform           : Garuda
# Operating System   : Garuda Linux Broadwing
# Processor Detail   : Intel(R) Core(TM) i7-1068NG7 CPU @ 2.30GHz
# CPU Frequency      : 2304.000 MHz
# CPU Physical cores : 4
# CPU Logical cores  : 4
# Host memory        : 16753 MB
# Swap memory        : 16753 MB
# Total Virtual      : 33506 MB
# Available Virtual  : 28674 MB
#-----------------------------------------------------------
source clk_wiz_0.tcl -notrace
