muxpart__186: FPGA_CPU_32_bits_cache__GB0, 
muxpart__306: FPGA_CPU_32_bits_cache__GB2, 
FPGA_CPU_32_bits_cache__GB1: FPGA_CPU_32_bits_cache__GB1, 
reg__193: FPGA_CPU_32_bits_cache__GB0, 
logic__1028: FPGA_CPU_32_bits_cache__GB2, 
logic__789: FPGA_CPU_32_bits_cache__GB2, 
muxpart__327: FPGA_CPU_32_bits_cache__GB2, 
muxpart__138: FPGA_CPU_32_bits_cache__GB2, 
logic__1058: FPGA_CPU_32_bits_cache__GB1, 
muxpart__228: FPGA_CPU_32_bits_cache__GB2, 
reg__294: FPGA_CPU_32_bits_cache__GB2, 
reg__192: FPGA_CPU_32_bits_cache__GB0, 
case__343: FPGA_CPU_32_bits_cache__GB2, 
logic__718: FPGA_CPU_32_bits_cache__GB2, 
logic__948: FPGA_CPU_32_bits_cache__GB2, 
logic__543: FPGA_CPU_32_bits_cache__GB0, 
reg__138: FPGA_CPU_32_bits_cache__GB0, 
logic__36: FPGA_CPU_32_bits_cache__GB1, 
case__297: FPGA_CPU_32_bits_cache__GB2, 
muxpart__236: FPGA_CPU_32_bits_cache__GB2, 
case__184: FPGA_CPU_32_bits_cache__GB0, 
case__198: FPGA_CPU_32_bits_cache__GB0, 
logic__530: FPGA_CPU_32_bits_cache__GB2, 
logic__755: FPGA_CPU_32_bits_cache__GB1, 
case__133: FPGA_CPU_32_bits_cache__GB2, 
case__276: FPGA_CPU_32_bits_cache__GB2, 
muxpart__52: FPGA_CPU_32_bits_cache__GB2, 
logic__485: FPGA_CPU_32_bits_cache__GB0, 
muxpart__177: FPGA_CPU_32_bits_cache__GB0, 
datapath__13: FPGA_CPU_32_bits_cache__GB2, 
reg__111: FPGA_CPU_32_bits_cache__GB0, 
logic__297: FPGA_CPU_32_bits_cache__GB2, 
datapath__38: FPGA_CPU_32_bits_cache__GB0, 
reg__261: FPGA_CPU_32_bits_cache__GB0, 
reg__396: FPGA_CPU_32_bits_cache__GB2, 
case__390: FPGA_CPU_32_bits_cache__GB2, 
reg__125: FPGA_CPU_32_bits_cache__GB0, 
reg__8: FPGA_CPU_32_bits_cache__GB1, 
logic__1093: FPGA_CPU_32_bits_cache__GB2, 
case__73: FPGA_CPU_32_bits_cache__GB0, 
muxpart__118: FPGA_CPU_32_bits_cache__GB2, 
reg__200: FPGA_CPU_32_bits_cache__GB0, 
muxpart__181: FPGA_CPU_32_bits_cache__GB0, 
muxpart__264: FPGA_CPU_32_bits_cache__GB0, 
reg__351: FPGA_CPU_32_bits_cache__GB0, 
muxpart__124: FPGA_CPU_32_bits_cache__GB2, 
reg__172: FPGA_CPU_32_bits_cache__GB0, 
muxpart__267: FPGA_CPU_32_bits_cache__GB0, 
logic__999: FPGA_CPU_32_bits_cache__GB2, 
case__350: FPGA_CPU_32_bits_cache__GB2, 
case__232: FPGA_CPU_32_bits_cache__GB0, 
logic__283: FPGA_CPU_32_bits_cache__GB2, 
logic__484: FPGA_CPU_32_bits_cache__GB0, 
case__302: FPGA_CPU_32_bits_cache__GB2, 
case__95: FPGA_CPU_32_bits_cache__GB0, 
logic__858: FPGA_CPU_32_bits_cache__GB0, 
logic__282: FPGA_CPU_32_bits_cache__GB2, 
logic__775: FPGA_CPU_32_bits_cache__GB2, 
muxpart__318: FPGA_CPU_32_bits_cache__GB1, 
datapath__71: FPGA_CPU_32_bits_cache__GB0, 
logic__339: FPGA_CPU_32_bits_cache__GB2, 
logic__799: FPGA_CPU_32_bits_cache__GB2, 
logic__729: FPGA_CPU_32_bits_cache__GB1, 
logic__968: FPGA_CPU_32_bits_cache__GB1, 
case__156: FPGA_CPU_32_bits_cache__GB2, 
logic__519: FPGA_CPU_32_bits_cache__GB0, 
datapath__52: FPGA_CPU_32_bits_cache__GB0, 
reg: FPGA_CPU_32_bits_cache__GB1, 
logic__991: FPGA_CPU_32_bits_cache__GB2, 
logic__1109: FPGA_CPU_32_bits_cache__GB2, 
muxpart__114: FPGA_CPU_32_bits_cache__GB2, 
muxpart__122: FPGA_CPU_32_bits_cache__GB2, 
logic__660: FPGA_CPU_32_bits_cache__GB0, 
reg__402: FPGA_CPU_32_bits_cache__GB2, 
reg__93: FPGA_CPU_32_bits_cache__GB0, 
logic__1117: FPGA_CPU_32_bits_cache__GB1, 
muxpart__38: FPGA_CPU_32_bits_cache__GB0, 
logic__624: FPGA_CPU_32_bits_cache__GB0, 
case__215: FPGA_CPU_32_bits_cache__GB2, 
logic__807: FPGA_CPU_32_bits_cache__GB2, 
counter__2: FPGA_CPU_32_bits_cache__GB1, 
reg__108: FPGA_CPU_32_bits_cache__GB0, 
reg__301: FPGA_CPU_32_bits_cache__GB2, 
reg__215: FPGA_CPU_32_bits_cache__GB0, 
case__248: FPGA_CPU_32_bits_cache__GB2, 
logic__844: FPGA_CPU_32_bits_cache__GB1, 
datapath__10: FPGA_CPU_32_bits_cache__GB2, 
muxpart__168: FPGA_CPU_32_bits_cache__GB1, 
muxpart__333: FPGA_CPU_32_bits_cache__GB2, 
logic__410: FPGA_CPU_32_bits_cache__GB1, 
reg__103: FPGA_CPU_32_bits_cache__GB0, 
reg__262: FPGA_CPU_32_bits_cache__GB0, 
case__201: FPGA_CPU_32_bits_cache__GB2, 
muxpart__243: FPGA_CPU_32_bits_cache__GB1, 
case__29: FPGA_CPU_32_bits_cache__GB1, 
logic__296: FPGA_CPU_32_bits_cache__GB2, 
uart_send_msg: FPGA_CPU_32_bits_cache__GB0, 
reg__371: FPGA_CPU_32_bits_cache__GB0, 
logic__1061: FPGA_CPU_32_bits_cache__GB1, 
reg__187: FPGA_CPU_32_bits_cache__GB0, 
reg__164: FPGA_CPU_32_bits_cache__GB0, 
reg__107: FPGA_CPU_32_bits_cache__GB0, 
logic__124: FPGA_CPU_32_bits_cache__GB0, 
logic__157: FPGA_CPU_32_bits_cache__GB0, 
counter__3: FPGA_CPU_32_bits_cache__GB2, 
muxpart__12: FPGA_CPU_32_bits_cache__GB1, 
muxpart__256: FPGA_CPU_32_bits_cache__GB2, 
logic__361: FPGA_CPU_32_bits_cache__GB1, 
logic__777: FPGA_CPU_32_bits_cache__GB2, 
muxpart__303: FPGA_CPU_32_bits_cache__GB2, 
case__282: FPGA_CPU_32_bits_cache__GB1, 
reg__43: FPGA_CPU_32_bits_cache__GB0, 
logic__496: FPGA_CPU_32_bits_cache__GB1, 
logic__298: FPGA_CPU_32_bits_cache__GB2, 
case__296: FPGA_CPU_32_bits_cache__GB2, 
muxpart__229: FPGA_CPU_32_bits_cache__GB2, 
logic__973: FPGA_CPU_32_bits_cache__GB1, 
case__255: FPGA_CPU_32_bits_cache__GB2, 
muxpart__53: FPGA_CPU_32_bits_cache__GB2, 
logic__301: FPGA_CPU_32_bits_cache__GB2, 
reg__209: FPGA_CPU_32_bits_cache__GB0, 
reg__173: FPGA_CPU_32_bits_cache__GB0, 
case__333: FPGA_CPU_32_bits_cache__GB2, 
reg__19: FPGA_CPU_32_bits_cache__GB0, 
datapath__53: FPGA_CPU_32_bits_cache__GB0, 
logic__709: FPGA_CPU_32_bits_cache__GB2, 
reg__273: FPGA_CPU_32_bits_cache__GB0, 
case__279: FPGA_CPU_32_bits_cache__GB1, 
reg__185: FPGA_CPU_32_bits_cache__GB0, 
logic__467: FPGA_CPU_32_bits_cache__GB2, 
muxpart__106: FPGA_CPU_32_bits_cache__GB0, 
logic__723: FPGA_CPU_32_bits_cache__GB1, 
case__13: FPGA_CPU_32_bits_cache__GB1, 
muxpart__305: FPGA_CPU_32_bits_cache__GB2, 
ram: FPGA_CPU_32_bits_cache__GB1, 
logic__419: FPGA_CPU_32_bits_cache__GB2, 
case__292: FPGA_CPU_32_bits_cache__GB2, 
case__272: FPGA_CPU_32_bits_cache__GB2, 
reg__383: FPGA_CPU_32_bits_cache__GB0, 
logic__814: FPGA_CPU_32_bits_cache__GB1, 
muxpart__201: FPGA_CPU_32_bits_cache__GB2, 
case__354: FPGA_CPU_32_bits_cache__GB2, 
counter__8: FPGA_CPU_32_bits_cache__GB1, 
case__280: FPGA_CPU_32_bits_cache__GB2, 
case__369: FPGA_CPU_32_bits_cache__GB2, 
logic__575: FPGA_CPU_32_bits_cache__GB2, 
muxpart__91: FPGA_CPU_32_bits_cache__GB2, 
reg__210: FPGA_CPU_32_bits_cache__GB0, 
reg__394: FPGA_CPU_32_bits_cache__GB2, 
logic__712: FPGA_CPU_32_bits_cache__GB2, 
logic__1128: FPGA_CPU_32_bits_cache__GB2, 
logic__1091: FPGA_CPU_32_bits_cache__GB2, 
muxpart__206: FPGA_CPU_32_bits_cache__GB2, 
muxpart__250: FPGA_CPU_32_bits_cache__GB1, 
muxpart__252: FPGA_CPU_32_bits_cache__GB2, 
logic__371: FPGA_CPU_32_bits_cache__GB1, 
logic__101: FPGA_CPU_32_bits_cache__GB1, 
reg__59: FPGA_CPU_32_bits_cache__GB0, 
case__341: FPGA_CPU_32_bits_cache__GB2, 
reg__98: FPGA_CPU_32_bits_cache__GB0, 
reg__240: FPGA_CPU_32_bits_cache__GB0, 
datapath__24: FPGA_CPU_32_bits_cache__GB2, 
reg__82: FPGA_CPU_32_bits_cache__GB0, 
muxpart__251: FPGA_CPU_32_bits_cache__GB2, 
logic__584: FPGA_CPU_32_bits_cache__GB0, 
reg__236: FPGA_CPU_32_bits_cache__GB0, 
reg__221: FPGA_CPU_32_bits_cache__GB0, 
reg__13: FPGA_CPU_32_bits_cache__GB1, 
reg__339: FPGA_CPU_32_bits_cache__GB2, 
reg__195: FPGA_CPU_32_bits_cache__GB0, 
datapath__65: FPGA_CPU_32_bits_cache__GB0, 
muxpart__79: FPGA_CPU_32_bits_cache__GB0, 
case__199: FPGA_CPU_32_bits_cache__GB2, 
case__336: FPGA_CPU_32_bits_cache__GB2, 
datapath__3: FPGA_CPU_32_bits_cache__GB0, 
reg__228: FPGA_CPU_32_bits_cache__GB0, 
muxpart__164: FPGA_CPU_32_bits_cache__GB2, 
logic__1090: FPGA_CPU_32_bits_cache__GB1, 
case__77: FPGA_CPU_32_bits_cache__GB0, 
muxpart__297: FPGA_CPU_32_bits_cache__GB2, 
case__338: FPGA_CPU_32_bits_cache__GB1, 
logic__204: FPGA_CPU_32_bits_cache__GB2, 
case__265: FPGA_CPU_32_bits_cache__GB1, 
case__164: FPGA_CPU_32_bits_cache__GB2, 
reg__137: FPGA_CPU_32_bits_cache__GB0, 
logic__747: FPGA_CPU_32_bits_cache__GB1, 
case__146: FPGA_CPU_32_bits_cache__GB2, 
logic__1140: FPGA_CPU_32_bits_cache__GB1, 
muxpart__159: FPGA_CPU_32_bits_cache__GB2, 
case__273: FPGA_CPU_32_bits_cache__GB1, 
muxpart__196: FPGA_CPU_32_bits_cache__GB0, 
case__109: FPGA_CPU_32_bits_cache__GB2, 
muxpart__139: FPGA_CPU_32_bits_cache__GB2, 
muxpart__162: FPGA_CPU_32_bits_cache__GB2, 
logic__262: FPGA_CPU_32_bits_cache__GB2, 
reg__53: FPGA_CPU_32_bits_cache__GB0, 
reg__226: FPGA_CPU_32_bits_cache__GB0, 
logic__342: FPGA_CPU_32_bits_cache__GB2, 
case__161: FPGA_CPU_32_bits_cache__GB2, 
muxpart__317: FPGA_CPU_32_bits_cache__GB2, 
reg__233: FPGA_CPU_32_bits_cache__GB0, 
case__257: FPGA_CPU_32_bits_cache__GB2, 
muxpart__100: FPGA_CPU_32_bits_cache__GB2, 
logic__1055: FPGA_CPU_32_bits_cache__GB2, 
extram__1: FPGA_CPU_32_bits_cache__GB1, 
reg__350: FPGA_CPU_32_bits_cache__GB1, 
reg__291: FPGA_CPU_32_bits_cache__GB2, 
muxpart__125: FPGA_CPU_32_bits_cache__GB2, 
reg__395: FPGA_CPU_32_bits_cache__GB2, 
muxpart__89: FPGA_CPU_32_bits_cache__GB2, 
case__264: FPGA_CPU_32_bits_cache__GB2, 
logic__228: FPGA_CPU_32_bits_cache__GB2, 
datapath__64: FPGA_CPU_32_bits_cache__GB0, 
logic__497: FPGA_CPU_32_bits_cache__GB0, 
muxpart__331: FPGA_CPU_32_bits_cache__GB2, 
case__212: FPGA_CPU_32_bits_cache__GB2, 
muxpart__290: FPGA_CPU_32_bits_cache__GB1, 
muxpart__234: FPGA_CPU_32_bits_cache__GB2, 
reg__272: FPGA_CPU_32_bits_cache__GB0, 
case__256: FPGA_CPU_32_bits_cache__GB2, 
case__342: FPGA_CPU_32_bits_cache__GB2, 
datapath__22: FPGA_CPU_32_bits_cache__GB2, 
reg__365: FPGA_CPU_32_bits_cache__GB0, 
muxpart__278: FPGA_CPU_32_bits_cache__GB2, 
reg__264: FPGA_CPU_32_bits_cache__GB0, 
case__74: FPGA_CPU_32_bits_cache__GB0, 
muxpart__191: FPGA_CPU_32_bits_cache__GB0, 
logic__268: FPGA_CPU_32_bits_cache__GB0, 
case__347: FPGA_CPU_32_bits_cache__GB2, 
case__172: FPGA_CPU_32_bits_cache__GB2, 
reg__232: FPGA_CPU_32_bits_cache__GB0, 
muxpart__281: FPGA_CPU_32_bits_cache__GB2, 
logic__738: FPGA_CPU_32_bits_cache__GB1, 
case__298: FPGA_CPU_32_bits_cache__GB2, 
logic__920: FPGA_CPU_32_bits_cache__GB2, 
logic__83: FPGA_CPU_32_bits_cache__GB1, 
case__330: FPGA_CPU_32_bits_cache__GB2, 
reg__208: FPGA_CPU_32_bits_cache__GB0, 
muxpart__153: FPGA_CPU_32_bits_cache__GB0, 
datapath__75: FPGA_CPU_32_bits_cache__GB0, 
reg__391: FPGA_CPU_32_bits_cache__GB0, 
reg__336: FPGA_CPU_32_bits_cache__GB2, 
logic__849: FPGA_CPU_32_bits_cache__GB1, 
logic__594: FPGA_CPU_32_bits_cache__GB0, 
logic__919: FPGA_CPU_32_bits_cache__GB2, 
muxpart__309: FPGA_CPU_32_bits_cache__GB2, 
logic__583: FPGA_CPU_32_bits_cache__GB0, 
reg__307: FPGA_CPU_32_bits_cache__GB2, 
RGB_LED: FPGA_CPU_32_bits_cache__GB2, 
logic__557: FPGA_CPU_32_bits_cache__GB2, 
logic__241: FPGA_CPU_32_bits_cache__GB2, 
datapath__23: FPGA_CPU_32_bits_cache__GB2, 
reg__165: FPGA_CPU_32_bits_cache__GB0, 
Seven_seg_LED_Display_Controller: FPGA_CPU_32_bits_cache__GB1, 
reg__74: FPGA_CPU_32_bits_cache__GB0, 
case__41: FPGA_CPU_32_bits_cache__GB1, 
muxpart__334: FPGA_CPU_32_bits_cache__GB2, 
muxpart__266: FPGA_CPU_32_bits_cache__GB0, 
reg__224: FPGA_CPU_32_bits_cache__GB0, 
reg__320: FPGA_CPU_32_bits_cache__GB2, 
logic__5: FPGA_CPU_32_bits_cache__GB1, 
muxpart__257: FPGA_CPU_32_bits_cache__GB2, 
reg__253: FPGA_CPU_32_bits_cache__GB0, 
case__235: FPGA_CPU_32_bits_cache__GB0, 
datapath__33: FPGA_CPU_32_bits_cache__GB0, 
reg__397: FPGA_CPU_32_bits_cache__GB1, 
reg__85: FPGA_CPU_32_bits_cache__GB0, 
datapath__17: FPGA_CPU_32_bits_cache__GB2, 
case__187: FPGA_CPU_32_bits_cache__GB2, 
reg__382: FPGA_CPU_32_bits_cache__GB2, 
muxpart__272: FPGA_CPU_32_bits_cache__GB2, 
logic__491: FPGA_CPU_32_bits_cache__GB2, 
muxpart__254: FPGA_CPU_32_bits_cache__GB1, 
reg__110: FPGA_CPU_32_bits_cache__GB0, 
muxpart__192: FPGA_CPU_32_bits_cache__GB0, 
case__189: FPGA_CPU_32_bits_cache__GB2, 
muxpart__208: FPGA_CPU_32_bits_cache__GB2, 
reg__263: FPGA_CPU_32_bits_cache__GB0, 
case__14: FPGA_CPU_32_bits_cache__GB1, 
muxpart__298: FPGA_CPU_32_bits_cache__GB0, 
logic__727: FPGA_CPU_32_bits_cache__GB1, 
reg__72: FPGA_CPU_32_bits_cache__GB0, 
case__119: FPGA_CPU_32_bits_cache__GB2, 
logic__993: FPGA_CPU_32_bits_cache__GB2, 
reg__302: FPGA_CPU_32_bits_cache__GB2, 
reg__283: FPGA_CPU_32_bits_cache__GB0, 
reg__25: FPGA_CPU_32_bits_cache__GB0, 
muxpart__171: FPGA_CPU_32_bits_cache__GB0, 
reg__202: FPGA_CPU_32_bits_cache__GB0, 
logic__1003: FPGA_CPU_32_bits_cache__GB2, 
datapath__69: FPGA_CPU_32_bits_cache__GB0, 
reg__398: FPGA_CPU_32_bits_cache__GB1, 
case__345: FPGA_CPU_32_bits_cache__GB2, 
logic__971: FPGA_CPU_32_bits_cache__GB2, 
muxpart__15: FPGA_CPU_32_bits_cache__GB1, 
logic__413: FPGA_CPU_32_bits_cache__GB2, 
logic__656: FPGA_CPU_32_bits_cache__GB0, 
reg__377: FPGA_CPU_32_bits_cache__GB0, 
logic__679: FPGA_CPU_32_bits_cache__GB2, 
logic__1036: FPGA_CPU_32_bits_cache__GB1, 
reg__174: FPGA_CPU_32_bits_cache__GB0, 
muxpart__102: FPGA_CPU_32_bits_cache__GB2, 
reg__76: FPGA_CPU_32_bits_cache__GB0, 
reg__319: FPGA_CPU_32_bits_cache__GB0, 
case__162: FPGA_CPU_32_bits_cache__GB2, 
reg__369: FPGA_CPU_32_bits_cache__GB0, 
muxpart__273: FPGA_CPU_32_bits_cache__GB2, 
logic__462: FPGA_CPU_32_bits_cache__GB2, 
reg__169: FPGA_CPU_32_bits_cache__GB0, 
logic__471: FPGA_CPU_32_bits_cache__GB2, 
muxpart__99: FPGA_CPU_32_bits_cache__GB2, 
datapath__2: FPGA_CPU_32_bits_cache__GB0, 
reg__145: FPGA_CPU_32_bits_cache__GB0, 
case__17: FPGA_CPU_32_bits_cache__GB1, 
datapath__42: FPGA_CPU_32_bits_cache__GB0, 
case__242: FPGA_CPU_32_bits_cache__GB0, 
case__131: FPGA_CPU_32_bits_cache__GB2, 
case__127: FPGA_CPU_32_bits_cache__GB2, 
muxpart__75: FPGA_CPU_32_bits_cache__GB0, 
datapath__36: FPGA_CPU_32_bits_cache__GB0, 
muxpart__142: FPGA_CPU_32_bits_cache__GB2, 
reg__124: FPGA_CPU_32_bits_cache__GB0, 
datapath__6: FPGA_CPU_32_bits_cache__GB0, 
case__45: FPGA_CPU_32_bits_cache__GB1, 
logic__356: FPGA_CPU_32_bits_cache__GB1, 
logic__926: FPGA_CPU_32_bits_cache__GB2, 
reg__24: FPGA_CPU_32_bits_cache__GB0, 
muxpart__223: FPGA_CPU_32_bits_cache__GB0, 
reg__357: FPGA_CPU_32_bits_cache__GB2, 
case__360: FPGA_CPU_32_bits_cache__GB2, 
case__323: FPGA_CPU_32_bits_cache__GB2, 
logic__558: FPGA_CPU_32_bits_cache__GB2, 
reg__179: FPGA_CPU_32_bits_cache__GB0, 
datapath__46: FPGA_CPU_32_bits_cache__GB0, 
logic__794: FPGA_CPU_32_bits_cache__GB2, 
reg__33: FPGA_CPU_32_bits_cache__GB0, 
case__374: FPGA_CPU_32_bits_cache__GB2, 
case__163: FPGA_CPU_32_bits_cache__GB2, 
logic__893: FPGA_CPU_32_bits_cache__GB2, 
reg__295: FPGA_CPU_32_bits_cache__GB2, 
logic__238: FPGA_CPU_32_bits_cache__GB2, 
case__380: FPGA_CPU_32_bits_cache__GB2, 
logic__795: FPGA_CPU_32_bits_cache__GB2, 
logic__488: FPGA_CPU_32_bits_cache__GB0, 
logic__350: FPGA_CPU_32_bits_cache__GB2, 
muxpart__241: FPGA_CPU_32_bits_cache__GB0, 
reg__86: FPGA_CPU_32_bits_cache__GB0, 
datapath__26: FPGA_CPU_32_bits_cache__GB2, 
logic__830: FPGA_CPU_32_bits_cache__GB0, 
reg__400: FPGA_CPU_32_bits_cache__GB2, 
reg__389: FPGA_CPU_32_bits_cache__GB2, 
muxpart__324: FPGA_CPU_32_bits_cache__GB2, 
counter__1: FPGA_CPU_32_bits_cache__GB0, 
SPI_Master_With_Single_CS: FPGA_CPU_32_bits_cache__GB2, 
reg__244: FPGA_CPU_32_bits_cache__GB0, 
logic__1013: FPGA_CPU_32_bits_cache__GB1, 
dsp48e1__1: FPGA_CPU_32_bits_cache__GB0, 
case__166: FPGA_CPU_32_bits_cache__GB0, 
muxpart__101: FPGA_CPU_32_bits_cache__GB2, 
muxpart__203: FPGA_CPU_32_bits_cache__GB2, 
logic__977: FPGA_CPU_32_bits_cache__GB2, 
logic__952: FPGA_CPU_32_bits_cache__GB2, 
case__125: FPGA_CPU_32_bits_cache__GB2, 
logic__711: FPGA_CPU_32_bits_cache__GB2, 
muxpart__83: FPGA_CPU_32_bits_cache__GB1, 
muxpart__18: FPGA_CPU_32_bits_cache__GB1, 
logic__603: FPGA_CPU_32_bits_cache__GB0, 
reg__175: FPGA_CPU_32_bits_cache__GB0, 
reg__92: FPGA_CPU_32_bits_cache__GB0, 
logic__390: FPGA_CPU_32_bits_cache__GB1, 
logic__949: FPGA_CPU_32_bits_cache__GB2, 
reg__148: FPGA_CPU_32_bits_cache__GB0, 
logic__1027: FPGA_CPU_32_bits_cache__GB2, 
muxpart__315: FPGA_CPU_32_bits_cache__GB1, 
case__389: FPGA_CPU_32_bits_cache__GB0, 
case__266: FPGA_CPU_32_bits_cache__GB2, 
logic__1137: FPGA_CPU_32_bits_cache__GB2, 
logic__483: FPGA_CPU_32_bits_cache__GB0, 
case__98: FPGA_CPU_32_bits_cache__GB0, 
reg__49: FPGA_CPU_32_bits_cache__GB0, 
logic__295: FPGA_CPU_32_bits_cache__GB2, 
reg__322: FPGA_CPU_32_bits_cache__GB2, 
case__28: FPGA_CPU_32_bits_cache__GB1, 
case__339: FPGA_CPU_32_bits_cache__GB2, 
logic__803: FPGA_CPU_32_bits_cache__GB2, 
logic__37: FPGA_CPU_32_bits_cache__GB1, 
case__108: FPGA_CPU_32_bits_cache__GB2, 
muxpart__237: FPGA_CPU_32_bits_cache__GB2, 
logic__187: FPGA_CPU_32_bits_cache__GB2, 
case__277: FPGA_CPU_32_bits_cache__GB1, 
reg__335: FPGA_CPU_32_bits_cache__GB2, 
case__218: FPGA_CPU_32_bits_cache__GB2, 
logic__756: FPGA_CPU_32_bits_cache__GB1, 
muxpart__259: FPGA_CPU_32_bits_cache__GB2, 
reg__42: FPGA_CPU_32_bits_cache__GB0, 
logic__414: FPGA_CPU_32_bits_cache__GB2, 
reg__293: FPGA_CPU_32_bits_cache__GB2, 
reg__411: FPGA_CPU_32_bits_cache__GB2, 
logic__834: FPGA_CPU_32_bits_cache__GB2, 
muxpart__96: FPGA_CPU_32_bits_cache__GB2, 
muxpart__120: FPGA_CPU_32_bits_cache__GB2, 
muxpart__269: FPGA_CPU_32_bits_cache__GB0, 
case__128: FPGA_CPU_32_bits_cache__GB2, 
reg__267: FPGA_CPU_32_bits_cache__GB0, 
case__126: FPGA_CPU_32_bits_cache__GB2, 
muxpart__242: FPGA_CPU_32_bits_cache__GB0, 
reg__37: FPGA_CPU_32_bits_cache__GB0, 
reg__356: FPGA_CPU_32_bits_cache__GB2, 
reg__297: FPGA_CPU_32_bits_cache__GB1, 
muxpart__108: FPGA_CPU_32_bits_cache__GB2, 
logic__486: FPGA_CPU_32_bits_cache__GB0, 
muxpart__226: FPGA_CPU_32_bits_cache__GB1, 
reg__243: FPGA_CPU_32_bits_cache__GB0, 
datapath__81: FPGA_CPU_32_bits_cache__GB1, 
logic__898: FPGA_CPU_32_bits_cache__GB1, 
datapath__83: FPGA_CPU_32_bits_cache__GB1, 
muxpart__342: FPGA_CPU_32_bits_cache__GB2, 
case__120: FPGA_CPU_32_bits_cache__GB2, 
reg__133: FPGA_CPU_32_bits_cache__GB0, 
reg__278: FPGA_CPU_32_bits_cache__GB0, 
reg__180: FPGA_CPU_32_bits_cache__GB0, 
muxpart__308: FPGA_CPU_32_bits_cache__GB1, 
case__160: FPGA_CPU_32_bits_cache__GB2, 
reg__404: FPGA_CPU_32_bits_cache__GB0, 
logic__430: FPGA_CPU_32_bits_cache__GB1, 
muxpart__332: FPGA_CPU_32_bits_cache__GB2, 
case__346: FPGA_CPU_32_bits_cache__GB2, 
datapath__34: FPGA_CPU_32_bits_cache__GB0, 
case__303: FPGA_CPU_32_bits_cache__GB2, 
reg__61: FPGA_CPU_32_bits_cache__GB0, 
reg__361: FPGA_CPU_32_bits_cache__GB0, 
case__129: FPGA_CPU_32_bits_cache__GB2, 
case__326: FPGA_CPU_32_bits_cache__GB2, 
logic__217: FPGA_CPU_32_bits_cache__GB2, 
logic__741: FPGA_CPU_32_bits_cache__GB1, 
muxpart__283: FPGA_CPU_32_bits_cache__GB2, 
case__239: FPGA_CPU_32_bits_cache__GB2, 
case__23: FPGA_CPU_32_bits_cache__GB1, 
muxpart__67: FPGA_CPU_32_bits_cache__GB0, 
logic__655: FPGA_CPU_32_bits_cache__GB0, 
logic__857: FPGA_CPU_32_bits_cache__GB0, 
case__334: FPGA_CPU_32_bits_cache__GB2, 
muxpart__222: FPGA_CPU_32_bits_cache__GB2, 
muxpart__73: FPGA_CPU_32_bits_cache__GB2, 
reg__333: FPGA_CPU_32_bits_cache__GB2, 
muxpart__337: FPGA_CPU_32_bits_cache__GB2, 
reg__280: FPGA_CPU_32_bits_cache__GB0, 
logic__1012: FPGA_CPU_32_bits_cache__GB2, 
reg__201: FPGA_CPU_32_bits_cache__GB0, 
case__24: FPGA_CPU_32_bits_cache__GB1, 
muxpart__323: FPGA_CPU_32_bits_cache__GB2, 
mig_7series_0: FPGA_CPU_32_bits_cache__GB1, 
logic__765: FPGA_CPU_32_bits_cache__GB2, 
reg__249: FPGA_CPU_32_bits_cache__GB0, 
logic__458: FPGA_CPU_32_bits_cache__GB2, 
logic__1129: FPGA_CPU_32_bits_cache__GB2, 
logic__986: FPGA_CPU_32_bits_cache__GB2, 
muxpart__322: FPGA_CPU_32_bits_cache__GB2, 
case__155: FPGA_CPU_32_bits_cache__GB0, 
case__99: FPGA_CPU_32_bits_cache__GB0, 
reg__349: FPGA_CPU_32_bits_cache__GB2, 
logic__394: FPGA_CPU_32_bits_cache__GB1, 
reg__157: FPGA_CPU_32_bits_cache__GB0, 
logic__340: FPGA_CPU_32_bits_cache__GB2, 
reg__161: FPGA_CPU_32_bits_cache__GB0, 
case__158: FPGA_CPU_32_bits_cache__GB2, 
reg__114: FPGA_CPU_32_bits_cache__GB0, 
case__254: FPGA_CPU_32_bits_cache__GB2, 
muxpart__175: FPGA_CPU_32_bits_cache__GB0, 
case__186: FPGA_CPU_32_bits_cache__GB0, 
logic__454: FPGA_CPU_32_bits_cache__GB1, 
dsp48e1: FPGA_CPU_32_bits_cache__GB0, 
muxpart__215: FPGA_CPU_32_bits_cache__GB1, 
reg__304: FPGA_CPU_32_bits_cache__GB2, 
reg__152: FPGA_CPU_32_bits_cache__GB0, 
case__32: FPGA_CPU_32_bits_cache__GB1, 
logic__708: FPGA_CPU_32_bits_cache__GB2, 
datapath__77: FPGA_CPU_32_bits_cache__GB0, 
reg__190: FPGA_CPU_32_bits_cache__GB0, 
logic__498: FPGA_CPU_32_bits_cache__GB0, 
muxpart__98: FPGA_CPU_32_bits_cache__GB2, 
reg__326: FPGA_CPU_32_bits_cache__GB1, 
datapath__7: FPGA_CPU_32_bits_cache__GB2, 
reg__99: FPGA_CPU_32_bits_cache__GB0, 
logic__100: FPGA_CPU_32_bits_cache__GB1, 
datapath__37: FPGA_CPU_32_bits_cache__GB0, 
muxpart__110: FPGA_CPU_32_bits_cache__GB2, 
logic__1122: FPGA_CPU_32_bits_cache__GB2, 
logic__353: FPGA_CPU_32_bits_cache__GB2, 
datapath__59: FPGA_CPU_32_bits_cache__GB0, 
muxpart__94: FPGA_CPU_32_bits_cache__GB1, 
case__16: FPGA_CPU_32_bits_cache__GB1, 
muxpart__123: FPGA_CPU_32_bits_cache__GB2, 
reg__121: FPGA_CPU_32_bits_cache__GB0, 
reg__140: FPGA_CPU_32_bits_cache__GB0, 
muxpart__72: FPGA_CPU_32_bits_cache__GB2, 
muxpart__216: FPGA_CPU_32_bits_cache__GB1, 
muxpart__21: FPGA_CPU_32_bits_cache__GB1, 
muxpart__277: FPGA_CPU_32_bits_cache__GB2, 
logic__476: FPGA_CPU_32_bits_cache__GB2, 
logic__826: FPGA_CPU_32_bits_cache__GB1, 
logic__921: FPGA_CPU_32_bits_cache__GB2, 
logic__447: FPGA_CPU_32_bits_cache__GB2, 
muxpart__77: FPGA_CPU_32_bits_cache__GB0, 
case__263: FPGA_CPU_32_bits_cache__GB2, 
reg__229: FPGA_CPU_32_bits_cache__GB0, 
case__149: FPGA_CPU_32_bits_cache__GB2, 
logic__1116: FPGA_CPU_32_bits_cache__GB2, 
logic__946: FPGA_CPU_32_bits_cache__GB2, 
case__252: FPGA_CPU_32_bits_cache__GB2, 
case: FPGA_CPU_32_bits_cache__GB1, 
logic__943: FPGA_CPU_32_bits_cache__GB2, 
case__288: FPGA_CPU_32_bits_cache__GB2, 
datapath__58: FPGA_CPU_32_bits_cache__GB0, 
muxpart__240: FPGA_CPU_32_bits_cache__GB1, 
reg__189: FPGA_CPU_32_bits_cache__GB0, 
datapath__11: FPGA_CPU_32_bits_cache__GB2, 
muxpart__95: FPGA_CPU_32_bits_cache__GB2, 
reg__390: FPGA_CPU_32_bits_cache__GB1, 
reg__16: FPGA_CPU_32_bits_cache__GB1, 
muxpart__137: FPGA_CPU_32_bits_cache__GB2, 
reg__255: FPGA_CPU_32_bits_cache__GB0, 
muxpart__227: FPGA_CPU_32_bits_cache__GB0, 
logic__989: FPGA_CPU_32_bits_cache__GB1, 
datapath__16: FPGA_CPU_32_bits_cache__GB2, 
reg__258: FPGA_CPU_32_bits_cache__GB0, 
muxpart__13: FPGA_CPU_32_bits_cache__GB1, 
logic__652: FPGA_CPU_32_bits_cache__GB0, 
muxpart__55: FPGA_CPU_32_bits_cache__GB2, 
muxpart__246: FPGA_CPU_32_bits_cache__GB0, 
case__96: FPGA_CPU_32_bits_cache__GB0, 
logic__698: FPGA_CPU_32_bits_cache__GB0, 
case__190: FPGA_CPU_32_bits_cache__GB2, 
datapath__67: FPGA_CPU_32_bits_cache__GB0, 
logic__815: FPGA_CPU_32_bits_cache__GB1, 
case__295: FPGA_CPU_32_bits_cache__GB2, 
muxpart__194: FPGA_CPU_32_bits_cache__GB0, 
logic__745: FPGA_CPU_32_bits_cache__GB1, 
logic__757: FPGA_CPU_32_bits_cache__GB0, 
reg__70: FPGA_CPU_32_bits_cache__GB0, 
reg__54: FPGA_CPU_32_bits_cache__GB0, 
logic__481: FPGA_CPU_32_bits_cache__GB2, 
muxpart__166: FPGA_CPU_32_bits_cache__GB1, 
logic__657: FPGA_CPU_32_bits_cache__GB0, 
case__20: FPGA_CPU_32_bits_cache__GB1, 
logic__194: FPGA_CPU_32_bits_cache__GB2, 
reg__235: FPGA_CPU_32_bits_cache__GB0, 
reg__250: FPGA_CPU_32_bits_cache__GB0, 
datapath__45: FPGA_CPU_32_bits_cache__GB0, 
muxpart__307: FPGA_CPU_32_bits_cache__GB2, 
case__285: FPGA_CPU_32_bits_cache__GB0, 
reg__115: FPGA_CPU_32_bits_cache__GB0, 
reg__30: FPGA_CPU_32_bits_cache__GB0, 
reg__144: FPGA_CPU_32_bits_cache__GB0, 
reg__212: FPGA_CPU_32_bits_cache__GB0, 
muxpart__197: FPGA_CPU_32_bits_cache__GB0, 
case__358: FPGA_CPU_32_bits_cache__GB2, 
logic__688: FPGA_CPU_32_bits_cache__GB2, 
reg__7: FPGA_CPU_32_bits_cache__GB1, 
case__94: FPGA_CPU_32_bits_cache__GB0, 
reg__289: FPGA_CPU_32_bits_cache__GB0, 
reg__106: FPGA_CPU_32_bits_cache__GB0, 
logic__1096: FPGA_CPU_32_bits_cache__GB2, 
reg__176: FPGA_CPU_32_bits_cache__GB0, 
datapath__60: FPGA_CPU_32_bits_cache__GB0, 
logic__637: FPGA_CPU_32_bits_cache__GB2, 
datapath__31: FPGA_CPU_32_bits_cache__GB0, 
case__147: FPGA_CPU_32_bits_cache__GB2, 
muxpart__204: FPGA_CPU_32_bits_cache__GB2, 
reg__325: FPGA_CPU_32_bits_cache__GB1, 
case__309: FPGA_CPU_32_bits_cache__GB1, 
case__281: FPGA_CPU_32_bits_cache__GB1, 
logic__291: FPGA_CPU_32_bits_cache__GB2, 
reg__207: FPGA_CPU_32_bits_cache__GB0, 
case__329: FPGA_CPU_32_bits_cache__GB2, 
case__223: FPGA_CPU_32_bits_cache__GB2, 
logic__714: FPGA_CPU_32_bits_cache__GB2, 
reg__282: FPGA_CPU_32_bits_cache__GB0, 
case__278: FPGA_CPU_32_bits_cache__GB2, 
logic__110: FPGA_CPU_32_bits_cache__GB1, 
reg__341: FPGA_CPU_32_bits_cache__GB2, 
muxpart__319: FPGA_CPU_32_bits_cache__GB1, 
logic__571: FPGA_CPU_32_bits_cache__GB1, 
case__19: FPGA_CPU_32_bits_cache__GB1, 
reg__50: FPGA_CPU_32_bits_cache__GB0, 
datapath__49: FPGA_CPU_32_bits_cache__GB0, 
case__177: FPGA_CPU_32_bits_cache__GB2, 
reg__238: FPGA_CPU_32_bits_cache__GB0, 
logic__429: FPGA_CPU_32_bits_cache__GB2, 
reg__5: FPGA_CPU_32_bits_cache__GB1, 
reg__313: FPGA_CPU_32_bits_cache__GB2, 
logic__378: FPGA_CPU_32_bits_cache__GB2, 
logic__448: FPGA_CPU_32_bits_cache__GB1, 
logic__196: FPGA_CPU_32_bits_cache__GB2, 
logic__764: FPGA_CPU_32_bits_cache__GB2, 
logic__600: FPGA_CPU_32_bits_cache__GB0, 
datapath__74: FPGA_CPU_32_bits_cache__GB0, 
datapath__50: FPGA_CPU_32_bits_cache__GB0, 
stack: FPGA_CPU_32_bits_cache__GB0, 
reg__83: FPGA_CPU_32_bits_cache__GB0, 
reg__348: FPGA_CPU_32_bits_cache__GB2, 
logic__35: FPGA_CPU_32_bits_cache__GB1, 
datapath__80: FPGA_CPU_32_bits_cache__GB0, 
case__78: FPGA_CPU_32_bits_cache__GB0, 
logic__1112: FPGA_CPU_32_bits_cache__GB2, 
reg__156: FPGA_CPU_32_bits_cache__GB0, 
logic__692: FPGA_CPU_32_bits_cache__GB2, 
reg__318: FPGA_CPU_32_bits_cache__GB2, 
muxpart__149: FPGA_CPU_32_bits_cache__GB2, 
reg__257: FPGA_CPU_32_bits_cache__GB0, 
reg__334: FPGA_CPU_32_bits_cache__GB0, 
reg__337: FPGA_CPU_32_bits_cache__GB2, 
reg__132: FPGA_CPU_32_bits_cache__GB0, 
reg__290: FPGA_CPU_32_bits_cache__GB2, 
datapath__21: FPGA_CPU_32_bits_cache__GB2, 
reg__277: FPGA_CPU_32_bits_cache__GB0, 
reg__167: FPGA_CPU_32_bits_cache__GB0, 
reg__308: FPGA_CPU_32_bits_cache__GB2, 
case__227: FPGA_CPU_32_bits_cache__GB2, 
logic__916: FPGA_CPU_32_bits_cache__GB2, 
case__271: FPGA_CPU_32_bits_cache__GB1, 
logic__651: FPGA_CPU_32_bits_cache__GB0, 
reg__412: FPGA_CPU_32_bits_cache__GB2, 
reg__343: FPGA_CPU_32_bits_cache__GB0, 
muxpart__249: FPGA_CPU_32_bits_cache__GB0, 
reg__392: FPGA_CPU_32_bits_cache__GB0, 
case__100: FPGA_CPU_32_bits_cache__GB0, 
logic__994: FPGA_CPU_32_bits_cache__GB1, 
logic__273: FPGA_CPU_32_bits_cache__GB0, 
case__267: FPGA_CPU_32_bits_cache__GB1, 
logic__326: FPGA_CPU_32_bits_cache__GB2, 
datapath__63: FPGA_CPU_32_bits_cache__GB0, 
case__367: FPGA_CPU_32_bits_cache__GB1, 
muxpart__180: FPGA_CPU_32_bits_cache__GB0, 
logic__733: FPGA_CPU_32_bits_cache__GB1, 
muxpart__119: FPGA_CPU_32_bits_cache__GB2, 
reg__324: FPGA_CPU_32_bits_cache__GB1, 
logic__190: FPGA_CPU_32_bits_cache__GB2, 
reg__101: FPGA_CPU_32_bits_cache__GB0, 
case__101: FPGA_CPU_32_bits_cache__GB0, 
logic__732: FPGA_CPU_32_bits_cache__GB1, 
reg__368: FPGA_CPU_32_bits_cache__GB0, 
muxpart__116: FPGA_CPU_32_bits_cache__GB2, 
case__270: FPGA_CPU_32_bits_cache__GB2, 
reg__48: FPGA_CPU_32_bits_cache__GB0, 
case__337: FPGA_CPU_32_bits_cache__GB2, 
clk_wiz_0: FPGA_CPU_32_bits_cache__GB1, 
reg__298: FPGA_CPU_32_bits_cache__GB1, 
case__331: FPGA_CPU_32_bits_cache__GB2, 
muxpart__184: FPGA_CPU_32_bits_cache__GB0, 
muxpart__262: FPGA_CPU_32_bits_cache__GB0, 
muxpart__93: FPGA_CPU_32_bits_cache__GB1, 
muxpart__199: FPGA_CPU_32_bits_cache__GB2, 
case__180: FPGA_CPU_32_bits_cache__GB1, 
logic__927: FPGA_CPU_32_bits_cache__GB2, 
logic__207: FPGA_CPU_32_bits_cache__GB2, 
muxpart__183: FPGA_CPU_32_bits_cache__GB0, 
datapath__51: FPGA_CPU_32_bits_cache__GB0, 
muxpart__16: FPGA_CPU_32_bits_cache__GB1, 
reg__4: FPGA_CPU_32_bits_cache__GB1, 
ddr2_control: FPGA_CPU_32_bits_cache__GB1, 
muxpart__220: FPGA_CPU_32_bits_cache__GB2, 
muxpart__182: FPGA_CPU_32_bits_cache__GB0, 
reg__73: FPGA_CPU_32_bits_cache__GB0, 
datapath__57: FPGA_CPU_32_bits_cache__GB0, 
datapath__70: FPGA_CPU_32_bits_cache__GB0, 
reg__77: FPGA_CPU_32_bits_cache__GB0, 
case__210: FPGA_CPU_32_bits_cache__GB2, 
reg__256: FPGA_CPU_32_bits_cache__GB0, 
muxpart__56: FPGA_CPU_32_bits_cache__GB1, 
reg__78: FPGA_CPU_32_bits_cache__GB0, 
case__193: FPGA_CPU_32_bits_cache__GB1, 
case__93: FPGA_CPU_32_bits_cache__GB0, 
datapath__72: FPGA_CPU_32_bits_cache__GB0, 
logic__333: FPGA_CPU_32_bits_cache__GB1, 
logic__411: FPGA_CPU_32_bits_cache__GB1, 
reg__95: FPGA_CPU_32_bits_cache__GB0, 
muxpart__245: FPGA_CPU_32_bits_cache__GB0, 
logic__208: FPGA_CPU_32_bits_cache__GB2, 
logic__752: FPGA_CPU_32_bits_cache__GB1, 
muxpart__335: FPGA_CPU_32_bits_cache__GB2, 
muxpart__141: FPGA_CPU_32_bits_cache__GB2, 
logic__903: FPGA_CPU_32_bits_cache__GB2, 
reg__219: FPGA_CPU_32_bits_cache__GB0, 
case__243: FPGA_CPU_32_bits_cache__GB0, 
reg__251: FPGA_CPU_32_bits_cache__GB0, 
muxpart__280: FPGA_CPU_32_bits_cache__GB1, 
reg__104: FPGA_CPU_32_bits_cache__GB0, 
case__320: FPGA_CPU_32_bits_cache__GB0, 
logic__368: FPGA_CPU_32_bits_cache__GB2, 
case__157: FPGA_CPU_32_bits_cache__GB2, 
muxpart__270: FPGA_CPU_32_bits_cache__GB0, 
reg__237: FPGA_CPU_32_bits_cache__GB0, 
case__123: FPGA_CPU_32_bits_cache__GB2, 
case__244: FPGA_CPU_32_bits_cache__GB0, 
reg__20: FPGA_CPU_32_bits_cache__GB0, 
case__225: FPGA_CPU_32_bits_cache__GB1, 
counter: FPGA_CPU_32_bits_cache__GB1, 
reg__239: FPGA_CPU_32_bits_cache__GB0, 
case__116: FPGA_CPU_32_bits_cache__GB2, 
case__40: FPGA_CPU_32_bits_cache__GB1, 
case__250: FPGA_CPU_32_bits_cache__GB0, 
logic__1: FPGA_CPU_32_bits_cache__GB1, 
reg__206: FPGA_CPU_32_bits_cache__GB0, 
logic__774: FPGA_CPU_32_bits_cache__GB0, 
muxpart__213: FPGA_CPU_32_bits_cache__GB2, 
case__178: FPGA_CPU_32_bits_cache__GB2, 
reg__66: FPGA_CPU_32_bits_cache__GB0, 
muxpart__127: FPGA_CPU_32_bits_cache__GB2, 
muxpart__336: FPGA_CPU_32_bits_cache__GB2, 
ram__1: FPGA_CPU_32_bits_cache__GB1, 
reg__1: FPGA_CPU_32_bits_cache__GB1, 
logic__1007: FPGA_CPU_32_bits_cache__GB2, 
muxpart__71: FPGA_CPU_32_bits_cache__GB2, 
reg__218: FPGA_CPU_32_bits_cache__GB0, 
case__233: FPGA_CPU_32_bits_cache__GB0, 
reg__31: FPGA_CPU_32_bits_cache__GB0, 
case__105: FPGA_CPU_32_bits_cache__GB2, 
muxpart__87: FPGA_CPU_32_bits_cache__GB2, 
muxpart__105: FPGA_CPU_32_bits_cache__GB0, 
muxpart__313: FPGA_CPU_32_bits_cache__GB0, 
case__185: FPGA_CPU_32_bits_cache__GB0, 
reg__314: FPGA_CPU_32_bits_cache__GB2, 
muxpart__340: FPGA_CPU_32_bits_cache__GB0, 
logic__751: FPGA_CPU_32_bits_cache__GB1, 
reg__91: FPGA_CPU_32_bits_cache__GB0, 
muxpart__167: FPGA_CPU_32_bits_cache__GB1, 
logic__489: FPGA_CPU_32_bits_cache__GB0, 
case__110: FPGA_CPU_32_bits_cache__GB2, 
datapath__15: FPGA_CPU_32_bits_cache__GB2, 
case__130: FPGA_CPU_32_bits_cache__GB2, 
case__318: FPGA_CPU_32_bits_cache__GB2, 
reg__57: FPGA_CPU_32_bits_cache__GB0, 
case__363: FPGA_CPU_32_bits_cache__GB2, 
reg__288: FPGA_CPU_32_bits_cache__GB0, 
case__168: FPGA_CPU_32_bits_cache__GB0, 
reg__344: FPGA_CPU_32_bits_cache__GB0, 
reg__287: FPGA_CPU_32_bits_cache__GB0, 
logic__209: FPGA_CPU_32_bits_cache__GB2, 
case__340: FPGA_CPU_32_bits_cache__GB2, 
muxpart__144: FPGA_CPU_32_bits_cache__GB2, 
datapath__41: FPGA_CPU_32_bits_cache__GB0, 
case__361: FPGA_CPU_32_bits_cache__GB2, 
logic__1094: FPGA_CPU_32_bits_cache__GB2, 
reg__28: FPGA_CPU_32_bits_cache__GB0, 
logic__570: FPGA_CPU_32_bits_cache__GB1, 
reg__360: FPGA_CPU_32_bits_cache__GB0, 
logic__334: FPGA_CPU_32_bits_cache__GB1, 
logic__395: FPGA_CPU_32_bits_cache__GB0, 
case__203: FPGA_CPU_32_bits_cache__GB2, 
reg__245: FPGA_CPU_32_bits_cache__GB0, 
muxpart__218: FPGA_CPU_32_bits_cache__GB1, 
muxpart__174: FPGA_CPU_32_bits_cache__GB0, 
logic__263: FPGA_CPU_32_bits_cache__GB2, 
muxpart__296: FPGA_CPU_32_bits_cache__GB2, 
muxpart__157: FPGA_CPU_32_bits_cache__GB0, 
case__311: FPGA_CPU_32_bits_cache__GB1, 
muxpart__14: FPGA_CPU_32_bits_cache__GB1, 
logic__126: FPGA_CPU_32_bits_cache__GB0, 
reg__55: FPGA_CPU_32_bits_cache__GB0, 
case__357: FPGA_CPU_32_bits_cache__GB2, 
logic__39: FPGA_CPU_32_bits_cache__GB1, 
logic__870: FPGA_CPU_32_bits_cache__GB2, 
logic__581: FPGA_CPU_32_bits_cache__GB0, 
logic__721: FPGA_CPU_32_bits_cache__GB1, 
reg__279: FPGA_CPU_32_bits_cache__GB0, 
reg__177: FPGA_CPU_32_bits_cache__GB0, 
case__21: FPGA_CPU_32_bits_cache__GB1, 
case__301: FPGA_CPU_32_bits_cache__GB2, 
logic__239: FPGA_CPU_32_bits_cache__GB2, 
muxpart__121: FPGA_CPU_32_bits_cache__GB2, 
logic__1046: FPGA_CPU_32_bits_cache__GB2, 
reg__40: FPGA_CPU_32_bits_cache__GB0, 
logic__215: FPGA_CPU_32_bits_cache__GB2, 
muxpart__325: FPGA_CPU_32_bits_cache__GB2, 
muxpart__107: FPGA_CPU_32_bits_cache__GB2, 
logic__917: FPGA_CPU_32_bits_cache__GB2, 
case__213: FPGA_CPU_32_bits_cache__GB2, 
logic__1074: FPGA_CPU_32_bits_cache__GB1, 
datapath__61: FPGA_CPU_32_bits_cache__GB0, 
reg__299: FPGA_CPU_32_bits_cache__GB2, 
reg__230: FPGA_CPU_32_bits_cache__GB0, 
muxpart__111: FPGA_CPU_32_bits_cache__GB2, 
case__324: FPGA_CPU_32_bits_cache__GB0, 
logic__686: FPGA_CPU_32_bits_cache__GB2, 
FPGA_CPU_32_bits_cache__GB0: FPGA_CPU_32_bits_cache__GB0, 
reg__340: FPGA_CPU_32_bits_cache__GB2, 
muxpart__17: FPGA_CPU_32_bits_cache__GB1, 
logic__821: FPGA_CPU_32_bits_cache__GB1, 
logic__697: FPGA_CPU_32_bits_cache__GB2, 
case__312: FPGA_CPU_32_bits_cache__GB2, 
muxpart__178: FPGA_CPU_32_bits_cache__GB0, 
reg__220: FPGA_CPU_32_bits_cache__GB0, 
datapath: FPGA_CPU_32_bits_cache__GB1, 
case__102: FPGA_CPU_32_bits_cache__GB0, 
reg__90: FPGA_CPU_32_bits_cache__GB0, 
case__206: FPGA_CPU_32_bits_cache__GB2, 
muxpart__85: FPGA_CPU_32_bits_cache__GB2, 
logic__364: FPGA_CPU_32_bits_cache__GB2, 
logic__676: FPGA_CPU_32_bits_cache__GB2, 
reg__84: FPGA_CPU_32_bits_cache__GB0, 
logic__418: FPGA_CPU_32_bits_cache__GB2, 
reg__139: FPGA_CPU_32_bits_cache__GB0, 
reg__388: FPGA_CPU_32_bits_cache__GB2, 
case__34: FPGA_CPU_32_bits_cache__GB1, 
muxpart__156: FPGA_CPU_32_bits_cache__GB0, 
logic__566: FPGA_CPU_32_bits_cache__GB1, 
reg__223: FPGA_CPU_32_bits_cache__GB0, 
case__159: FPGA_CPU_32_bits_cache__GB2, 
logic__270: FPGA_CPU_32_bits_cache__GB0, 
muxpart__311: FPGA_CPU_32_bits_cache__GB2, 
logic__802: FPGA_CPU_32_bits_cache__GB1, 
reg__268: FPGA_CPU_32_bits_cache__GB0, 
reg__149: FPGA_CPU_32_bits_cache__GB0, 
muxpart__117: FPGA_CPU_32_bits_cache__GB2, 
datapath__19: FPGA_CPU_32_bits_cache__GB0, 
logic__158: FPGA_CPU_32_bits_cache__GB0, 
logic__579: FPGA_CPU_32_bits_cache__GB2, 
reg__119: FPGA_CPU_32_bits_cache__GB0, 
muxpart__145: FPGA_CPU_32_bits_cache__GB2, 
reg__259: FPGA_CPU_32_bits_cache__GB0, 
reg__11: FPGA_CPU_32_bits_cache__GB1, 
logic__957: FPGA_CPU_32_bits_cache__GB2, 
case__228: FPGA_CPU_32_bits_cache__GB0, 
reg__51: FPGA_CPU_32_bits_cache__GB0, 
datapath__78: FPGA_CPU_32_bits_cache__GB0, 
reg__327: FPGA_CPU_32_bits_cache__GB0, 
logic__337: FPGA_CPU_32_bits_cache__GB2, 
logic__1071: FPGA_CPU_32_bits_cache__GB1, 
logic__608: FPGA_CPU_32_bits_cache__GB0, 
reg__184: FPGA_CPU_32_bits_cache__GB0, 
reg__241: FPGA_CPU_32_bits_cache__GB0, 
logic__218: FPGA_CPU_32_bits_cache__GB2, 
muxpart__263: FPGA_CPU_32_bits_cache__GB0, 
logic__1118: FPGA_CPU_32_bits_cache__GB2, 
logic__330: FPGA_CPU_32_bits_cache__GB2, 
datapath__56: FPGA_CPU_32_bits_cache__GB0, 
logic__851: FPGA_CPU_32_bits_cache__GB2, 
logic__495: FPGA_CPU_32_bits_cache__GB2, 
reg__162: FPGA_CPU_32_bits_cache__GB0, 
case__75: FPGA_CPU_32_bits_cache__GB0, 
case__259: FPGA_CPU_32_bits_cache__GB2, 
muxpart__188: FPGA_CPU_32_bits_cache__GB0, 
reg__38: FPGA_CPU_32_bits_cache__GB0, 
case__253: FPGA_CPU_32_bits_cache__GB2, 
reg__123: FPGA_CPU_32_bits_cache__GB0, 
reg__413: FPGA_CPU_32_bits_cache__GB0, 
muxpart__195: FPGA_CPU_32_bits_cache__GB0, 
extram: FPGA_CPU_32_bits_cache__GB1, 
muxpart__154: FPGA_CPU_32_bits_cache__GB0, 
reg__358: FPGA_CPU_32_bits_cache__GB2, 
logic__612: FPGA_CPU_32_bits_cache__GB0, 
case__47: FPGA_CPU_32_bits_cache__GB0, 
datapath__54: FPGA_CPU_32_bits_cache__GB0, 
logic__160: FPGA_CPU_32_bits_cache__GB0, 
muxpart__253: FPGA_CPU_32_bits_cache__GB0, 
reg__309: FPGA_CPU_32_bits_cache__GB2, 
logic__285: FPGA_CPU_32_bits_cache__GB2, 
logic__62: FPGA_CPU_32_bits_cache__GB1, 
case__377: FPGA_CPU_32_bits_cache__GB2, 
case__229: FPGA_CPU_32_bits_cache__GB0, 
counter__6: FPGA_CPU_32_bits_cache__GB2, 
counter__5: FPGA_CPU_32_bits_cache__GB0, 
logic__240: FPGA_CPU_32_bits_cache__GB2, 
case__287: FPGA_CPU_32_bits_cache__GB0, 
reg__381: FPGA_CPU_32_bits_cache__GB2, 
reg__117: FPGA_CPU_32_bits_cache__GB0, 
reg__191: FPGA_CPU_32_bits_cache__GB0, 
muxpart__148: FPGA_CPU_32_bits_cache__GB2, 
reg__346: FPGA_CPU_32_bits_cache__GB0, 
logic__736: FPGA_CPU_32_bits_cache__GB1, 
case__35: FPGA_CPU_32_bits_cache__GB1, 
muxpart__146: FPGA_CPU_32_bits_cache__GB2, 
logic__720: FPGA_CPU_32_bits_cache__GB2, 
case__205: FPGA_CPU_32_bits_cache__GB2, 
reg__310: FPGA_CPU_32_bits_cache__GB2, 
muxpart__23: FPGA_CPU_32_bits_cache__GB1, 
muxpart__129: FPGA_CPU_32_bits_cache__GB2, 
logic__287: FPGA_CPU_32_bits_cache__GB2, 
reg__331: FPGA_CPU_32_bits_cache__GB1, 
logic__236: FPGA_CPU_32_bits_cache__GB2, 
case__117: FPGA_CPU_32_bits_cache__GB1, 
muxpart__221: FPGA_CPU_32_bits_cache__GB2, 
case__371: FPGA_CPU_32_bits_cache__GB1, 
reg__143: FPGA_CPU_32_bits_cache__GB0, 
muxpart__84: FPGA_CPU_32_bits_cache__GB1, 
reg__330: FPGA_CPU_32_bits_cache__GB2, 
logic__956: FPGA_CPU_32_bits_cache__GB2, 
case__335: FPGA_CPU_32_bits_cache__GB2, 
reg__36: FPGA_CPU_32_bits_cache__GB0, 
case__48: FPGA_CPU_32_bits_cache__GB0, 
muxpart__54: FPGA_CPU_32_bits_cache__GB2, 
muxpart__150: FPGA_CPU_32_bits_cache__GB0, 
reg__15: FPGA_CPU_32_bits_cache__GB1, 
reg__6: FPGA_CPU_32_bits_cache__GB1, 
reg__151: FPGA_CPU_32_bits_cache__GB0, 
case__171: FPGA_CPU_32_bits_cache__GB2, 
datapath__43: FPGA_CPU_32_bits_cache__GB0, 
muxpart__200: FPGA_CPU_32_bits_cache__GB2, 
muxpart__232: FPGA_CPU_32_bits_cache__GB2, 
reg__410: FPGA_CPU_32_bits_cache__GB2, 
case__170: FPGA_CPU_32_bits_cache__GB2, 
reg__345: FPGA_CPU_32_bits_cache__GB0, 
case__92: FPGA_CPU_32_bits_cache__GB0, 
muxpart__316: FPGA_CPU_32_bits_cache__GB2, 
reg__96: FPGA_CPU_32_bits_cache__GB0, 
muxpart__214: FPGA_CPU_32_bits_cache__GB1, 
logic__754: FPGA_CPU_32_bits_cache__GB2, 
reg__44: FPGA_CPU_32_bits_cache__GB0, 
logic__631: FPGA_CPU_32_bits_cache__GB0, 
reg__58: FPGA_CPU_32_bits_cache__GB0, 
uart_tx: FPGA_CPU_32_bits_cache__GB0, 
logic__159: FPGA_CPU_32_bits_cache__GB0, 
logic__77: FPGA_CPU_32_bits_cache__GB1, 
muxpart__217: FPGA_CPU_32_bits_cache__GB1, 
reg__354: FPGA_CPU_32_bits_cache__GB0, 
reg__312: FPGA_CPU_32_bits_cache__GB2, 
muxpart__152: FPGA_CPU_32_bits_cache__GB2, 
logic__560: FPGA_CPU_32_bits_cache__GB2, 
logic__924: FPGA_CPU_32_bits_cache__GB2, 
reg__205: FPGA_CPU_32_bits_cache__GB0, 
case__148: FPGA_CPU_32_bits_cache__GB2, 
muxpart__179: FPGA_CPU_32_bits_cache__GB0, 
logic__907: FPGA_CPU_32_bits_cache__GB2, 
reg__370: FPGA_CPU_32_bits_cache__GB0, 
reg__113: FPGA_CPU_32_bits_cache__GB0, 
muxpart__143: FPGA_CPU_32_bits_cache__GB2, 
logic__585: FPGA_CPU_32_bits_cache__GB0, 
reg__47: FPGA_CPU_32_bits_cache__GB0, 
reg__403: FPGA_CPU_32_bits_cache__GB2, 
case__217: FPGA_CPU_32_bits_cache__GB2, 
case__291: FPGA_CPU_32_bits_cache__GB2, 
muxpart__131: FPGA_CPU_32_bits_cache__GB2, 
muxpart__151: FPGA_CPU_32_bits_cache__GB0, 
extram__2: FPGA_CPU_32_bits_cache__GB0, 
reg__14: FPGA_CPU_32_bits_cache__GB1, 
case__376: FPGA_CPU_32_bits_cache__GB2, 
muxpart__82: FPGA_CPU_32_bits_cache__GB2, 
case__246: FPGA_CPU_32_bits_cache__GB0, 
reg__178: FPGA_CPU_32_bits_cache__GB0, 
datapath__73: FPGA_CPU_32_bits_cache__GB0, 
case__247: FPGA_CPU_32_bits_cache__GB2, 
reg__69: FPGA_CPU_32_bits_cache__GB0, 
logic__385: FPGA_CPU_32_bits_cache__GB2, 
uart_rx: FPGA_CPU_32_bits_cache__GB2, 
reg__363: FPGA_CPU_32_bits_cache__GB0, 
reg__342: FPGA_CPU_32_bits_cache__GB0, 
muxpart__209: FPGA_CPU_32_bits_cache__GB2, 
case__245: FPGA_CPU_32_bits_cache__GB0, 
case__388: FPGA_CPU_32_bits_cache__GB0, 
reg__375: FPGA_CPU_32_bits_cache__GB0, 
datapath__1: FPGA_CPU_32_bits_cache__GB1, 
reg__329: FPGA_CPU_32_bits_cache__GB2, 
logic__1047: FPGA_CPU_32_bits_cache__GB2, 
logic__305: FPGA_CPU_32_bits_cache__GB2, 
logic__630: FPGA_CPU_32_bits_cache__GB1, 
case__269: FPGA_CPU_32_bits_cache__GB1, 
logic__1082: FPGA_CPU_32_bits_cache__GB2, 
reg__386: FPGA_CPU_32_bits_cache__GB1, 
case__179: FPGA_CPU_32_bits_cache__GB2, 
reg__225: FPGA_CPU_32_bits_cache__GB0, 
case__268: FPGA_CPU_32_bits_cache__GB2, 
logic__281: FPGA_CPU_32_bits_cache__GB0, 
logic__618: FPGA_CPU_32_bits_cache__GB0, 
case__261: FPGA_CPU_32_bits_cache__GB2, 
logic__672: FPGA_CPU_32_bits_cache__GB2, 
reg__147: FPGA_CPU_32_bits_cache__GB0, 
case__305: FPGA_CPU_32_bits_cache__GB1, 
reg__17: FPGA_CPU_32_bits_cache__GB1, 
reg__166: FPGA_CPU_32_bits_cache__GB0, 
logic__739: FPGA_CPU_32_bits_cache__GB1, 
case__196: FPGA_CPU_32_bits_cache__GB0, 
case__97: FPGA_CPU_32_bits_cache__GB0, 
reg__97: FPGA_CPU_32_bits_cache__GB0, 
reg__204: FPGA_CPU_32_bits_cache__GB0, 
case__220: FPGA_CPU_32_bits_cache__GB0, 
datapath__44: FPGA_CPU_32_bits_cache__GB0, 
muxpart__202: FPGA_CPU_32_bits_cache__GB2, 
logic__441: FPGA_CPU_32_bits_cache__GB2, 
logic__937: FPGA_CPU_32_bits_cache__GB1, 
datapath__66: FPGA_CPU_32_bits_cache__GB0, 
muxpart__103: FPGA_CPU_32_bits_cache__GB2, 
case__18: FPGA_CPU_32_bits_cache__GB1, 
reg__286: FPGA_CPU_32_bits_cache__GB0, 
muxpart__88: FPGA_CPU_32_bits_cache__GB2, 
logic__528: FPGA_CPU_32_bits_cache__GB2, 
muxpart__339: FPGA_CPU_32_bits_cache__GB0, 
reg__227: FPGA_CPU_32_bits_cache__GB0, 
muxpart__255: FPGA_CPU_32_bits_cache__GB2, 
reg__248: FPGA_CPU_32_bits_cache__GB0, 
logic__474: FPGA_CPU_32_bits_cache__GB2, 
logic__332: FPGA_CPU_32_bits_cache__GB2, 
logic__856: FPGA_CPU_32_bits_cache__GB1, 
muxpart__97: FPGA_CPU_32_bits_cache__GB2, 
logic__554: FPGA_CPU_32_bits_cache__GB2, 
logic__348: FPGA_CPU_32_bits_cache__GB2, 
reg__328: FPGA_CPU_32_bits_cache__GB2, 
logic__280: FPGA_CPU_32_bits_cache__GB0, 
reg__399: FPGA_CPU_32_bits_cache__GB0, 
reg__154: FPGA_CPU_32_bits_cache__GB0, 
logic__216: FPGA_CPU_32_bits_cache__GB2, 
logic__759: FPGA_CPU_32_bits_cache__GB0, 
logic__848: FPGA_CPU_32_bits_cache__GB1, 
reg__75: FPGA_CPU_32_bits_cache__GB0, 
case__194: FPGA_CPU_32_bits_cache__GB0, 
logic__897: FPGA_CPU_32_bits_cache__GB2, 
datapath__47: FPGA_CPU_32_bits_cache__GB0, 
reg__274: FPGA_CPU_32_bits_cache__GB0, 
logic__212: FPGA_CPU_32_bits_cache__GB2, 
muxpart__190: FPGA_CPU_32_bits_cache__GB2, 
muxpart__109: FPGA_CPU_32_bits_cache__GB2, 
datapath__32: FPGA_CPU_32_bits_cache__GB0, 
muxpart__292: FPGA_CPU_32_bits_cache__GB2, 
case__68: FPGA_CPU_32_bits_cache__GB0, 
reg__213: FPGA_CPU_32_bits_cache__GB0, 
logic__455: FPGA_CPU_32_bits_cache__GB2, 
muxpart__185: FPGA_CPU_32_bits_cache__GB0, 
datapath__20: FPGA_CPU_32_bits_cache__GB2, 
logic__76: FPGA_CPU_32_bits_cache__GB1, 
reg__300: FPGA_CPU_32_bits_cache__GB2, 
case__283: FPGA_CPU_32_bits_cache__GB1, 
muxpart__132: FPGA_CPU_32_bits_cache__GB2, 
logic__840: FPGA_CPU_32_bits_cache__GB1, 
datapath__29: FPGA_CPU_32_bits_cache__GB1, 
case__262: FPGA_CPU_32_bits_cache__GB2, 
reg__130: FPGA_CPU_32_bits_cache__GB0, 
reg__112: FPGA_CPU_32_bits_cache__GB0, 
reg__194: FPGA_CPU_32_bits_cache__GB0, 
logic__453: FPGA_CPU_32_bits_cache__GB2, 
FPGA_CPU_32_bits_cache__GB2: FPGA_CPU_32_bits_cache__GB2, 
reg__131: FPGA_CPU_32_bits_cache__GB0, 
case__33: FPGA_CPU_32_bits_cache__GB1, 
reg__234: FPGA_CPU_32_bits_cache__GB0, 
reg__56: FPGA_CPU_32_bits_cache__GB0, 
case__188: FPGA_CPU_32_bits_cache__GB2, 
logic__490: FPGA_CPU_32_bits_cache__GB0, 
logic__230: FPGA_CPU_32_bits_cache__GB2, 
reg__170: FPGA_CPU_32_bits_cache__GB0, 
case__315: FPGA_CPU_32_bits_cache__GB2, 
reg__102: FPGA_CPU_32_bits_cache__GB0, 
reg__63: FPGA_CPU_32_bits_cache__GB0, 
muxpart__187: FPGA_CPU_32_bits_cache__GB0, 
case__31: FPGA_CPU_32_bits_cache__GB1, 
reg__120: FPGA_CPU_32_bits_cache__GB0, 
muxpart__219: FPGA_CPU_32_bits_cache__GB1, 
reg__45: FPGA_CPU_32_bits_cache__GB0, 
case__385: FPGA_CPU_32_bits_cache__GB2, 
logic__274: FPGA_CPU_32_bits_cache__GB0, 
case__121: FPGA_CPU_32_bits_cache__GB2, 
datapath__5: FPGA_CPU_32_bits_cache__GB0, 
muxpart__284: FPGA_CPU_32_bits_cache__GB2, 
muxpart__22: FPGA_CPU_32_bits_cache__GB1, 
logic__867: FPGA_CPU_32_bits_cache__GB2, 
muxpart__295: FPGA_CPU_32_bits_cache__GB0, 
muxpart__289: FPGA_CPU_32_bits_cache__GB2, 
reg__367: FPGA_CPU_32_bits_cache__GB0, 
logic__1043: FPGA_CPU_32_bits_cache__GB1, 
muxpart__233: FPGA_CPU_32_bits_cache__GB2, 
case__70: FPGA_CPU_32_bits_cache__GB0, 
case__219: FPGA_CPU_32_bits_cache__GB0, 
logic__195: FPGA_CPU_32_bits_cache__GB2, 
muxpart__330: FPGA_CPU_32_bits_cache__GB2, 
logic__862: FPGA_CPU_32_bits_cache__GB1, 
logic__125: FPGA_CPU_32_bits_cache__GB0, 
reg__231: FPGA_CPU_32_bits_cache__GB0, 
datapath__40: FPGA_CPU_32_bits_cache__GB0, 
logic__284: FPGA_CPU_32_bits_cache__GB2, 
reg__100: FPGA_CPU_32_bits_cache__GB0, 
logic__1023: FPGA_CPU_32_bits_cache__GB2, 
logic__726: FPGA_CPU_32_bits_cache__GB1, 
muxpart__24: FPGA_CPU_32_bits_cache__GB1, 
logic__38: FPGA_CPU_32_bits_cache__GB1, 
reg__401: FPGA_CPU_32_bits_cache__GB2, 
muxpart__86: FPGA_CPU_32_bits_cache__GB2, 
case__169: FPGA_CPU_32_bits_cache__GB0, 
reg__198: FPGA_CPU_32_bits_cache__GB0, 
logic__693: FPGA_CPU_32_bits_cache__GB2, 
logic__665: FPGA_CPU_32_bits_cache__GB0, 
case__15: FPGA_CPU_32_bits_cache__GB1, 
reg__134: FPGA_CPU_32_bits_cache__GB0, 
muxpart__338: FPGA_CPU_32_bits_cache__GB0, 
reg__155: FPGA_CPU_32_bits_cache__GB0, 
muxpart__90: FPGA_CPU_32_bits_cache__GB2, 
logic__705: FPGA_CPU_32_bits_cache__GB2, 
logic__412: FPGA_CPU_32_bits_cache__GB1, 
muxpart__163: FPGA_CPU_32_bits_cache__GB2, 
muxpart__211: FPGA_CPU_32_bits_cache__GB2, 
muxpart__314: FPGA_CPU_32_bits_cache__GB2, 
logic__318: FPGA_CPU_32_bits_cache__GB1, 
muxpart__130: FPGA_CPU_32_bits_cache__GB2, 
muxpart__81: FPGA_CPU_32_bits_cache__GB2, 
logic__235: FPGA_CPU_32_bits_cache__GB2, 
muxpart__291: FPGA_CPU_32_bits_cache__GB1, 
logic__846: FPGA_CPU_32_bits_cache__GB1, 
muxpart__230: FPGA_CPU_32_bits_cache__GB2, 
case__359: FPGA_CPU_32_bits_cache__GB1, 
datapath__4: FPGA_CPU_32_bits_cache__GB0, 
logic__808: FPGA_CPU_32_bits_cache__GB1, 
logic__639: FPGA_CPU_32_bits_cache__GB2, 
muxpart__235: FPGA_CPU_32_bits_cache__GB2, 
datapath__82: FPGA_CPU_32_bits_cache__GB1, 
datapath__68: FPGA_CPU_32_bits_cache__GB0, 
datapath__39: FPGA_CPU_32_bits_cache__GB0, 
logic__703: FPGA_CPU_32_bits_cache__GB2, 
reg__355: FPGA_CPU_32_bits_cache__GB0, 
logic__770: FPGA_CPU_32_bits_cache__GB1, 
muxpart__326: FPGA_CPU_32_bits_cache__GB2, 
reg__352: FPGA_CPU_32_bits_cache__GB0, 
logic__360: FPGA_CPU_32_bits_cache__GB2, 
muxpart__310: FPGA_CPU_32_bits_cache__GB2, 
case__286: FPGA_CPU_32_bits_cache__GB0, 
reg__385: FPGA_CPU_32_bits_cache__GB1, 
muxpart__160: FPGA_CPU_32_bits_cache__GB2, 
logic__156: FPGA_CPU_32_bits_cache__GB0, 
reg__266: FPGA_CPU_32_bits_cache__GB0, 
muxpart__238: FPGA_CPU_32_bits_cache__GB2, 
logic__189: FPGA_CPU_32_bits_cache__GB2, 
muxpart__276: FPGA_CPU_32_bits_cache__GB2, 
muxpart__113: FPGA_CPU_32_bits_cache__GB2, 
reg__81: FPGA_CPU_32_bits_cache__GB0, 
muxpart__294: FPGA_CPU_32_bits_cache__GB0, 
reg__163: FPGA_CPU_32_bits_cache__GB0, 
logic__505: FPGA_CPU_32_bits_cache__GB0, 
logic__981: FPGA_CPU_32_bits_cache__GB1, 
reg__384: FPGA_CPU_32_bits_cache__GB0, 
logic: FPGA_CPU_32_bits_cache__GB1, 
reg__405: FPGA_CPU_32_bits_cache__GB2, 
logic__1066: FPGA_CPU_32_bits_cache__GB1, 
case__383: FPGA_CPU_32_bits_cache__GB2, 
case__76: FPGA_CPU_32_bits_cache__GB0, 
case__43: FPGA_CPU_32_bits_cache__GB1, 
logic__593: FPGA_CPU_32_bits_cache__GB0, 
case__124: FPGA_CPU_32_bits_cache__GB2, 
logic__304: FPGA_CPU_32_bits_cache__GB2, 
reg__109: FPGA_CPU_32_bits_cache__GB0, 
muxpart__128: FPGA_CPU_32_bits_cache__GB2, 
muxpart__288: FPGA_CPU_32_bits_cache__GB1, 
logic__1067: FPGA_CPU_32_bits_cache__GB1, 
muxpart__275: FPGA_CPU_32_bits_cache__GB2, 
logic__850: FPGA_CPU_32_bits_cache__GB1, 
muxpart__293: FPGA_CPU_32_bits_cache__GB2, 
case__348: FPGA_CPU_32_bits_cache__GB2, 
logic__683: FPGA_CPU_32_bits_cache__GB2, 
mem_read_write: FPGA_CPU_32_bits_cache__GB1, 
logic__431: FPGA_CPU_32_bits_cache__GB2, 
logic__925: FPGA_CPU_32_bits_cache__GB2, 
reg__270: FPGA_CPU_32_bits_cache__GB0, 
case__317: FPGA_CPU_32_bits_cache__GB1, 
muxpart__320: FPGA_CPU_32_bits_cache__GB2, 
logic__967: FPGA_CPU_32_bits_cache__GB1, 
case__310: FPGA_CPU_32_bits_cache__GB1, 
reg__281: FPGA_CPU_32_bits_cache__GB0, 
reg__260: FPGA_CPU_32_bits_cache__GB0, 
muxpart__126: FPGA_CPU_32_bits_cache__GB2, 
logic__1065: FPGA_CPU_32_bits_cache__GB2, 
logic__744: FPGA_CPU_32_bits_cache__GB1, 
logic__810: FPGA_CPU_32_bits_cache__GB2, 
extrom: FPGA_CPU_32_bits_cache__GB1, 
reg__105: FPGA_CPU_32_bits_cache__GB0, 
case__316: FPGA_CPU_32_bits_cache__GB1, 
muxpart__341: FPGA_CPU_32_bits_cache__GB2, 
reg__305: FPGA_CPU_32_bits_cache__GB2, 
case__366: FPGA_CPU_32_bits_cache__GB2, 
case__274: FPGA_CPU_32_bits_cache__GB2, 
case__208: FPGA_CPU_32_bits_cache__GB2, 
case__327: FPGA_CPU_32_bits_cache__GB2, 
logic__548: FPGA_CPU_32_bits_cache__GB2, 
case__370: FPGA_CPU_32_bits_cache__GB2, 
datapath__18: FPGA_CPU_32_bits_cache__GB0, 
reg__39: FPGA_CPU_32_bits_cache__GB0, 
datapath__48: FPGA_CPU_32_bits_cache__GB0, 
reg__34: FPGA_CPU_32_bits_cache__GB0, 
logic__605: FPGA_CPU_32_bits_cache__GB0, 
muxpart__198: FPGA_CPU_32_bits_cache__GB2, 
datapath__28: FPGA_CPU_32_bits_cache__GB0, 
case__113: FPGA_CPU_32_bits_cache__GB2, 
reg__332: FPGA_CPU_32_bits_cache__GB2, 
logic__1040: FPGA_CPU_32_bits_cache__GB1, 
muxpart__301: FPGA_CPU_32_bits_cache__GB1, 
muxpart__115: FPGA_CPU_32_bits_cache__GB2, 
case__154: FPGA_CPU_32_bits_cache__GB0, 
logic__950: FPGA_CPU_32_bits_cache__GB2, 
logic__735: FPGA_CPU_32_bits_cache__GB1, 
datapath__12: FPGA_CPU_32_bits_cache__GB2, 
reg__168: FPGA_CPU_32_bits_cache__GB0, 
case__275: FPGA_CPU_32_bits_cache__GB1, 
datapath__30: FPGA_CPU_32_bits_cache__GB2, 
logic__580: FPGA_CPU_32_bits_cache__GB1, 
logic__463: FPGA_CPU_32_bits_cache__GB1, 
logic__763: FPGA_CPU_32_bits_cache__GB2, 
logic__1008: FPGA_CPU_32_bits_cache__GB2, 
muxpart__224: FPGA_CPU_32_bits_cache__GB1, 
reg__387: FPGA_CPU_32_bits_cache__GB2, 
logic__687: FPGA_CPU_32_bits_cache__GB0, 
muxpart__282: FPGA_CPU_32_bits_cache__GB1, 
muxpart__25: FPGA_CPU_32_bits_cache__GB1, 
muxpart__312: FPGA_CPU_32_bits_cache__GB2, 
reg__35: FPGA_CPU_32_bits_cache__GB0, 
logic__313: FPGA_CPU_32_bits_cache__GB2, 
muxpart__287: FPGA_CPU_32_bits_cache__GB2, 
muxpart__147: FPGA_CPU_32_bits_cache__GB2, 
case__36: FPGA_CPU_32_bits_cache__GB1, 
muxpart__329: FPGA_CPU_32_bits_cache__GB2, 
reg__67: FPGA_CPU_32_bits_cache__GB0, 
case__294: FPGA_CPU_32_bits_cache__GB2, 
muxpart__20: FPGA_CPU_32_bits_cache__GB1, 
reg__12: FPGA_CPU_32_bits_cache__GB1, 
reg__353: FPGA_CPU_32_bits_cache__GB0, 
datapath__9: FPGA_CPU_32_bits_cache__GB2, 
logic__1110: FPGA_CPU_32_bits_cache__GB1, 
muxpart__260: FPGA_CPU_32_bits_cache__GB1, 
logic__614: FPGA_CPU_32_bits_cache__GB1, 
case__230: FPGA_CPU_32_bits_cache__GB0, 
case__200: FPGA_CPU_32_bits_cache__GB2, 
reg__136: FPGA_CPU_32_bits_cache__GB0, 
logic__742: FPGA_CPU_32_bits_cache__GB1, 
muxpart__189: FPGA_CPU_32_bits_cache__GB0, 
case__381: FPGA_CPU_32_bits_cache__GB2, 
case__197: FPGA_CPU_32_bits_cache__GB0, 
muxpart__135: FPGA_CPU_32_bits_cache__GB2, 
logic__512: FPGA_CPU_32_bits_cache__GB0, 
muxpart__172: FPGA_CPU_32_bits_cache__GB0, 
logic__303: FPGA_CPU_32_bits_cache__GB2, 
muxpart__158: FPGA_CPU_32_bits_cache__GB2, 
reg__407: FPGA_CPU_32_bits_cache__GB1, 
logic__294: FPGA_CPU_32_bits_cache__GB2, 
muxpart__205: FPGA_CPU_32_bits_cache__GB2, 
case__144: FPGA_CPU_32_bits_cache__GB2, 
reg__246: FPGA_CPU_32_bits_cache__GB0, 
logic__450: FPGA_CPU_32_bits_cache__GB2, 
logic__914: FPGA_CPU_32_bits_cache__GB2, 
muxpart__74: FPGA_CPU_32_bits_cache__GB2, 
logic__487: FPGA_CPU_32_bits_cache__GB0, 
case__375: FPGA_CPU_32_bits_cache__GB2, 
reg__372: FPGA_CPU_32_bits_cache__GB0, 
case__118: FPGA_CPU_32_bits_cache__GB2, 
case__328: FPGA_CPU_32_bits_cache__GB2, 
muxpart__279: FPGA_CPU_32_bits_cache__GB2, 
logic__1101: FPGA_CPU_32_bits_cache__GB1, 
logic__1100: FPGA_CPU_32_bits_cache__GB2, 
reg__306: FPGA_CPU_32_bits_cache__GB2, 
logic__839: FPGA_CPU_32_bits_cache__GB1, 
logic__229: FPGA_CPU_32_bits_cache__GB2, 
reg__146: FPGA_CPU_32_bits_cache__GB0, 
muxpart__170: FPGA_CPU_32_bits_cache__GB2, 
muxpart__244: FPGA_CPU_32_bits_cache__GB1, 
muxpart__299: FPGA_CPU_32_bits_cache__GB2, 
logic__1083: FPGA_CPU_32_bits_cache__GB1, 
logic__730: FPGA_CPU_32_bits_cache__GB1, 
case__290: FPGA_CPU_32_bits_cache__GB2, 
logic__915: FPGA_CPU_32_bits_cache__GB2, 
reg__414: FPGA_CPU_32_bits_cache__GB2, 
muxpart__92: FPGA_CPU_32_bits_cache__GB1, 
reg__29: FPGA_CPU_32_bits_cache__GB0, 
reg__142: FPGA_CPU_32_bits_cache__GB0, 
case__145: FPGA_CPU_32_bits_cache__GB2, 
logic__982: FPGA_CPU_32_bits_cache__GB1, 
reg__374: FPGA_CPU_32_bits_cache__GB0, 
logic__872: FPGA_CPU_32_bits_cache__GB2, 
reg__41: FPGA_CPU_32_bits_cache__GB0, 
reg__222: FPGA_CPU_32_bits_cache__GB0, 
reg__379: FPGA_CPU_32_bits_cache__GB0, 
reg__79: FPGA_CPU_32_bits_cache__GB0, 
reg__80: FPGA_CPU_32_bits_cache__GB0, 
case__378: FPGA_CPU_32_bits_cache__GB2, 
SPI_Master: FPGA_CPU_32_bits_cache__GB2, 
case__181: FPGA_CPU_32_bits_cache__GB2, 
reg__158: FPGA_CPU_32_bits_cache__GB0, 
reg__23: FPGA_CPU_32_bits_cache__GB0, 
reg__89: FPGA_CPU_32_bits_cache__GB0, 
reg__373: FPGA_CPU_32_bits_cache__GB0, 
logic__595: FPGA_CPU_32_bits_cache__GB0, 
reg__135: FPGA_CPU_32_bits_cache__GB0, 
muxpart__258: FPGA_CPU_32_bits_cache__GB2, 
muxpart__212: FPGA_CPU_32_bits_cache__GB2, 
case__192: FPGA_CPU_32_bits_cache__GB2, 
logic__63: FPGA_CPU_32_bits_cache__GB1, 
reg__64: FPGA_CPU_32_bits_cache__GB0, 
case__209: FPGA_CPU_32_bits_cache__GB2, 
reg__160: FPGA_CPU_32_bits_cache__GB0, 
reg__60: FPGA_CPU_32_bits_cache__GB0, 
reg__269: FPGA_CPU_32_bits_cache__GB0, 
muxpart__136: FPGA_CPU_32_bits_cache__GB2, 
logic__606: FPGA_CPU_32_bits_cache__GB0, 
reg__127: FPGA_CPU_32_bits_cache__GB0, 
reg__32: FPGA_CPU_32_bits_cache__GB0, 
datapath__14: FPGA_CPU_32_bits_cache__GB2, 
muxpart__112: FPGA_CPU_32_bits_cache__GB2, 
reg__126: FPGA_CPU_32_bits_cache__GB0, 
reg__188: FPGA_CPU_32_bits_cache__GB0, 
reg__153: FPGA_CPU_32_bits_cache__GB0, 
reg__128: FPGA_CPU_32_bits_cache__GB0, 
reg__276: FPGA_CPU_32_bits_cache__GB0, 
logic__559: FPGA_CPU_32_bits_cache__GB2, 
logic__871: FPGA_CPU_32_bits_cache__GB2, 
muxpart__231: FPGA_CPU_32_bits_cache__GB2, 
reg__65: FPGA_CPU_32_bits_cache__GB0, 
logic__1039: FPGA_CPU_32_bits_cache__GB1, 
muxpart__155: FPGA_CPU_32_bits_cache__GB0, 
case__258: FPGA_CPU_32_bits_cache__GB2, 
reg__211: FPGA_CPU_32_bits_cache__GB0, 
logic__827: FPGA_CPU_32_bits_cache__GB0, 
logic__706: FPGA_CPU_32_bits_cache__GB2, 
reg__52: FPGA_CPU_32_bits_cache__GB0, 
case__221: FPGA_CPU_32_bits_cache__GB0, 
reg__378: FPGA_CPU_32_bits_cache__GB1, 
reg__265: FPGA_CPU_32_bits_cache__GB0, 
logic__942: FPGA_CPU_32_bits_cache__GB2, 
case__175: FPGA_CPU_32_bits_cache__GB2, 
logic__237: FPGA_CPU_32_bits_cache__GB2, 
muxpart__274: FPGA_CPU_32_bits_cache__GB2, 
reg__303: FPGA_CPU_32_bits_cache__GB2, 
muxpart__80: FPGA_CPU_32_bits_cache__GB0, 
logic__457: FPGA_CPU_32_bits_cache__GB2, 
muxpart__328: FPGA_CPU_32_bits_cache__GB2, 
case__289: FPGA_CPU_32_bits_cache__GB2, 
datapath__84: FPGA_CPU_32_bits_cache__GB1, 
reg__122: FPGA_CPU_32_bits_cache__GB0, 
reg__317: FPGA_CPU_32_bits_cache__GB2, 
case__176: FPGA_CPU_32_bits_cache__GB2, 
logic__417: FPGA_CPU_32_bits_cache__GB2, 
logic__1044: FPGA_CPU_32_bits_cache__GB2, 
reg__254: FPGA_CPU_32_bits_cache__GB0, 
counter__4: FPGA_CPU_32_bits_cache__GB2, 
logic__694: FPGA_CPU_32_bits_cache__GB2, 
case__25: FPGA_CPU_32_bits_cache__GB1, 
muxpart__104: FPGA_CPU_32_bits_cache__GB0, 
logic__586: FPGA_CPU_32_bits_cache__GB0, 
case__355: FPGA_CPU_32_bits_cache__GB1, 
reg__196: FPGA_CPU_32_bits_cache__GB0, 
muxpart__69: FPGA_CPU_32_bits_cache__GB2, 
muxpart__286: FPGA_CPU_32_bits_cache__GB2, 
logic__613: FPGA_CPU_32_bits_cache__GB0, 
muxpart: FPGA_CPU_32_bits_cache__GB1, 
muxpart__261: FPGA_CPU_32_bits_cache__GB0, 
case__293: FPGA_CPU_32_bits_cache__GB0, 
case__231: FPGA_CPU_32_bits_cache__GB0, 
reg__311: FPGA_CPU_32_bits_cache__GB2, 
logic__482: FPGA_CPU_32_bits_cache__GB1, 
case__372: FPGA_CPU_32_bits_cache__GB1, 
muxpart__300: FPGA_CPU_32_bits_cache__GB1, 
logic__435: FPGA_CPU_32_bits_cache__GB2, 
logic__278: FPGA_CPU_32_bits_cache__GB0, 
case__112: FPGA_CPU_32_bits_cache__GB2, 
logic__203: FPGA_CPU_32_bits_cache__GB2, 
reg__359: FPGA_CPU_32_bits_cache__GB2, 
reg__216: FPGA_CPU_32_bits_cache__GB0, 
reg__252: FPGA_CPU_32_bits_cache__GB0, 
reg__275: FPGA_CPU_32_bits_cache__GB0, 
reg__380: FPGA_CPU_32_bits_cache__GB2, 
logic__1016: FPGA_CPU_32_bits_cache__GB2, 
reg__203: FPGA_CPU_32_bits_cache__GB0, 
reg__18: FPGA_CPU_32_bits_cache__GB0, 
logic__601: FPGA_CPU_32_bits_cache__GB0, 
case__111: FPGA_CPU_32_bits_cache__GB2, 
logic__451: FPGA_CPU_32_bits_cache__GB2, 
case__202: FPGA_CPU_32_bits_cache__GB2, 
reg__323: FPGA_CPU_32_bits_cache__GB0, 
muxpart__193: FPGA_CPU_32_bits_cache__GB0, 
logic__615: FPGA_CPU_32_bits_cache__GB0, 
datapath__76: FPGA_CPU_32_bits_cache__GB1, 
case__224: FPGA_CPU_32_bits_cache__GB2, 
case__307: FPGA_CPU_32_bits_cache__GB1, 
logic__998: FPGA_CPU_32_bits_cache__GB1, 
case__44: FPGA_CPU_32_bits_cache__GB1, 
case__321: FPGA_CPU_32_bits_cache__GB0, 
case__216: FPGA_CPU_32_bits_cache__GB2, 
reg__247: FPGA_CPU_32_bits_cache__GB0, 
case__72: FPGA_CPU_32_bits_cache__GB0, 
logic__935: FPGA_CPU_32_bits_cache__GB2, 
logic__715: FPGA_CPU_32_bits_cache__GB2, 
muxpart__140: FPGA_CPU_32_bits_cache__GB2, 
reg__408: FPGA_CPU_32_bits_cache__GB2, 
logic__847: FPGA_CPU_32_bits_cache__GB1, 
case__46: FPGA_CPU_32_bits_cache__GB0, 
logic__825: FPGA_CPU_32_bits_cache__GB1, 
muxpart__134: FPGA_CPU_32_bits_cache__GB2, 
case__387: FPGA_CPU_32_bits_cache__GB2, 
muxpart__169: FPGA_CPU_32_bits_cache__GB2, 
reg__116: FPGA_CPU_32_bits_cache__GB0, 
muxpart__321: FPGA_CPU_32_bits_cache__GB2, 
muxpart__302: FPGA_CPU_32_bits_cache__GB2, 
reg__292: FPGA_CPU_32_bits_cache__GB2, 
logic__773: FPGA_CPU_32_bits_cache__GB2, 
logic__863: FPGA_CPU_32_bits_cache__GB2, 
case__122: FPGA_CPU_32_bits_cache__GB2, 
reg__94: FPGA_CPU_32_bits_cache__GB0, 
reg__376: FPGA_CPU_32_bits_cache__GB0, 
reg__87: FPGA_CPU_32_bits_cache__GB0, 
case__22: FPGA_CPU_32_bits_cache__GB1, 
reg__118: FPGA_CPU_32_bits_cache__GB0, 
case__313: FPGA_CPU_32_bits_cache__GB1, 
logic__596: FPGA_CPU_32_bits_cache__GB0, 
logic__311: FPGA_CPU_32_bits_cache__GB2, 
muxpart__304: FPGA_CPU_32_bits_cache__GB2, 
reg__214: FPGA_CPU_32_bits_cache__GB0, 
logic__227: FPGA_CPU_32_bits_cache__GB2, 
case__364: FPGA_CPU_32_bits_cache__GB2, 
reg__181: FPGA_CPU_32_bits_cache__GB0, 
reg__406: FPGA_CPU_32_bits_cache__GB1, 
logic__855: FPGA_CPU_32_bits_cache__GB2, 
case__167: FPGA_CPU_32_bits_cache__GB0, 
reg__68: FPGA_CPU_32_bits_cache__GB0, 
case__67: FPGA_CPU_32_bits_cache__GB0, 
reg__10: FPGA_CPU_32_bits_cache__GB1, 
logic__386: FPGA_CPU_32_bits_cache__GB1, 
case__362: FPGA_CPU_32_bits_cache__GB2, 
case__332: FPGA_CPU_32_bits_cache__GB2, 
logic__1105: FPGA_CPU_32_bits_cache__GB2, 
logic__790: FPGA_CPU_32_bits_cache__GB1, 
reg__171: FPGA_CPU_32_bits_cache__GB0, 
muxpart__225: FPGA_CPU_32_bits_cache__GB1, 
case__26: FPGA_CPU_32_bits_cache__GB1, 
reg__242: FPGA_CPU_32_bits_cache__GB0, 
muxpart__239: FPGA_CPU_32_bits_cache__GB2, 
datapath__62: FPGA_CPU_32_bits_cache__GB0, 
case__69: FPGA_CPU_32_bits_cache__GB0, 
reg__347: FPGA_CPU_32_bits_cache__GB0, 
logic__1139: FPGA_CPU_32_bits_cache__GB2, 
case__30: FPGA_CPU_32_bits_cache__GB1, 
datapath__25: FPGA_CPU_32_bits_cache__GB2, 
logic__640: FPGA_CPU_32_bits_cache__GB1, 
reg__26: FPGA_CPU_32_bits_cache__GB0, 
case__106: FPGA_CPU_32_bits_cache__GB2, 
reg__62: FPGA_CPU_32_bits_cache__GB0, 
muxpart__268: FPGA_CPU_32_bits_cache__GB0, 
datapath__79: FPGA_CPU_32_bits_cache__GB2, 
reg__71: FPGA_CPU_32_bits_cache__GB0, 
reg__366: FPGA_CPU_32_bits_cache__GB0, 
logic__717: FPGA_CPU_32_bits_cache__GB2, 
reg__129: FPGA_CPU_32_bits_cache__GB0, 
reg__393: FPGA_CPU_32_bits_cache__GB2, 
reg__364: FPGA_CPU_32_bits_cache__GB0, 
reg__321: FPGA_CPU_32_bits_cache__GB2, 
case__165: FPGA_CPU_32_bits_cache__GB2, 
reg__88: FPGA_CPU_32_bits_cache__GB0, 
reg__150: FPGA_CPU_32_bits_cache__GB0, 
muxpart__165: FPGA_CPU_32_bits_cache__GB1, 
reg__199: FPGA_CPU_32_bits_cache__GB0, 
logic__724: FPGA_CPU_32_bits_cache__GB1, 
case__299: FPGA_CPU_32_bits_cache__GB2, 
logic__522: FPGA_CPU_32_bits_cache__GB0, 
logic__582: FPGA_CPU_32_bits_cache__GB0, 
case__352: FPGA_CPU_32_bits_cache__GB2, 
reg__183: FPGA_CPU_32_bits_cache__GB0, 
muxpart__68: FPGA_CPU_32_bits_cache__GB0, 
muxpart__265: FPGA_CPU_32_bits_cache__GB0, 
reg__362: FPGA_CPU_32_bits_cache__GB0, 
muxpart__78: FPGA_CPU_32_bits_cache__GB0, 
logic__1089: FPGA_CPU_32_bits_cache__GB2, 
muxpart__70: FPGA_CPU_32_bits_cache__GB2, 
datapath__8: FPGA_CPU_32_bits_cache__GB2, 
logic__838: FPGA_CPU_32_bits_cache__GB1, 
logic__544: FPGA_CPU_32_bits_cache__GB0, 
muxpart__161: FPGA_CPU_32_bits_cache__GB0, 
logic__369: FPGA_CPU_32_bits_cache__GB1, 
counter__7: FPGA_CPU_32_bits_cache__GB1, 
case__114: FPGA_CPU_32_bits_cache__GB2, 
reg__182: FPGA_CPU_32_bits_cache__GB0, 
muxpart__271: FPGA_CPU_32_bits_cache__GB2, 
logic__6: FPGA_CPU_32_bits_cache__GB1, 
logic__293: FPGA_CPU_32_bits_cache__GB2, 
case__249: FPGA_CPU_32_bits_cache__GB2, 
reg__46: FPGA_CPU_32_bits_cache__GB0, 
muxpart__247: FPGA_CPU_32_bits_cache__GB2, 
logic__902: FPGA_CPU_32_bits_cache__GB2, 
reg__217: FPGA_CPU_32_bits_cache__GB0, 
case__132: FPGA_CPU_32_bits_cache__GB2, 
muxpart__207: FPGA_CPU_32_bits_cache__GB0, 
logic__988: FPGA_CPU_32_bits_cache__GB2, 
reg__186: FPGA_CPU_32_bits_cache__GB0, 
reg__197: FPGA_CPU_32_bits_cache__GB0, 
reg__409: FPGA_CPU_32_bits_cache__GB2, 
muxpart__19: FPGA_CPU_32_bits_cache__GB1, 
reg__271: FPGA_CPU_32_bits_cache__GB0, 
reg__338: FPGA_CPU_32_bits_cache__GB2, 
case__183: FPGA_CPU_32_bits_cache__GB0, 
muxpart__210: FPGA_CPU_32_bits_cache__GB2, 
case__150: FPGA_CPU_32_bits_cache__GB2, 
logic__127: FPGA_CPU_32_bits_cache__GB0, 
mult_33_33_64: FPGA_CPU_32_bits_cache__GB0, 
reg__27: FPGA_CPU_32_bits_cache__GB0, 
datapath__55: FPGA_CPU_32_bits_cache__GB0, 
muxpart__173: FPGA_CPU_32_bits_cache__GB0, 
reg__296: FPGA_CPU_32_bits_cache__GB2, 
muxpart__285: FPGA_CPU_32_bits_cache__GB2, 
logic__623: FPGA_CPU_32_bits_cache__GB1, 
case__195: FPGA_CPU_32_bits_cache__GB0, 
muxpart__133: FPGA_CPU_32_bits_cache__GB2, 
reg__159: FPGA_CPU_32_bits_cache__GB0, 
muxpart__176: FPGA_CPU_32_bits_cache__GB0, 
logic__1070: FPGA_CPU_32_bits_cache__GB1, 
case__38: FPGA_CPU_32_bits_cache__GB1, 
datapath__27: FPGA_CPU_32_bits_cache__GB1, 
case__260: FPGA_CPU_32_bits_cache__GB2, 
reg__9: FPGA_CPU_32_bits_cache__GB1, 
datapath__35: FPGA_CPU_32_bits_cache__GB0, 
muxpart__248: FPGA_CPU_32_bits_cache__GB2, 
reg__141: FPGA_CPU_32_bits_cache__GB0, 
