muxpart__186: muxpart__186
muxpart__306: muxpart__306
FPGA_CPU_32_bits_cache__GB1: FPGA_CPU_32_bits_cache__GB1
reg__193: reg__193
logic__1028: logic__1028
logic__789: logic__789
muxpart__327: muxpart__327
muxpart__138: muxpart__138
logic__1058: logic__1058
muxpart__228: muxpart__228
reg__294: reg__294
reg__192: reg__192
case__343: case__343
logic__718: logic__718
logic__948: logic__948
logic__543: logic__543
reg__138: reg__138
logic__36: logic__36
case__297: case__297
muxpart__236: muxpart__236
case__184: case__184
case__198: case__198
logic__530: logic__530
logic__755: logic__755
case__133: case__133
case__276: case__276
muxpart__52: muxpart__52
logic__485: logic__485
muxpart__177: muxpart__177
datapath__13: datapath__13
reg__111: reg__111
logic__297: logic__297
datapath__38: datapath__38
reg__261: reg__261
reg__396: reg__396
case__390: case__390
reg__125: reg__125
reg__8: reg__8
logic__1093: logic__1093
case__73: case__73
muxpart__118: muxpart__118
reg__200: reg__200
muxpart__181: muxpart__181
muxpart__264: muxpart__264
reg__351: reg__351
muxpart__124: muxpart__124
reg__172: reg__172
muxpart__267: muxpart__267
logic__999: logic__999
case__350: case__350
case__232: case__232
logic__283: logic__283
logic__484: logic__484
case__302: case__302
case__95: case__95
logic__858: logic__858
logic__282: logic__282
logic__775: logic__775
muxpart__318: muxpart__318
datapath__71: datapath__71
logic__339: logic__339
logic__799: logic__799
logic__729: logic__729
logic__968: logic__968
case__156: case__156
logic__519: logic__519
datapath__52: datapath__52
reg: reg
logic__991: logic__991
logic__1109: logic__1109
muxpart__114: muxpart__114
muxpart__122: muxpart__122
logic__660: logic__660
reg__402: reg__402
reg__93: reg__93
logic__1117: logic__1117
muxpart__38: muxpart__38
logic__624: logic__624
case__215: case__215
logic__807: logic__807
counter__2: counter__2
reg__108: reg__108
reg__301: reg__301
reg__215: reg__215
case__248: case__248
logic__844: logic__844
datapath__10: datapath__10
muxpart__168: muxpart__168
muxpart__333: muxpart__333
logic__410: logic__410
reg__103: reg__103
reg__262: reg__262
case__201: case__201
muxpart__243: muxpart__243
case__29: case__29
logic__296: logic__296
uart_send_msg: uart_send_msg
reg__371: reg__371
logic__1061: logic__1061
reg__187: reg__187
reg__164: reg__164
reg__107: reg__107
logic__124: logic__124
logic__157: logic__157
counter__3: counter__3
muxpart__12: muxpart__12
muxpart__256: muxpart__256
logic__361: logic__361
logic__777: logic__777
muxpart__303: muxpart__303
case__282: case__282
reg__43: reg__43
logic__496: logic__496
logic__298: logic__298
case__296: case__296
muxpart__229: muxpart__229
logic__973: logic__973
case__255: case__255
muxpart__53: muxpart__53
logic__301: logic__301
reg__209: reg__209
reg__173: reg__173
case__333: case__333
reg__19: reg__19
datapath__53: datapath__53
logic__709: logic__709
reg__273: reg__273
case__279: case__279
reg__185: reg__185
logic__467: logic__467
muxpart__106: muxpart__106
logic__723: logic__723
case__13: case__13
muxpart__305: muxpart__305
ram: ram
logic__419: logic__419
case__292: case__292
case__272: case__272
reg__383: reg__383
logic__814: logic__814
muxpart__201: muxpart__201
case__354: case__354
counter__8: counter__8
case__280: case__280
case__369: case__369
logic__575: logic__575
muxpart__91: muxpart__91
reg__210: reg__210
reg__394: reg__394
logic__712: logic__712
logic__1128: logic__1128
logic__1091: logic__1091
muxpart__206: muxpart__206
muxpart__250: muxpart__250
muxpart__252: muxpart__252
logic__371: logic__371
logic__101: logic__101
reg__59: reg__59
case__341: case__341
reg__98: reg__98
reg__240: reg__240
datapath__24: datapath__24
reg__82: reg__82
muxpart__251: muxpart__251
logic__584: logic__584
reg__236: reg__236
reg__221: reg__221
reg__13: reg__13
reg__339: reg__339
reg__195: reg__195
datapath__65: datapath__65
muxpart__79: muxpart__79
case__199: case__199
case__336: case__336
datapath__3: datapath__3
reg__228: reg__228
muxpart__164: muxpart__164
logic__1090: logic__1090
case__77: case__77
muxpart__297: muxpart__297
case__338: case__338
logic__204: logic__204
case__265: case__265
case__164: case__164
reg__137: reg__137
logic__747: logic__747
case__146: case__146
logic__1140: logic__1140
muxpart__159: muxpart__159
case__273: case__273
muxpart__196: muxpart__196
case__109: case__109
muxpart__139: muxpart__139
muxpart__162: muxpart__162
logic__262: logic__262
reg__53: reg__53
reg__226: reg__226
logic__342: logic__342
case__161: case__161
muxpart__317: muxpart__317
reg__233: reg__233
case__257: case__257
muxpart__100: muxpart__100
logic__1055: logic__1055
extram__1: extram__1
reg__350: reg__350
reg__291: reg__291
muxpart__125: muxpart__125
reg__395: reg__395
muxpart__89: muxpart__89
case__264: case__264
logic__228: logic__228
datapath__64: datapath__64
logic__497: logic__497
muxpart__331: muxpart__331
case__212: case__212
muxpart__290: muxpart__290
muxpart__234: muxpart__234
reg__272: reg__272
case__256: case__256
case__342: case__342
datapath__22: datapath__22
reg__365: reg__365
muxpart__278: muxpart__278
reg__264: reg__264
case__74: case__74
muxpart__191: muxpart__191
logic__268: logic__268
case__347: case__347
case__172: case__172
reg__232: reg__232
muxpart__281: muxpart__281
logic__738: logic__738
case__298: case__298
logic__920: logic__920
logic__83: logic__83
case__330: case__330
reg__208: reg__208
muxpart__153: muxpart__153
datapath__75: datapath__75
reg__391: reg__391
reg__336: reg__336
logic__849: logic__849
logic__594: logic__594
logic__919: logic__919
muxpart__309: muxpart__309
logic__583: logic__583
reg__307: reg__307
RGB_LED: RGB_LED
logic__557: logic__557
logic__241: logic__241
datapath__23: datapath__23
reg__165: reg__165
Seven_seg_LED_Display_Controller: Seven_seg_LED_Display_Controller
reg__74: reg__74
case__41: case__41
muxpart__334: muxpart__334
muxpart__266: muxpart__266
reg__224: reg__224
reg__320: reg__320
logic__5: logic__5
muxpart__257: muxpart__257
reg__253: reg__253
case__235: case__235
datapath__33: datapath__33
reg__397: reg__397
reg__85: reg__85
datapath__17: datapath__17
case__187: case__187
reg__382: reg__382
muxpart__272: muxpart__272
logic__491: logic__491
muxpart__254: muxpart__254
reg__110: reg__110
muxpart__192: muxpart__192
case__189: case__189
muxpart__208: muxpart__208
reg__263: reg__263
case__14: case__14
muxpart__298: muxpart__298
logic__727: logic__727
reg__72: reg__72
case__119: case__119
logic__993: logic__993
reg__302: reg__302
reg__283: reg__283
reg__25: reg__25
muxpart__171: muxpart__171
reg__202: reg__202
logic__1003: logic__1003
datapath__69: datapath__69
reg__398: reg__398
case__345: case__345
logic__971: logic__971
muxpart__15: muxpart__15
logic__413: logic__413
logic__656: logic__656
reg__377: reg__377
logic__679: logic__679
logic__1036: logic__1036
reg__174: reg__174
muxpart__102: muxpart__102
reg__76: reg__76
reg__319: reg__319
case__162: case__162
reg__369: reg__369
muxpart__273: muxpart__273
logic__462: logic__462
reg__169: reg__169
logic__471: logic__471
muxpart__99: muxpart__99
datapath__2: datapath__2
reg__145: reg__145
case__17: case__17
datapath__42: datapath__42
case__242: case__242
case__131: case__131
case__127: case__127
muxpart__75: muxpart__75
datapath__36: datapath__36
muxpart__142: muxpart__142
reg__124: reg__124
datapath__6: datapath__6
case__45: case__45
logic__356: logic__356
logic__926: logic__926
reg__24: reg__24
muxpart__223: muxpart__223
reg__357: reg__357
case__360: case__360
case__323: case__323
logic__558: logic__558
reg__179: reg__179
datapath__46: datapath__46
logic__794: logic__794
reg__33: reg__33
case__374: case__374
case__163: case__163
logic__893: logic__893
reg__295: reg__295
logic__238: logic__238
case__380: case__380
logic__795: logic__795
logic__488: logic__488
logic__350: logic__350
muxpart__241: muxpart__241
reg__86: reg__86
datapath__26: datapath__26
logic__830: logic__830
reg__400: reg__400
reg__389: reg__389
muxpart__324: muxpart__324
counter__1: counter__1
SPI_Master_With_Single_CS: SPI_Master_With_Single_CS
reg__244: reg__244
logic__1013: logic__1013
dsp48e1__1: dsp48e1__1
case__166: case__166
muxpart__101: muxpart__101
muxpart__203: muxpart__203
logic__977: logic__977
logic__952: logic__952
case__125: case__125
logic__711: logic__711
muxpart__83: muxpart__83
muxpart__18: muxpart__18
logic__603: logic__603
reg__175: reg__175
reg__92: reg__92
logic__390: logic__390
logic__949: logic__949
reg__148: reg__148
logic__1027: logic__1027
muxpart__315: muxpart__315
case__389: case__389
case__266: case__266
logic__1137: logic__1137
logic__483: logic__483
case__98: case__98
reg__49: reg__49
logic__295: logic__295
reg__322: reg__322
case__28: case__28
case__339: case__339
logic__803: logic__803
logic__37: logic__37
case__108: case__108
muxpart__237: muxpart__237
logic__187: logic__187
case__277: case__277
reg__335: reg__335
case__218: case__218
logic__756: logic__756
muxpart__259: muxpart__259
reg__42: reg__42
logic__414: logic__414
reg__293: reg__293
reg__411: reg__411
logic__834: logic__834
muxpart__96: muxpart__96
muxpart__120: muxpart__120
muxpart__269: muxpart__269
case__128: case__128
reg__267: reg__267
case__126: case__126
muxpart__242: muxpart__242
reg__37: reg__37
reg__356: reg__356
reg__297: reg__297
muxpart__108: muxpart__108
logic__486: logic__486
muxpart__226: muxpart__226
reg__243: reg__243
datapath__81: datapath__81
logic__898: logic__898
datapath__83: datapath__83
muxpart__342: muxpart__342
case__120: case__120
reg__133: reg__133
reg__278: reg__278
reg__180: reg__180
muxpart__308: muxpart__308
case__160: case__160
reg__404: reg__404
logic__430: logic__430
muxpart__332: muxpart__332
case__346: case__346
datapath__34: datapath__34
case__303: case__303
reg__61: reg__61
reg__361: reg__361
case__129: case__129
case__326: case__326
logic__217: logic__217
logic__741: logic__741
muxpart__283: muxpart__283
case__239: case__239
case__23: case__23
muxpart__67: muxpart__67
logic__655: logic__655
logic__857: logic__857
case__334: case__334
muxpart__222: muxpart__222
muxpart__73: muxpart__73
reg__333: reg__333
muxpart__337: muxpart__337
reg__280: reg__280
logic__1012: logic__1012
reg__201: reg__201
case__24: case__24
muxpart__323: muxpart__323
mig_7series_0: mig_7series_0
logic__765: logic__765
reg__249: reg__249
logic__458: logic__458
logic__1129: logic__1129
logic__986: logic__986
muxpart__322: muxpart__322
case__155: case__155
case__99: case__99
reg__349: reg__349
logic__394: logic__394
reg__157: reg__157
logic__340: logic__340
reg__161: reg__161
case__158: case__158
reg__114: reg__114
case__254: case__254
muxpart__175: muxpart__175
case__186: case__186
logic__454: logic__454
dsp48e1: dsp48e1
muxpart__215: muxpart__215
reg__304: reg__304
reg__152: reg__152
case__32: case__32
logic__708: logic__708
datapath__77: datapath__77
reg__190: reg__190
logic__498: logic__498
muxpart__98: muxpart__98
reg__326: reg__326
datapath__7: datapath__7
reg__99: reg__99
logic__100: logic__100
datapath__37: datapath__37
muxpart__110: muxpart__110
logic__1122: logic__1122
logic__353: logic__353
datapath__59: datapath__59
muxpart__94: muxpart__94
case__16: case__16
muxpart__123: muxpart__123
reg__121: reg__121
reg__140: reg__140
muxpart__72: muxpart__72
muxpart__216: muxpart__216
muxpart__21: muxpart__21
muxpart__277: muxpart__277
logic__476: logic__476
logic__826: logic__826
logic__921: logic__921
logic__447: logic__447
muxpart__77: muxpart__77
case__263: case__263
reg__229: reg__229
case__149: case__149
logic__1116: logic__1116
logic__946: logic__946
case__252: case__252
case: case
logic__943: logic__943
case__288: case__288
datapath__58: datapath__58
muxpart__240: muxpart__240
reg__189: reg__189
datapath__11: datapath__11
muxpart__95: muxpart__95
reg__390: reg__390
reg__16: reg__16
muxpart__137: muxpart__137
reg__255: reg__255
muxpart__227: muxpart__227
logic__989: logic__989
datapath__16: datapath__16
reg__258: reg__258
muxpart__13: muxpart__13
logic__652: logic__652
muxpart__55: muxpart__55
muxpart__246: muxpart__246
case__96: case__96
logic__698: logic__698
case__190: case__190
datapath__67: datapath__67
logic__815: logic__815
case__295: case__295
muxpart__194: muxpart__194
logic__745: logic__745
logic__757: logic__757
reg__70: reg__70
reg__54: reg__54
logic__481: logic__481
muxpart__166: muxpart__166
logic__657: logic__657
case__20: case__20
logic__194: logic__194
reg__235: reg__235
reg__250: reg__250
datapath__45: datapath__45
muxpart__307: muxpart__307
case__285: case__285
reg__115: reg__115
reg__30: reg__30
reg__144: reg__144
reg__212: reg__212
muxpart__197: muxpart__197
case__358: case__358
logic__688: logic__688
reg__7: reg__7
case__94: case__94
reg__289: reg__289
reg__106: reg__106
logic__1096: logic__1096
reg__176: reg__176
datapath__60: datapath__60
logic__637: logic__637
datapath__31: datapath__31
case__147: case__147
muxpart__204: muxpart__204
reg__325: reg__325
case__309: case__309
case__281: case__281
logic__291: logic__291
reg__207: reg__207
case__329: case__329
case__223: case__223
logic__714: logic__714
reg__282: reg__282
case__278: case__278
logic__110: logic__110
reg__341: reg__341
muxpart__319: muxpart__319
logic__571: logic__571
case__19: case__19
reg__50: reg__50
datapath__49: datapath__49
case__177: case__177
reg__238: reg__238
logic__429: logic__429
reg__5: reg__5
reg__313: reg__313
logic__378: logic__378
logic__448: logic__448
logic__196: logic__196
logic__764: logic__764
logic__600: logic__600
datapath__74: datapath__74
datapath__50: datapath__50
stack: stack
reg__83: reg__83
reg__348: reg__348
logic__35: logic__35
datapath__80: datapath__80
case__78: case__78
logic__1112: logic__1112
reg__156: reg__156
logic__692: logic__692
reg__318: reg__318
muxpart__149: muxpart__149
reg__257: reg__257
reg__334: reg__334
reg__337: reg__337
reg__132: reg__132
reg__290: reg__290
datapath__21: datapath__21
reg__277: reg__277
reg__167: reg__167
reg__308: reg__308
case__227: case__227
logic__916: logic__916
case__271: case__271
logic__651: logic__651
reg__412: reg__412
reg__343: reg__343
muxpart__249: muxpart__249
reg__392: reg__392
case__100: case__100
logic__994: logic__994
logic__273: logic__273
case__267: case__267
logic__326: logic__326
datapath__63: datapath__63
case__367: case__367
muxpart__180: muxpart__180
logic__733: logic__733
muxpart__119: muxpart__119
reg__324: reg__324
logic__190: logic__190
reg__101: reg__101
case__101: case__101
logic__732: logic__732
reg__368: reg__368
muxpart__116: muxpart__116
case__270: case__270
reg__48: reg__48
case__337: case__337
clk_wiz_0: clk_wiz_0
reg__298: reg__298
case__331: case__331
muxpart__184: muxpart__184
muxpart__262: muxpart__262
muxpart__93: muxpart__93
muxpart__199: muxpart__199
case__180: case__180
logic__927: logic__927
logic__207: logic__207
muxpart__183: muxpart__183
datapath__51: datapath__51
muxpart__16: muxpart__16
reg__4: reg__4
ddr2_control: ddr2_control
muxpart__220: muxpart__220
muxpart__182: muxpart__182
reg__73: reg__73
datapath__57: datapath__57
datapath__70: datapath__70
reg__77: reg__77
case__210: case__210
reg__256: reg__256
muxpart__56: muxpart__56
reg__78: reg__78
case__193: case__193
case__93: case__93
datapath__72: datapath__72
logic__333: logic__333
logic__411: logic__411
reg__95: reg__95
muxpart__245: muxpart__245
logic__208: logic__208
logic__752: logic__752
muxpart__335: muxpart__335
muxpart__141: muxpart__141
logic__903: logic__903
reg__219: reg__219
case__243: case__243
reg__251: reg__251
muxpart__280: muxpart__280
reg__104: reg__104
case__320: case__320
logic__368: logic__368
case__157: case__157
muxpart__270: muxpart__270
reg__237: reg__237
case__123: case__123
case__244: case__244
reg__20: reg__20
case__225: case__225
counter: counter
reg__239: reg__239
case__116: case__116
case__40: case__40
case__250: case__250
logic__1: logic__1
reg__206: reg__206
logic__774: logic__774
muxpart__213: muxpart__213
case__178: case__178
reg__66: reg__66
muxpart__127: muxpart__127
muxpart__336: muxpart__336
ram__1: ram__1
reg__1: reg__1
logic__1007: logic__1007
muxpart__71: muxpart__71
reg__218: reg__218
case__233: case__233
reg__31: reg__31
case__105: case__105
muxpart__87: muxpart__87
muxpart__105: muxpart__105
muxpart__313: muxpart__313
case__185: case__185
reg__314: reg__314
muxpart__340: muxpart__340
logic__751: logic__751
reg__91: reg__91
muxpart__167: muxpart__167
logic__489: logic__489
case__110: case__110
datapath__15: datapath__15
case__130: case__130
case__318: case__318
reg__57: reg__57
case__363: case__363
reg__288: reg__288
case__168: case__168
reg__344: reg__344
reg__287: reg__287
logic__209: logic__209
case__340: case__340
muxpart__144: muxpart__144
datapath__41: datapath__41
case__361: case__361
logic__1094: logic__1094
reg__28: reg__28
logic__570: logic__570
reg__360: reg__360
logic__334: logic__334
logic__395: logic__395
case__203: case__203
reg__245: reg__245
muxpart__218: muxpart__218
muxpart__174: muxpart__174
logic__263: logic__263
muxpart__296: muxpart__296
muxpart__157: muxpart__157
case__311: case__311
muxpart__14: muxpart__14
logic__126: logic__126
reg__55: reg__55
case__357: case__357
logic__39: logic__39
logic__870: logic__870
logic__581: logic__581
logic__721: logic__721
reg__279: reg__279
reg__177: reg__177
case__21: case__21
case__301: case__301
logic__239: logic__239
muxpart__121: muxpart__121
logic__1046: logic__1046
reg__40: reg__40
logic__215: logic__215
muxpart__325: muxpart__325
muxpart__107: muxpart__107
logic__917: logic__917
case__213: case__213
logic__1074: logic__1074
datapath__61: datapath__61
reg__299: reg__299
reg__230: reg__230
muxpart__111: muxpart__111
case__324: case__324
logic__686: logic__686
FPGA_CPU_32_bits_cache__GB0: FPGA_CPU_32_bits_cache__GB0
reg__340: reg__340
muxpart__17: muxpart__17
logic__821: logic__821
logic__697: logic__697
case__312: case__312
muxpart__178: muxpart__178
reg__220: reg__220
datapath: datapath
case__102: case__102
reg__90: reg__90
case__206: case__206
muxpart__85: muxpart__85
logic__364: logic__364
logic__676: logic__676
reg__84: reg__84
logic__418: logic__418
reg__139: reg__139
reg__388: reg__388
case__34: case__34
muxpart__156: muxpart__156
logic__566: logic__566
reg__223: reg__223
case__159: case__159
logic__270: logic__270
muxpart__311: muxpart__311
logic__802: logic__802
reg__268: reg__268
reg__149: reg__149
muxpart__117: muxpart__117
datapath__19: datapath__19
logic__158: logic__158
logic__579: logic__579
reg__119: reg__119
muxpart__145: muxpart__145
reg__259: reg__259
reg__11: reg__11
logic__957: logic__957
case__228: case__228
reg__51: reg__51
datapath__78: datapath__78
reg__327: reg__327
logic__337: logic__337
logic__1071: logic__1071
logic__608: logic__608
reg__184: reg__184
reg__241: reg__241
logic__218: logic__218
muxpart__263: muxpart__263
logic__1118: logic__1118
logic__330: logic__330
datapath__56: datapath__56
logic__851: logic__851
logic__495: logic__495
reg__162: reg__162
case__75: case__75
case__259: case__259
muxpart__188: muxpart__188
reg__38: reg__38
case__253: case__253
reg__123: reg__123
reg__413: reg__413
muxpart__195: muxpart__195
extram: extram
muxpart__154: muxpart__154
reg__358: reg__358
logic__612: logic__612
case__47: case__47
datapath__54: datapath__54
logic__160: logic__160
muxpart__253: muxpart__253
reg__309: reg__309
logic__285: logic__285
logic__62: logic__62
case__377: case__377
case__229: case__229
counter__6: counter__6
counter__5: counter__5
logic__240: logic__240
case__287: case__287
reg__381: reg__381
reg__117: reg__117
reg__191: reg__191
muxpart__148: muxpart__148
reg__346: reg__346
logic__736: logic__736
case__35: case__35
muxpart__146: muxpart__146
logic__720: logic__720
case__205: case__205
reg__310: reg__310
muxpart__23: muxpart__23
muxpart__129: muxpart__129
logic__287: logic__287
reg__331: reg__331
logic__236: logic__236
case__117: case__117
muxpart__221: muxpart__221
case__371: case__371
reg__143: reg__143
muxpart__84: muxpart__84
reg__330: reg__330
logic__956: logic__956
case__335: case__335
reg__36: reg__36
case__48: case__48
muxpart__54: muxpart__54
muxpart__150: muxpart__150
reg__15: reg__15
reg__6: reg__6
reg__151: reg__151
case__171: case__171
datapath__43: datapath__43
muxpart__200: muxpart__200
muxpart__232: muxpart__232
reg__410: reg__410
case__170: case__170
reg__345: reg__345
case__92: case__92
muxpart__316: muxpart__316
reg__96: reg__96
muxpart__214: muxpart__214
logic__754: logic__754
reg__44: reg__44
logic__631: logic__631
reg__58: reg__58
uart_tx: uart_tx
logic__159: logic__159
logic__77: logic__77
muxpart__217: muxpart__217
reg__354: reg__354
reg__312: reg__312
muxpart__152: muxpart__152
logic__560: logic__560
logic__924: logic__924
reg__205: reg__205
case__148: case__148
muxpart__179: muxpart__179
logic__907: logic__907
reg__370: reg__370
reg__113: reg__113
muxpart__143: muxpart__143
logic__585: logic__585
reg__47: reg__47
reg__403: reg__403
case__217: case__217
case__291: case__291
muxpart__131: muxpart__131
muxpart__151: muxpart__151
extram__2: extram__2
reg__14: reg__14
case__376: case__376
muxpart__82: muxpart__82
case__246: case__246
reg__178: reg__178
datapath__73: datapath__73
case__247: case__247
reg__69: reg__69
logic__385: logic__385
uart_rx: uart_rx
reg__363: reg__363
reg__342: reg__342
muxpart__209: muxpart__209
case__245: case__245
case__388: case__388
reg__375: reg__375
datapath__1: datapath__1
reg__329: reg__329
logic__1047: logic__1047
logic__305: logic__305
logic__630: logic__630
case__269: case__269
logic__1082: logic__1082
reg__386: reg__386
case__179: case__179
reg__225: reg__225
case__268: case__268
logic__281: logic__281
logic__618: logic__618
case__261: case__261
logic__672: logic__672
reg__147: reg__147
case__305: case__305
reg__17: reg__17
reg__166: reg__166
logic__739: logic__739
case__196: case__196
case__97: case__97
reg__97: reg__97
reg__204: reg__204
case__220: case__220
datapath__44: datapath__44
muxpart__202: muxpart__202
logic__441: logic__441
logic__937: logic__937
datapath__66: datapath__66
muxpart__103: muxpart__103
case__18: case__18
reg__286: reg__286
muxpart__88: muxpart__88
logic__528: logic__528
muxpart__339: muxpart__339
reg__227: reg__227
muxpart__255: muxpart__255
reg__248: reg__248
logic__474: logic__474
logic__332: logic__332
logic__856: logic__856
muxpart__97: muxpart__97
logic__554: logic__554
logic__348: logic__348
reg__328: reg__328
logic__280: logic__280
reg__399: reg__399
reg__154: reg__154
logic__216: logic__216
logic__759: logic__759
logic__848: logic__848
reg__75: reg__75
case__194: case__194
logic__897: logic__897
datapath__47: datapath__47
reg__274: reg__274
logic__212: logic__212
muxpart__190: muxpart__190
muxpart__109: muxpart__109
datapath__32: datapath__32
muxpart__292: muxpart__292
case__68: case__68
reg__213: reg__213
logic__455: logic__455
muxpart__185: muxpart__185
datapath__20: datapath__20
logic__76: logic__76
reg__300: reg__300
case__283: case__283
muxpart__132: muxpart__132
logic__840: logic__840
datapath__29: datapath__29
case__262: case__262
reg__130: reg__130
reg__112: reg__112
reg__194: reg__194
logic__453: logic__453
FPGA_CPU_32_bits_cache__GB2: FPGA_CPU_32_bits_cache__GB2
reg__131: reg__131
case__33: case__33
reg__234: reg__234
reg__56: reg__56
case__188: case__188
logic__490: logic__490
logic__230: logic__230
reg__170: reg__170
case__315: case__315
reg__102: reg__102
reg__63: reg__63
muxpart__187: muxpart__187
case__31: case__31
reg__120: reg__120
muxpart__219: muxpart__219
reg__45: reg__45
case__385: case__385
logic__274: logic__274
case__121: case__121
datapath__5: datapath__5
muxpart__284: muxpart__284
muxpart__22: muxpart__22
logic__867: logic__867
muxpart__295: muxpart__295
muxpart__289: muxpart__289
reg__367: reg__367
logic__1043: logic__1043
muxpart__233: muxpart__233
case__70: case__70
case__219: case__219
logic__195: logic__195
muxpart__330: muxpart__330
logic__862: logic__862
logic__125: logic__125
reg__231: reg__231
datapath__40: datapath__40
logic__284: logic__284
reg__100: reg__100
logic__1023: logic__1023
logic__726: logic__726
muxpart__24: muxpart__24
logic__38: logic__38
reg__401: reg__401
muxpart__86: muxpart__86
case__169: case__169
reg__198: reg__198
logic__693: logic__693
logic__665: logic__665
case__15: case__15
reg__134: reg__134
muxpart__338: muxpart__338
reg__155: reg__155
muxpart__90: muxpart__90
logic__705: logic__705
logic__412: logic__412
muxpart__163: muxpart__163
muxpart__211: muxpart__211
muxpart__314: muxpart__314
logic__318: logic__318
muxpart__130: muxpart__130
muxpart__81: muxpart__81
logic__235: logic__235
muxpart__291: muxpart__291
logic__846: logic__846
muxpart__230: muxpart__230
case__359: case__359
datapath__4: datapath__4
logic__808: logic__808
logic__639: logic__639
muxpart__235: muxpart__235
datapath__82: datapath__82
datapath__68: datapath__68
datapath__39: datapath__39
logic__703: logic__703
reg__355: reg__355
logic__770: logic__770
muxpart__326: muxpart__326
reg__352: reg__352
logic__360: logic__360
muxpart__310: muxpart__310
case__286: case__286
reg__385: reg__385
muxpart__160: muxpart__160
logic__156: logic__156
reg__266: reg__266
muxpart__238: muxpart__238
logic__189: logic__189
muxpart__276: muxpart__276
muxpart__113: muxpart__113
reg__81: reg__81
muxpart__294: muxpart__294
reg__163: reg__163
logic__505: logic__505
logic__981: logic__981
reg__384: reg__384
logic: logic
reg__405: reg__405
logic__1066: logic__1066
case__383: case__383
case__76: case__76
case__43: case__43
logic__593: logic__593
case__124: case__124
logic__304: logic__304
reg__109: reg__109
muxpart__128: muxpart__128
muxpart__288: muxpart__288
logic__1067: logic__1067
muxpart__275: muxpart__275
logic__850: logic__850
muxpart__293: muxpart__293
case__348: case__348
logic__683: logic__683
mem_read_write: mem_read_write
logic__431: logic__431
logic__925: logic__925
reg__270: reg__270
case__317: case__317
muxpart__320: muxpart__320
logic__967: logic__967
case__310: case__310
reg__281: reg__281
reg__260: reg__260
muxpart__126: muxpart__126
logic__1065: logic__1065
logic__744: logic__744
logic__810: logic__810
extrom: extrom
reg__105: reg__105
case__316: case__316
muxpart__341: muxpart__341
reg__305: reg__305
case__366: case__366
case__274: case__274
case__208: case__208
case__327: case__327
logic__548: logic__548
case__370: case__370
datapath__18: datapath__18
reg__39: reg__39
datapath__48: datapath__48
reg__34: reg__34
logic__605: logic__605
muxpart__198: muxpart__198
datapath__28: datapath__28
case__113: case__113
reg__332: reg__332
logic__1040: logic__1040
muxpart__301: muxpart__301
muxpart__115: muxpart__115
case__154: case__154
logic__950: logic__950
logic__735: logic__735
datapath__12: datapath__12
reg__168: reg__168
case__275: case__275
datapath__30: datapath__30
logic__580: logic__580
logic__463: logic__463
logic__763: logic__763
logic__1008: logic__1008
muxpart__224: muxpart__224
reg__387: reg__387
logic__687: logic__687
muxpart__282: muxpart__282
muxpart__25: muxpart__25
muxpart__312: muxpart__312
reg__35: reg__35
logic__313: logic__313
muxpart__287: muxpart__287
muxpart__147: muxpart__147
case__36: case__36
muxpart__329: muxpart__329
reg__67: reg__67
case__294: case__294
muxpart__20: muxpart__20
reg__12: reg__12
reg__353: reg__353
datapath__9: datapath__9
logic__1110: logic__1110
muxpart__260: muxpart__260
logic__614: logic__614
case__230: case__230
case__200: case__200
reg__136: reg__136
logic__742: logic__742
muxpart__189: muxpart__189
case__381: case__381
case__197: case__197
muxpart__135: muxpart__135
logic__512: logic__512
muxpart__172: muxpart__172
logic__303: logic__303
muxpart__158: muxpart__158
reg__407: reg__407
logic__294: logic__294
muxpart__205: muxpart__205
case__144: case__144
reg__246: reg__246
logic__450: logic__450
logic__914: logic__914
muxpart__74: muxpart__74
logic__487: logic__487
case__375: case__375
reg__372: reg__372
case__118: case__118
case__328: case__328
muxpart__279: muxpart__279
logic__1101: logic__1101
logic__1100: logic__1100
reg__306: reg__306
logic__839: logic__839
logic__229: logic__229
reg__146: reg__146
muxpart__170: muxpart__170
muxpart__244: muxpart__244
muxpart__299: muxpart__299
logic__1083: logic__1083
logic__730: logic__730
case__290: case__290
logic__915: logic__915
reg__414: reg__414
muxpart__92: muxpart__92
reg__29: reg__29
reg__142: reg__142
case__145: case__145
logic__982: logic__982
reg__374: reg__374
logic__872: logic__872
reg__41: reg__41
reg__222: reg__222
reg__379: reg__379
reg__79: reg__79
reg__80: reg__80
case__378: case__378
SPI_Master: SPI_Master
case__181: case__181
reg__158: reg__158
reg__23: reg__23
reg__89: reg__89
reg__373: reg__373
logic__595: logic__595
reg__135: reg__135
muxpart__258: muxpart__258
muxpart__212: muxpart__212
case__192: case__192
logic__63: logic__63
reg__64: reg__64
case__209: case__209
reg__160: reg__160
reg__60: reg__60
reg__269: reg__269
muxpart__136: muxpart__136
logic__606: logic__606
reg__127: reg__127
reg__32: reg__32
datapath__14: datapath__14
muxpart__112: muxpart__112
reg__126: reg__126
reg__188: reg__188
reg__153: reg__153
reg__128: reg__128
reg__276: reg__276
logic__559: logic__559
logic__871: logic__871
muxpart__231: muxpart__231
reg__65: reg__65
logic__1039: logic__1039
muxpart__155: muxpart__155
case__258: case__258
reg__211: reg__211
logic__827: logic__827
logic__706: logic__706
reg__52: reg__52
case__221: case__221
reg__378: reg__378
reg__265: reg__265
logic__942: logic__942
case__175: case__175
logic__237: logic__237
muxpart__274: muxpart__274
reg__303: reg__303
muxpart__80: muxpart__80
logic__457: logic__457
muxpart__328: muxpart__328
case__289: case__289
datapath__84: datapath__84
reg__122: reg__122
reg__317: reg__317
case__176: case__176
logic__417: logic__417
logic__1044: logic__1044
reg__254: reg__254
counter__4: counter__4
logic__694: logic__694
case__25: case__25
muxpart__104: muxpart__104
logic__586: logic__586
case__355: case__355
reg__196: reg__196
muxpart__69: muxpart__69
muxpart__286: muxpart__286
logic__613: logic__613
muxpart: muxpart
muxpart__261: muxpart__261
case__293: case__293
case__231: case__231
reg__311: reg__311
logic__482: logic__482
case__372: case__372
muxpart__300: muxpart__300
logic__435: logic__435
logic__278: logic__278
case__112: case__112
logic__203: logic__203
reg__359: reg__359
reg__216: reg__216
reg__252: reg__252
reg__275: reg__275
reg__380: reg__380
logic__1016: logic__1016
reg__203: reg__203
reg__18: reg__18
logic__601: logic__601
case__111: case__111
logic__451: logic__451
case__202: case__202
reg__323: reg__323
muxpart__193: muxpart__193
logic__615: logic__615
datapath__76: datapath__76
case__224: case__224
case__307: case__307
logic__998: logic__998
case__44: case__44
case__321: case__321
case__216: case__216
reg__247: reg__247
case__72: case__72
logic__935: logic__935
logic__715: logic__715
muxpart__140: muxpart__140
reg__408: reg__408
logic__847: logic__847
case__46: case__46
logic__825: logic__825
muxpart__134: muxpart__134
case__387: case__387
muxpart__169: muxpart__169
reg__116: reg__116
muxpart__321: muxpart__321
muxpart__302: muxpart__302
reg__292: reg__292
logic__773: logic__773
logic__863: logic__863
case__122: case__122
reg__94: reg__94
reg__376: reg__376
reg__87: reg__87
case__22: case__22
reg__118: reg__118
case__313: case__313
logic__596: logic__596
logic__311: logic__311
muxpart__304: muxpart__304
reg__214: reg__214
logic__227: logic__227
case__364: case__364
reg__181: reg__181
reg__406: reg__406
logic__855: logic__855
case__167: case__167
reg__68: reg__68
case__67: case__67
reg__10: reg__10
logic__386: logic__386
case__362: case__362
case__332: case__332
logic__1105: logic__1105
logic__790: logic__790
reg__171: reg__171
muxpart__225: muxpart__225
case__26: case__26
reg__242: reg__242
muxpart__239: muxpart__239
datapath__62: datapath__62
case__69: case__69
reg__347: reg__347
logic__1139: logic__1139
case__30: case__30
datapath__25: datapath__25
logic__640: logic__640
reg__26: reg__26
case__106: case__106
reg__62: reg__62
muxpart__268: muxpart__268
datapath__79: datapath__79
reg__71: reg__71
reg__366: reg__366
logic__717: logic__717
reg__129: reg__129
reg__393: reg__393
reg__364: reg__364
reg__321: reg__321
case__165: case__165
reg__88: reg__88
reg__150: reg__150
muxpart__165: muxpart__165
reg__199: reg__199
logic__724: logic__724
case__299: case__299
logic__522: logic__522
logic__582: logic__582
case__352: case__352
reg__183: reg__183
muxpart__68: muxpart__68
muxpart__265: muxpart__265
reg__362: reg__362
muxpart__78: muxpart__78
logic__1089: logic__1089
muxpart__70: muxpart__70
datapath__8: datapath__8
logic__838: logic__838
logic__544: logic__544
muxpart__161: muxpart__161
logic__369: logic__369
counter__7: counter__7
case__114: case__114
reg__182: reg__182
muxpart__271: muxpart__271
logic__6: logic__6
logic__293: logic__293
case__249: case__249
reg__46: reg__46
muxpart__247: muxpart__247
logic__902: logic__902
reg__217: reg__217
case__132: case__132
muxpart__207: muxpart__207
logic__988: logic__988
reg__186: reg__186
reg__197: reg__197
reg__409: reg__409
muxpart__19: muxpart__19
reg__271: reg__271
reg__338: reg__338
case__183: case__183
muxpart__210: muxpart__210
case__150: case__150
logic__127: logic__127
mult_33_33_64: mult_33_33_64
reg__27: reg__27
datapath__55: datapath__55
muxpart__173: muxpart__173
reg__296: reg__296
muxpart__285: muxpart__285
logic__623: logic__623
case__195: case__195
muxpart__133: muxpart__133
reg__159: reg__159
muxpart__176: muxpart__176
logic__1070: logic__1070
case__38: case__38
datapath__27: datapath__27
case__260: case__260
reg__9: reg__9
datapath__35: datapath__35
muxpart__248: muxpart__248
reg__141: reg__141
