#-----------------------------------------------------------
# Vivado v2023.2 (64-bit)
# SW Build 4029153 on Fri Oct 13 20:13:54 MDT 2023
# IP Build 4028589 on Sat Oct 14 00:45:43 MDT 2023
# SharedData Build 4025554 on Tue Oct 10 17:18:54 MDT 2023
# Start of session at: Wed May 15 14:22:15 2024
# Process ID: 24615
# Current directory: /home/graham/Documents/src/FPGA_CPU_32_DDR_cache/FPGA_CPU_32_DDR_cache.runs/mig_7series_0_synth_1
# Command line: vivado -log mig_7series_0.vds -product Vivado -mode batch -messageDb vivado.pb -notrace -source mig_7series_0.tcl
# Log file: /home/graham/Documents/src/FPGA_CPU_32_DDR_cache/FPGA_CPU_32_DDR_cache.runs/mig_7series_0_synth_1/mig_7series_0.vds
# Journal file: /home/graham/Documents/src/FPGA_CPU_32_DDR_cache/FPGA_CPU_32_DDR_cache.runs/mig_7series_0_synth_1/vivado.jou
# Running On: kubuntu, OS: Linux, CPU Frequency: 2304.000 MHz, CPU Physical cores: 4, Host memory: 8317 MB
#-----------------------------------------------------------
source mig_7series_0.tcl -notrace
