#-----------------------------------------------------------
# Vivado v2023.1 (64-bit)
# SW Build 3865809 on Sun May  7 15:04:56 MDT 2023
# IP Build 3864474 on Sun May  7 20:36:21 MDT 2023
# SharedData Build 3865790 on Sun May 07 13:33:03 MDT 2023
# Start of session at: Wed Jul  5 21:36:58 2023
# Process ID: 103773
# Current directory: /home/graham/Documents/src/FPGA_CPU_32_DDR_cache/FPGA_CPU_32_DDR_cache.runs/mig_7series_0_synth_1
# Command line: vivado -log mig_7series_0.vds -product Vivado -mode batch -messageDb vivado.pb -notrace -source mig_7series_0.tcl
# Log file: /home/graham/Documents/src/FPGA_CPU_32_DDR_cache/FPGA_CPU_32_DDR_cache.runs/mig_7series_0_synth_1/mig_7series_0.vds
# Journal file: /home/graham/Documents/src/FPGA_CPU_32_DDR_cache/FPGA_CPU_32_DDR_cache.runs/mig_7series_0_synth_1/vivado.jou
# Running On: archlinux, OS: Linux, CPU Frequency: 2304.000 MHz, CPU Physical cores: 6, Host memory: 16766 MB
#-----------------------------------------------------------
source mig_7series_0.tcl -notrace
